COMMAND: /Users/gurkan/Box/Research/INSPIRE/inspire-replication/src/INSPIRE /Users/gurkan/Box/Research/INSPIRE/inspire-replication/database/inspire.sqlite ABCA1 MMP2 inspire_legacy_v1

GO normalization for inspire_legacy_v1: 14.1026
GO normalization in use: 14.1026
Loaded 5995 GO pair scores for inspire_legacy_v1
Create two petals
Begin PETAL setup
new petal ABCA1 (6)
# 6 interactions in ABCA1
Done adding UniProt and Pfam annotations for ABCA1.
new petal MMP2 (5)
# 5 interactions in MMP2
Done adding UniProt and Pfam annotations for MMP2.
Petal Sizes: 6, 5
[1;32mPetal Name: [1;33mABCA1
[1;32mPetal Size: [1;33m6[0;31m
ABCA1
APC
EP300
SMAD4
STAT3
TCF7L2
[0m---- 
[1;36mPetal Interactions[0;32m
1 EP300	pp	ABCA1
2 SMAD4	pp	APC
3 STAT3	pp	ABCA1
4 STAT3	pp	SMAD4
5 TCF7L2	pp	APC
6 TCF7L2	pp	EP300
[0m
[1;32mPetal Name: [1;33mMMP2
[1;32mPetal Size: [1;33m5[0;31m
APC
GSK3B
HIF1A
MMP2
SMAD4
[0m---- 
[1;36mPetal Interactions[0;32m
1 GSK3B	pp	APC
2 HIF1A	pp	GSK3B
3 MMP2	pp	HIF1A
4 SMAD4	pp	APC
5 SMAD4	pp	HIF1A
[0m
Done creating Petals.
petals are loaded
[1;32mAGE for [0;36mABCA1 - MMP2[0m
[0;35minitial size for AGE: 0[0m
counterPetal1 12
counterPetal2 10
counterPetal1*counterPetal2 120
(*AGE).size()=120
[0m---- 
[1;33mAGE nodes: 120[0m
Allocate AGEgraph :  120 x 120	14400 bytes

[0 min 0 sec] Nodes are done in 

[0 min 0 sec] Edges are done in 
0th run results (0) [new minumum]:0.128351
0 53 cost: 588
[0;36m		[A1. ABCA1::A2. EP300] ---  [B1. APC::B2. GSK3B}[0m
[0;36m		[A1. EP300::A2. TCF7L2] ---  [B1. GSK3B::B2. HIF1A}[0m
53 105 cost: 540
[0;36m		[A1. EP300::A2. TCF7L2] ---  [B1. GSK3B::B2. HIF1A}[0m
[0;36m		[A1. TCF7L2::A2. APC] ---  [B1. HIF1A::B2. MMP2}[0m
0 88 cost: 625
[0;36m		[A1. ABCA1::A2. EP300] ---  [B1. APC::B2. GSK3B}[0m
[0;36m		[A1. STAT3::A2. ABCA1] ---  [B1. SMAD4::B2. APC}[0m

Displayed tree score: 0.128351

1th run results (1) [new minumum]:0.134892
1 59 cost: 588
[0;36m		[A1. ABCA1::A2. EP300] ---  [B1. APC::B2. SMAD4}[0m
[0;36m		[A1. EP300::A2. TCF7L2] ---  [B1. SMAD4::B2. HIF1A}[0m
59 104 cost: 540
[0;36m		[A1. EP300::A2. TCF7L2] ---  [B1. SMAD4::B2. HIF1A}[0m
[0;36m		[A1. TCF7L2::A2. APC] ---  [B1. HIF1A::B2. GSK3B}[0m
104 22 cost: 540
[0;36m		[A1. TCF7L2::A2. APC] ---  [B1. HIF1A::B2. GSK3B}[0m
[0;36m		[A1. APC::A2. SMAD4] ---  [B1. GSK3B::B2. APC}[0m

Displayed tree score: 0.134892

2th run results (2) [new minumum]:0.138889
2 51 cost: 540
[0;36m		[A1. ABCA1::A2. EP300] ---  [B1. GSK3B::B2. APC}[0m
[0;36m		[A1. EP300::A2. TCF7L2] ---  [B1. APC::B2. SMAD4}[0m
2 84 cost: 540
[0;36m		[A1. ABCA1::A2. EP300] ---  [B1. GSK3B::B2. APC}[0m
[0;36m		[A1. STAT3::A2. ABCA1] ---  [B1. HIF1A::B2. GSK3B}[0m
84 77 cost: 540
[0;36m		[A1. STAT3::A2. ABCA1] ---  [B1. HIF1A::B2. GSK3B}[0m
[0;36m		[A1. SMAD4::A2. STAT3] ---  [B1. MMP2::B2. HIF1A}[0m

Displayed tree score: 0.138889

3th run results (3) [new minumum]:0.149502
3 56 cost: 540
[0;36m		[A1. ABCA1::A2. EP300] ---  [B1. GSK3B::B2. HIF1A}[0m
[0;36m		[A1. EP300::A2. TCF7L2] ---  [B1. HIF1A::B2. SMAD4}[0m
56 108 cost: 500
[0;36m		[A1. EP300::A2. TCF7L2] ---  [B1. HIF1A::B2. SMAD4}[0m
[0;36m		[A1. TCF7L2::A2. APC] ---  [B1. SMAD4::B2. APC}[0m
108 20 cost: 465
[0;36m		[A1. TCF7L2::A2. APC] ---  [B1. SMAD4::B2. APC}[0m
[0;36m		[A1. APC::A2. SMAD4] ---  [B1. APC::B2. GSK3B}[0m

Displayed tree score: 0.149502

7th run results (4) [new minumum]:0.184124
7 54 cost: 540
[0;36m		[A1. ABCA1::A2. EP300] ---  [B1. MMP2::B2. HIF1A}[0m
[0;36m		[A1. EP300::A2. TCF7L2] ---  [B1. HIF1A::B2. GSK3B}[0m
54 21 cost: 465
[0;36m		[A1. EP300::A2. TCF7L2] ---  [B1. HIF1A::B2. GSK3B}[0m
[0;36m		[A1. APC::A2. SMAD4] ---  [B1. APC::B2. SMAD4}[0m
21 102 cost: 217
[0;36m		[A1. APC::A2. SMAD4] ---  [B1. APC::B2. SMAD4}[0m
[0;36m		[A1. TCF7L2::A2. APC] ---  [B1. GSK3B::B2. APC}[0m

Displayed tree score: 0.184124

13th run results (5) [new minumum]:0.250278
13 68 cost: 465
[0;36m		[A1. ABCA1::A2. STAT3] ---  [B1. GSK3B::B2. HIF1A}[0m
[0;36m		[A1. SMAD4::A2. APC] ---  [B1. SMAD4::B2. APC}[0m
68 30 cost: 217
[0;36m		[A1. SMAD4::A2. APC] ---  [B1. SMAD4::B2. APC}[0m
[0;36m		[A1. APC::A2. TCF7L2] ---  [B1. APC::B2. GSK3B}[0m
68 96 cost: 217
[0;36m		[A1. SMAD4::A2. APC] ---  [B1. SMAD4::B2. APC}[0m
[0;36m		[A1. STAT3::A2. SMAD4] ---  [B1. HIF1A::B2. SMAD4}[0m

Displayed tree score: 0.250278

54th run results (6) [new minumum]:0.293255
54 21 cost: 465
[0;36m		[A1. EP300::A2. TCF7L2] ---  [B1. HIF1A::B2. GSK3B}[0m
[0;36m		[A1. APC::A2. SMAD4] ---  [B1. APC::B2. SMAD4}[0m
21 79 cost: 217
[0;36m		[A1. APC::A2. SMAD4] ---  [B1. APC::B2. SMAD4}[0m
[0;36m		[A1. SMAD4::A2. STAT3] ---  [B1. SMAD4::B2. HIF1A}[0m
21 102 cost: 217
[0;36m		[A1. APC::A2. SMAD4] ---  [B1. APC::B2. SMAD4}[0m
[0;36m		[A1. TCF7L2::A2. APC] ---  [B1. GSK3B::B2. APC}[0m
21 85 cost: 465
[0;36m		[A1. APC::A2. SMAD4] ---  [B1. APC::B2. SMAD4}[0m
[0;36m		[A1. STAT3::A2. ABCA1] ---  [B1. HIF1A::B2. MMP2}[0m

Displayed tree score: 0.293255

Petal1:6	Petal2:5	treecost: 1364	 tree size:4
$RESULT$	ABCA1	MMP2	norm_score:	0.293255
[0m
[0 min 0 sec] All done in 
