COMMAND: /Users/gurkan/Box/Research/INSPIRE/inspire-replication/src/INSPIRE /Users/gurkan/Box/Research/INSPIRE/inspire-replication/database/inspire.sqlite ABCA1 KRAS inspire_legacy_v1

GO normalization for inspire_legacy_v1: 14.1026
GO normalization in use: 14.1026
Loaded 5995 GO pair scores for inspire_legacy_v1
Create two petals
Begin PETAL setup
new petal ABCA1 (6)
# 6 interactions in ABCA1
Done adding UniProt and Pfam annotations for ABCA1.
new petal KRAS (23)
# 44 interactions in KRAS
Done adding UniProt and Pfam annotations for KRAS.
Petal Sizes: 6, 23
[1;32mPetal Name: [1;33mABCA1
[1;32mPetal Size: [1;33m6[0;31m
ABCA1
APC
EP300
SMAD4
STAT3
TCF7L2
[0m---- 
[1;36mPetal Interactions[0;32m
1 EP300	pp	ABCA1
2 SMAD4	pp	APC
3 STAT3	pp	ABCA1
4 STAT3	pp	SMAD4
5 TCF7L2	pp	APC
6 TCF7L2	pp	EP300
[0m
[1;32mPetal Name: [1;33mKRAS
[1;32mPetal Size: [1;33m23[0;31m
APC
BCL2
BRAF
CDC42
EGFR
EP300
ERBIN
ETV6
FBXW7
GSK3B
HIF1A
KRAS
LRP6
MAP2K1
MAPK1
MAPK14
MDM2
PPP2CA
PTEN
SMAD4
TBK1
TCF7L2
TNKS
[0m---- 
[1;36mPetal Interactions[0;32m
1 CDC42	pp	APC
2 ERBIN	pp	APC
3 ERBIN	pp	CDC42
4 ERBIN	pp	EGFR
5 GSK3B	pp	APC
6 GSK3B	pp	BRAF
7 GSK3B	pp	FBXW7
8 HIF1A	pp	GSK3B
9 KRAS	pp	BCL2
10 KRAS	pp	BRAF
11 KRAS	pp	CDC42
12 KRAS	pp	EGFR
13 KRAS	pp	EP300
14 KRAS	pp	ETV6
15 KRAS	pp	FBXW7
16 KRAS	pp	HIF1A
17 LRP6	pp	APC
18 LRP6	pp	ETV6
19 MAP2K1	pp	KRAS
20 MAPK1	pp	GSK3B
21 MAPK1	pp	KRAS
22 MAPK14	pp	GSK3B
23 MAPK14	pp	KRAS
24 MDM2	pp	GSK3B
25 MDM2	pp	KRAS
26 PPP2CA	pp	GSK3B
27 PPP2CA	pp	KRAS
28 PTEN	pp	CDC42
29 PTEN	pp	GSK3B
30 PTEN	pp	KRAS
31 SMAD4	pp	APC
32 SMAD4	pp	BCL2
33 SMAD4	pp	CDC42
34 SMAD4	pp	HIF1A
35 SMAD4	pp	MAP2K1
36 SMAD4	pp	MAPK1
37 SMAD4	pp	PTEN
38 TBK1	pp	GSK3B
39 TBK1	pp	KRAS
40 TCF7L2	pp	APC
41 TCF7L2	pp	EP300
42 TCF7L2	pp	PTEN
43 TNKS	pp	APC
44 TNKS	pp	PTEN
[0m
Done creating Petals.
petals are loaded
[1;32mAGE for [0;36mABCA1 - KRAS[0m
[0;35minitial size for AGE: 0[0m
counterPetal1 12
counterPetal2 88
counterPetal1*counterPetal2 1056
(*AGE).size()=1056
[0m---- 
[1;33mAGE nodes: 1056[0m
Allocate AGEgraph :  1056 x 1056	1115136 bytes

[0 min 0 sec] Nodes are done in 

[0 min 0 sec] Edges are done in 
0th run results (0) [new minumum]:0.180963
0 454 cost: 588
[0;36m		[A1. ABCA1::A2. EP300] ---  [B1. APC::B2. CDC42}[0m
[0;36m		[A1. EP300::A2. TCF7L2] ---  [B1. CDC42::B2. PTEN}[0m
454 949 cost: 540
[0;36m		[A1. EP300::A2. TCF7L2] ---  [B1. CDC42::B2. PTEN}[0m
[0;36m		[A1. TCF7L2::A2. APC] ---  [B1. PTEN::B2. GSK3B}[0m
949 203 cost: 540
[0;36m		[A1. TCF7L2::A2. APC] ---  [B1. PTEN::B2. GSK3B}[0m
[0;36m		[A1. APC::A2. SMAD4] ---  [B1. GSK3B::B2. APC}[0m
203 617 cost: 540
[0;36m		[A1. APC::A2. SMAD4] ---  [B1. GSK3B::B2. APC}[0m
[0;36m		[A1. SMAD4::A2. STAT3] ---  [B1. APC::B2. ERBIN}[0m
617 726 cost: 555
[0;36m		[A1. SMAD4::A2. STAT3] ---  [B1. APC::B2. ERBIN}[0m
[0;36m		[A1. STAT3::A2. ABCA1] ---  [B1. ERBIN::B2. EGFR}[0m

Displayed tree score: 0.180963

6th run results (1) [new minumum]:0.192827
6 527 cost: 588
[0;36m		[A1. ABCA1::A2. EP300] ---  [B1. APC::B2. TNKS}[0m
[0;36m		[A1. EP300::A2. TCF7L2] ---  [B1. TNKS::B2. PTEN}[0m
527 948 cost: 540
[0;36m		[A1. EP300::A2. TCF7L2] ---  [B1. TNKS::B2. PTEN}[0m
[0;36m		[A1. TCF7L2::A2. APC] ---  [B1. PTEN::B2. CDC42}[0m
948 191 cost: 500
[0;36m		[A1. TCF7L2::A2. APC] ---  [B1. PTEN::B2. CDC42}[0m
[0;36m		[A1. APC::A2. SMAD4] ---  [B1. CDC42::B2. SMAD4}[0m
191 690 cost: 465
[0;36m		[A1. APC::A2. SMAD4] ---  [B1. CDC42::B2. SMAD4}[0m
[0;36m		[A1. SMAD4::A2. STAT3] ---  [B1. SMAD4::B2. APC}[0m
690 706 cost: 500
[0;36m		[A1. SMAD4::A2. STAT3] ---  [B1. SMAD4::B2. APC}[0m
[0;36m		[A1. STAT3::A2. ABCA1] ---  [B1. APC::B2. GSK3B}[0m

Displayed tree score: 0.192827

7th run results (2) [new minumum]:0.353982
7 459 cost: 487
[0;36m		[A1. ABCA1::A2. EP300] ---  [B1. BCL2::B2. KRAS}[0m
[0;36m		[A1. EP300::A2. TCF7L2] ---  [B1. EP300::B2. TCF7L2}[0m
459 963 cost: 100
[0;36m		[A1. EP300::A2. TCF7L2] ---  [B1. EP300::B2. TCF7L2}[0m
[0;36m		[A1. TCF7L2::A2. APC] ---  [B1. TCF7L2::B2. APC}[0m
963 180 cost: 100
[0;36m		[A1. TCF7L2::A2. APC] ---  [B1. TCF7L2::B2. APC}[0m
[0;36m		[A1. APC::A2. SMAD4] ---  [B1. APC::B2. SMAD4}[0m
180 691 cost: 217
[0;36m		[A1. APC::A2. SMAD4] ---  [B1. APC::B2. SMAD4}[0m
[0;36m		[A1. SMAD4::A2. STAT3] ---  [B1. SMAD4::B2. BCL2}[0m

Displayed tree score: 0.353982

44th run results (3) [new minumum]:0.406174
44 459 cost: 259
[0;36m		[A1. ABCA1::A2. EP300] ---  [B1. KRAS::B2. EP300}[0m
[0;36m		[A1. EP300::A2. TCF7L2] ---  [B1. EP300::B2. TCF7L2}[0m
459 963 cost: 100
[0;36m		[A1. EP300::A2. TCF7L2] ---  [B1. EP300::B2. TCF7L2}[0m
[0;36m		[A1. TCF7L2::A2. APC] ---  [B1. TCF7L2::B2. APC}[0m
963 180 cost: 100
[0;36m		[A1. TCF7L2::A2. APC] ---  [B1. TCF7L2::B2. APC}[0m
[0;36m		[A1. APC::A2. SMAD4] ---  [B1. APC::B2. SMAD4}[0m
180 691 cost: 217
[0;36m		[A1. APC::A2. SMAD4] ---  [B1. APC::B2. SMAD4}[0m
[0;36m		[A1. SMAD4::A2. STAT3] ---  [B1. SMAD4::B2. BCL2}[0m
459 711 cost: 555
[0;36m		[A1. EP300::A2. TCF7L2] ---  [B1. EP300::B2. TCF7L2}[0m
[0;36m		[A1. STAT3::A2. ABCA1] ---  [B1. BCL2::B2. KRAS}[0m

Displayed tree score: 0.406174

88th run results (4) [new minumum]:0.411184
88 807 cost: 540
[0;36m		[A1. ABCA1::A2. STAT3] ---  [B1. APC::B2. CDC42}[0m
[0;36m		[A1. STAT3::A2. SMAD4] ---  [B1. CDC42::B2. SMAD4}[0m
807 602 cost: 217
[0;36m		[A1. STAT3::A2. SMAD4] ---  [B1. CDC42::B2. SMAD4}[0m
[0;36m		[A1. SMAD4::A2. APC] ---  [B1. SMAD4::B2. APC}[0m
602 269 cost: 100
[0;36m		[A1. SMAD4::A2. APC] ---  [B1. SMAD4::B2. APC}[0m
[0;36m		[A1. APC::A2. TCF7L2] ---  [B1. APC::B2. TCF7L2}[0m
269 1052 cost: 100
[0;36m		[A1. APC::A2. TCF7L2] ---  [B1. APC::B2. TCF7L2}[0m
[0;36m		[A1. TCF7L2::A2. EP300] ---  [B1. TCF7L2::B2. EP300}[0m
1052 370 cost: 259
[0;36m		[A1. TCF7L2::A2. EP300] ---  [B1. TCF7L2::B2. EP300}[0m
[0;36m		[A1. EP300::A2. ABCA1] ---  [B1. EP300::B2. KRAS}[0m

Displayed tree score: 0.411184

96th run results (5) [new minumum]:0.429923
96 602 cost: 487
[0;36m		[A1. ABCA1::A2. STAT3] ---  [B1. BCL2::B2. SMAD4}[0m
[0;36m		[A1. SMAD4::A2. APC] ---  [B1. SMAD4::B2. APC}[0m
602 269 cost: 100
[0;36m		[A1. SMAD4::A2. APC] ---  [B1. SMAD4::B2. APC}[0m
[0;36m		[A1. APC::A2. TCF7L2] ---  [B1. APC::B2. TCF7L2}[0m
269 1052 cost: 100
[0;36m		[A1. APC::A2. TCF7L2] ---  [B1. APC::B2. TCF7L2}[0m
[0;36m		[A1. TCF7L2::A2. EP300] ---  [B1. TCF7L2::B2. EP300}[0m
602 807 cost: 217
[0;36m		[A1. SMAD4::A2. APC] ---  [B1. SMAD4::B2. APC}[0m
[0;36m		[A1. STAT3::A2. SMAD4] ---  [B1. CDC42::B2. SMAD4}[0m
1052 370 cost: 259
[0;36m		[A1. TCF7L2::A2. EP300] ---  [B1. TCF7L2::B2. EP300}[0m
[0;36m		[A1. EP300::A2. ABCA1] ---  [B1. EP300::B2. KRAS}[0m

Displayed tree score: 0.429923

102th run results (6) [new minumum]:0.438212
102 602 cost: 465
[0;36m		[A1. ABCA1::A2. STAT3] ---  [B1. CDC42::B2. PTEN}[0m
[0;36m		[A1. SMAD4::A2. APC] ---  [B1. SMAD4::B2. APC}[0m
602 269 cost: 100
[0;36m		[A1. SMAD4::A2. APC] ---  [B1. SMAD4::B2. APC}[0m
[0;36m		[A1. APC::A2. TCF7L2] ---  [B1. APC::B2. TCF7L2}[0m
269 1052 cost: 100
[0;36m		[A1. APC::A2. TCF7L2] ---  [B1. APC::B2. TCF7L2}[0m
[0;36m		[A1. TCF7L2::A2. EP300] ---  [B1. TCF7L2::B2. EP300}[0m
602 800 cost: 217
[0;36m		[A1. SMAD4::A2. APC] ---  [B1. SMAD4::B2. APC}[0m
[0;36m		[A1. STAT3::A2. SMAD4] ---  [B1. BCL2::B2. SMAD4}[0m
1052 370 cost: 259
[0;36m		[A1. TCF7L2::A2. EP300] ---  [B1. TCF7L2::B2. EP300}[0m
[0;36m		[A1. EP300::A2. ABCA1] ---  [B1. EP300::B2. KRAS}[0m

Displayed tree score: 0.438212

Petal1:6	Petal2:44	treecost: 1141	 tree size:5
$RESULT$	ABCA1	KRAS	norm_score:	0.438212
[0m
[0 min 0 sec] All done in 
