COMMAND: /Users/gurkan/Box/Research/INSPIRE/inspire-replication/src/INSPIRE /Users/gurkan/Box/Research/INSPIRE/inspire-replication/database/inspire.sqlite ABCA1 BCL9 inspire_legacy_v1

GO normalization for inspire_legacy_v1: 14.1026
GO normalization in use: 14.1026
Loaded 5995 GO pair scores for inspire_legacy_v1
Create two petals
Begin PETAL setup
new petal ABCA1 (6)
# 6 interactions in ABCA1
Done adding UniProt and Pfam annotations for ABCA1.
new petal BCL9 (4)
# 3 interactions in BCL9
Done adding UniProt and Pfam annotations for BCL9.
Petal Sizes: 6, 4
[1;32mPetal Name: [1;33mABCA1
[1;32mPetal Size: [1;33m6[0;31m
ABCA1
APC
EP300
SMAD4
STAT3
TCF7L2
[0m---- 
[1;36mPetal Interactions[0;32m
1 EP300	pp	ABCA1
2 SMAD4	pp	APC
3 STAT3	pp	ABCA1
4 STAT3	pp	SMAD4
5 TCF7L2	pp	APC
6 TCF7L2	pp	EP300
[0m
[1;32mPetal Name: [1;33mBCL9
[1;32mPetal Size: [1;33m4[0;31m
APC
BCL9
CDC73
TCF7L2
[0m---- 
[1;36mPetal Interactions[0;32m
1 CDC73	pp	BCL9
2 TCF7L2	pp	APC
3 TCF7L2	pp	CDC73
[0m
Done creating Petals.
petals are loaded
[1;32mAGE for [0;36mABCA1 - BCL9[0m
[0;35minitial size for AGE: 0[0m
counterPetal1 12
counterPetal2 6
counterPetal1*counterPetal2 72
(*AGE).size()=72
[0m---- 
[1;33mAGE nodes: 72[0m
Allocate AGEgraph :  72 x 72	5184 bytes

[0 min 0 sec] Nodes are done in 

[0 min 0 sec] Edges are done in 
0th run results (0) [new minumum]:0.125945
0 35 cost: 588
[0;36m		[A1. ABCA1::A2. EP300] ---  [B1. APC::B2. TCF7L2}[0m
[0;36m		[A1. EP300::A2. TCF7L2] ---  [B1. TCF7L2::B2. CDC73}[0m
35 62 cost: 1000
[0;36m		[A1. EP300::A2. TCF7L2] ---  [B1. TCF7L2::B2. CDC73}[0m
[0;36m		[A1. TCF7L2::A2. APC] ---  [B1. CDC73::B2. BCL9}[0m

Displayed tree score: 0.125945

4th run results (1) [new minumum]:0.133601
4 51 cost: 588
[0;36m		[A1. ABCA1::A2. EP300] ---  [B1. TCF7L2::B2. APC}[0m
[0;36m		[A1. STAT3::A2. ABCA1] ---  [B1. CDC73::B2. TCF7L2}[0m
51 43 cost: 909
[0;36m		[A1. STAT3::A2. ABCA1] ---  [B1. CDC73::B2. TCF7L2}[0m
[0;36m		[A1. SMAD4::A2. STAT3] ---  [B1. BCL9::B2. CDC73}[0m

Displayed tree score: 0.133601

14th run results (2) [new minumum]:0.154083
14 65 cost: 833
[0;36m		[A1. APC::A2. SMAD4] ---  [B1. CDC73::B2. BCL9}[0m
[0;36m		[A1. TCF7L2::A2. APC] ---  [B1. TCF7L2::B2. CDC73}[0m
65 30 cost: 465
[0;36m		[A1. TCF7L2::A2. APC] ---  [B1. TCF7L2::B2. CDC73}[0m
[0;36m		[A1. EP300::A2. TCF7L2] ---  [B1. APC::B2. TCF7L2}[0m

Displayed tree score: 0.154083

Petal1:6	Petal2:3	treecost: 1298	 tree size:2
$RESULT$	ABCA1	BCL9	norm_score:	0.154083
[0m
[0 min 0 sec] All done in 
