COMMAND: /Users/gurkan/Box/Research/INSPIRE/inspire-replication/src/INSPIRE /Users/gurkan/Box/Research/INSPIRE/inspire-replication/database/inspire.sqlite ABCA1 UHRF2 inspire_legacy_v1

GO normalization for inspire_legacy_v1: 14.1026
GO normalization in use: 14.1026
Loaded 5995 GO pair scores for inspire_legacy_v1
Create two petals
Begin PETAL setup
new petal ABCA1 (6)
# 6 interactions in ABCA1
Done adding UniProt and Pfam annotations for ABCA1.
new petal UHRF2 (5)
# 5 interactions in UHRF2
Done adding UniProt and Pfam annotations for UHRF2.
Petal Sizes: 6, 5
[1;32mPetal Name: [1;33mABCA1
[1;32mPetal Size: [1;33m6[0;31m
ABCA1
APC
EP300
SMAD4
STAT3
TCF7L2
[0m---- 
[1;36mPetal Interactions[0;32m
1 EP300	pp	ABCA1
2 SMAD4	pp	APC
3 STAT3	pp	ABCA1
4 STAT3	pp	SMAD4
5 TCF7L2	pp	APC
6 TCF7L2	pp	EP300
[0m
[1;32mPetal Name: [1;33mUHRF2
[1;32mPetal Size: [1;33m5[0;31m
APC
CCND1
GSK3B
LRP6
UHRF2
[0m---- 
[1;36mPetal Interactions[0;32m
1 GSK3B	pp	APC
2 GSK3B	pp	CCND1
3 LRP6	pp	APC
4 LRP6	pp	CCND1
5 UHRF2	pp	CCND1
[0m
Done creating Petals.
petals are loaded
[1;32mAGE for [0;36mABCA1 - UHRF2[0m
[0;35minitial size for AGE: 0[0m
counterPetal1 12
counterPetal2 10
counterPetal1*counterPetal2 120
(*AGE).size()=120
[0m---- 
[1;33mAGE nodes: 120[0m
Allocate AGEgraph :  120 x 120	14400 bytes

[0 min 0 sec] Nodes are done in 

[0 min 0 sec] Edges are done in 
0th run results (0) [new minumum]:0.123694
0 87 cost: 625
[0;36m		[A1. ABCA1::A2. EP300] ---  [B1. APC::B2. GSK3B}[0m
[0;36m		[A1. STAT3::A2. ABCA1] ---  [B1. LRP6::B2. APC}[0m
87 73 cost: 606
[0;36m		[A1. STAT3::A2. ABCA1] ---  [B1. LRP6::B2. APC}[0m
[0;36m		[A1. SMAD4::A2. STAT3] ---  [B1. CCND1::B2. LRP6}[0m
73 26 cost: 588
[0;36m		[A1. SMAD4::A2. STAT3] ---  [B1. CCND1::B2. LRP6}[0m
[0;36m		[A1. APC::A2. SMAD4] ---  [B1. GSK3B::B2. CCND1}[0m

Displayed tree score: 0.123694

2th run results (1) [new minumum]:0.148423
2 55 cost: 606
[0;36m		[A1. ABCA1::A2. EP300] ---  [B1. CCND1::B2. GSK3B}[0m
[0;36m		[A1. EP300::A2. TCF7L2] ---  [B1. GSK3B::B2. APC}[0m
55 101 cost: 555
[0;36m		[A1. EP300::A2. TCF7L2] ---  [B1. GSK3B::B2. APC}[0m
[0;36m		[A1. TCF7L2::A2. APC] ---  [B1. APC::B2. LRP6}[0m
101 28 cost: 625
[0;36m		[A1. TCF7L2::A2. APC] ---  [B1. APC::B2. LRP6}[0m
[0;36m		[A1. APC::A2. SMAD4] ---  [B1. LRP6::B2. CCND1}[0m
28 74 cost: 909
[0;36m		[A1. APC::A2. SMAD4] ---  [B1. LRP6::B2. CCND1}[0m
[0;36m		[A1. SMAD4::A2. STAT3] ---  [B1. CCND1::B2. UHRF2}[0m

Displayed tree score: 0.148423

3th run results (2) [new minumum]:0.155642
3 57 cost: 606
[0;36m		[A1. ABCA1::A2. EP300] ---  [B1. CCND1::B2. LRP6}[0m
[0;36m		[A1. EP300::A2. TCF7L2] ---  [B1. LRP6::B2. APC}[0m
57 100 cost: 540
[0;36m		[A1. EP300::A2. TCF7L2] ---  [B1. LRP6::B2. APC}[0m
[0;36m		[A1. TCF7L2::A2. APC] ---  [B1. APC::B2. GSK3B}[0m
100 26 cost: 555
[0;36m		[A1. TCF7L2::A2. APC] ---  [B1. APC::B2. GSK3B}[0m
[0;36m		[A1. APC::A2. SMAD4] ---  [B1. GSK3B::B2. CCND1}[0m
26 74 cost: 869
[0;36m		[A1. APC::A2. SMAD4] ---  [B1. GSK3B::B2. CCND1}[0m
[0;36m		[A1. SMAD4::A2. STAT3] ---  [B1. CCND1::B2. UHRF2}[0m

Displayed tree score: 0.155642

Petal1:6	Petal2:5	treecost: 2570	 tree size:4
$RESULT$	ABCA1	UHRF2	norm_score:	0.155642
[0m
[0 min 0 sec] All done in 
