COMMAND: /Users/gurkan/Box/Research/INSPIRE/inspire-replication/src/INSPIRE /Users/gurkan/Box/Research/INSPIRE/inspire-replication/database/inspire.sqlite ABCA1 PIK3CA inspire_legacy_v1

GO normalization for inspire_legacy_v1: 14.1026
GO normalization in use: 14.1026
Loaded 5995 GO pair scores for inspire_legacy_v1
Create two petals
Begin PETAL setup
new petal ABCA1 (6)
# 6 interactions in ABCA1
Done adding UniProt and Pfam annotations for ABCA1.
new petal PIK3CA (25)
# 46 interactions in PIK3CA
Done adding UniProt and Pfam annotations for PIK3CA.
Petal Sizes: 6, 25
[1;32mPetal Name: [1;33mABCA1
[1;32mPetal Size: [1;33m6[0;31m
ABCA1
APC
EP300
SMAD4
STAT3
TCF7L2
[0m---- 
[1;36mPetal Interactions[0;32m
1 EP300	pp	ABCA1
2 SMAD4	pp	APC
3 STAT3	pp	ABCA1
4 STAT3	pp	SMAD4
5 TCF7L2	pp	APC
6 TCF7L2	pp	EP300
[0m
[1;32mPetal Name: [1;33mPIK3CA
[1;32mPetal Size: [1;33m25[0;31m
APC
BCL2
BRAF
BRCA1
CDC42
CREBBP
EGFR
ERBIN
ETV6
FBXW7
FGF2
FOXO1
FOXO3
GSK3B
KRAS
LRP6
MAPK1
PIK3CA
PRKCA
PTEN
PTK2
SMAD4
STAT3
TCF7L2
TRAF6
[0m---- 
[1;36mPetal Interactions[0;32m
1 ERBIN	pp	APC
2 ERBIN	pp	EGFR
3 GSK3B	pp	APC
4 GSK3B	pp	BRAF
5 GSK3B	pp	BRCA1
6 GSK3B	pp	CREBBP
7 GSK3B	pp	FBXW7
8 GSK3B	pp	FOXO1
9 GSK3B	pp	FOXO3
10 KRAS	pp	APC
11 KRAS	pp	BCL2
12 KRAS	pp	EGFR
13 KRAS	pp	FGF2
14 LRP6	pp	APC
15 LRP6	pp	ETV6
16 LRP6	pp	GSK3B
17 MAPK1	pp	GSK3B
18 PIK3CA	pp	BCL2
19 PIK3CA	pp	BRAF
20 PIK3CA	pp	BRCA1
21 PIK3CA	pp	CDC42
22 PIK3CA	pp	CREBBP
23 PIK3CA	pp	EGFR
24 PIK3CA	pp	ETV6
25 PIK3CA	pp	FBXW7
26 PIK3CA	pp	FGF2
27 PIK3CA	pp	FOXO1
28 PIK3CA	pp	FOXO3
29 PIK3CA	pp	GSK3B
30 PIK3CA	pp	MAPK1
31 PRKCA	pp	GSK3B
32 PRKCA	pp	PIK3CA
33 PTEN	pp	GSK3B
34 PTEN	pp	PIK3CA
35 PTK2	pp	GSK3B
36 PTK2	pp	PIK3CA
37 SMAD4	pp	APC
38 SMAD4	pp	BCL2
39 SMAD4	pp	CDC42
40 SMAD4	pp	PTEN
41 STAT3	pp	PIK3CA
42 STAT3	pp	SMAD4
43 TCF7L2	pp	APC
44 TCF7L2	pp	PTEN
45 TRAF6	pp	GSK3B
46 TRAF6	pp	PIK3CA
[0m
Done creating Petals.
petals are loaded
[1;32mAGE for [0;36mABCA1 - PIK3CA[0m
[0;35minitial size for AGE: 0[0m
counterPetal1 12
counterPetal2 92
counterPetal1*counterPetal2 1104
(*AGE).size()=1104
[0m---- 
[1;33mAGE nodes: 1104[0m
Allocate AGEgraph :  1104 x 1104	1218816 bytes

[0 min 0 sec] Nodes are done in 

[0 min 0 sec] Edges are done in 
0th run results (0) [new minumum]:0.172592
0 768 cost: 689
[0;36m		[A1. ABCA1::A2. EP300] ---  [B1. APC::B2. ERBIN}[0m
[0;36m		[A1. STAT3::A2. ABCA1] ---  [B1. GSK3B::B2. APC}[0m
768 655 cost: 588
[0;36m		[A1. STAT3::A2. ABCA1] ---  [B1. GSK3B::B2. APC}[0m
[0;36m		[A1. SMAD4::A2. STAT3] ---  [B1. BRCA1::B2. GSK3B}[0m
655 241 cost: 540
[0;36m		[A1. SMAD4::A2. STAT3] ---  [B1. BRCA1::B2. GSK3B}[0m
[0;36m		[A1. APC::A2. SMAD4] ---  [B1. PIK3CA::B2. BRCA1}[0m
241 927 cost: 540
[0;36m		[A1. APC::A2. SMAD4] ---  [B1. PIK3CA::B2. BRCA1}[0m
[0;36m		[A1. TCF7L2::A2. APC] ---  [B1. BCL2::B2. PIK3CA}[0m
927 507 cost: 540
[0;36m		[A1. TCF7L2::A2. APC] ---  [B1. BCL2::B2. PIK3CA}[0m
[0;36m		[A1. EP300::A2. TCF7L2] ---  [B1. KRAS::B2. BCL2}[0m

Displayed tree score: 0.172592

1th run results (1) [new minumum]:0.181951
1 494 cost: 588
[0;36m		[A1. ABCA1::A2. EP300] ---  [B1. APC::B2. GSK3B}[0m
[0;36m		[A1. EP300::A2. TCF7L2] ---  [B1. GSK3B::B2. BRCA1}[0m
494 932 cost: 540
[0;36m		[A1. EP300::A2. TCF7L2] ---  [B1. GSK3B::B2. BRCA1}[0m
[0;36m		[A1. TCF7L2::A2. APC] ---  [B1. BRCA1::B2. PIK3CA}[0m
932 239 cost: 540
[0;36m		[A1. TCF7L2::A2. APC] ---  [B1. BRCA1::B2. PIK3CA}[0m
[0;36m		[A1. APC::A2. SMAD4] ---  [B1. PIK3CA::B2. BCL2}[0m
239 650 cost: 540
[0;36m		[A1. APC::A2. SMAD4] ---  [B1. PIK3CA::B2. BCL2}[0m
[0;36m		[A1. SMAD4::A2. STAT3] ---  [B1. BCL2::B2. KRAS}[0m
650 785 cost: 540
[0;36m		[A1. SMAD4::A2. STAT3] ---  [B1. BCL2::B2. KRAS}[0m
[0;36m		[A1. STAT3::A2. ABCA1] ---  [B1. KRAS::B2. FGF2}[0m

Displayed tree score: 0.181951

3th run results (2) [new minumum]:0.313087
3 512 cost: 588
[0;36m		[A1. ABCA1::A2. EP300] ---  [B1. APC::B2. LRP6}[0m
[0;36m		[A1. EP300::A2. TCF7L2] ---  [B1. LRP6::B2. GSK3B}[0m
512 188 cost: 465
[0;36m		[A1. EP300::A2. TCF7L2] ---  [B1. LRP6::B2. GSK3B}[0m
[0;36m		[A1. APC::A2. SMAD4] ---  [B1. APC::B2. SMAD4}[0m
188 729 cost: 100
[0;36m		[A1. APC::A2. SMAD4] ---  [B1. APC::B2. SMAD4}[0m
[0;36m		[A1. SMAD4::A2. STAT3] ---  [B1. SMAD4::B2. STAT3}[0m
188 952 cost: 217
[0;36m		[A1. APC::A2. SMAD4] ---  [B1. APC::B2. SMAD4}[0m
[0;36m		[A1. TCF7L2::A2. APC] ---  [B1. GSK3B::B2. APC}[0m
729 822 cost: 227
[0;36m		[A1. SMAD4::A2. STAT3] ---  [B1. SMAD4::B2. STAT3}[0m
[0;36m		[A1. STAT3::A2. ABCA1] ---  [B1. STAT3::B2. PIK3CA}[0m

Displayed tree score: 0.313087

43th run results (3) [new minumum]:0.450857
43 1008 cost: 465
[0;36m		[A1. ABCA1::A2. EP300] ---  [B1. GSK3B::B2. PTEN}[0m
[0;36m		[A1. TCF7L2::A2. APC] ---  [B1. TCF7L2::B2. APC}[0m
1008 188 cost: 100
[0;36m		[A1. TCF7L2::A2. APC] ---  [B1. TCF7L2::B2. APC}[0m
[0;36m		[A1. APC::A2. SMAD4] ---  [B1. APC::B2. SMAD4}[0m
188 729 cost: 100
[0;36m		[A1. APC::A2. SMAD4] ---  [B1. APC::B2. SMAD4}[0m
[0;36m		[A1. SMAD4::A2. STAT3] ---  [B1. SMAD4::B2. STAT3}[0m
1008 538 cost: 217
[0;36m		[A1. TCF7L2::A2. APC] ---  [B1. TCF7L2::B2. APC}[0m
[0;36m		[A1. EP300::A2. TCF7L2] ---  [B1. PTEN::B2. TCF7L2}[0m
729 822 cost: 227
[0;36m		[A1. SMAD4::A2. STAT3] ---  [B1. SMAD4::B2. STAT3}[0m
[0;36m		[A1. STAT3::A2. ABCA1] ---  [B1. STAT3::B2. PIK3CA}[0m

Displayed tree score: 0.450857

Petal1:6	Petal2:46	treecost: 1109	 tree size:5
$RESULT$	ABCA1	PIK3CA	norm_score:	0.450857
[0m
[0 min 0 sec] All done in 
