COMMAND: /Users/gurkan/Box/Research/INSPIRE/inspire-replication/src/INSPIRE /Users/gurkan/Box/Research/INSPIRE/inspire-replication/database/inspire.sqlite ABCA1 GLI3 inspire_legacy_v1

GO normalization for inspire_legacy_v1: 14.1026
GO normalization in use: 14.1026
Loaded 5995 GO pair scores for inspire_legacy_v1
Create two petals
Begin PETAL setup
new petal ABCA1 (6)
# 6 interactions in ABCA1
Done adding UniProt and Pfam annotations for ABCA1.
new petal GLI3 (6)
# 7 interactions in GLI3
Done adding UniProt and Pfam annotations for GLI3.
Petal Sizes: 6, 6
[1;32mPetal Name: [1;33mABCA1
[1;32mPetal Size: [1;33m6[0;31m
ABCA1
APC
EP300
SMAD4
STAT3
TCF7L2
[0m---- 
[1;36mPetal Interactions[0;32m
1 EP300	pp	ABCA1
2 SMAD4	pp	APC
3 STAT3	pp	ABCA1
4 STAT3	pp	SMAD4
5 TCF7L2	pp	APC
6 TCF7L2	pp	EP300
[0m
[1;32mPetal Name: [1;33mGLI3
[1;32mPetal Size: [1;33m6[0;31m
APC
CREBBP
GLI3
GSK3B
LRP6
RUNX2
[0m---- 
[1;36mPetal Interactions[0;32m
1 GLI3	pp	CREBBP
2 GSK3B	pp	APC
3 GSK3B	pp	CREBBP
4 LRP6	pp	APC
5 RUNX2	pp	GLI3
6 RUNX2	pp	GSK3B
7 RUNX2	pp	LRP6
[0m
Done creating Petals.
petals are loaded
[1;32mAGE for [0;36mABCA1 - GLI3[0m
[0;35minitial size for AGE: 0[0m
counterPetal1 12
counterPetal2 14
counterPetal1*counterPetal2 168
(*AGE).size()=168
[0m---- 
[1;33mAGE nodes: 168[0m
Allocate AGEgraph :  168 x 168	28224 bytes

[0 min 0 sec] Nodes are done in 

[0 min 0 sec] Edges are done in 
0th run results (0) [new minumum]:0.155521
0 77 cost: 606
[0;36m		[A1. ABCA1::A2. EP300] ---  [B1. APC::B2. GSK3B}[0m
[0;36m		[A1. EP300::A2. TCF7L2] ---  [B1. GSK3B::B2. CREBBP}[0m
0 121 cost: 625
[0;36m		[A1. ABCA1::A2. EP300] ---  [B1. APC::B2. GSK3B}[0m
[0;36m		[A1. STAT3::A2. ABCA1] ---  [B1. LRP6::B2. APC}[0m
121 111 cost: 606
[0;36m		[A1. STAT3::A2. ABCA1] ---  [B1. LRP6::B2. APC}[0m
[0;36m		[A1. SMAD4::A2. STAT3] ---  [B1. RUNX2::B2. LRP6}[0m
111 33 cost: 689
[0;36m		[A1. SMAD4::A2. STAT3] ---  [B1. RUNX2::B2. LRP6}[0m
[0;36m		[A1. APC::A2. SMAD4] ---  [B1. GLI3::B2. RUNX2}[0m
77 142 cost: 689
[0;36m		[A1. EP300::A2. TCF7L2] ---  [B1. GSK3B::B2. CREBBP}[0m
[0;36m		[A1. TCF7L2::A2. APC] ---  [B1. CREBBP::B2. GLI3}[0m

Displayed tree score: 0.155521

3th run results (1) [new minumum]:0.161499
3 76 cost: 625
[0;36m		[A1. ABCA1::A2. EP300] ---  [B1. CREBBP::B2. GSK3B}[0m
[0;36m		[A1. EP300::A2. TCF7L2] ---  [B1. GSK3B::B2. APC}[0m
76 141 cost: 555
[0;36m		[A1. EP300::A2. TCF7L2] ---  [B1. GSK3B::B2. APC}[0m
[0;36m		[A1. TCF7L2::A2. APC] ---  [B1. APC::B2. LRP6}[0m
141 38 cost: 625
[0;36m		[A1. TCF7L2::A2. APC] ---  [B1. APC::B2. LRP6}[0m
[0;36m		[A1. APC::A2. SMAD4] ---  [B1. LRP6::B2. RUNX2}[0m
38 109 cost: 625
[0;36m		[A1. APC::A2. SMAD4] ---  [B1. LRP6::B2. RUNX2}[0m
[0;36m		[A1. SMAD4::A2. STAT3] ---  [B1. RUNX2::B2. GLI3}[0m
109 116 cost: 666
[0;36m		[A1. SMAD4::A2. STAT3] ---  [B1. RUNX2::B2. GLI3}[0m
[0;36m		[A1. STAT3::A2. ABCA1] ---  [B1. GLI3::B2. CREBBP}[0m

Displayed tree score: 0.161499

9th run results (2) [new minumum]:0.172652
9 70 cost: 540
[0;36m		[A1. ABCA1::A2. EP300] ---  [B1. LRP6::B2. APC}[0m
[0;36m		[A1. EP300::A2. TCF7L2] ---  [B1. APC::B2. GSK3B}[0m
70 147 cost: 555
[0;36m		[A1. EP300::A2. TCF7L2] ---  [B1. APC::B2. GSK3B}[0m
[0;36m		[A1. TCF7L2::A2. APC] ---  [B1. GSK3B::B2. CREBBP}[0m
147 30 cost: 588
[0;36m		[A1. TCF7L2::A2. APC] ---  [B1. GSK3B::B2. CREBBP}[0m
[0;36m		[A1. APC::A2. SMAD4] ---  [B1. CREBBP::B2. GLI3}[0m
9 125 cost: 588
[0;36m		[A1. ABCA1::A2. EP300] ---  [B1. LRP6::B2. APC}[0m
[0;36m		[A1. STAT3::A2. ABCA1] ---  [B1. RUNX2::B2. LRP6}[0m
30 103 cost: 625
[0;36m		[A1. APC::A2. SMAD4] ---  [B1. CREBBP::B2. GLI3}[0m
[0;36m		[A1. SMAD4::A2. STAT3] ---  [B1. GLI3::B2. RUNX2}[0m

Displayed tree score: 0.172652

Petal1:6	Petal2:7	treecost: 2896	 tree size:5
$RESULT$	ABCA1	GLI3	norm_score:	0.172652
[0m
[0 min 0 sec] All done in 
