COMMAND: /Users/gurkan/Box/Research/INSPIRE/inspire-replication/src/INSPIRE /Users/gurkan/Box/Research/INSPIRE/inspire-replication/database/inspire.sqlite ABCA1 FN1 inspire_legacy_v1

GO normalization for inspire_legacy_v1: 14.1026
GO normalization in use: 14.1026
Loaded 5995 GO pair scores for inspire_legacy_v1
Create two petals
Begin PETAL setup
new petal ABCA1 (6)
# 6 interactions in ABCA1
Done adding UniProt and Pfam annotations for ABCA1.
new petal FN1 (10)
# 15 interactions in FN1
Done adding UniProt and Pfam annotations for FN1.
Petal Sizes: 6, 10
[1;32mPetal Name: [1;33mABCA1
[1;32mPetal Size: [1;33m6[0;31m
ABCA1
APC
EP300
SMAD4
STAT3
TCF7L2
[0m---- 
[1;36mPetal Interactions[0;32m
1 EP300	pp	ABCA1
2 SMAD4	pp	APC
3 STAT3	pp	ABCA1
4 STAT3	pp	SMAD4
5 TCF7L2	pp	APC
6 TCF7L2	pp	EP300
[0m
[1;32mPetal Name: [1;33mFN1
[1;32mPetal Size: [1;33m10[0;31m
APC
BMPR2
CREB1
FN1
GSK3B
HIF1A
SMAD4
TCF7L2
ZEB1
ZEB2
[0m---- 
[1;36mPetal Interactions[0;32m
1 FN1	pp	BMPR2
2 FN1	pp	CREB1
3 GSK3B	pp	APC
4 GSK3B	pp	CREB1
5 HIF1A	pp	FN1
6 HIF1A	pp	GSK3B
7 SMAD4	pp	APC
8 SMAD4	pp	BMPR2
9 SMAD4	pp	HIF1A
10 TCF7L2	pp	APC
11 TCF7L2	pp	CREB1
12 ZEB1	pp	FN1
13 ZEB1	pp	SMAD4
14 ZEB2	pp	FN1
15 ZEB2	pp	SMAD4
[0m
Done creating Petals.
petals are loaded
[1;32mAGE for [0;36mABCA1 - FN1[0m
[0;35minitial size for AGE: 0[0m
counterPetal1 12
counterPetal2 30
counterPetal1*counterPetal2 360
(*AGE).size()=360
[0m---- 
[1;33mAGE nodes: 360[0m
Allocate AGEgraph :  360 x 360	129600 bytes

[0 min 0 sec] Nodes are done in 

[0 min 0 sec] Edges are done in 
0th run results (0) [new minumum]:0.181951
0 164 cost: 588
[0;36m		[A1. ABCA1::A2. EP300] ---  [B1. APC::B2. GSK3B}[0m
[0;36m		[A1. EP300::A2. TCF7L2] ---  [B1. GSK3B::B2. CREB1}[0m
164 307 cost: 540
[0;36m		[A1. EP300::A2. TCF7L2] ---  [B1. GSK3B::B2. CREB1}[0m
[0;36m		[A1. TCF7L2::A2. APC] ---  [B1. CREB1::B2. TCF7L2}[0m
307 84 cost: 540
[0;36m		[A1. TCF7L2::A2. APC] ---  [B1. CREB1::B2. TCF7L2}[0m
[0;36m		[A1. APC::A2. SMAD4] ---  [B1. TCF7L2::B2. APC}[0m
84 211 cost: 540
[0;36m		[A1. APC::A2. SMAD4] ---  [B1. TCF7L2::B2. APC}[0m
[0;36m		[A1. SMAD4::A2. STAT3] ---  [B1. APC::B2. SMAD4}[0m
211 261 cost: 540
[0;36m		[A1. SMAD4::A2. STAT3] ---  [B1. APC::B2. SMAD4}[0m
[0;36m		[A1. STAT3::A2. ABCA1] ---  [B1. SMAD4::B2. HIF1A}[0m

Displayed tree score: 0.181951

5th run results (1) [new minumum]:0.185185
5 158 cost: 540
[0;36m		[A1. ABCA1::A2. EP300] ---  [B1. CREB1::B2. FN1}[0m
[0;36m		[A1. EP300::A2. TCF7L2] ---  [B1. FN1::B2. BMPR2}[0m
5 254 cost: 540
[0;36m		[A1. ABCA1::A2. EP300] ---  [B1. CREB1::B2. FN1}[0m
[0;36m		[A1. STAT3::A2. ABCA1] ---  [B1. GSK3B::B2. CREB1}[0m
254 210 cost: 540
[0;36m		[A1. STAT3::A2. ABCA1] ---  [B1. GSK3B::B2. CREB1}[0m
[0;36m		[A1. SMAD4::A2. STAT3] ---  [B1. APC::B2. GSK3B}[0m
210 79 cost: 540
[0;36m		[A1. SMAD4::A2. STAT3] ---  [B1. APC::B2. GSK3B}[0m
[0;36m		[A1. APC::A2. SMAD4] ---  [B1. SMAD4::B2. APC}[0m
158 304 cost: 540
[0;36m		[A1. EP300::A2. TCF7L2] ---  [B1. FN1::B2. BMPR2}[0m
[0;36m		[A1. TCF7L2::A2. APC] ---  [B1. BMPR2::B2. SMAD4}[0m

Displayed tree score: 0.185185

7th run results (2) [new minumum]:0.224247
7 324 cost: 465
[0;36m		[A1. ABCA1::A2. EP300] ---  [B1. CREB1::B2. TCF7L2}[0m
[0;36m		[A1. TCF7L2::A2. APC] ---  [B1. TCF7L2::B2. APC}[0m
324 61 cost: 100
[0;36m		[A1. TCF7L2::A2. APC] ---  [B1. TCF7L2::B2. APC}[0m
[0;36m		[A1. APC::A2. SMAD4] ---  [B1. APC::B2. SMAD4}[0m
61 230 cost: 217
[0;36m		[A1. APC::A2. SMAD4] ---  [B1. APC::B2. SMAD4}[0m
[0;36m		[A1. SMAD4::A2. STAT3] ---  [B1. SMAD4::B2. BMPR2}[0m
61 243 cost: 645
[0;36m		[A1. APC::A2. SMAD4] ---  [B1. APC::B2. SMAD4}[0m
[0;36m		[A1. STAT3::A2. ABCA1] ---  [B1. BMPR2::B2. FN1}[0m

Displayed tree score: 0.224247

9th run results (3) [new minumum]:0.274123
9 324 cost: 645
[0;36m		[A1. ABCA1::A2. EP300] ---  [B1. FN1::B2. CREB1}[0m
[0;36m		[A1. TCF7L2::A2. APC] ---  [B1. TCF7L2::B2. APC}[0m
324 61 cost: 100
[0;36m		[A1. TCF7L2::A2. APC] ---  [B1. TCF7L2::B2. APC}[0m
[0;36m		[A1. APC::A2. SMAD4] ---  [B1. APC::B2. SMAD4}[0m
324 157 cost: 217
[0;36m		[A1. TCF7L2::A2. APC] ---  [B1. TCF7L2::B2. APC}[0m
[0;36m		[A1. EP300::A2. TCF7L2] ---  [B1. CREB1::B2. TCF7L2}[0m
61 230 cost: 217
[0;36m		[A1. APC::A2. SMAD4] ---  [B1. APC::B2. SMAD4}[0m
[0;36m		[A1. SMAD4::A2. STAT3] ---  [B1. SMAD4::B2. BMPR2}[0m
61 243 cost: 645
[0;36m		[A1. APC::A2. SMAD4] ---  [B1. APC::B2. SMAD4}[0m
[0;36m		[A1. STAT3::A2. ABCA1] ---  [B1. BMPR2::B2. FN1}[0m

Displayed tree score: 0.274123

14th run results (4) [new minumum]:0.304136
14 324 cost: 465
[0;36m		[A1. ABCA1::A2. EP300] ---  [B1. GSK3B::B2. CREB1}[0m
[0;36m		[A1. TCF7L2::A2. APC] ---  [B1. TCF7L2::B2. APC}[0m
324 61 cost: 100
[0;36m		[A1. TCF7L2::A2. APC] ---  [B1. TCF7L2::B2. APC}[0m
[0;36m		[A1. APC::A2. SMAD4] ---  [B1. APC::B2. SMAD4}[0m
324 157 cost: 217
[0;36m		[A1. TCF7L2::A2. APC] ---  [B1. TCF7L2::B2. APC}[0m
[0;36m		[A1. EP300::A2. TCF7L2] ---  [B1. CREB1::B2. TCF7L2}[0m
61 230 cost: 217
[0;36m		[A1. APC::A2. SMAD4] ---  [B1. APC::B2. SMAD4}[0m
[0;36m		[A1. SMAD4::A2. STAT3] ---  [B1. SMAD4::B2. BMPR2}[0m
61 243 cost: 645
[0;36m		[A1. APC::A2. SMAD4] ---  [B1. APC::B2. SMAD4}[0m
[0;36m		[A1. STAT3::A2. ABCA1] ---  [B1. BMPR2::B2. FN1}[0m

Displayed tree score: 0.304136

34th run results (5) [new minumum]:0.324886
34 199 cost: 540
[0;36m		[A1. ABCA1::A2. STAT3] ---  [B1. BMPR2::B2. SMAD4}[0m
[0;36m		[A1. SMAD4::A2. APC] ---  [B1. SMAD4::B2. APC}[0m
199 92 cost: 100
[0;36m		[A1. SMAD4::A2. APC] ---  [B1. SMAD4::B2. APC}[0m
[0;36m		[A1. APC::A2. TCF7L2] ---  [B1. APC::B2. TCF7L2}[0m
199 288 cost: 217
[0;36m		[A1. SMAD4::A2. APC] ---  [B1. SMAD4::B2. APC}[0m
[0;36m		[A1. STAT3::A2. SMAD4] ---  [B1. HIF1A::B2. SMAD4}[0m
92 355 cost: 217
[0;36m		[A1. APC::A2. TCF7L2] ---  [B1. APC::B2. TCF7L2}[0m
[0;36m		[A1. TCF7L2::A2. EP300] ---  [B1. TCF7L2::B2. CREB1}[0m
92 126 cost: 465
[0;36m		[A1. APC::A2. TCF7L2] ---  [B1. APC::B2. TCF7L2}[0m
[0;36m		[A1. EP300::A2. ABCA1] ---  [B1. CREB1::B2. GSK3B}[0m

Displayed tree score: 0.324886

45th run results (6) [new minumum]:0.34153
45 199 cost: 465
[0;36m		[A1. ABCA1::A2. STAT3] ---  [B1. GSK3B::B2. HIF1A}[0m
[0;36m		[A1. SMAD4::A2. APC] ---  [B1. SMAD4::B2. APC}[0m
199 92 cost: 100
[0;36m		[A1. SMAD4::A2. APC] ---  [B1. SMAD4::B2. APC}[0m
[0;36m		[A1. APC::A2. TCF7L2] ---  [B1. APC::B2. TCF7L2}[0m
199 274 cost: 217
[0;36m		[A1. SMAD4::A2. APC] ---  [B1. SMAD4::B2. APC}[0m
[0;36m		[A1. STAT3::A2. SMAD4] ---  [B1. BMPR2::B2. SMAD4}[0m
92 355 cost: 217
[0;36m		[A1. APC::A2. TCF7L2] ---  [B1. APC::B2. TCF7L2}[0m
[0;36m		[A1. TCF7L2::A2. EP300] ---  [B1. TCF7L2::B2. CREB1}[0m
92 126 cost: 465
[0;36m		[A1. APC::A2. TCF7L2] ---  [B1. APC::B2. TCF7L2}[0m
[0;36m		[A1. EP300::A2. ABCA1] ---  [B1. CREB1::B2. GSK3B}[0m

Displayed tree score: 0.34153

Petal1:6	Petal2:15	treecost: 1464	 tree size:5
$RESULT$	ABCA1	FN1	norm_score:	0.34153
[0m
[0 min 0 sec] All done in 
