COMMAND: /Users/gurkan/Box/Research/INSPIRE/inspire-replication/src/INSPIRE /Users/gurkan/Box/Research/INSPIRE/inspire-replication/database/inspire.sqlite ABCA1 NF1 inspire_legacy_v1

GO normalization for inspire_legacy_v1: 14.1026
GO normalization in use: 14.1026
Loaded 5995 GO pair scores for inspire_legacy_v1
Create two petals
Begin PETAL setup
new petal ABCA1 (6)
# 6 interactions in ABCA1
Done adding UniProt and Pfam annotations for ABCA1.
new petal NF1 (13)
# 20 interactions in NF1
Done adding UniProt and Pfam annotations for NF1.
Petal Sizes: 6, 13
[1;32mPetal Name: [1;33mABCA1
[1;32mPetal Size: [1;33m6[0;31m
ABCA1
APC
EP300
SMAD4
STAT3
TCF7L2
[0m---- 
[1;36mPetal Interactions[0;32m
1 EP300	pp	ABCA1
2 SMAD4	pp	APC
3 STAT3	pp	ABCA1
4 STAT3	pp	SMAD4
5 TCF7L2	pp	APC
6 TCF7L2	pp	EP300
[0m
[1;32mPetal Name: [1;33mNF1
[1;32mPetal Size: [1;33m13[0;31m
APC
ATM
BRCA1
CDC42
EGFR
ERBIN
GSK3B
MDM2
NF1
PTEN
SMAD4
TCF7L2
TNKS
[0m---- 
[1;36mPetal Interactions[0;32m
1 CDC42	pp	APC
2 ERBIN	pp	APC
3 ERBIN	pp	EGFR
4 GSK3B	pp	APC
5 GSK3B	pp	BRCA1
6 MDM2	pp	GSK3B
7 NF1	pp	ATM
8 NF1	pp	BRCA1
9 NF1	pp	EGFR
10 NF1	pp	MDM2
11 PTEN	pp	CDC42
12 PTEN	pp	GSK3B
13 PTEN	pp	NF1
14 SMAD4	pp	APC
15 SMAD4	pp	ATM
16 SMAD4	pp	PTEN
17 TCF7L2	pp	APC
18 TCF7L2	pp	PTEN
19 TNKS	pp	APC
20 TNKS	pp	PTEN
[0m
Done creating Petals.
petals are loaded
[1;32mAGE for [0;36mABCA1 - NF1[0m
[0;35minitial size for AGE: 0[0m
counterPetal1 12
counterPetal2 40
counterPetal1*counterPetal2 480
(*AGE).size()=480
[0m---- 
[1;33mAGE nodes: 480[0m
Allocate AGEgraph :  480 x 480	230400 bytes

[0 min 0 sec] Nodes are done in 

[0 min 0 sec] Edges are done in 
0th run results (0) [new minumum]:0.180963
0 211 cost: 588
[0;36m		[A1. ABCA1::A2. EP300] ---  [B1. APC::B2. CDC42}[0m
[0;36m		[A1. EP300::A2. TCF7L2] ---  [B1. CDC42::B2. PTEN}[0m
211 428 cost: 540
[0;36m		[A1. EP300::A2. TCF7L2] ---  [B1. CDC42::B2. PTEN}[0m
[0;36m		[A1. TCF7L2::A2. APC] ---  [B1. PTEN::B2. GSK3B}[0m
428 96 cost: 540
[0;36m		[A1. TCF7L2::A2. APC] ---  [B1. PTEN::B2. GSK3B}[0m
[0;36m		[A1. APC::A2. SMAD4] ---  [B1. GSK3B::B2. APC}[0m
96 281 cost: 540
[0;36m		[A1. APC::A2. SMAD4] ---  [B1. GSK3B::B2. APC}[0m
[0;36m		[A1. SMAD4::A2. STAT3] ---  [B1. APC::B2. ERBIN}[0m
281 335 cost: 555
[0;36m		[A1. SMAD4::A2. STAT3] ---  [B1. APC::B2. ERBIN}[0m
[0;36m		[A1. STAT3::A2. ABCA1] ---  [B1. ERBIN::B2. EGFR}[0m

Displayed tree score: 0.180963

2th run results (1) [new minumum]:0.181951
2 217 cost: 588
[0;36m		[A1. ABCA1::A2. EP300] ---  [B1. APC::B2. GSK3B}[0m
[0;36m		[A1. EP300::A2. TCF7L2] ---  [B1. GSK3B::B2. BRCA1}[0m
217 409 cost: 540
[0;36m		[A1. EP300::A2. TCF7L2] ---  [B1. GSK3B::B2. BRCA1}[0m
[0;36m		[A1. TCF7L2::A2. APC] ---  [B1. BRCA1::B2. NF1}[0m
409 102 cost: 540
[0;36m		[A1. TCF7L2::A2. APC] ---  [B1. BRCA1::B2. NF1}[0m
[0;36m		[A1. APC::A2. SMAD4] ---  [B1. NF1::B2. ATM}[0m
102 287 cost: 540
[0;36m		[A1. APC::A2. SMAD4] ---  [B1. NF1::B2. ATM}[0m
[0;36m		[A1. SMAD4::A2. STAT3] ---  [B1. ATM::B2. SMAD4}[0m
287 355 cost: 540
[0;36m		[A1. SMAD4::A2. STAT3] ---  [B1. ATM::B2. SMAD4}[0m
[0;36m		[A1. STAT3::A2. ABCA1] ---  [B1. SMAD4::B2. PTEN}[0m

Displayed tree score: 0.181951

7th run results (2) [new minumum]:0.185185
7 233 cost: 540
[0;36m		[A1. ABCA1::A2. EP300] ---  [B1. ATM::B2. SMAD4}[0m
[0;36m		[A1. EP300::A2. TCF7L2] ---  [B1. SMAD4::B2. APC}[0m
7 342 cost: 540
[0;36m		[A1. ABCA1::A2. EP300] ---  [B1. ATM::B2. SMAD4}[0m
[0;36m		[A1. STAT3::A2. ABCA1] ---  [B1. NF1::B2. ATM}[0m
342 289 cost: 540
[0;36m		[A1. STAT3::A2. ABCA1] ---  [B1. NF1::B2. ATM}[0m
[0;36m		[A1. SMAD4::A2. STAT3] ---  [B1. BRCA1::B2. NF1}[0m
289 97 cost: 540
[0;36m		[A1. SMAD4::A2. STAT3] ---  [B1. BRCA1::B2. NF1}[0m
[0;36m		[A1. APC::A2. SMAD4] ---  [B1. GSK3B::B2. BRCA1}[0m
233 402 cost: 540
[0;36m		[A1. EP300::A2. TCF7L2] ---  [B1. SMAD4::B2. APC}[0m
[0;36m		[A1. TCF7L2::A2. APC] ---  [B1. APC::B2. GSK3B}[0m

Displayed tree score: 0.185185

10th run results (3) [new minumum]:0.202758
10 204 cost: 500
[0;36m		[A1. ABCA1::A2. EP300] ---  [B1. CDC42::B2. APC}[0m
[0;36m		[A1. EP300::A2. TCF7L2] ---  [B1. APC::B2. TCF7L2}[0m
204 437 cost: 465
[0;36m		[A1. EP300::A2. TCF7L2] ---  [B1. APC::B2. TCF7L2}[0m
[0;36m		[A1. TCF7L2::A2. APC] ---  [B1. TCF7L2::B2. PTEN}[0m
437 110 cost: 465
[0;36m		[A1. TCF7L2::A2. APC] ---  [B1. TCF7L2::B2. PTEN}[0m
[0;36m		[A1. APC::A2. SMAD4] ---  [B1. PTEN::B2. SMAD4}[0m
110 314 cost: 465
[0;36m		[A1. APC::A2. SMAD4] ---  [B1. PTEN::B2. SMAD4}[0m
[0;36m		[A1. SMAD4::A2. STAT3] ---  [B1. SMAD4::B2. ATM}[0m
314 326 cost: 571
[0;36m		[A1. SMAD4::A2. STAT3] ---  [B1. SMAD4::B2. ATM}[0m
[0;36m		[A1. STAT3::A2. ABCA1] ---  [B1. ATM::B2. NF1}[0m

Displayed tree score: 0.202758

11th run results (4) [new minumum]:0.327869
11 436 cost: 465
[0;36m		[A1. ABCA1::A2. EP300] ---  [B1. CDC42::B2. PTEN}[0m
[0;36m		[A1. TCF7L2::A2. APC] ---  [B1. TCF7L2::B2. APC}[0m
436 83 cost: 100
[0;36m		[A1. TCF7L2::A2. APC] ---  [B1. TCF7L2::B2. APC}[0m
[0;36m		[A1. APC::A2. SMAD4] ---  [B1. APC::B2. SMAD4}[0m
436 231 cost: 217
[0;36m		[A1. TCF7L2::A2. APC] ---  [B1. TCF7L2::B2. APC}[0m
[0;36m		[A1. EP300::A2. TCF7L2] ---  [B1. PTEN::B2. TCF7L2}[0m
83 314 cost: 217
[0;36m		[A1. APC::A2. SMAD4] ---  [B1. APC::B2. SMAD4}[0m
[0;36m		[A1. SMAD4::A2. STAT3] ---  [B1. SMAD4::B2. ATM}[0m
83 326 cost: 526
[0;36m		[A1. APC::A2. SMAD4] ---  [B1. APC::B2. SMAD4}[0m
[0;36m		[A1. STAT3::A2. ABCA1] ---  [B1. ATM::B2. NF1}[0m

Displayed tree score: 0.327869

51th run results (5) [new minumum]:0.34153
51 273 cost: 465
[0;36m		[A1. ABCA1::A2. STAT3] ---  [B1. CDC42::B2. PTEN}[0m
[0;36m		[A1. SMAD4::A2. APC] ---  [B1. SMAD4::B2. APC}[0m
273 124 cost: 100
[0;36m		[A1. SMAD4::A2. APC] ---  [B1. SMAD4::B2. APC}[0m
[0;36m		[A1. APC::A2. TCF7L2] ---  [B1. APC::B2. TCF7L2}[0m
273 367 cost: 217
[0;36m		[A1. SMAD4::A2. APC] ---  [B1. SMAD4::B2. APC}[0m
[0;36m		[A1. STAT3::A2. SMAD4] ---  [B1. ATM::B2. SMAD4}[0m
124 477 cost: 217
[0;36m		[A1. APC::A2. TCF7L2] ---  [B1. APC::B2. TCF7L2}[0m
[0;36m		[A1. TCF7L2::A2. EP300] ---  [B1. TCF7L2::B2. PTEN}[0m
124 188 cost: 465
[0;36m		[A1. APC::A2. TCF7L2] ---  [B1. APC::B2. TCF7L2}[0m
[0;36m		[A1. EP300::A2. ABCA1] ---  [B1. PTEN::B2. GSK3B}[0m

Displayed tree score: 0.34153

Petal1:6	Petal2:20	treecost: 1464	 tree size:5
$RESULT$	ABCA1	NF1	norm_score:	0.34153
[0m
[0 min 0 sec] All done in 
