COMMAND: /Users/gurkan/Box/Research/INSPIRE/inspire-replication/src/INSPIRE /Users/gurkan/Box/Research/INSPIRE/inspire-replication/database/inspire.sqlite ABCA1 NAV3 inspire_legacy_v1

GO normalization for inspire_legacy_v1: 14.1026
GO normalization in use: 14.1026
Loaded 5995 GO pair scores for inspire_legacy_v1
Create two petals
Begin PETAL setup
new petal ABCA1 (6)
# 6 interactions in ABCA1
Done adding UniProt and Pfam annotations for ABCA1.
new petal NAV3 (4)
# 3 interactions in NAV3
Done adding UniProt and Pfam annotations for NAV3.
Petal Sizes: 6, 4
[1;32mPetal Name: [1;33mABCA1
[1;32mPetal Size: [1;33m6[0;31m
ABCA1
APC
EP300
SMAD4
STAT3
TCF7L2
[0m---- 
[1;36mPetal Interactions[0;32m
1 EP300	pp	ABCA1
2 SMAD4	pp	APC
3 STAT3	pp	ABCA1
4 STAT3	pp	SMAD4
5 TCF7L2	pp	APC
6 TCF7L2	pp	EP300
[0m
[1;32mPetal Name: [1;33mNAV3
[1;32mPetal Size: [1;33m4[0;31m
APC
CDC42
MEF2C
NAV3
[0m---- 
[1;36mPetal Interactions[0;32m
1 CDC42	pp	APC
2 MEF2C	pp	CDC42
3 NAV3	pp	MEF2C
[0m
Done creating Petals.
petals are loaded
[1;32mAGE for [0;36mABCA1 - NAV3[0m
[0;35minitial size for AGE: 0[0m
counterPetal1 12
counterPetal2 6
counterPetal1*counterPetal2 72
(*AGE).size()=72
[0m---- 
[1;33mAGE nodes: 72[0m
Allocate AGEgraph :  72 x 72	5184 bytes

[0 min 0 sec] Nodes are done in 

[0 min 0 sec] Edges are done in 
0th run results (0) [new minumum]:0.177305
0 32 cost: 588
[0;36m		[A1. ABCA1::A2. EP300] ---  [B1. APC::B2. CDC42}[0m
[0;36m		[A1. EP300::A2. TCF7L2] ---  [B1. CDC42::B2. MEF2C}[0m
32 64 cost: 540
[0;36m		[A1. EP300::A2. TCF7L2] ---  [B1. CDC42::B2. MEF2C}[0m
[0;36m		[A1. TCF7L2::A2. APC] ---  [B1. MEF2C::B2. NAV3}[0m

Displayed tree score: 0.177305

1th run results (1) [new minumum]:0.185185
1 51 cost: 540
[0;36m		[A1. ABCA1::A2. EP300] ---  [B1. CDC42::B2. APC}[0m
[0;36m		[A1. STAT3::A2. ABCA1] ---  [B1. MEF2C::B2. CDC42}[0m
51 47 cost: 540
[0;36m		[A1. STAT3::A2. ABCA1] ---  [B1. MEF2C::B2. CDC42}[0m
[0;36m		[A1. SMAD4::A2. STAT3] ---  [B1. NAV3::B2. MEF2C}[0m

Displayed tree score: 0.185185

Petal1:6	Petal2:3	treecost: 1080	 tree size:2
$RESULT$	ABCA1	NAV3	norm_score:	0.185185
[0m
[0 min 0 sec] All done in 
