COMMAND: /Users/gurkan/Box/Research/INSPIRE/inspire-replication/src/INSPIRE /Users/gurkan/Box/Research/INSPIRE/inspire-replication/database/inspire.sqlite ABCA1 ERCC6 inspire_legacy_v1

GO normalization for inspire_legacy_v1: 14.1026
GO normalization in use: 14.1026
Loaded 5995 GO pair scores for inspire_legacy_v1
Create two petals
Begin PETAL setup
new petal ABCA1 (6)
# 6 interactions in ABCA1
Done adding UniProt and Pfam annotations for ABCA1.
new petal ERCC6 (7)
# 8 interactions in ERCC6
Done adding UniProt and Pfam annotations for ERCC6.
Petal Sizes: 6, 7
[1;32mPetal Name: [1;33mABCA1
[1;32mPetal Size: [1;33m6[0;31m
ABCA1
APC
EP300
SMAD4
STAT3
TCF7L2
[0m---- 
[1;36mPetal Interactions[0;32m
1 EP300	pp	ABCA1
2 SMAD4	pp	APC
3 STAT3	pp	ABCA1
4 STAT3	pp	SMAD4
5 TCF7L2	pp	APC
6 TCF7L2	pp	EP300
[0m
[1;32mPetal Name: [1;33mERCC6
[1;32mPetal Size: [1;33m7[0;31m
APC
BRCA1
CDC73
EP300
ERCC6
GSK3B
TCF7L2
[0m---- 
[1;36mPetal Interactions[0;32m
1 ERCC6	pp	BRCA1
2 ERCC6	pp	CDC73
3 ERCC6	pp	EP300
4 GSK3B	pp	APC
5 GSK3B	pp	BRCA1
6 TCF7L2	pp	APC
7 TCF7L2	pp	CDC73
8 TCF7L2	pp	EP300
[0m
Done creating Petals.
petals are loaded
[1;32mAGE for [0;36mABCA1 - ERCC6[0m
[0;35minitial size for AGE: 0[0m
counterPetal1 12
counterPetal2 16
counterPetal1*counterPetal2 192
(*AGE).size()=192
[0m---- 
[1;33mAGE nodes: 192[0m
Allocate AGEgraph :  192 x 192	36864 bytes

[0 min 0 sec] Nodes are done in 

[0 min 0 sec] Edges are done in 
0th run results (0) [new minumum]:0.154847
0 92 cost: 588
[0;36m		[A1. ABCA1::A2. EP300] ---  [B1. APC::B2. GSK3B}[0m
[0;36m		[A1. EP300::A2. TCF7L2] ---  [B1. GSK3B::B2. BRCA1}[0m
0 141 cost: 625
[0;36m		[A1. ABCA1::A2. EP300] ---  [B1. APC::B2. GSK3B}[0m
[0;36m		[A1. STAT3::A2. ABCA1] ---  [B1. TCF7L2::B2. APC}[0m
141 117 cost: 588
[0;36m		[A1. STAT3::A2. ABCA1] ---  [B1. TCF7L2::B2. APC}[0m
[0;36m		[A1. SMAD4::A2. STAT3] ---  [B1. CDC73::B2. TCF7L2}[0m
117 41 cost: 714
[0;36m		[A1. SMAD4::A2. STAT3] ---  [B1. CDC73::B2. TCF7L2}[0m
[0;36m		[A1. APC::A2. SMAD4] ---  [B1. ERCC6::B2. CDC73}[0m
92 162 cost: 714
[0;36m		[A1. EP300::A2. TCF7L2] ---  [B1. GSK3B::B2. BRCA1}[0m
[0;36m		[A1. TCF7L2::A2. APC] ---  [B1. BRCA1::B2. ERCC6}[0m

Displayed tree score: 0.154847

2th run results (1) [new minumum]:0.256616
2 87 cost: 465
[0;36m		[A1. ABCA1::A2. EP300] ---  [B1. BRCA1::B2. ERCC6}[0m
[0;36m		[A1. EP300::A2. TCF7L2] ---  [B1. EP300::B2. TCF7L2}[0m
87 173 cost: 100
[0;36m		[A1. EP300::A2. TCF7L2] ---  [B1. EP300::B2. TCF7L2}[0m
[0;36m		[A1. TCF7L2::A2. APC] ---  [B1. TCF7L2::B2. APC}[0m
173 32 cost: 217
[0;36m		[A1. TCF7L2::A2. APC] ---  [B1. TCF7L2::B2. APC}[0m
[0;36m		[A1. APC::A2. SMAD4] ---  [B1. APC::B2. GSK3B}[0m
173 124 cost: 465
[0;36m		[A1. TCF7L2::A2. APC] ---  [B1. TCF7L2::B2. APC}[0m
[0;36m		[A1. SMAD4::A2. STAT3] ---  [B1. GSK3B::B2. BRCA1}[0m

Displayed tree score: 0.256616

Petal1:6	Petal2:8	treecost: 1247	 tree size:4
$RESULT$	ABCA1	ERCC6	norm_score:	0.256616
[0m
[0 min 0 sec] All done in 
