COMMAND: /Users/gurkan/Box/Research/INSPIRE/inspire-replication/src/INSPIRE /Users/gurkan/Box/Research/INSPIRE/inspire-replication/database/inspire.sqlite BCL9 UHRF2 inspire_legacy_v1

GO normalization for inspire_legacy_v1: 14.1026
GO normalization in use: 14.1026
Loaded 5995 GO pair scores for inspire_legacy_v1
Create two petals
Begin PETAL setup
new petal BCL9 (4)
# 3 interactions in BCL9
Done adding UniProt and Pfam annotations for BCL9.
new petal UHRF2 (5)
# 5 interactions in UHRF2
Done adding UniProt and Pfam annotations for UHRF2.
Petal Sizes: 4, 5
[1;32mPetal Name: [1;33mBCL9
[1;32mPetal Size: [1;33m4[0;31m
APC
BCL9
CDC73
TCF7L2
[0m---- 
[1;36mPetal Interactions[0;32m
1 CDC73	pp	BCL9
2 TCF7L2	pp	APC
3 TCF7L2	pp	CDC73
[0m
[1;32mPetal Name: [1;33mUHRF2
[1;32mPetal Size: [1;33m5[0;31m
APC
CCND1
GSK3B
LRP6
UHRF2
[0m---- 
[1;36mPetal Interactions[0;32m
1 GSK3B	pp	APC
2 GSK3B	pp	CCND1
3 LRP6	pp	APC
4 LRP6	pp	CCND1
5 UHRF2	pp	CCND1
[0m
Done creating Petals.
petals are loaded
[1;32mAGE for [0;36mBCL9 - UHRF2[0m
[0;35minitial size for AGE: 0[0m
counterPetal1 6
counterPetal2 10
counterPetal1*counterPetal2 60
(*AGE).size()=60
[0m---- 
[1;33mAGE nodes: 60[0m
Allocate AGEgraph :  60 x 60	3600 bytes

[0 min 0 sec] Nodes are done in 

[0 min 0 sec] Edges are done in 
0th run results (0) [new minumum]:0.146092
0 56 cost: 500
[0;36m		[A1. APC::A2. TCF7L2] ---  [B1. APC::B2. GSK3B}[0m
[0;36m		[A1. TCF7L2::A2. CDC73] ---  [B1. GSK3B::B2. CCND1}[0m
56 23 cost: 869
[0;36m		[A1. TCF7L2::A2. CDC73] ---  [B1. GSK3B::B2. CCND1}[0m
[0;36m		[A1. CDC73::A2. BCL9] ---  [B1. CCND1::B2. LRP6}[0m

Displayed tree score: 0.146092

Petal1:3	Petal2:5	treecost: 1369	 tree size:2
$RESULT$	BCL9	UHRF2	norm_score:	0.146092
[0m
[0 min 0 sec] All done in 
