COMMAND: /Users/gurkan/Box/Research/INSPIRE/inspire-replication/src/INSPIRE /Users/gurkan/Box/Research/INSPIRE/inspire-replication/database/inspire.sqlite BCL9 RUNX1T1 inspire_legacy_v1

GO normalization for inspire_legacy_v1: 14.1026
GO normalization in use: 14.1026
Loaded 5995 GO pair scores for inspire_legacy_v1
Create two petals
Begin PETAL setup
new petal BCL9 (4)
# 3 interactions in BCL9
Done adding UniProt and Pfam annotations for BCL9.
new petal RUNX1T1 (4)
# 3 interactions in RUNX1T1
Done adding UniProt and Pfam annotations for RUNX1T1.
Petal Sizes: 4, 4
[1;32mPetal Name: [1;33mBCL9
[1;32mPetal Size: [1;33m4[0;31m
APC
BCL9
CDC73
TCF7L2
[0m---- 
[1;36mPetal Interactions[0;32m
1 CDC73	pp	BCL9
2 TCF7L2	pp	APC
3 TCF7L2	pp	CDC73
[0m
[1;32mPetal Name: [1;33mRUNX1T1
[1;32mPetal Size: [1;33m4[0;31m
APC
RUNX1T1
SMAD4
SP1
[0m---- 
[1;36mPetal Interactions[0;32m
1 SMAD4	pp	APC
2 SP1	pp	RUNX1T1
3 SP1	pp	SMAD4
[0m
Done creating Petals.
petals are loaded
[1;32mAGE for [0;36mBCL9 - RUNX1T1[0m
[0;35minitial size for AGE: 0[0m
counterPetal1 6
counterPetal2 6
counterPetal1*counterPetal2 36
(*AGE).size()=36
[0m---- 
[1;33mAGE nodes: 36[0m
Allocate AGEgraph :  36 x 36	1296 bytes

[0 min 0 sec] Nodes are done in 

[0 min 0 sec] Edges are done in 
0th run results (0) [new minumum]:0.0432432
0 33 cost: 625
[0;36m		[A1. APC::A2. TCF7L2] ---  [B1. APC::B2. SMAD4}[0m
[0;36m		[A1. TCF7L2::A2. CDC73] ---  [B1. SMAD4::B2. SP1}[0m
33 16 cost: 4000
[0;36m		[A1. TCF7L2::A2. CDC73] ---  [B1. SMAD4::B2. SP1}[0m
[0;36m		[A1. CDC73::A2. BCL9] ---  [B1. SP1::B2. RUNX1T1}[0m

Displayed tree score: 0.0432432

1th run results (1) [new minumum]:0.064288
1 35 cost: 2000
[0;36m		[A1. APC::A2. TCF7L2] ---  [B1. RUNX1T1::B2. SP1}[0m
[0;36m		[A1. TCF7L2::A2. CDC73] ---  [B1. SP1::B2. SMAD4}[0m
35 14 cost: 1111
[0;36m		[A1. TCF7L2::A2. CDC73] ---  [B1. SP1::B2. SMAD4}[0m
[0;36m		[A1. CDC73::A2. BCL9] ---  [B1. SMAD4::B2. APC}[0m

Displayed tree score: 0.064288

5th run results (2) [new minumum]:0.085034
5 32 cost: 588
[0;36m		[A1. APC::A2. TCF7L2] ---  [B1. SP1::B2. SMAD4}[0m
[0;36m		[A1. TCF7L2::A2. CDC73] ---  [B1. SMAD4::B2. APC}[0m

Displayed tree score: 0.085034

Petal1:3	Petal2:3	treecost: 588	 tree size:1
$RESULT$	BCL9	RUNX1T1	norm_score:	0.085034
[0m
[0 min 0 sec] All done in 
