COMMAND: /Users/gurkan/Box/Research/INSPIRE/inspire-replication/src/INSPIRE /Users/gurkan/Box/Research/INSPIRE/inspire-replication/database/inspire.sqlite ERCC6 MCM3AP inspire_legacy_v1

GO normalization for inspire_legacy_v1: 14.1026
GO normalization in use: 14.1026
Loaded 5995 GO pair scores for inspire_legacy_v1
Create two petals
Begin PETAL setup
new petal ERCC6 (7)
# 8 interactions in ERCC6
Done adding UniProt and Pfam annotations for ERCC6.
new petal MCM3AP (4)
# 3 interactions in MCM3AP
Done adding UniProt and Pfam annotations for MCM3AP.
Petal Sizes: 7, 4
[1;32mPetal Name: [1;33mERCC6
[1;32mPetal Size: [1;33m7[0;31m
APC
BRCA1
CDC73
EP300
ERCC6
GSK3B
TCF7L2
[0m---- 
[1;36mPetal Interactions[0;32m
1 ERCC6	pp	BRCA1
2 ERCC6	pp	CDC73
3 ERCC6	pp	EP300
4 GSK3B	pp	APC
5 GSK3B	pp	BRCA1
6 TCF7L2	pp	APC
7 TCF7L2	pp	CDC73
8 TCF7L2	pp	EP300
[0m
[1;32mPetal Name: [1;33mMCM3AP
[1;32mPetal Size: [1;33m4[0;31m
APC
MCM3AP
RANBP2
TPR
[0m---- 
[1;36mPetal Interactions[0;32m
1 RANBP2	pp	APC
2 TPR	pp	MCM3AP
3 TPR	pp	RANBP2
[0m
Done creating Petals.
petals are loaded
[1;32mAGE for [0;36mERCC6 - MCM3AP[0m
[0;35minitial size for AGE: 0[0m
counterPetal1 16
counterPetal2 6
counterPetal1*counterPetal2 96
(*AGE).size()=96
[0m---- 
[1;33mAGE nodes: 96[0m
Allocate AGEgraph :  96 x 96	9216 bytes

[0 min 0 sec] Nodes are done in 

[0 min 0 sec] Edges are done in 
0th run results (0) [new minumum]:0.0657895
0 75 cost: 540
[0;36m		[A1. APC::A2. GSK3B] ---  [B1. APC::B2. RANBP2}[0m
[0;36m		[A1. GSK3B::A2. BRCA1] ---  [B1. RANBP2::B2. TPR}[0m
75 16 cost: 2500
[0;36m		[A1. GSK3B::A2. BRCA1] ---  [B1. RANBP2::B2. TPR}[0m
[0;36m		[A1. BRCA1::A2. ERCC6] ---  [B1. TPR::B2. MCM3AP}[0m

Displayed tree score: 0.0657895

1th run results (1) [new minumum]:0.0874508
1 77 cost: 1111
[0;36m		[A1. APC::A2. GSK3B] ---  [B1. MCM3AP::B2. TPR}[0m
[0;36m		[A1. GSK3B::A2. BRCA1] ---  [B1. TPR::B2. RANBP2}[0m
77 14 cost: 1176
[0;36m		[A1. GSK3B::A2. BRCA1] ---  [B1. TPR::B2. RANBP2}[0m
[0;36m		[A1. BRCA1::A2. ERCC6] ---  [B1. RANBP2::B2. APC}[0m

Displayed tree score: 0.0874508

2th run results (2) [new minumum]:0.113058
2 83 cost: 1000
[0;36m		[A1. APC::A2. GSK3B] ---  [B1. RANBP2::B2. APC}[0m
[0;36m		[A1. TCF7L2::A2. APC] ---  [B1. TPR::B2. RANBP2}[0m
83 43 cost: 769
[0;36m		[A1. TCF7L2::A2. APC] ---  [B1. TPR::B2. RANBP2}[0m
[0;36m		[A1. EP300::A2. TCF7L2] ---  [B1. MCM3AP::B2. TPR}[0m

Displayed tree score: 0.113058

5th run results (3) [new minumum]:0.147384
5 74 cost: 588
[0;36m		[A1. APC::A2. GSK3B] ---  [B1. TPR::B2. RANBP2}[0m
[0;36m		[A1. GSK3B::A2. BRCA1] ---  [B1. RANBP2::B2. APC}[0m
5 79 cost: 769
[0;36m		[A1. APC::A2. GSK3B] ---  [B1. TPR::B2. RANBP2}[0m
[0;36m		[A1. TCF7L2::A2. APC] ---  [B1. MCM3AP::B2. TPR}[0m

Displayed tree score: 0.147384

Petal1:8	Petal2:3	treecost: 1357	 tree size:2
$RESULT$	ERCC6	MCM3AP	norm_score:	0.147384
[0m
[0 min 0 sec] All done in 
