COMMAND: /Users/gurkan/Box/Research/INSPIRE/inspire-replication/src/INSPIRE /Users/gurkan/Box/Research/INSPIRE/inspire-replication/database/inspire.sqlite ERCC6 TAF2 inspire_legacy_v1

GO normalization for inspire_legacy_v1: 14.1026
GO normalization in use: 14.1026
Loaded 5995 GO pair scores for inspire_legacy_v1
Create two petals
Begin PETAL setup
new petal ERCC6 (7)
# 8 interactions in ERCC6
Done adding UniProt and Pfam annotations for ERCC6.
new petal TAF2 (6)
# 6 interactions in TAF2
Done adding UniProt and Pfam annotations for TAF2.
Petal Sizes: 7, 6
[1;32mPetal Name: [1;33mERCC6
[1;32mPetal Size: [1;33m7[0;31m
APC
BRCA1
CDC73
EP300
ERCC6
GSK3B
TCF7L2
[0m---- 
[1;36mPetal Interactions[0;32m
1 ERCC6	pp	BRCA1
2 ERCC6	pp	CDC73
3 ERCC6	pp	EP300
4 GSK3B	pp	APC
5 GSK3B	pp	BRCA1
6 TCF7L2	pp	APC
7 TCF7L2	pp	CDC73
8 TCF7L2	pp	EP300
[0m
[1;32mPetal Name: [1;33mTAF2
[1;32mPetal Size: [1;33m6[0;31m
APC
GSK3B
MAP3K7
MED1
TAF2
TBL1XR1
[0m---- 
[1;36mPetal Interactions[0;32m
1 GSK3B	pp	APC
2 MAP3K7	pp	GSK3B
3 TAF2	pp	MAP3K7
4 TAF2	pp	MED1
5 TBL1XR1	pp	APC
6 TBL1XR1	pp	MED1
[0m
Done creating Petals.
petals are loaded
[1;32mAGE for [0;36mERCC6 - TAF2[0m
[0;35minitial size for AGE: 0[0m
counterPetal1 16
counterPetal2 12
counterPetal1*counterPetal2 192
(*AGE).size()=192
[0m---- 
[1;33mAGE nodes: 192[0m
Allocate AGEgraph :  192 x 192	36864 bytes

[0 min 0 sec] Nodes are done in 

[0 min 0 sec] Edges are done in 
0th run results (0) [new minumum]:0.158178
0 147 cost: 217
[0;36m		[A1. APC::A2. GSK3B] ---  [B1. APC::B2. GSK3B}[0m
[0;36m		[A1. GSK3B::A2. BRCA1] ---  [B1. GSK3B::B2. MAP3K7}[0m
0 166 cost: 273
[0;36m		[A1. APC::A2. GSK3B] ---  [B1. APC::B2. GSK3B}[0m
[0;36m		[A1. TCF7L2::A2. APC] ---  [B1. TBL1XR1::B2. APC}[0m
0 91 cost: 588
[0;36m		[A1. APC::A2. GSK3B] ---  [B1. APC::B2. GSK3B}[0m
[0;36m		[A1. EP300::A2. TCF7L2] ---  [B1. MED1::B2. TBL1XR1}[0m
0 29 cost: 833
[0;36m		[A1. APC::A2. GSK3B] ---  [B1. APC::B2. GSK3B}[0m
[0;36m		[A1. BRCA1::A2. ERCC6] ---  [B1. MAP3K7::B2. TAF2}[0m
91 129 cost: 1250
[0;36m		[A1. EP300::A2. TCF7L2] ---  [B1. MED1::B2. TBL1XR1}[0m
[0;36m		[A1. ERCC6::A2. EP300] ---  [B1. TAF2::B2. MED1}[0m

Displayed tree score: 0.158178

27th run results (1) [new minumum]:0.160562
27 0 cost: 487
[0;36m		[A1. BRCA1::A2. ERCC6] ---  [B1. GSK3B::B2. MAP3K7}[0m
[0;36m		[A1. APC::A2. GSK3B] ---  [B1. APC::B2. GSK3B}[0m
0 166 cost: 273
[0;36m		[A1. APC::A2. GSK3B] ---  [B1. APC::B2. GSK3B}[0m
[0;36m		[A1. TCF7L2::A2. APC] ---  [B1. TBL1XR1::B2. APC}[0m
0 91 cost: 588
[0;36m		[A1. APC::A2. GSK3B] ---  [B1. APC::B2. GSK3B}[0m
[0;36m		[A1. EP300::A2. TCF7L2] ---  [B1. MED1::B2. TBL1XR1}[0m
27 113 cost: 645
[0;36m		[A1. BRCA1::A2. ERCC6] ---  [B1. GSK3B::B2. MAP3K7}[0m
[0;36m		[A1. ERCC6::A2. CDC73] ---  [B1. MAP3K7::B2. TAF2}[0m

Displayed tree score: 0.160562

Petal1:8	Petal2:6	treecost: 1993	 tree size:4
$RESULT$	ERCC6	TAF2	norm_score:	0.160562
[0m
[0 min 0 sec] All done in 
