COMMAND: /Users/gurkan/Box/Research/INSPIRE/inspire-replication/src/INSPIRE /Users/gurkan/Box/Research/INSPIRE/inspire-replication/database/inspire.sqlite ERCC6 ZNF521 inspire_legacy_v1

GO normalization for inspire_legacy_v1: 14.1026
GO normalization in use: 14.1026
Loaded 5995 GO pair scores for inspire_legacy_v1
Create two petals
Begin PETAL setup
new petal ERCC6 (7)
# 8 interactions in ERCC6
Done adding UniProt and Pfam annotations for ERCC6.
new petal ZNF521 (4)
# 3 interactions in ZNF521
Done adding UniProt and Pfam annotations for ZNF521.
Petal Sizes: 7, 4
[1;32mPetal Name: [1;33mERCC6
[1;32mPetal Size: [1;33m7[0;31m
APC
BRCA1
CDC73
EP300
ERCC6
GSK3B
TCF7L2
[0m---- 
[1;36mPetal Interactions[0;32m
1 ERCC6	pp	BRCA1
2 ERCC6	pp	CDC73
3 ERCC6	pp	EP300
4 GSK3B	pp	APC
5 GSK3B	pp	BRCA1
6 TCF7L2	pp	APC
7 TCF7L2	pp	CDC73
8 TCF7L2	pp	EP300
[0m
[1;32mPetal Name: [1;33mZNF521
[1;32mPetal Size: [1;33m4[0;31m
APC
LRP6
RUNX2
ZNF521
[0m---- 
[1;36mPetal Interactions[0;32m
1 LRP6	pp	APC
2 RUNX2	pp	LRP6
3 ZNF521	pp	RUNX2
[0m
Done creating Petals.
petals are loaded
[1;32mAGE for [0;36mERCC6 - ZNF521[0m
[0;35minitial size for AGE: 0[0m
counterPetal1 16
counterPetal2 6
counterPetal1*counterPetal2 96
(*AGE).size()=96
[0m---- 
[1;33mAGE nodes: 96[0m
Allocate AGEgraph :  96 x 96	9216 bytes

[0 min 0 sec] Nodes are done in 

[0 min 0 sec] Edges are done in 
0th run results (0) [new minumum]:0.0268998
0 74 cost: 769
[0;36m		[A1. APC::A2. GSK3B] ---  [B1. APC::B2. LRP6}[0m
[0;36m		[A1. GSK3B::A2. BRCA1] ---  [B1. LRP6::B2. RUNX2}[0m
0 16 cost: 6666
[0;36m		[A1. APC::A2. GSK3B] ---  [B1. APC::B2. LRP6}[0m
[0;36m		[A1. BRCA1::A2. ERCC6] ---  [B1. RUNX2::B2. ZNF521}[0m

Displayed tree score: 0.0268998

1th run results (1) [new minumum]:0.0346681
1 81 cost: 769
[0;36m		[A1. APC::A2. GSK3B] ---  [B1. LRP6::B2. APC}[0m
[0;36m		[A1. TCF7L2::A2. APC] ---  [B1. RUNX2::B2. LRP6}[0m
81 35 cost: 5000
[0;36m		[A1. TCF7L2::A2. APC] ---  [B1. RUNX2::B2. LRP6}[0m
[0;36m		[A1. CDC73::A2. TCF7L2] ---  [B1. ZNF521::B2. RUNX2}[0m

Displayed tree score: 0.0346681

2th run results (2) [new minumum]:0.0500125
2 78 cost: 666
[0;36m		[A1. APC::A2. GSK3B] ---  [B1. LRP6::B2. RUNX2}[0m
[0;36m		[A1. TCF7L2::A2. APC] ---  [B1. APC::B2. LRP6}[0m
2 76 cost: 3333
[0;36m		[A1. APC::A2. GSK3B] ---  [B1. LRP6::B2. RUNX2}[0m
[0;36m		[A1. GSK3B::A2. BRCA1] ---  [B1. RUNX2::B2. ZNF521}[0m

Displayed tree score: 0.0500125

Petal1:8	Petal2:3	treecost: 3999	 tree size:2
$RESULT$	ERCC6	ZNF521	norm_score:	0.0500125
[0m
[0 min 0 sec] All done in 
