COMMAND: /Users/gurkan/Box/Research/INSPIRE/inspire-replication/src/INSPIRE /Users/gurkan/Box/Research/INSPIRE/inspire-replication/database/inspire.sqlite ERCC6 GLI3 inspire_legacy_v1

GO normalization for inspire_legacy_v1: 14.1026
GO normalization in use: 14.1026
Loaded 5995 GO pair scores for inspire_legacy_v1
Create two petals
Begin PETAL setup
new petal ERCC6 (7)
# 8 interactions in ERCC6
Done adding UniProt and Pfam annotations for ERCC6.
new petal GLI3 (6)
# 7 interactions in GLI3
Done adding UniProt and Pfam annotations for GLI3.
Petal Sizes: 7, 6
[1;32mPetal Name: [1;33mERCC6
[1;32mPetal Size: [1;33m7[0;31m
APC
BRCA1
CDC73
EP300
ERCC6
GSK3B
TCF7L2
[0m---- 
[1;36mPetal Interactions[0;32m
1 ERCC6	pp	BRCA1
2 ERCC6	pp	CDC73
3 ERCC6	pp	EP300
4 GSK3B	pp	APC
5 GSK3B	pp	BRCA1
6 TCF7L2	pp	APC
7 TCF7L2	pp	CDC73
8 TCF7L2	pp	EP300
[0m
[1;32mPetal Name: [1;33mGLI3
[1;32mPetal Size: [1;33m6[0;31m
APC
CREBBP
GLI3
GSK3B
LRP6
RUNX2
[0m---- 
[1;36mPetal Interactions[0;32m
1 GLI3	pp	CREBBP
2 GSK3B	pp	APC
3 GSK3B	pp	CREBBP
4 LRP6	pp	APC
5 RUNX2	pp	GLI3
6 RUNX2	pp	GSK3B
7 RUNX2	pp	LRP6
[0m
Done creating Petals.
petals are loaded
[1;32mAGE for [0;36mERCC6 - GLI3[0m
[0;35minitial size for AGE: 0[0m
counterPetal1 16
counterPetal2 14
counterPetal1*counterPetal2 224
(*AGE).size()=224
[0m---- 
[1;33mAGE nodes: 224[0m
Allocate AGEgraph :  224 x 224	50176 bytes

[0 min 0 sec] Nodes are done in 

[0 min 0 sec] Edges are done in 
0th run results (0) [new minumum]:0.106076
0 175 cost: 217
[0;36m		[A1. APC::A2. GSK3B] ---  [B1. APC::B2. GSK3B}[0m
[0;36m		[A1. GSK3B::A2. BRCA1] ---  [B1. GSK3B::B2. CREBBP}[0m
0 191 cost: 227
[0;36m		[A1. APC::A2. GSK3B] ---  [B1. APC::B2. GSK3B}[0m
[0;36m		[A1. TCF7L2::A2. APC] ---  [B1. LRP6::B2. APC}[0m
0 111 cost: 555
[0;36m		[A1. APC::A2. GSK3B] ---  [B1. APC::B2. GSK3B}[0m
[0;36m		[A1. EP300::A2. TCF7L2] ---  [B1. RUNX2::B2. LRP6}[0m
0 30 cost: 1111
[0;36m		[A1. APC::A2. GSK3B] ---  [B1. APC::B2. GSK3B}[0m
[0;36m		[A1. BRCA1::A2. ERCC6] ---  [B1. CREBBP::B2. GLI3}[0m
111 145 cost: 1818
[0;36m		[A1. EP300::A2. TCF7L2] ---  [B1. RUNX2::B2. LRP6}[0m
[0;36m		[A1. ERCC6::A2. EP300] ---  [B1. GLI3::B2. RUNX2}[0m

Displayed tree score: 0.106076

9th run results (1) [new minumum]:0.123347
9 168 cost: 555
[0;36m		[A1. APC::A2. GSK3B] ---  [B1. LRP6::B2. APC}[0m
[0;36m		[A1. GSK3B::A2. BRCA1] ---  [B1. APC::B2. GSK3B}[0m
168 35 cost: 588
[0;36m		[A1. GSK3B::A2. BRCA1] ---  [B1. APC::B2. GSK3B}[0m
[0;36m		[A1. BRCA1::A2. ERCC6] ---  [B1. GSK3B::B2. CREBBP}[0m
35 128 cost: 666
[0;36m		[A1. BRCA1::A2. ERCC6] ---  [B1. GSK3B::B2. CREBBP}[0m
[0;36m		[A1. ERCC6::A2. CDC73] ---  [B1. CREBBP::B2. GLI3}[0m
9 195 cost: 769
[0;36m		[A1. APC::A2. GSK3B] ---  [B1. LRP6::B2. APC}[0m
[0;36m		[A1. TCF7L2::A2. APC] ---  [B1. RUNX2::B2. LRP6}[0m
128 75 cost: 800
[0;36m		[A1. ERCC6::A2. CDC73] ---  [B1. CREBBP::B2. GLI3}[0m
[0;36m		[A1. CDC73::A2. TCF7L2] ---  [B1. GLI3::B2. RUNX2}[0m

Displayed tree score: 0.123347

11th run results (2) [new minumum]:0.15532
11 172 cost: 800
[0;36m		[A1. APC::A2. GSK3B] ---  [B1. RUNX2::B2. GLI3}[0m
[0;36m		[A1. GSK3B::A2. BRCA1] ---  [B1. GLI3::B2. CREBBP}[0m
172 31 cost: 555
[0;36m		[A1. GSK3B::A2. BRCA1] ---  [B1. GLI3::B2. CREBBP}[0m
[0;36m		[A1. BRCA1::A2. ERCC6] ---  [B1. CREBBP::B2. GSK3B}[0m
31 132 cost: 588
[0;36m		[A1. BRCA1::A2. ERCC6] ---  [B1. CREBBP::B2. GSK3B}[0m
[0;36m		[A1. ERCC6::A2. CDC73] ---  [B1. GSK3B::B2. APC}[0m
132 71 cost: 588
[0;36m		[A1. ERCC6::A2. CDC73] ---  [B1. GSK3B::B2. APC}[0m
[0;36m		[A1. CDC73::A2. TCF7L2] ---  [B1. APC::B2. LRP6}[0m
132 96 cost: 666
[0;36m		[A1. ERCC6::A2. CDC73] ---  [B1. GSK3B::B2. APC}[0m
[0;36m		[A1. EP300::A2. ERCC6] ---  [B1. RUNX2::B2. GSK3B}[0m
71 220 cost: 666
[0;36m		[A1. CDC73::A2. TCF7L2] ---  [B1. APC::B2. LRP6}[0m
[0;36m		[A1. TCF7L2::A2. EP300] ---  [B1. LRP6::B2. RUNX2}[0m

Displayed tree score: 0.15532

Petal1:8	Petal2:7	treecost: 3863	 tree size:6
$RESULT$	ERCC6	GLI3	norm_score:	0.15532
[0m
[0 min 0 sec] All done in 
