COMMAND: /Users/gurkan/Box/Research/INSPIRE/inspire-replication/src/INSPIRE /Users/gurkan/Box/Research/INSPIRE/inspire-replication/database/inspire.sqlite ERCC6 SMAD3 inspire_legacy_v1

GO normalization for inspire_legacy_v1: 14.1026
GO normalization in use: 14.1026
Loaded 5995 GO pair scores for inspire_legacy_v1
Create two petals
Begin PETAL setup
new petal ERCC6 (7)
# 8 interactions in ERCC6
Done adding UniProt and Pfam annotations for ERCC6.
new petal SMAD3 (18)
# 29 interactions in SMAD3
Done adding UniProt and Pfam annotations for SMAD3.
Petal Sizes: 7, 18
[1;32mPetal Name: [1;33mERCC6
[1;32mPetal Size: [1;33m7[0;31m
APC
BRCA1
CDC73
EP300
ERCC6
GSK3B
TCF7L2
[0m---- 
[1;36mPetal Interactions[0;32m
1 ERCC6	pp	BRCA1
2 ERCC6	pp	CDC73
3 ERCC6	pp	EP300
4 GSK3B	pp	APC
5 GSK3B	pp	BRCA1
6 TCF7L2	pp	APC
7 TCF7L2	pp	CDC73
8 TCF7L2	pp	EP300
[0m
[1;32mPetal Name: [1;33mSMAD3
[1;32mPetal Size: [1;33m18[0;31m
APC
BTRC
CDC42
CREBBP
EP300
ETS1
FOXO3
GSK3B
ITGB1
MAP2K1
NCOR1
NFATC2
RNF111
SMAD3
SMAD4
SP1
TBL1XR1
TCF7L2
[0m---- 
[1;36mPetal Interactions[0;32m
1 BTRC	pp	APC
2 CDC42	pp	APC
3 EP300	pp	BTRC
4 GSK3B	pp	APC
5 GSK3B	pp	CREBBP
6 GSK3B	pp	FOXO3
7 ITGB1	pp	CDC42
8 MAP2K1	pp	CDC42
9 NFATC2	pp	GSK3B
10 SMAD3	pp	CREBBP
11 SMAD3	pp	EP300
12 SMAD3	pp	ETS1
13 SMAD3	pp	FOXO3
14 SMAD3	pp	ITGB1
15 SMAD3	pp	MAP2K1
16 SMAD3	pp	NCOR1
17 SMAD3	pp	NFATC2
18 SMAD3	pp	RNF111
19 SMAD4	pp	APC
20 SMAD4	pp	ETS1
21 SMAD4	pp	MAP2K1
22 SMAD4	pp	NCOR1
23 SMAD4	pp	RNF111
24 SP1	pp	SMAD3
25 SP1	pp	SMAD4
26 TBL1XR1	pp	APC
27 TBL1XR1	pp	NCOR1
28 TCF7L2	pp	APC
29 TCF7L2	pp	EP300
[0m
Done creating Petals.
petals are loaded
[1;32mAGE for [0;36mERCC6 - SMAD3[0m
[0;35minitial size for AGE: 0[0m
counterPetal1 16
counterPetal2 58
counterPetal1*counterPetal2 928
(*AGE).size()=928
[0m---- 
[1;33mAGE nodes: 928[0m
Allocate AGEgraph :  928 x 928	861184 bytes

[0 min 0 sec] Nodes are done in 

[0 min 0 sec] Edges are done in 
0th run results (0) [new minumum]:0.237765
0 810 cost: 217
[0;36m		[A1. APC::A2. GSK3B] ---  [B1. APC::B2. BTRC}[0m
[0;36m		[A1. TCF7L2::A2. APC] ---  [B1. TCF7L2::B2. APC}[0m
810 421 cost: 100
[0;36m		[A1. TCF7L2::A2. APC] ---  [B1. TCF7L2::B2. APC}[0m
[0;36m		[A1. EP300::A2. TCF7L2] ---  [B1. EP300::B2. TCF7L2}[0m
421 617 cost: 270
[0;36m		[A1. EP300::A2. TCF7L2] ---  [B1. EP300::B2. TCF7L2}[0m
[0;36m		[A1. ERCC6::A2. EP300] ---  [B1. SMAD3::B2. EP300}[0m
810 717 cost: 434
[0;36m		[A1. TCF7L2::A2. APC] ---  [B1. TCF7L2::B2. APC}[0m
[0;36m		[A1. GSK3B::A2. BRCA1] ---  [B1. GSK3B::B2. CREBBP}[0m
421 128 cost: 571
[0;36m		[A1. EP300::A2. TCF7L2] ---  [B1. EP300::B2. TCF7L2}[0m
[0;36m		[A1. BRCA1::A2. ERCC6] ---  [B1. CREBBP::B2. SMAD3}[0m
421 259 cost: 571
[0;36m		[A1. EP300::A2. TCF7L2] ---  [B1. EP300::B2. TCF7L2}[0m
[0;36m		[A1. CDC73::A2. ERCC6] ---  [B1. MAP2K1::B2. SMAD3}[0m

Displayed tree score: 0.237765

2th run results (1) [new minumum]:0.281184
2 810 cost: 100
[0;36m		[A1. APC::A2. GSK3B] ---  [B1. APC::B2. GSK3B}[0m
[0;36m		[A1. TCF7L2::A2. APC] ---  [B1. TCF7L2::B2. APC}[0m
810 421 cost: 100
[0;36m		[A1. TCF7L2::A2. APC] ---  [B1. TCF7L2::B2. APC}[0m
[0;36m		[A1. EP300::A2. TCF7L2] ---  [B1. EP300::B2. TCF7L2}[0m
2 717 cost: 217
[0;36m		[A1. APC::A2. GSK3B] ---  [B1. APC::B2. GSK3B}[0m
[0;36m		[A1. GSK3B::A2. BRCA1] ---  [B1. GSK3B::B2. CREBBP}[0m
421 617 cost: 270
[0;36m		[A1. EP300::A2. TCF7L2] ---  [B1. EP300::B2. TCF7L2}[0m
[0;36m		[A1. ERCC6::A2. EP300] ---  [B1. SMAD3::B2. EP300}[0m
2 128 cost: 571
[0;36m		[A1. APC::A2. GSK3B] ---  [B1. APC::B2. GSK3B}[0m
[0;36m		[A1. BRCA1::A2. ERCC6] ---  [B1. CREBBP::B2. SMAD3}[0m
421 259 cost: 571
[0;36m		[A1. EP300::A2. TCF7L2] ---  [B1. EP300::B2. TCF7L2}[0m
[0;36m		[A1. CDC73::A2. ERCC6] ---  [B1. MAP2K1::B2. SMAD3}[0m

Displayed tree score: 0.281184

123th run results (2) [new minumum]:0.298483
123 421 cost: 465
[0;36m		[A1. BRCA1::A2. ERCC6] ---  [B1. BTRC::B2. EP300}[0m
[0;36m		[A1. EP300::A2. TCF7L2] ---  [B1. EP300::B2. TCF7L2}[0m
421 810 cost: 100
[0;36m		[A1. EP300::A2. TCF7L2] ---  [B1. EP300::B2. TCF7L2}[0m
[0;36m		[A1. TCF7L2::A2. APC] ---  [B1. TCF7L2::B2. APC}[0m
810 2 cost: 100
[0;36m		[A1. TCF7L2::A2. APC] ---  [B1. TCF7L2::B2. APC}[0m
[0;36m		[A1. APC::A2. GSK3B] ---  [B1. APC::B2. GSK3B}[0m
2 717 cost: 217
[0;36m		[A1. APC::A2. GSK3B] ---  [B1. APC::B2. GSK3B}[0m
[0;36m		[A1. GSK3B::A2. BRCA1] ---  [B1. GSK3B::B2. CREBBP}[0m
421 617 cost: 270
[0;36m		[A1. EP300::A2. TCF7L2] ---  [B1. EP300::B2. TCF7L2}[0m
[0;36m		[A1. ERCC6::A2. EP300] ---  [B1. SMAD3::B2. EP300}[0m
421 259 cost: 571
[0;36m		[A1. EP300::A2. TCF7L2] ---  [B1. EP300::B2. TCF7L2}[0m
[0;36m		[A1. CDC73::A2. ERCC6] ---  [B1. MAP2K1::B2. SMAD3}[0m

Displayed tree score: 0.298483

296th run results (3) [new minumum]:0.299018
296 2 cost: 512
[0;36m		[A1. CDC73::A2. TCF7L2] ---  [B1. BTRC::B2. APC}[0m
[0;36m		[A1. APC::A2. GSK3B] ---  [B1. APC::B2. GSK3B}[0m
2 810 cost: 100
[0;36m		[A1. APC::A2. GSK3B] ---  [B1. APC::B2. GSK3B}[0m
[0;36m		[A1. TCF7L2::A2. APC] ---  [B1. TCF7L2::B2. APC}[0m
810 421 cost: 100
[0;36m		[A1. TCF7L2::A2. APC] ---  [B1. TCF7L2::B2. APC}[0m
[0;36m		[A1. EP300::A2. TCF7L2] ---  [B1. EP300::B2. TCF7L2}[0m
2 717 cost: 217
[0;36m		[A1. APC::A2. GSK3B] ---  [B1. APC::B2. GSK3B}[0m
[0;36m		[A1. GSK3B::A2. BRCA1] ---  [B1. GSK3B::B2. CREBBP}[0m
421 617 cost: 270
[0;36m		[A1. EP300::A2. TCF7L2] ---  [B1. EP300::B2. TCF7L2}[0m
[0;36m		[A1. ERCC6::A2. EP300] ---  [B1. SMAD3::B2. EP300}[0m
2 128 cost: 571
[0;36m		[A1. APC::A2. GSK3B] ---  [B1. APC::B2. GSK3B}[0m
[0;36m		[A1. BRCA1::A2. ERCC6] ---  [B1. CREBBP::B2. SMAD3}[0m
421 259 cost: 571
[0;36m		[A1. EP300::A2. TCF7L2] ---  [B1. EP300::B2. TCF7L2}[0m
[0;36m		[A1. CDC73::A2. ERCC6] ---  [B1. MAP2K1::B2. SMAD3}[0m

Displayed tree score: 0.299018

298th run results (4) [new minumum]:0.302245
298 2 cost: 487
[0;36m		[A1. CDC73::A2. TCF7L2] ---  [B1. CDC42::B2. APC}[0m
[0;36m		[A1. APC::A2. GSK3B] ---  [B1. APC::B2. GSK3B}[0m
2 810 cost: 100
[0;36m		[A1. APC::A2. GSK3B] ---  [B1. APC::B2. GSK3B}[0m
[0;36m		[A1. TCF7L2::A2. APC] ---  [B1. TCF7L2::B2. APC}[0m
810 421 cost: 100
[0;36m		[A1. TCF7L2::A2. APC] ---  [B1. TCF7L2::B2. APC}[0m
[0;36m		[A1. EP300::A2. TCF7L2] ---  [B1. EP300::B2. TCF7L2}[0m
2 717 cost: 217
[0;36m		[A1. APC::A2. GSK3B] ---  [B1. APC::B2. GSK3B}[0m
[0;36m		[A1. GSK3B::A2. BRCA1] ---  [B1. GSK3B::B2. CREBBP}[0m
421 617 cost: 270
[0;36m		[A1. EP300::A2. TCF7L2] ---  [B1. EP300::B2. TCF7L2}[0m
[0;36m		[A1. ERCC6::A2. EP300] ---  [B1. SMAD3::B2. EP300}[0m
2 128 cost: 571
[0;36m		[A1. APC::A2. GSK3B] ---  [B1. APC::B2. GSK3B}[0m
[0;36m		[A1. BRCA1::A2. ERCC6] ---  [B1. CREBBP::B2. SMAD3}[0m
421 259 cost: 571
[0;36m		[A1. EP300::A2. TCF7L2] ---  [B1. EP300::B2. TCF7L2}[0m
[0;36m		[A1. CDC73::A2. ERCC6] ---  [B1. MAP2K1::B2. SMAD3}[0m

Displayed tree score: 0.302245

318th run results (5) [new minumum]:0.305144
318 2 cost: 465
[0;36m		[A1. CDC73::A2. TCF7L2] ---  [B1. MAP2K1::B2. SMAD4}[0m
[0;36m		[A1. APC::A2. GSK3B] ---  [B1. APC::B2. GSK3B}[0m
2 810 cost: 100
[0;36m		[A1. APC::A2. GSK3B] ---  [B1. APC::B2. GSK3B}[0m
[0;36m		[A1. TCF7L2::A2. APC] ---  [B1. TCF7L2::B2. APC}[0m
810 421 cost: 100
[0;36m		[A1. TCF7L2::A2. APC] ---  [B1. TCF7L2::B2. APC}[0m
[0;36m		[A1. EP300::A2. TCF7L2] ---  [B1. EP300::B2. TCF7L2}[0m
2 717 cost: 217
[0;36m		[A1. APC::A2. GSK3B] ---  [B1. APC::B2. GSK3B}[0m
[0;36m		[A1. GSK3B::A2. BRCA1] ---  [B1. GSK3B::B2. CREBBP}[0m
421 617 cost: 270
[0;36m		[A1. EP300::A2. TCF7L2] ---  [B1. EP300::B2. TCF7L2}[0m
[0;36m		[A1. ERCC6::A2. EP300] ---  [B1. SMAD3::B2. EP300}[0m
2 128 cost: 571
[0;36m		[A1. APC::A2. GSK3B] ---  [B1. APC::B2. GSK3B}[0m
[0;36m		[A1. BRCA1::A2. ERCC6] ---  [B1. CREBBP::B2. SMAD3}[0m
421 259 cost: 571
[0;36m		[A1. EP300::A2. TCF7L2] ---  [B1. EP300::B2. TCF7L2}[0m
[0;36m		[A1. CDC73::A2. ERCC6] ---  [B1. MAP2K1::B2. SMAD3}[0m

Displayed tree score: 0.305144

Petal1:8	Petal2:29	treecost: 2294	 tree size:7
$RESULT$	ERCC6	SMAD3	norm_score:	0.305144
[0m
[0 min 0 sec] All done in 
