COMMAND: /Users/gurkan/Box/Research/INSPIRE/inspire-replication/src/INSPIRE /Users/gurkan/Box/Research/INSPIRE/inspire-replication/database/inspire.sqlite ERCC6 TIAM1 inspire_legacy_v1

GO normalization for inspire_legacy_v1: 14.1026
GO normalization in use: 14.1026
Loaded 5995 GO pair scores for inspire_legacy_v1
Create two petals
Begin PETAL setup
new petal ERCC6 (7)
# 8 interactions in ERCC6
Done adding UniProt and Pfam annotations for ERCC6.
new petal TIAM1 (6)
# 7 interactions in TIAM1
Done adding UniProt and Pfam annotations for TIAM1.
Petal Sizes: 7, 6
[1;32mPetal Name: [1;33mERCC6
[1;32mPetal Size: [1;33m7[0;31m
APC
BRCA1
CDC73
EP300
ERCC6
GSK3B
TCF7L2
[0m---- 
[1;36mPetal Interactions[0;32m
1 ERCC6	pp	BRCA1
2 ERCC6	pp	CDC73
3 ERCC6	pp	EP300
4 GSK3B	pp	APC
5 GSK3B	pp	BRCA1
6 TCF7L2	pp	APC
7 TCF7L2	pp	CDC73
8 TCF7L2	pp	EP300
[0m
[1;32mPetal Name: [1;33mTIAM1
[1;32mPetal Size: [1;33m6[0;31m
APC
GSK3B
PTEN
SMAD4
TCF7L2
TIAM1
[0m---- 
[1;36mPetal Interactions[0;32m
1 GSK3B	pp	APC
2 PTEN	pp	GSK3B
3 SMAD4	pp	APC
4 SMAD4	pp	PTEN
5 TCF7L2	pp	APC
6 TCF7L2	pp	PTEN
7 TIAM1	pp	PTEN
[0m
Done creating Petals.
petals are loaded
[1;32mAGE for [0;36mERCC6 - TIAM1[0m
[0;35minitial size for AGE: 0[0m
counterPetal1 16
counterPetal2 14
counterPetal1*counterPetal2 224
(*AGE).size()=224
[0m---- 
[1;33mAGE nodes: 224[0m
Allocate AGEgraph :  224 x 224	50176 bytes

[0 min 0 sec] Nodes are done in 

[0 min 0 sec] Edges are done in 
0th run results (0) [new minumum]:0.186567
0 193 cost: 100
[0;36m		[A1. APC::A2. GSK3B] ---  [B1. APC::B2. GSK3B}[0m
[0;36m		[A1. TCF7L2::A2. APC] ---  [B1. TCF7L2::B2. APC}[0m
193 77 cost: 217
[0;36m		[A1. TCF7L2::A2. APC] ---  [B1. TCF7L2::B2. APC}[0m
[0;36m		[A1. CDC73::A2. TCF7L2] ---  [B1. PTEN::B2. TCF7L2}[0m
193 130 cost: 487
[0;36m		[A1. TCF7L2::A2. APC] ---  [B1. TCF7L2::B2. APC}[0m
[0;36m		[A1. ERCC6::A2. CDC73] ---  [B1. GSK3B::B2. PTEN}[0m

Displayed tree score: 0.186567

45th run results (1) [new minumum]:0.1924
45 16 cost: 465
[0;36m		[A1. BRCA1::A2. GSK3B] ---  [B1. GSK3B::B2. APC}[0m
[0;36m		[A1. APC::A2. TCF7L2] ---  [B1. APC::B2. TCF7L2}[0m
16 163 cost: 217
[0;36m		[A1. APC::A2. TCF7L2] ---  [B1. APC::B2. TCF7L2}[0m
[0;36m		[A1. GSK3B::A2. APC] ---  [B1. SMAD4::B2. APC}[0m
16 208 cost: 217
[0;36m		[A1. APC::A2. TCF7L2] ---  [B1. APC::B2. TCF7L2}[0m
[0;36m		[A1. TCF7L2::A2. CDC73] ---  [B1. TCF7L2::B2. PTEN}[0m
16 61 cost: 487
[0;36m		[A1. APC::A2. TCF7L2] ---  [B1. APC::B2. TCF7L2}[0m
[0;36m		[A1. CDC73::A2. ERCC6] ---  [B1. PTEN::B2. GSK3B}[0m

Displayed tree score: 0.1924

47th run results (2) [new minumum]:0.209314
47 157 cost: 217
[0;36m		[A1. BRCA1::A2. GSK3B] ---  [B1. PTEN::B2. GSK3B}[0m
[0;36m		[A1. GSK3B::A2. APC] ---  [B1. GSK3B::B2. APC}[0m
157 16 cost: 100
[0;36m		[A1. GSK3B::A2. APC] ---  [B1. GSK3B::B2. APC}[0m
[0;36m		[A1. APC::A2. TCF7L2] ---  [B1. APC::B2. TCF7L2}[0m
16 208 cost: 217
[0;36m		[A1. APC::A2. TCF7L2] ---  [B1. APC::B2. TCF7L2}[0m
[0;36m		[A1. TCF7L2::A2. CDC73] ---  [B1. TCF7L2::B2. PTEN}[0m
16 62 cost: 740
[0;36m		[A1. APC::A2. TCF7L2] ---  [B1. APC::B2. TCF7L2}[0m
[0;36m		[A1. CDC73::A2. ERCC6] ---  [B1. PTEN::B2. SMAD4}[0m

Displayed tree score: 0.209314

Petal1:8	Petal2:7	treecost: 1274	 tree size:4
$RESULT$	ERCC6	TIAM1	norm_score:	0.209314
[0m
[0 min 0 sec] All done in 
