COMMAND: /Users/gurkan/Box/Research/INSPIRE/inspire-replication/src/INSPIRE /Users/gurkan/Box/Research/INSPIRE/inspire-replication/database/inspire.sqlite ERCC6 IGFBP3 inspire_legacy_v1

GO normalization for inspire_legacy_v1: 14.1026
GO normalization in use: 14.1026
Loaded 5995 GO pair scores for inspire_legacy_v1
Create two petals
Begin PETAL setup
new petal ERCC6 (7)
# 8 interactions in ERCC6
Done adding UniProt and Pfam annotations for ERCC6.
new petal IGFBP3 (4)
# 3 interactions in IGFBP3
Done adding UniProt and Pfam annotations for IGFBP3.
Petal Sizes: 7, 4
[1;32mPetal Name: [1;33mERCC6
[1;32mPetal Size: [1;33m7[0;31m
APC
BRCA1
CDC73
EP300
ERCC6
GSK3B
TCF7L2
[0m---- 
[1;36mPetal Interactions[0;32m
1 ERCC6	pp	BRCA1
2 ERCC6	pp	CDC73
3 ERCC6	pp	EP300
4 GSK3B	pp	APC
5 GSK3B	pp	BRCA1
6 TCF7L2	pp	APC
7 TCF7L2	pp	CDC73
8 TCF7L2	pp	EP300
[0m
[1;32mPetal Name: [1;33mIGFBP3
[1;32mPetal Size: [1;33m4[0;31m
APC
GSK3B
IGFBP3
WNT5A
[0m---- 
[1;36mPetal Interactions[0;32m
1 GSK3B	pp	APC
2 WNT5A	pp	GSK3B
3 WNT5A	pp	IGFBP3
[0m
Done creating Petals.
petals are loaded
[1;32mAGE for [0;36mERCC6 - IGFBP3[0m
[0;35minitial size for AGE: 0[0m
counterPetal1 16
counterPetal2 6
counterPetal1*counterPetal2 96
(*AGE).size()=96
[0m---- 
[1;33mAGE nodes: 96[0m
Allocate AGEgraph :  96 x 96	9216 bytes

[0 min 0 sec] Nodes are done in 

[0 min 0 sec] Edges are done in 
0th run results (0) [new minumum]:0.17762
0 74 cost: 217
[0;36m		[A1. APC::A2. GSK3B] ---  [B1. APC::B2. GSK3B}[0m
[0;36m		[A1. GSK3B::A2. BRCA1] ---  [B1. GSK3B::B2. WNT5A}[0m
0 17 cost: 909
[0;36m		[A1. APC::A2. GSK3B] ---  [B1. APC::B2. GSK3B}[0m
[0;36m		[A1. BRCA1::A2. ERCC6] ---  [B1. WNT5A::B2. IGFBP3}[0m

Displayed tree score: 0.17762

4th run results (1) [new minumum]:0.196078
4 73 cost: 465
[0;36m		[A1. APC::A2. GSK3B] ---  [B1. WNT5A::B2. GSK3B}[0m
[0;36m		[A1. GSK3B::A2. BRCA1] ---  [B1. GSK3B::B2. APC}[0m
4 81 cost: 555
[0;36m		[A1. APC::A2. GSK3B] ---  [B1. WNT5A::B2. GSK3B}[0m
[0;36m		[A1. TCF7L2::A2. APC] ---  [B1. IGFBP3::B2. WNT5A}[0m

Displayed tree score: 0.196078

Petal1:8	Petal2:3	treecost: 1020	 tree size:2
$RESULT$	ERCC6	IGFBP3	norm_score:	0.196078
[0m
[0 min 0 sec] All done in 
