COMMAND: /Users/gurkan/Box/Research/INSPIRE/inspire-replication/src/INSPIRE /Users/gurkan/Box/Research/INSPIRE/inspire-replication/database/inspire.sqlite ERCC6 PIK3CA inspire_legacy_v1

GO normalization for inspire_legacy_v1: 14.1026
GO normalization in use: 14.1026
Loaded 5995 GO pair scores for inspire_legacy_v1
Create two petals
Begin PETAL setup
new petal ERCC6 (7)
# 8 interactions in ERCC6
Done adding UniProt and Pfam annotations for ERCC6.
new petal PIK3CA (25)
# 46 interactions in PIK3CA
Done adding UniProt and Pfam annotations for PIK3CA.
Petal Sizes: 7, 25
[1;32mPetal Name: [1;33mERCC6
[1;32mPetal Size: [1;33m7[0;31m
APC
BRCA1
CDC73
EP300
ERCC6
GSK3B
TCF7L2
[0m---- 
[1;36mPetal Interactions[0;32m
1 ERCC6	pp	BRCA1
2 ERCC6	pp	CDC73
3 ERCC6	pp	EP300
4 GSK3B	pp	APC
5 GSK3B	pp	BRCA1
6 TCF7L2	pp	APC
7 TCF7L2	pp	CDC73
8 TCF7L2	pp	EP300
[0m
[1;32mPetal Name: [1;33mPIK3CA
[1;32mPetal Size: [1;33m25[0;31m
APC
BCL2
BRAF
BRCA1
CDC42
CREBBP
EGFR
ERBIN
ETV6
FBXW7
FGF2
FOXO1
FOXO3
GSK3B
KRAS
LRP6
MAPK1
PIK3CA
PRKCA
PTEN
PTK2
SMAD4
STAT3
TCF7L2
TRAF6
[0m---- 
[1;36mPetal Interactions[0;32m
1 ERBIN	pp	APC
2 ERBIN	pp	EGFR
3 GSK3B	pp	APC
4 GSK3B	pp	BRAF
5 GSK3B	pp	BRCA1
6 GSK3B	pp	CREBBP
7 GSK3B	pp	FBXW7
8 GSK3B	pp	FOXO1
9 GSK3B	pp	FOXO3
10 KRAS	pp	APC
11 KRAS	pp	BCL2
12 KRAS	pp	EGFR
13 KRAS	pp	FGF2
14 LRP6	pp	APC
15 LRP6	pp	ETV6
16 LRP6	pp	GSK3B
17 MAPK1	pp	GSK3B
18 PIK3CA	pp	BCL2
19 PIK3CA	pp	BRAF
20 PIK3CA	pp	BRCA1
21 PIK3CA	pp	CDC42
22 PIK3CA	pp	CREBBP
23 PIK3CA	pp	EGFR
24 PIK3CA	pp	ETV6
25 PIK3CA	pp	FBXW7
26 PIK3CA	pp	FGF2
27 PIK3CA	pp	FOXO1
28 PIK3CA	pp	FOXO3
29 PIK3CA	pp	GSK3B
30 PIK3CA	pp	MAPK1
31 PRKCA	pp	GSK3B
32 PRKCA	pp	PIK3CA
33 PTEN	pp	GSK3B
34 PTEN	pp	PIK3CA
35 PTK2	pp	GSK3B
36 PTK2	pp	PIK3CA
37 SMAD4	pp	APC
38 SMAD4	pp	BCL2
39 SMAD4	pp	CDC42
40 SMAD4	pp	PTEN
41 STAT3	pp	PIK3CA
42 STAT3	pp	SMAD4
43 TCF7L2	pp	APC
44 TCF7L2	pp	PTEN
45 TRAF6	pp	GSK3B
46 TRAF6	pp	PIK3CA
[0m
Done creating Petals.
petals are loaded
[1;32mAGE for [0;36mERCC6 - PIK3CA[0m
[0;35minitial size for AGE: 0[0m
counterPetal1 16
counterPetal2 92
counterPetal1*counterPetal2 1472
(*AGE).size()=1472
[0m---- 
[1;33mAGE nodes: 1472[0m
Allocate AGEgraph :  1472 x 1472	2166784 bytes

[0 min 0 sec] Nodes are done in 

[0 min 0 sec] Edges are done in 
0th run results (0) [new minumum]:0.240658
0 1284 cost: 227
[0;36m		[A1. APC::A2. GSK3B] ---  [B1. APC::B2. ERBIN}[0m
[0;36m		[A1. TCF7L2::A2. APC] ---  [B1. TCF7L2::B2. APC}[0m
1284 1138 cost: 200
[0;36m		[A1. TCF7L2::A2. APC] ---  [B1. TCF7L2::B2. APC}[0m
[0;36m		[A1. GSK3B::A2. BRCA1] ---  [B1. GSK3B::B2. BRCA1}[0m
1284 538 cost: 217
[0;36m		[A1. TCF7L2::A2. APC] ---  [B1. TCF7L2::B2. APC}[0m
[0;36m		[A1. CDC73::A2. TCF7L2] ---  [B1. PTEN::B2. TCF7L2}[0m
1138 196 cost: 281
[0;36m		[A1. GSK3B::A2. BRCA1] ---  [B1. GSK3B::B2. BRCA1}[0m
[0;36m		[A1. BRCA1::A2. ERCC6] ---  [B1. BRCA1::B2. PIK3CA}[0m
1284 897 cost: 606
[0;36m		[A1. TCF7L2::A2. APC] ---  [B1. TCF7L2::B2. APC}[0m
[0;36m		[A1. ERCC6::A2. CDC73] ---  [B1. PIK3CA::B2. PTEN}[0m
1138 975 cost: 606
[0;36m		[A1. GSK3B::A2. BRCA1] ---  [B1. GSK3B::B2. BRCA1}[0m
[0;36m		[A1. ERCC6::A2. EP300] ---  [B1. PIK3CA::B2. BCL2}[0m

Displayed tree score: 0.240658

1th run results (1) [new minumum]:0.26926
1 1138 cost: 100
[0;36m		[A1. APC::A2. GSK3B] ---  [B1. APC::B2. GSK3B}[0m
[0;36m		[A1. GSK3B::A2. BRCA1] ---  [B1. GSK3B::B2. BRCA1}[0m
1 1284 cost: 100
[0;36m		[A1. APC::A2. GSK3B] ---  [B1. APC::B2. GSK3B}[0m
[0;36m		[A1. TCF7L2::A2. APC] ---  [B1. TCF7L2::B2. APC}[0m
1284 538 cost: 217
[0;36m		[A1. TCF7L2::A2. APC] ---  [B1. TCF7L2::B2. APC}[0m
[0;36m		[A1. CDC73::A2. TCF7L2] ---  [B1. PTEN::B2. TCF7L2}[0m
1138 196 cost: 281
[0;36m		[A1. GSK3B::A2. BRCA1] ---  [B1. GSK3B::B2. BRCA1}[0m
[0;36m		[A1. BRCA1::A2. ERCC6] ---  [B1. BRCA1::B2. PIK3CA}[0m
1138 897 cost: 606
[0;36m		[A1. GSK3B::A2. BRCA1] ---  [B1. GSK3B::B2. BRCA1}[0m
[0;36m		[A1. ERCC6::A2. CDC73] ---  [B1. PIK3CA::B2. PTEN}[0m
1138 975 cost: 606
[0;36m		[A1. GSK3B::A2. BRCA1] ---  [B1. GSK3B::B2. BRCA1}[0m
[0;36m		[A1. ERCC6::A2. EP300] ---  [B1. PIK3CA::B2. BCL2}[0m

Displayed tree score: 0.26926

443th run results (2) [new minumum]:0.28715
443 97 cost: 487
[0;36m		[A1. CDC73::A2. ERCC6] ---  [B1. PTEN::B2. GSK3B}[0m
[0;36m		[A1. APC::A2. TCF7L2] ---  [B1. APC::B2. TCF7L2}[0m
97 1044 cost: 100
[0;36m		[A1. APC::A2. TCF7L2] ---  [B1. APC::B2. TCF7L2}[0m
[0;36m		[A1. GSK3B::A2. APC] ---  [B1. GSK3B::B2. APC}[0m
1044 287 cost: 100
[0;36m		[A1. GSK3B::A2. APC] ---  [B1. GSK3B::B2. APC}[0m
[0;36m		[A1. BRCA1::A2. GSK3B] ---  [B1. BRCA1::B2. GSK3B}[0m
97 1377 cost: 217
[0;36m		[A1. APC::A2. TCF7L2] ---  [B1. APC::B2. TCF7L2}[0m
[0;36m		[A1. TCF7L2::A2. CDC73] ---  [B1. TCF7L2::B2. PTEN}[0m
287 793 cost: 281
[0;36m		[A1. BRCA1::A2. GSK3B] ---  [B1. BRCA1::B2. GSK3B}[0m
[0;36m		[A1. ERCC6::A2. BRCA1] ---  [B1. PIK3CA::B2. BRCA1}[0m
287 559 cost: 606
[0;36m		[A1. BRCA1::A2. GSK3B] ---  [B1. BRCA1::B2. GSK3B}[0m
[0;36m		[A1. EP300::A2. ERCC6] ---  [B1. BCL2::B2. PIK3CA}[0m

Displayed tree score: 0.28715

474th run results (3) [new minumum]:0.292032
474 1 cost: 487
[0;36m		[A1. CDC73::A2. TCF7L2] ---  [B1. CDC42::B2. SMAD4}[0m
[0;36m		[A1. APC::A2. GSK3B] ---  [B1. APC::B2. GSK3B}[0m
1 1138 cost: 100
[0;36m		[A1. APC::A2. GSK3B] ---  [B1. APC::B2. GSK3B}[0m
[0;36m		[A1. GSK3B::A2. BRCA1] ---  [B1. GSK3B::B2. BRCA1}[0m
1 1284 cost: 100
[0;36m		[A1. APC::A2. GSK3B] ---  [B1. APC::B2. GSK3B}[0m
[0;36m		[A1. TCF7L2::A2. APC] ---  [B1. TCF7L2::B2. APC}[0m
1284 722 cost: 217
[0;36m		[A1. TCF7L2::A2. APC] ---  [B1. TCF7L2::B2. APC}[0m
[0;36m		[A1. EP300::A2. TCF7L2] ---  [B1. PTEN::B2. TCF7L2}[0m
1138 196 cost: 281
[0;36m		[A1. GSK3B::A2. BRCA1] ---  [B1. GSK3B::B2. BRCA1}[0m
[0;36m		[A1. BRCA1::A2. ERCC6] ---  [B1. BRCA1::B2. PIK3CA}[0m
1138 888 cost: 606
[0;36m		[A1. GSK3B::A2. BRCA1] ---  [B1. GSK3B::B2. BRCA1}[0m
[0;36m		[A1. ERCC6::A2. CDC73] ---  [B1. PIK3CA::B2. EGFR}[0m
1138 989 cost: 606
[0;36m		[A1. GSK3B::A2. BRCA1] ---  [B1. GSK3B::B2. BRCA1}[0m
[0;36m		[A1. ERCC6::A2. EP300] ---  [B1. PIK3CA::B2. PTEN}[0m

Displayed tree score: 0.292032

537th run results (4) [new minumum]:0.294737
537 1 cost: 465
[0;36m		[A1. CDC73::A2. TCF7L2] ---  [B1. PTEN::B2. SMAD4}[0m
[0;36m		[A1. APC::A2. GSK3B] ---  [B1. APC::B2. GSK3B}[0m
1 1138 cost: 100
[0;36m		[A1. APC::A2. GSK3B] ---  [B1. APC::B2. GSK3B}[0m
[0;36m		[A1. GSK3B::A2. BRCA1] ---  [B1. GSK3B::B2. BRCA1}[0m
1 1284 cost: 100
[0;36m		[A1. APC::A2. GSK3B] ---  [B1. APC::B2. GSK3B}[0m
[0;36m		[A1. TCF7L2::A2. APC] ---  [B1. TCF7L2::B2. APC}[0m
1284 722 cost: 217
[0;36m		[A1. TCF7L2::A2. APC] ---  [B1. TCF7L2::B2. APC}[0m
[0;36m		[A1. EP300::A2. TCF7L2] ---  [B1. PTEN::B2. TCF7L2}[0m
1138 196 cost: 281
[0;36m		[A1. GSK3B::A2. BRCA1] ---  [B1. GSK3B::B2. BRCA1}[0m
[0;36m		[A1. BRCA1::A2. ERCC6] ---  [B1. BRCA1::B2. PIK3CA}[0m
1138 888 cost: 606
[0;36m		[A1. GSK3B::A2. BRCA1] ---  [B1. GSK3B::B2. BRCA1}[0m
[0;36m		[A1. ERCC6::A2. CDC73] ---  [B1. PIK3CA::B2. EGFR}[0m
1138 989 cost: 606
[0;36m		[A1. GSK3B::A2. BRCA1] ---  [B1. GSK3B::B2. BRCA1}[0m
[0;36m		[A1. ERCC6::A2. EP300] ---  [B1. PIK3CA::B2. PTEN}[0m

Displayed tree score: 0.294737

Petal1:8	Petal2:46	treecost: 2375	 tree size:7
$RESULT$	ERCC6	PIK3CA	norm_score:	0.294737
[0m
[0 min 0 sec] All done in 
