COMMAND: /Users/gurkan/Box/Research/INSPIRE/inspire-replication/src/INSPIRE /Users/gurkan/Box/Research/INSPIRE/inspire-replication/database/inspire.sqlite FBXW7 TAF2 inspire_legacy_v1

GO normalization for inspire_legacy_v1: 14.1026
GO normalization in use: 14.1026
Loaded 5995 GO pair scores for inspire_legacy_v1
Create two petals
Begin PETAL setup
new petal FBXW7 (27)
# 52 interactions in FBXW7
Done adding UniProt and Pfam annotations for FBXW7.
new petal TAF2 (6)
# 6 interactions in TAF2
Done adding UniProt and Pfam annotations for TAF2.
Petal Sizes: 27, 6
[1;32mPetal Name: [1;33mFBXW7
[1;32mPetal Size: [1;33m27[0;31m
APC
ATM
BRAF
BTRC
CDC42
EGFR
EP300
ERBIN
FBXW11
FBXW7
GSK3B
HIF1A
KLF5
KRAS
LRP6
LRRK2
MDM2
NOTCH2
PTEN
RBPJ
SIAH1
SMAD1
SMAD4
TBL1XR1
TCF7L2
TNKS
YAP1
[0m---- 
[1;36mPetal Interactions[0;32m
1 BTRC	pp	APC
2 CDC42	pp	APC
3 ERBIN	pp	APC
4 ERBIN	pp	EGFR
5 FBXW11	pp	APC
6 FBXW7	pp	ATM
7 FBXW7	pp	BRAF
8 FBXW7	pp	EGFR
9 FBXW7	pp	EP300
10 GSK3B	pp	APC
11 GSK3B	pp	BRAF
12 GSK3B	pp	BTRC
13 GSK3B	pp	FBXW11
14 GSK3B	pp	FBXW7
15 HIF1A	pp	FBXW7
16 HIF1A	pp	GSK3B
17 KLF5	pp	FBXW7
18 KLF5	pp	GSK3B
19 KRAS	pp	APC
20 KRAS	pp	EGFR
21 KRAS	pp	HIF1A
22 LRP6	pp	APC
23 LRP6	pp	GSK3B
24 LRRK2	pp	APC
25 LRRK2	pp	HIF1A
26 MDM2	pp	FBXW7
27 MDM2	pp	GSK3B
28 NOTCH2	pp	FBXW7
29 NOTCH2	pp	GSK3B
30 PTEN	pp	CDC42
31 PTEN	pp	FBXW7
32 PTEN	pp	GSK3B
33 RBPJ	pp	FBXW7
34 SIAH1	pp	APC
35 SIAH1	pp	HIF1A
36 SMAD1	pp	FBXW7
37 SMAD1	pp	GSK3B
38 SMAD4	pp	APC
39 SMAD4	pp	ATM
40 SMAD4	pp	HIF1A
41 SMAD4	pp	PTEN
42 SMAD4	pp	RBPJ
43 SMAD4	pp	SMAD1
44 TBL1XR1	pp	APC
45 TBL1XR1	pp	RBPJ
46 TCF7L2	pp	APC
47 TCF7L2	pp	EP300
48 TCF7L2	pp	PTEN
49 TNKS	pp	APC
50 TNKS	pp	PTEN
51 YAP1	pp	FBXW7
52 YAP1	pp	GSK3B
[0m
[1;32mPetal Name: [1;33mTAF2
[1;32mPetal Size: [1;33m6[0;31m
APC
GSK3B
MAP3K7
MED1
TAF2
TBL1XR1
[0m---- 
[1;36mPetal Interactions[0;32m
1 GSK3B	pp	APC
2 MAP3K7	pp	GSK3B
3 TAF2	pp	MAP3K7
4 TAF2	pp	MED1
5 TBL1XR1	pp	APC
6 TBL1XR1	pp	MED1
[0m
Done creating Petals.
petals are loaded
[1;32mAGE for [0;36mFBXW7 - TAF2[0m
[0;35minitial size for AGE: 0[0m
counterPetal1 104
counterPetal2 12
counterPetal1*counterPetal2 1248
(*AGE).size()=1248
[0m---- 
[1;33mAGE nodes: 1248[0m
Allocate AGEgraph :  1248 x 1248	1557504 bytes

[0 min 0 sec] Nodes are done in 

[0 min 0 sec] Edges are done in 
0th run results (0) [new minumum]:0.0953834
0 1150 cost: 224
[0;36m		[A1. APC::A2. BTRC] ---  [B1. APC::B2. GSK3B}[0m
[0;36m		[A1. TBL1XR1::A2. APC] ---  [B1. TBL1XR1::B2. APC}[0m
1150 531 cost: 392
[0;36m		[A1. TBL1XR1::A2. APC] ---  [B1. TBL1XR1::B2. APC}[0m
[0;36m		[A1. GSK3B::A2. BRAF] ---  [B1. GSK3B::B2. MAP3K7}[0m
531 185 cost: 769
[0;36m		[A1. GSK3B::A2. BRAF] ---  [B1. GSK3B::B2. MAP3K7}[0m
[0;36m		[A1. BRAF::A2. FBXW7] ---  [B1. MAP3K7::B2. TAF2}[0m
1150 1003 cost: 1000
[0;36m		[A1. TBL1XR1::A2. APC] ---  [B1. TBL1XR1::B2. APC}[0m
[0;36m		[A1. RBPJ::A2. TBL1XR1] ---  [B1. MED1::B2. TBL1XR1}[0m
1150 489 cost: 2857
[0;36m		[A1. TBL1XR1::A2. APC] ---  [B1. TBL1XR1::B2. APC}[0m
[0;36m		[A1. FBXW7::A2. RBPJ] ---  [B1. TAF2::B2. MED1}[0m

Displayed tree score: 0.0953834

1th run results (1) [new minumum]:0.171762
1 518 cost: 188
[0;36m		[A1. APC::A2. BTRC] ---  [B1. APC::B2. TBL1XR1}[0m
[0;36m		[A1. GSK3B::A2. APC] ---  [B1. GSK3B::B2. APC}[0m
518 196 cost: 190
[0;36m		[A1. GSK3B::A2. APC] ---  [B1. GSK3B::B2. APC}[0m
[0;36m		[A1. BRAF::A2. GSK3B] ---  [B1. MAP3K7::B2. GSK3B}[0m
518 851 cost: 588
[0;36m		[A1. GSK3B::A2. APC] ---  [B1. GSK3B::B2. APC}[0m
[0;36m		[A1. LRRK2::A2. HIF1A] ---  [B1. TBL1XR1::B2. MED1}[0m
196 380 cost: 769
[0;36m		[A1. BRAF::A2. GSK3B] ---  [B1. MAP3K7::B2. GSK3B}[0m
[0;36m		[A1. FBXW7::A2. BRAF] ---  [B1. TAF2::B2. MAP3K7}[0m
851 678 cost: 1176
[0;36m		[A1. LRRK2::A2. HIF1A] ---  [B1. TBL1XR1::B2. MED1}[0m
[0;36m		[A1. HIF1A::A2. FBXW7] ---  [B1. MED1::B2. TAF2}[0m

Displayed tree score: 0.171762

121th run results (2) [new minumum]:0.176866
121 518 cost: 104
[0;36m		[A1. APC::A2. TBL1XR1] ---  [B1. APC::B2. TBL1XR1}[0m
[0;36m		[A1. GSK3B::A2. APC] ---  [B1. GSK3B::B2. APC}[0m
518 196 cost: 190
[0;36m		[A1. GSK3B::A2. APC] ---  [B1. GSK3B::B2. APC}[0m
[0;36m		[A1. BRAF::A2. GSK3B] ---  [B1. MAP3K7::B2. GSK3B}[0m
518 851 cost: 588
[0;36m		[A1. GSK3B::A2. APC] ---  [B1. GSK3B::B2. APC}[0m
[0;36m		[A1. LRRK2::A2. HIF1A] ---  [B1. TBL1XR1::B2. MED1}[0m
196 380 cost: 769
[0;36m		[A1. BRAF::A2. GSK3B] ---  [B1. MAP3K7::B2. GSK3B}[0m
[0;36m		[A1. FBXW7::A2. BRAF] ---  [B1. TAF2::B2. MAP3K7}[0m
851 678 cost: 1176
[0;36m		[A1. LRRK2::A2. HIF1A] ---  [B1. TBL1XR1::B2. MED1}[0m
[0;36m		[A1. HIF1A::A2. FBXW7] ---  [B1. MED1::B2. TAF2}[0m

Displayed tree score: 0.176866

164th run results (3) [new minumum]:0.187025
164 518 cost: 465
[0;36m		[A1. ATM::A2. FBXW7] ---  [B1. TAF2::B2. MAP3K7}[0m
[0;36m		[A1. GSK3B::A2. APC] ---  [B1. GSK3B::B2. APC}[0m
518 121 cost: 104
[0;36m		[A1. GSK3B::A2. APC] ---  [B1. GSK3B::B2. APC}[0m
[0;36m		[A1. APC::A2. TBL1XR1] ---  [B1. APC::B2. TBL1XR1}[0m
518 196 cost: 190
[0;36m		[A1. GSK3B::A2. APC] ---  [B1. GSK3B::B2. APC}[0m
[0;36m		[A1. BRAF::A2. GSK3B] ---  [B1. MAP3K7::B2. GSK3B}[0m
164 1086 cost: 952
[0;36m		[A1. ATM::A2. FBXW7] ---  [B1. TAF2::B2. MAP3K7}[0m
[0;36m		[A1. SMAD4::A2. ATM] ---  [B1. MED1::B2. TAF2}[0m

Displayed tree score: 0.187025

296th run results (4) [new minumum]:0.197531
296 518 cost: 526
[0;36m		[A1. EP300::A2. FBXW7] ---  [B1. TAF2::B2. MAP3K7}[0m
[0;36m		[A1. GSK3B::A2. APC] ---  [B1. GSK3B::B2. APC}[0m
518 121 cost: 104
[0;36m		[A1. GSK3B::A2. APC] ---  [B1. GSK3B::B2. APC}[0m
[0;36m		[A1. APC::A2. TBL1XR1] ---  [B1. APC::B2. TBL1XR1}[0m
518 196 cost: 190
[0;36m		[A1. GSK3B::A2. APC] ---  [B1. GSK3B::B2. APC}[0m
[0;36m		[A1. BRAF::A2. GSK3B] ---  [B1. MAP3K7::B2. GSK3B}[0m
296 1182 cost: 800
[0;36m		[A1. EP300::A2. FBXW7] ---  [B1. TAF2::B2. MAP3K7}[0m
[0;36m		[A1. TCF7L2::A2. EP300] ---  [B1. MED1::B2. TAF2}[0m

Displayed tree score: 0.197531

Petal1:52	Petal2:6	treecost: 1620	 tree size:4
$RESULT$	FBXW7	TAF2	norm_score:	0.197531
[0m
[0 min 0 sec] All done in 
