COMMAND: /Users/gurkan/Box/Research/INSPIRE/inspire-replication/src/INSPIRE /Users/gurkan/Box/Research/INSPIRE/inspire-replication/database/inspire.sqlite FBXW7 PIK3CA inspire_legacy_v1

GO normalization for inspire_legacy_v1: 14.1026
GO normalization in use: 14.1026
Loaded 5995 GO pair scores for inspire_legacy_v1
Create two petals
Begin PETAL setup
new petal FBXW7 (27)
# 52 interactions in FBXW7
Done adding UniProt and Pfam annotations for FBXW7.
new petal PIK3CA (25)
# 46 interactions in PIK3CA
Done adding UniProt and Pfam annotations for PIK3CA.
Petal Sizes: 27, 25
[1;32mPetal Name: [1;33mFBXW7
[1;32mPetal Size: [1;33m27[0;31m
APC
ATM
BRAF
BTRC
CDC42
EGFR
EP300
ERBIN
FBXW11
FBXW7
GSK3B
HIF1A
KLF5
KRAS
LRP6
LRRK2
MDM2
NOTCH2
PTEN
RBPJ
SIAH1
SMAD1
SMAD4
TBL1XR1
TCF7L2
TNKS
YAP1
[0m---- 
[1;36mPetal Interactions[0;32m
1 BTRC	pp	APC
2 CDC42	pp	APC
3 ERBIN	pp	APC
4 ERBIN	pp	EGFR
5 FBXW11	pp	APC
6 FBXW7	pp	ATM
7 FBXW7	pp	BRAF
8 FBXW7	pp	EGFR
9 FBXW7	pp	EP300
10 GSK3B	pp	APC
11 GSK3B	pp	BRAF
12 GSK3B	pp	BTRC
13 GSK3B	pp	FBXW11
14 GSK3B	pp	FBXW7
15 HIF1A	pp	FBXW7
16 HIF1A	pp	GSK3B
17 KLF5	pp	FBXW7
18 KLF5	pp	GSK3B
19 KRAS	pp	APC
20 KRAS	pp	EGFR
21 KRAS	pp	HIF1A
22 LRP6	pp	APC
23 LRP6	pp	GSK3B
24 LRRK2	pp	APC
25 LRRK2	pp	HIF1A
26 MDM2	pp	FBXW7
27 MDM2	pp	GSK3B
28 NOTCH2	pp	FBXW7
29 NOTCH2	pp	GSK3B
30 PTEN	pp	CDC42
31 PTEN	pp	FBXW7
32 PTEN	pp	GSK3B
33 RBPJ	pp	FBXW7
34 SIAH1	pp	APC
35 SIAH1	pp	HIF1A
36 SMAD1	pp	FBXW7
37 SMAD1	pp	GSK3B
38 SMAD4	pp	APC
39 SMAD4	pp	ATM
40 SMAD4	pp	HIF1A
41 SMAD4	pp	PTEN
42 SMAD4	pp	RBPJ
43 SMAD4	pp	SMAD1
44 TBL1XR1	pp	APC
45 TBL1XR1	pp	RBPJ
46 TCF7L2	pp	APC
47 TCF7L2	pp	EP300
48 TCF7L2	pp	PTEN
49 TNKS	pp	APC
50 TNKS	pp	PTEN
51 YAP1	pp	FBXW7
52 YAP1	pp	GSK3B
[0m
[1;32mPetal Name: [1;33mPIK3CA
[1;32mPetal Size: [1;33m25[0;31m
APC
BCL2
BRAF
BRCA1
CDC42
CREBBP
EGFR
ERBIN
ETV6
FBXW7
FGF2
FOXO1
FOXO3
GSK3B
KRAS
LRP6
MAPK1
PIK3CA
PRKCA
PTEN
PTK2
SMAD4
STAT3
TCF7L2
TRAF6
[0m---- 
[1;36mPetal Interactions[0;32m
1 ERBIN	pp	APC
2 ERBIN	pp	EGFR
3 GSK3B	pp	APC
4 GSK3B	pp	BRAF
5 GSK3B	pp	BRCA1
6 GSK3B	pp	CREBBP
7 GSK3B	pp	FBXW7
8 GSK3B	pp	FOXO1
9 GSK3B	pp	FOXO3
10 KRAS	pp	APC
11 KRAS	pp	BCL2
12 KRAS	pp	EGFR
13 KRAS	pp	FGF2
14 LRP6	pp	APC
15 LRP6	pp	ETV6
16 LRP6	pp	GSK3B
17 MAPK1	pp	GSK3B
18 PIK3CA	pp	BCL2
19 PIK3CA	pp	BRAF
20 PIK3CA	pp	BRCA1
21 PIK3CA	pp	CDC42
22 PIK3CA	pp	CREBBP
23 PIK3CA	pp	EGFR
24 PIK3CA	pp	ETV6
25 PIK3CA	pp	FBXW7
26 PIK3CA	pp	FGF2
27 PIK3CA	pp	FOXO1
28 PIK3CA	pp	FOXO3
29 PIK3CA	pp	GSK3B
30 PIK3CA	pp	MAPK1
31 PRKCA	pp	GSK3B
32 PRKCA	pp	PIK3CA
33 PTEN	pp	GSK3B
34 PTEN	pp	PIK3CA
35 PTK2	pp	GSK3B
36 PTK2	pp	PIK3CA
37 SMAD4	pp	APC
38 SMAD4	pp	BCL2
39 SMAD4	pp	CDC42
40 SMAD4	pp	PTEN
41 STAT3	pp	PIK3CA
42 STAT3	pp	SMAD4
43 TCF7L2	pp	APC
44 TCF7L2	pp	PTEN
45 TRAF6	pp	GSK3B
46 TRAF6	pp	PIK3CA
[0m
Done creating Petals.
petals are loaded
[1;32mAGE for [0;36mFBXW7 - PIK3CA[0m
[0;35minitial size for AGE: 0[0m
counterPetal1 104
counterPetal2 92
counterPetal1*counterPetal2 9568
(*AGE).size()=9568
[0m---- 
[1;33mAGE nodes: 9568[0m
Allocate AGEgraph :  9568 x 9568	91546624 bytes

[0 min 0 sec] Nodes are done in 

[0 min 4 sec] Edges are done in 
0th run results (0) [new minumum]:0.288268
0 3988 cost: 434
[0;36m		[A1. APC::A2. BTRC] ---  [B1. APC::B2. ERBIN}[0m
[0;36m		[A1. GSK3B::A2. APC] ---  [B1. GSK3B::B2. APC}[0m
3988 462 cost: 100
[0;36m		[A1. GSK3B::A2. APC] ---  [B1. GSK3B::B2. APC}[0m
[0;36m		[A1. APC::A2. KRAS] ---  [B1. APC::B2. KRAS}[0m
3988 555 cost: 100
[0;36m		[A1. GSK3B::A2. APC] ---  [B1. GSK3B::B2. APC}[0m
[0;36m		[A1. APC::A2. LRP6] ---  [B1. APC::B2. LRP6}[0m
3988 832 cost: 100
[0;36m		[A1. GSK3B::A2. APC] ---  [B1. GSK3B::B2. APC}[0m
[0;36m		[A1. APC::A2. SMAD4] ---  [B1. APC::B2. SMAD4}[0m
3988 1017 cost: 100
[0;36m		[A1. GSK3B::A2. APC] ---  [B1. GSK3B::B2. APC}[0m
[0;36m		[A1. APC::A2. TCF7L2] ---  [B1. APC::B2. TCF7L2}[0m
3988 1481 cost: 100
[0;36m		[A1. GSK3B::A2. APC] ---  [B1. GSK3B::B2. APC}[0m
[0;36m		[A1. BRAF::A2. GSK3B] ---  [B1. BRAF::B2. GSK3B}[0m
3988 3152 cost: 100
[0;36m		[A1. GSK3B::A2. APC] ---  [B1. GSK3B::B2. APC}[0m
[0;36m		[A1. FBXW7::A2. GSK3B] ---  [B1. FBXW7::B2. GSK3B}[0m
1481 4639 cost: 100
[0;36m		[A1. BRAF::A2. GSK3B] ---  [B1. BRAF::B2. GSK3B}[0m
[0;36m		[A1. GSK3B::A2. LRP6] ---  [B1. GSK3B::B2. LRP6}[0m
1481 4919 cost: 100
[0;36m		[A1. BRAF::A2. GSK3B] ---  [B1. BRAF::B2. GSK3B}[0m
[0;36m		[A1. GSK3B::A2. PTEN] ---  [B1. GSK3B::B2. PTEN}[0m
462 6028 cost: 100
[0;36m		[A1. APC::A2. KRAS] ---  [B1. APC::B2. KRAS}[0m
[0;36m		[A1. KRAS::A2. EGFR] ---  [B1. KRAS::B2. EGFR}[0m
6028 1949 cost: 100
[0;36m		[A1. KRAS::A2. EGFR] ---  [B1. KRAS::B2. EGFR}[0m
[0;36m		[A1. EGFR::A2. ERBIN] ---  [B1. EGFR::B2. ERBIN}[0m
4919 7253 cost: 100
[0;36m		[A1. GSK3B::A2. PTEN] ---  [B1. GSK3B::B2. PTEN}[0m
[0;36m		[A1. PTEN::A2. SMAD4] ---  [B1. PTEN::B2. SMAD4}[0m
4919 7346 cost: 100
[0;36m		[A1. GSK3B::A2. PTEN] ---  [B1. GSK3B::B2. PTEN}[0m
[0;36m		[A1. PTEN::A2. TCF7L2] ---  [B1. PTEN::B2. TCF7L2}[0m
3152 1258 cost: 190
[0;36m		[A1. FBXW7::A2. GSK3B] ---  [B1. FBXW7::B2. GSK3B}[0m
[0;36m		[A1. ATM::A2. FBXW7] ---  [B1. PIK3CA::B2. FBXW7}[0m
3988 1667 cost: 217
[0;36m		[A1. GSK3B::A2. APC] ---  [B1. GSK3B::B2. APC}[0m
[0;36m		[A1. BTRC::A2. GSK3B] ---  [B1. BRCA1::B2. GSK3B}[0m
1481 4453 cost: 217
[0;36m		[A1. BRAF::A2. GSK3B] ---  [B1. BRAF::B2. GSK3B}[0m
[0;36m		[A1. GSK3B::A2. HIF1A] ---  [B1. GSK3B::B2. FOXO1}[0m
1481 4730 cost: 217
[0;36m		[A1. BRAF::A2. GSK3B] ---  [B1. BRAF::B2. GSK3B}[0m
[0;36m		[A1. GSK3B::A2. MDM2] ---  [B1. GSK3B::B2. FOXO3}[0m
1481 4826 cost: 217
[0;36m		[A1. BRAF::A2. GSK3B] ---  [B1. BRAF::B2. GSK3B}[0m
[0;36m		[A1. GSK3B::A2. NOTCH2] ---  [B1. GSK3B::B2. PRKCA}[0m
1481 5012 cost: 217
[0;36m		[A1. BRAF::A2. GSK3B] ---  [B1. BRAF::B2. GSK3B}[0m
[0;36m		[A1. GSK3B::A2. SMAD1] ---  [B1. GSK3B::B2. PTK2}[0m
1481 5100 cost: 217
[0;36m		[A1. BRAF::A2. GSK3B] ---  [B1. BRAF::B2. GSK3B}[0m
[0;36m		[A1. GSK3B::A2. YAP1] ---  [B1. GSK3B::B2. MAPK1}[0m
832 8641 cost: 217
[0;36m		[A1. APC::A2. SMAD4] ---  [B1. APC::B2. SMAD4}[0m
[0;36m		[A1. SMAD4::A2. RBPJ] ---  [B1. SMAD4::B2. STAT3}[0m
3988 2758 cost: 270
[0;36m		[A1. GSK3B::A2. APC] ---  [B1. GSK3B::B2. APC}[0m
[0;36m		[A1. FBXW11::A2. GSK3B] ---  [B1. TRAF6::B2. GSK3B}[0m
1481 4543 cost: 465
[0;36m		[A1. BRAF::A2. GSK3B] ---  [B1. BRAF::B2. GSK3B}[0m
[0;36m		[A1. GSK3B::A2. KLF5] ---  [B1. GSK3B::B2. CREBBP}[0m

Displayed tree score: 0.288268

1th run results (1) [new minumum]:0.304469
1 2412 cost: 217
[0;36m		[A1. APC::A2. BTRC] ---  [B1. APC::B2. GSK3B}[0m
[0;36m		[A1. ERBIN::A2. APC] ---  [B1. ERBIN::B2. APC}[0m
2412 462 cost: 100
[0;36m		[A1. ERBIN::A2. APC] ---  [B1. ERBIN::B2. APC}[0m
[0;36m		[A1. APC::A2. KRAS] ---  [B1. APC::B2. KRAS}[0m
2412 555 cost: 100
[0;36m		[A1. ERBIN::A2. APC] ---  [B1. ERBIN::B2. APC}[0m
[0;36m		[A1. APC::A2. LRP6] ---  [B1. APC::B2. LRP6}[0m
2412 832 cost: 100
[0;36m		[A1. ERBIN::A2. APC] ---  [B1. ERBIN::B2. APC}[0m
[0;36m		[A1. APC::A2. SMAD4] ---  [B1. APC::B2. SMAD4}[0m
2412 1017 cost: 100
[0;36m		[A1. ERBIN::A2. APC] ---  [B1. ERBIN::B2. APC}[0m
[0;36m		[A1. APC::A2. TCF7L2] ---  [B1. APC::B2. TCF7L2}[0m
2412 1949 cost: 100
[0;36m		[A1. ERBIN::A2. APC] ---  [B1. ERBIN::B2. APC}[0m
[0;36m		[A1. EGFR::A2. ERBIN] ---  [B1. EGFR::B2. ERBIN}[0m
462 6028 cost: 100
[0;36m		[A1. APC::A2. KRAS] ---  [B1. APC::B2. KRAS}[0m
[0;36m		[A1. KRAS::A2. EGFR] ---  [B1. KRAS::B2. EGFR}[0m
555 6308 cost: 100
[0;36m		[A1. APC::A2. LRP6] ---  [B1. APC::B2. LRP6}[0m
[0;36m		[A1. LRP6::A2. GSK3B] ---  [B1. LRP6::B2. GSK3B}[0m
6308 4081 cost: 100
[0;36m		[A1. LRP6::A2. GSK3B] ---  [B1. LRP6::B2. GSK3B}[0m
[0;36m		[A1. GSK3B::A2. BRAF] ---  [B1. GSK3B::B2. BRAF}[0m
4081 3152 cost: 100
[0;36m		[A1. GSK3B::A2. BRAF] ---  [B1. GSK3B::B2. BRAF}[0m
[0;36m		[A1. FBXW7::A2. GSK3B] ---  [B1. FBXW7::B2. GSK3B}[0m
6308 4919 cost: 100
[0;36m		[A1. LRP6::A2. GSK3B] ---  [B1. LRP6::B2. GSK3B}[0m
[0;36m		[A1. GSK3B::A2. PTEN] ---  [B1. GSK3B::B2. PTEN}[0m
4919 7253 cost: 100
[0;36m		[A1. GSK3B::A2. PTEN] ---  [B1. GSK3B::B2. PTEN}[0m
[0;36m		[A1. PTEN::A2. SMAD4] ---  [B1. PTEN::B2. SMAD4}[0m
4919 7346 cost: 100
[0;36m		[A1. GSK3B::A2. PTEN] ---  [B1. GSK3B::B2. PTEN}[0m
[0;36m		[A1. PTEN::A2. TCF7L2] ---  [B1. PTEN::B2. TCF7L2}[0m
3152 1258 cost: 190
[0;36m		[A1. FBXW7::A2. GSK3B] ---  [B1. FBXW7::B2. GSK3B}[0m
[0;36m		[A1. ATM::A2. FBXW7] ---  [B1. PIK3CA::B2. FBXW7}[0m
4081 1667 cost: 217
[0;36m		[A1. GSK3B::A2. BRAF] ---  [B1. GSK3B::B2. BRAF}[0m
[0;36m		[A1. BTRC::A2. GSK3B] ---  [B1. BRCA1::B2. GSK3B}[0m
6308 4453 cost: 217
[0;36m		[A1. LRP6::A2. GSK3B] ---  [B1. LRP6::B2. GSK3B}[0m
[0;36m		[A1. GSK3B::A2. HIF1A] ---  [B1. GSK3B::B2. FOXO1}[0m
6308 4730 cost: 217
[0;36m		[A1. LRP6::A2. GSK3B] ---  [B1. LRP6::B2. GSK3B}[0m
[0;36m		[A1. GSK3B::A2. MDM2] ---  [B1. GSK3B::B2. FOXO3}[0m
6308 4826 cost: 217
[0;36m		[A1. LRP6::A2. GSK3B] ---  [B1. LRP6::B2. GSK3B}[0m
[0;36m		[A1. GSK3B::A2. NOTCH2] ---  [B1. GSK3B::B2. PRKCA}[0m
6308 5012 cost: 217
[0;36m		[A1. LRP6::A2. GSK3B] ---  [B1. LRP6::B2. GSK3B}[0m
[0;36m		[A1. GSK3B::A2. SMAD1] ---  [B1. GSK3B::B2. PTK2}[0m
6308 5100 cost: 217
[0;36m		[A1. LRP6::A2. GSK3B] ---  [B1. LRP6::B2. GSK3B}[0m
[0;36m		[A1. GSK3B::A2. YAP1] ---  [B1. GSK3B::B2. MAPK1}[0m
832 8641 cost: 217
[0;36m		[A1. APC::A2. SMAD4] ---  [B1. APC::B2. SMAD4}[0m
[0;36m		[A1. SMAD4::A2. RBPJ] ---  [B1. SMAD4::B2. STAT3}[0m
4081 2758 cost: 270
[0;36m		[A1. GSK3B::A2. BRAF] ---  [B1. GSK3B::B2. BRAF}[0m
[0;36m		[A1. FBXW11::A2. GSK3B] ---  [B1. TRAF6::B2. GSK3B}[0m
6308 4543 cost: 465
[0;36m		[A1. LRP6::A2. GSK3B] ---  [B1. LRP6::B2. GSK3B}[0m
[0;36m		[A1. GSK3B::A2. KLF5] ---  [B1. GSK3B::B2. CREBBP}[0m

Displayed tree score: 0.304469

11th run results (2) [new minumum]:0.313984
11 4081 cost: 465
[0;36m		[A1. APC::A2. BTRC] ---  [B1. BRCA1::B2. GSK3B}[0m
[0;36m		[A1. GSK3B::A2. BRAF] ---  [B1. GSK3B::B2. BRAF}[0m
4081 369 cost: 100
[0;36m		[A1. GSK3B::A2. BRAF] ---  [B1. GSK3B::B2. BRAF}[0m
[0;36m		[A1. APC::A2. GSK3B] ---  [B1. APC::B2. GSK3B}[0m
369 2412 cost: 100
[0;36m		[A1. APC::A2. GSK3B] ---  [B1. APC::B2. GSK3B}[0m
[0;36m		[A1. ERBIN::A2. APC] ---  [B1. ERBIN::B2. APC}[0m
2412 462 cost: 100
[0;36m		[A1. ERBIN::A2. APC] ---  [B1. ERBIN::B2. APC}[0m
[0;36m		[A1. APC::A2. KRAS] ---  [B1. APC::B2. KRAS}[0m
2412 555 cost: 100
[0;36m		[A1. ERBIN::A2. APC] ---  [B1. ERBIN::B2. APC}[0m
[0;36m		[A1. APC::A2. LRP6] ---  [B1. APC::B2. LRP6}[0m
2412 832 cost: 100
[0;36m		[A1. ERBIN::A2. APC] ---  [B1. ERBIN::B2. APC}[0m
[0;36m		[A1. APC::A2. SMAD4] ---  [B1. APC::B2. SMAD4}[0m
2412 1017 cost: 100
[0;36m		[A1. ERBIN::A2. APC] ---  [B1. ERBIN::B2. APC}[0m
[0;36m		[A1. APC::A2. TCF7L2] ---  [B1. APC::B2. TCF7L2}[0m
2412 1949 cost: 100
[0;36m		[A1. ERBIN::A2. APC] ---  [B1. ERBIN::B2. APC}[0m
[0;36m		[A1. EGFR::A2. ERBIN] ---  [B1. EGFR::B2. ERBIN}[0m
4081 3152 cost: 100
[0;36m		[A1. GSK3B::A2. BRAF] ---  [B1. GSK3B::B2. BRAF}[0m
[0;36m		[A1. FBXW7::A2. GSK3B] ---  [B1. FBXW7::B2. GSK3B}[0m
369 4639 cost: 100
[0;36m		[A1. APC::A2. GSK3B] ---  [B1. APC::B2. GSK3B}[0m
[0;36m		[A1. GSK3B::A2. LRP6] ---  [B1. GSK3B::B2. LRP6}[0m
369 4919 cost: 100
[0;36m		[A1. APC::A2. GSK3B] ---  [B1. APC::B2. GSK3B}[0m
[0;36m		[A1. GSK3B::A2. PTEN] ---  [B1. GSK3B::B2. PTEN}[0m
462 6028 cost: 100
[0;36m		[A1. APC::A2. KRAS] ---  [B1. APC::B2. KRAS}[0m
[0;36m		[A1. KRAS::A2. EGFR] ---  [B1. KRAS::B2. EGFR}[0m
4919 7253 cost: 100
[0;36m		[A1. GSK3B::A2. PTEN] ---  [B1. GSK3B::B2. PTEN}[0m
[0;36m		[A1. PTEN::A2. SMAD4] ---  [B1. PTEN::B2. SMAD4}[0m
4919 7346 cost: 100
[0;36m		[A1. GSK3B::A2. PTEN] ---  [B1. GSK3B::B2. PTEN}[0m
[0;36m		[A1. PTEN::A2. TCF7L2] ---  [B1. PTEN::B2. TCF7L2}[0m
3152 1258 cost: 190
[0;36m		[A1. FBXW7::A2. GSK3B] ---  [B1. FBXW7::B2. GSK3B}[0m
[0;36m		[A1. ATM::A2. FBXW7] ---  [B1. PIK3CA::B2. FBXW7}[0m
4081 1671 cost: 217
[0;36m		[A1. GSK3B::A2. BRAF] ---  [B1. GSK3B::B2. BRAF}[0m
[0;36m		[A1. BTRC::A2. GSK3B] ---  [B1. CREBBP::B2. GSK3B}[0m
369 4453 cost: 217
[0;36m		[A1. APC::A2. GSK3B] ---  [B1. APC::B2. GSK3B}[0m
[0;36m		[A1. GSK3B::A2. HIF1A] ---  [B1. GSK3B::B2. FOXO1}[0m
369 4730 cost: 217
[0;36m		[A1. APC::A2. GSK3B] ---  [B1. APC::B2. GSK3B}[0m
[0;36m		[A1. GSK3B::A2. MDM2] ---  [B1. GSK3B::B2. FOXO3}[0m
369 4826 cost: 217
[0;36m		[A1. APC::A2. GSK3B] ---  [B1. APC::B2. GSK3B}[0m
[0;36m		[A1. GSK3B::A2. NOTCH2] ---  [B1. GSK3B::B2. PRKCA}[0m
369 5012 cost: 217
[0;36m		[A1. APC::A2. GSK3B] ---  [B1. APC::B2. GSK3B}[0m
[0;36m		[A1. GSK3B::A2. SMAD1] ---  [B1. GSK3B::B2. PTK2}[0m
369 5100 cost: 217
[0;36m		[A1. APC::A2. GSK3B] ---  [B1. APC::B2. GSK3B}[0m
[0;36m		[A1. GSK3B::A2. YAP1] ---  [B1. GSK3B::B2. MAPK1}[0m
832 8641 cost: 217
[0;36m		[A1. APC::A2. SMAD4] ---  [B1. APC::B2. SMAD4}[0m
[0;36m		[A1. SMAD4::A2. RBPJ] ---  [B1. SMAD4::B2. STAT3}[0m
4081 2758 cost: 270
[0;36m		[A1. GSK3B::A2. BRAF] ---  [B1. GSK3B::B2. BRAF}[0m
[0;36m		[A1. FBXW11::A2. GSK3B] ---  [B1. TRAF6::B2. GSK3B}[0m

Displayed tree score: 0.313984

62th run results (3) [new minumum]:0.319285
62 1680 cost: 322
[0;36m		[A1. APC::A2. BTRC] ---  [B1. PIK3CA::B2. FBXW7}[0m
[0;36m		[A1. BTRC::A2. GSK3B] ---  [B1. FBXW7::B2. GSK3B}[0m
1680 3988 cost: 140
[0;36m		[A1. BTRC::A2. GSK3B] ---  [B1. FBXW7::B2. GSK3B}[0m
[0;36m		[A1. GSK3B::A2. APC] ---  [B1. GSK3B::B2. APC}[0m
3988 184 cost: 100
[0;36m		[A1. GSK3B::A2. APC] ---  [B1. GSK3B::B2. APC}[0m
[0;36m		[A1. APC::A2. ERBIN] ---  [B1. APC::B2. ERBIN}[0m
3988 462 cost: 100
[0;36m		[A1. GSK3B::A2. APC] ---  [B1. GSK3B::B2. APC}[0m
[0;36m		[A1. APC::A2. KRAS] ---  [B1. APC::B2. KRAS}[0m
3988 555 cost: 100
[0;36m		[A1. GSK3B::A2. APC] ---  [B1. GSK3B::B2. APC}[0m
[0;36m		[A1. APC::A2. LRP6] ---  [B1. APC::B2. LRP6}[0m
3988 832 cost: 100
[0;36m		[A1. GSK3B::A2. APC] ---  [B1. GSK3B::B2. APC}[0m
[0;36m		[A1. APC::A2. SMAD4] ---  [B1. APC::B2. SMAD4}[0m
3988 1017 cost: 100
[0;36m		[A1. GSK3B::A2. APC] ---  [B1. GSK3B::B2. APC}[0m
[0;36m		[A1. APC::A2. TCF7L2] ---  [B1. APC::B2. TCF7L2}[0m
3988 1481 cost: 100
[0;36m		[A1. GSK3B::A2. APC] ---  [B1. GSK3B::B2. APC}[0m
[0;36m		[A1. BRAF::A2. GSK3B] ---  [B1. BRAF::B2. GSK3B}[0m
184 2505 cost: 100
[0;36m		[A1. APC::A2. ERBIN] ---  [B1. APC::B2. ERBIN}[0m
[0;36m		[A1. ERBIN::A2. EGFR] ---  [B1. ERBIN::B2. EGFR}[0m
2505 2134 cost: 100
[0;36m		[A1. ERBIN::A2. EGFR] ---  [B1. ERBIN::B2. EGFR}[0m
[0;36m		[A1. EGFR::A2. KRAS] ---  [B1. EGFR::B2. KRAS}[0m
1481 4639 cost: 100
[0;36m		[A1. BRAF::A2. GSK3B] ---  [B1. BRAF::B2. GSK3B}[0m
[0;36m		[A1. GSK3B::A2. LRP6] ---  [B1. GSK3B::B2. LRP6}[0m
1481 4919 cost: 100
[0;36m		[A1. BRAF::A2. GSK3B] ---  [B1. BRAF::B2. GSK3B}[0m
[0;36m		[A1. GSK3B::A2. PTEN] ---  [B1. GSK3B::B2. PTEN}[0m
4919 7253 cost: 100
[0;36m		[A1. GSK3B::A2. PTEN] ---  [B1. GSK3B::B2. PTEN}[0m
[0;36m		[A1. PTEN::A2. SMAD4] ---  [B1. PTEN::B2. SMAD4}[0m
4919 7346 cost: 100
[0;36m		[A1. GSK3B::A2. PTEN] ---  [B1. GSK3B::B2. PTEN}[0m
[0;36m		[A1. PTEN::A2. TCF7L2] ---  [B1. PTEN::B2. TCF7L2}[0m
7253 1909 cost: 217
[0;36m		[A1. PTEN::A2. SMAD4] ---  [B1. PTEN::B2. SMAD4}[0m
[0;36m		[A1. CDC42::A2. PTEN] ---  [B1. PIK3CA::B2. PTEN}[0m
3988 3139 cost: 217
[0;36m		[A1. GSK3B::A2. APC] ---  [B1. GSK3B::B2. APC}[0m
[0;36m		[A1. FBXW7::A2. GSK3B] ---  [B1. BRCA1::B2. GSK3B}[0m
1481 4453 cost: 217
[0;36m		[A1. BRAF::A2. GSK3B] ---  [B1. BRAF::B2. GSK3B}[0m
[0;36m		[A1. GSK3B::A2. HIF1A] ---  [B1. GSK3B::B2. FOXO1}[0m
1481 4730 cost: 217
[0;36m		[A1. BRAF::A2. GSK3B] ---  [B1. BRAF::B2. GSK3B}[0m
[0;36m		[A1. GSK3B::A2. MDM2] ---  [B1. GSK3B::B2. FOXO3}[0m
1481 4826 cost: 217
[0;36m		[A1. BRAF::A2. GSK3B] ---  [B1. BRAF::B2. GSK3B}[0m
[0;36m		[A1. GSK3B::A2. NOTCH2] ---  [B1. GSK3B::B2. PRKCA}[0m
1481 5012 cost: 217
[0;36m		[A1. BRAF::A2. GSK3B] ---  [B1. BRAF::B2. GSK3B}[0m
[0;36m		[A1. GSK3B::A2. SMAD1] ---  [B1. GSK3B::B2. PTK2}[0m
1481 5100 cost: 217
[0;36m		[A1. BRAF::A2. GSK3B] ---  [B1. BRAF::B2. GSK3B}[0m
[0;36m		[A1. GSK3B::A2. YAP1] ---  [B1. GSK3B::B2. MAPK1}[0m
832 8362 cost: 217
[0;36m		[A1. APC::A2. SMAD4] ---  [B1. APC::B2. SMAD4}[0m
[0;36m		[A1. SMAD4::A2. ATM] ---  [B1. SMAD4::B2. BCL2}[0m
832 8641 cost: 217
[0;36m		[A1. APC::A2. SMAD4] ---  [B1. APC::B2. SMAD4}[0m
[0;36m		[A1. SMAD4::A2. RBPJ] ---  [B1. SMAD4::B2. STAT3}[0m
3988 2758 cost: 270
[0;36m		[A1. GSK3B::A2. APC] ---  [B1. GSK3B::B2. APC}[0m
[0;36m		[A1. FBXW11::A2. GSK3B] ---  [B1. TRAF6::B2. GSK3B}[0m
1481 4543 cost: 465
[0;36m		[A1. BRAF::A2. GSK3B] ---  [B1. BRAF::B2. GSK3B}[0m
[0;36m		[A1. GSK3B::A2. KLF5] ---  [B1. GSK3B::B2. CREBBP}[0m

Displayed tree score: 0.319285

338th run results (4) [new minumum]:0.320834
338 2692 cost: 350
[0;36m		[A1. APC::A2. FBXW11] ---  [B1. PIK3CA::B2. FBXW7}[0m
[0;36m		[A1. FBXW11::A2. GSK3B] ---  [B1. FBXW7::B2. GSK3B}[0m
2692 3988 cost: 144
[0;36m		[A1. FBXW11::A2. GSK3B] ---  [B1. FBXW7::B2. GSK3B}[0m
[0;36m		[A1. GSK3B::A2. APC] ---  [B1. GSK3B::B2. APC}[0m
3988 184 cost: 100
[0;36m		[A1. GSK3B::A2. APC] ---  [B1. GSK3B::B2. APC}[0m
[0;36m		[A1. APC::A2. ERBIN] ---  [B1. APC::B2. ERBIN}[0m
3988 462 cost: 100
[0;36m		[A1. GSK3B::A2. APC] ---  [B1. GSK3B::B2. APC}[0m
[0;36m		[A1. APC::A2. KRAS] ---  [B1. APC::B2. KRAS}[0m
3988 555 cost: 100
[0;36m		[A1. GSK3B::A2. APC] ---  [B1. GSK3B::B2. APC}[0m
[0;36m		[A1. APC::A2. LRP6] ---  [B1. APC::B2. LRP6}[0m
3988 832 cost: 100
[0;36m		[A1. GSK3B::A2. APC] ---  [B1. GSK3B::B2. APC}[0m
[0;36m		[A1. APC::A2. SMAD4] ---  [B1. APC::B2. SMAD4}[0m
3988 1017 cost: 100
[0;36m		[A1. GSK3B::A2. APC] ---  [B1. GSK3B::B2. APC}[0m
[0;36m		[A1. APC::A2. TCF7L2] ---  [B1. APC::B2. TCF7L2}[0m
3988 1481 cost: 100
[0;36m		[A1. GSK3B::A2. APC] ---  [B1. GSK3B::B2. APC}[0m
[0;36m		[A1. BRAF::A2. GSK3B] ---  [B1. BRAF::B2. GSK3B}[0m
184 2505 cost: 100
[0;36m		[A1. APC::A2. ERBIN] ---  [B1. APC::B2. ERBIN}[0m
[0;36m		[A1. ERBIN::A2. EGFR] ---  [B1. ERBIN::B2. EGFR}[0m
2505 2134 cost: 100
[0;36m		[A1. ERBIN::A2. EGFR] ---  [B1. ERBIN::B2. EGFR}[0m
[0;36m		[A1. EGFR::A2. KRAS] ---  [B1. EGFR::B2. KRAS}[0m
1481 4639 cost: 100
[0;36m		[A1. BRAF::A2. GSK3B] ---  [B1. BRAF::B2. GSK3B}[0m
[0;36m		[A1. GSK3B::A2. LRP6] ---  [B1. GSK3B::B2. LRP6}[0m
1481 4919 cost: 100
[0;36m		[A1. BRAF::A2. GSK3B] ---  [B1. BRAF::B2. GSK3B}[0m
[0;36m		[A1. GSK3B::A2. PTEN] ---  [B1. GSK3B::B2. PTEN}[0m
4919 7253 cost: 100
[0;36m		[A1. GSK3B::A2. PTEN] ---  [B1. GSK3B::B2. PTEN}[0m
[0;36m		[A1. PTEN::A2. SMAD4] ---  [B1. PTEN::B2. SMAD4}[0m
4919 7346 cost: 100
[0;36m		[A1. GSK3B::A2. PTEN] ---  [B1. GSK3B::B2. PTEN}[0m
[0;36m		[A1. PTEN::A2. TCF7L2] ---  [B1. PTEN::B2. TCF7L2}[0m
3988 1667 cost: 217
[0;36m		[A1. GSK3B::A2. APC] ---  [B1. GSK3B::B2. APC}[0m
[0;36m		[A1. BTRC::A2. GSK3B] ---  [B1. BRCA1::B2. GSK3B}[0m
7253 1909 cost: 217
[0;36m		[A1. PTEN::A2. SMAD4] ---  [B1. PTEN::B2. SMAD4}[0m
[0;36m		[A1. CDC42::A2. PTEN] ---  [B1. PIK3CA::B2. PTEN}[0m
3988 3156 cost: 217
[0;36m		[A1. GSK3B::A2. APC] ---  [B1. GSK3B::B2. APC}[0m
[0;36m		[A1. FBXW7::A2. GSK3B] ---  [B1. FOXO1::B2. GSK3B}[0m
1481 4454 cost: 217
[0;36m		[A1. BRAF::A2. GSK3B] ---  [B1. BRAF::B2. GSK3B}[0m
[0;36m		[A1. GSK3B::A2. HIF1A] ---  [B1. GSK3B::B2. FOXO3}[0m
1481 4732 cost: 217
[0;36m		[A1. BRAF::A2. GSK3B] ---  [B1. BRAF::B2. GSK3B}[0m
[0;36m		[A1. GSK3B::A2. MDM2] ---  [B1. GSK3B::B2. MAPK1}[0m
1481 4826 cost: 217
[0;36m		[A1. BRAF::A2. GSK3B] ---  [B1. BRAF::B2. GSK3B}[0m
[0;36m		[A1. GSK3B::A2. NOTCH2] ---  [B1. GSK3B::B2. PRKCA}[0m
1481 5012 cost: 217
[0;36m		[A1. BRAF::A2. GSK3B] ---  [B1. BRAF::B2. GSK3B}[0m
[0;36m		[A1. GSK3B::A2. SMAD1] ---  [B1. GSK3B::B2. PTK2}[0m
1481 5105 cost: 217
[0;36m		[A1. BRAF::A2. GSK3B] ---  [B1. BRAF::B2. GSK3B}[0m
[0;36m		[A1. GSK3B::A2. YAP1] ---  [B1. GSK3B::B2. TRAF6}[0m
832 8362 cost: 217
[0;36m		[A1. APC::A2. SMAD4] ---  [B1. APC::B2. SMAD4}[0m
[0;36m		[A1. SMAD4::A2. ATM] ---  [B1. SMAD4::B2. BCL2}[0m
832 8641 cost: 217
[0;36m		[A1. APC::A2. SMAD4] ---  [B1. APC::B2. SMAD4}[0m
[0;36m		[A1. SMAD4::A2. RBPJ] ---  [B1. SMAD4::B2. STAT3}[0m
1481 4543 cost: 465
[0;36m		[A1. BRAF::A2. GSK3B] ---  [B1. BRAF::B2. GSK3B}[0m
[0;36m		[A1. GSK3B::A2. KLF5] ---  [B1. GSK3B::B2. CREBBP}[0m

Displayed tree score: 0.320834

1207th run results (5) [new minumum]:0.320963
1207 3988 cost: 465
[0;36m		[A1. ATM::A2. FBXW7] ---  [B1. BRCA1::B2. GSK3B}[0m
[0;36m		[A1. GSK3B::A2. APC] ---  [B1. GSK3B::B2. APC}[0m
3988 184 cost: 100
[0;36m		[A1. GSK3B::A2. APC] ---  [B1. GSK3B::B2. APC}[0m
[0;36m		[A1. APC::A2. ERBIN] ---  [B1. APC::B2. ERBIN}[0m
3988 462 cost: 100
[0;36m		[A1. GSK3B::A2. APC] ---  [B1. GSK3B::B2. APC}[0m
[0;36m		[A1. APC::A2. KRAS] ---  [B1. APC::B2. KRAS}[0m
3988 555 cost: 100
[0;36m		[A1. GSK3B::A2. APC] ---  [B1. GSK3B::B2. APC}[0m
[0;36m		[A1. APC::A2. LRP6] ---  [B1. APC::B2. LRP6}[0m
3988 832 cost: 100
[0;36m		[A1. GSK3B::A2. APC] ---  [B1. GSK3B::B2. APC}[0m
[0;36m		[A1. APC::A2. SMAD4] ---  [B1. APC::B2. SMAD4}[0m
3988 1017 cost: 100
[0;36m		[A1. GSK3B::A2. APC] ---  [B1. GSK3B::B2. APC}[0m
[0;36m		[A1. APC::A2. TCF7L2] ---  [B1. APC::B2. TCF7L2}[0m
3988 1481 cost: 100
[0;36m		[A1. GSK3B::A2. APC] ---  [B1. GSK3B::B2. APC}[0m
[0;36m		[A1. BRAF::A2. GSK3B] ---  [B1. BRAF::B2. GSK3B}[0m
184 2505 cost: 100
[0;36m		[A1. APC::A2. ERBIN] ---  [B1. APC::B2. ERBIN}[0m
[0;36m		[A1. ERBIN::A2. EGFR] ---  [B1. ERBIN::B2. EGFR}[0m
2505 2134 cost: 100
[0;36m		[A1. ERBIN::A2. EGFR] ---  [B1. ERBIN::B2. EGFR}[0m
[0;36m		[A1. EGFR::A2. KRAS] ---  [B1. EGFR::B2. KRAS}[0m
3988 3152 cost: 100
[0;36m		[A1. GSK3B::A2. APC] ---  [B1. GSK3B::B2. APC}[0m
[0;36m		[A1. FBXW7::A2. GSK3B] ---  [B1. FBXW7::B2. GSK3B}[0m
1481 4639 cost: 100
[0;36m		[A1. BRAF::A2. GSK3B] ---  [B1. BRAF::B2. GSK3B}[0m
[0;36m		[A1. GSK3B::A2. LRP6] ---  [B1. GSK3B::B2. LRP6}[0m
1481 4919 cost: 100
[0;36m		[A1. BRAF::A2. GSK3B] ---  [B1. BRAF::B2. GSK3B}[0m
[0;36m		[A1. GSK3B::A2. PTEN] ---  [B1. GSK3B::B2. PTEN}[0m
4919 7253 cost: 100
[0;36m		[A1. GSK3B::A2. PTEN] ---  [B1. GSK3B::B2. PTEN}[0m
[0;36m		[A1. PTEN::A2. SMAD4] ---  [B1. PTEN::B2. SMAD4}[0m
4919 7346 cost: 100
[0;36m		[A1. GSK3B::A2. PTEN] ---  [B1. GSK3B::B2. PTEN}[0m
[0;36m		[A1. PTEN::A2. TCF7L2] ---  [B1. PTEN::B2. TCF7L2}[0m
3988 1671 cost: 217
[0;36m		[A1. GSK3B::A2. APC] ---  [B1. GSK3B::B2. APC}[0m
[0;36m		[A1. BTRC::A2. GSK3B] ---  [B1. CREBBP::B2. GSK3B}[0m
7253 1909 cost: 217
[0;36m		[A1. PTEN::A2. SMAD4] ---  [B1. PTEN::B2. SMAD4}[0m
[0;36m		[A1. CDC42::A2. PTEN] ---  [B1. PIK3CA::B2. PTEN}[0m
1481 4453 cost: 217
[0;36m		[A1. BRAF::A2. GSK3B] ---  [B1. BRAF::B2. GSK3B}[0m
[0;36m		[A1. GSK3B::A2. HIF1A] ---  [B1. GSK3B::B2. FOXO1}[0m
1481 4730 cost: 217
[0;36m		[A1. BRAF::A2. GSK3B] ---  [B1. BRAF::B2. GSK3B}[0m
[0;36m		[A1. GSK3B::A2. MDM2] ---  [B1. GSK3B::B2. FOXO3}[0m
1481 4826 cost: 217
[0;36m		[A1. BRAF::A2. GSK3B] ---  [B1. BRAF::B2. GSK3B}[0m
[0;36m		[A1. GSK3B::A2. NOTCH2] ---  [B1. GSK3B::B2. PRKCA}[0m
1481 5012 cost: 217
[0;36m		[A1. BRAF::A2. GSK3B] ---  [B1. BRAF::B2. GSK3B}[0m
[0;36m		[A1. GSK3B::A2. SMAD1] ---  [B1. GSK3B::B2. PTK2}[0m
1481 5100 cost: 217
[0;36m		[A1. BRAF::A2. GSK3B] ---  [B1. BRAF::B2. GSK3B}[0m
[0;36m		[A1. GSK3B::A2. YAP1] ---  [B1. GSK3B::B2. MAPK1}[0m
832 8362 cost: 217
[0;36m		[A1. APC::A2. SMAD4] ---  [B1. APC::B2. SMAD4}[0m
[0;36m		[A1. SMAD4::A2. ATM] ---  [B1. SMAD4::B2. BCL2}[0m
832 8641 cost: 217
[0;36m		[A1. APC::A2. SMAD4] ---  [B1. APC::B2. SMAD4}[0m
[0;36m		[A1. SMAD4::A2. RBPJ] ---  [B1. SMAD4::B2. STAT3}[0m
3988 2758 cost: 270
[0;36m		[A1. GSK3B::A2. APC] ---  [B1. GSK3B::B2. APC}[0m
[0;36m		[A1. FBXW11::A2. GSK3B] ---  [B1. TRAF6::B2. GSK3B}[0m

Displayed tree score: 0.320963

1258th run results (6) [new minumum]:0.332429
1258 3152 cost: 190
[0;36m		[A1. ATM::A2. FBXW7] ---  [B1. PIK3CA::B2. FBXW7}[0m
[0;36m		[A1. FBXW7::A2. GSK3B] ---  [B1. FBXW7::B2. GSK3B}[0m
3152 3988 cost: 100
[0;36m		[A1. FBXW7::A2. GSK3B] ---  [B1. FBXW7::B2. GSK3B}[0m
[0;36m		[A1. GSK3B::A2. APC] ---  [B1. GSK3B::B2. APC}[0m
3988 184 cost: 100
[0;36m		[A1. GSK3B::A2. APC] ---  [B1. GSK3B::B2. APC}[0m
[0;36m		[A1. APC::A2. ERBIN] ---  [B1. APC::B2. ERBIN}[0m
3988 462 cost: 100
[0;36m		[A1. GSK3B::A2. APC] ---  [B1. GSK3B::B2. APC}[0m
[0;36m		[A1. APC::A2. KRAS] ---  [B1. APC::B2. KRAS}[0m
3988 555 cost: 100
[0;36m		[A1. GSK3B::A2. APC] ---  [B1. GSK3B::B2. APC}[0m
[0;36m		[A1. APC::A2. LRP6] ---  [B1. APC::B2. LRP6}[0m
3988 832 cost: 100
[0;36m		[A1. GSK3B::A2. APC] ---  [B1. GSK3B::B2. APC}[0m
[0;36m		[A1. APC::A2. SMAD4] ---  [B1. APC::B2. SMAD4}[0m
3988 1017 cost: 100
[0;36m		[A1. GSK3B::A2. APC] ---  [B1. GSK3B::B2. APC}[0m
[0;36m		[A1. APC::A2. TCF7L2] ---  [B1. APC::B2. TCF7L2}[0m
3988 1481 cost: 100
[0;36m		[A1. GSK3B::A2. APC] ---  [B1. GSK3B::B2. APC}[0m
[0;36m		[A1. BRAF::A2. GSK3B] ---  [B1. BRAF::B2. GSK3B}[0m
184 2505 cost: 100
[0;36m		[A1. APC::A2. ERBIN] ---  [B1. APC::B2. ERBIN}[0m
[0;36m		[A1. ERBIN::A2. EGFR] ---  [B1. ERBIN::B2. EGFR}[0m
2505 2134 cost: 100
[0;36m		[A1. ERBIN::A2. EGFR] ---  [B1. ERBIN::B2. EGFR}[0m
[0;36m		[A1. EGFR::A2. KRAS] ---  [B1. EGFR::B2. KRAS}[0m
3152 4639 cost: 100
[0;36m		[A1. FBXW7::A2. GSK3B] ---  [B1. FBXW7::B2. GSK3B}[0m
[0;36m		[A1. GSK3B::A2. LRP6] ---  [B1. GSK3B::B2. LRP6}[0m
3152 4919 cost: 100
[0;36m		[A1. FBXW7::A2. GSK3B] ---  [B1. FBXW7::B2. GSK3B}[0m
[0;36m		[A1. GSK3B::A2. PTEN] ---  [B1. GSK3B::B2. PTEN}[0m
4919 7253 cost: 100
[0;36m		[A1. GSK3B::A2. PTEN] ---  [B1. GSK3B::B2. PTEN}[0m
[0;36m		[A1. PTEN::A2. SMAD4] ---  [B1. PTEN::B2. SMAD4}[0m
4919 7346 cost: 100
[0;36m		[A1. GSK3B::A2. PTEN] ---  [B1. GSK3B::B2. PTEN}[0m
[0;36m		[A1. PTEN::A2. TCF7L2] ---  [B1. PTEN::B2. TCF7L2}[0m
3988 1667 cost: 217
[0;36m		[A1. GSK3B::A2. APC] ---  [B1. GSK3B::B2. APC}[0m
[0;36m		[A1. BTRC::A2. GSK3B] ---  [B1. BRCA1::B2. GSK3B}[0m
7253 1909 cost: 217
[0;36m		[A1. PTEN::A2. SMAD4] ---  [B1. PTEN::B2. SMAD4}[0m
[0;36m		[A1. CDC42::A2. PTEN] ---  [B1. PIK3CA::B2. PTEN}[0m
3152 4453 cost: 217
[0;36m		[A1. FBXW7::A2. GSK3B] ---  [B1. FBXW7::B2. GSK3B}[0m
[0;36m		[A1. GSK3B::A2. HIF1A] ---  [B1. GSK3B::B2. FOXO1}[0m
3152 4730 cost: 217
[0;36m		[A1. FBXW7::A2. GSK3B] ---  [B1. FBXW7::B2. GSK3B}[0m
[0;36m		[A1. GSK3B::A2. MDM2] ---  [B1. GSK3B::B2. FOXO3}[0m
3152 4826 cost: 217
[0;36m		[A1. FBXW7::A2. GSK3B] ---  [B1. FBXW7::B2. GSK3B}[0m
[0;36m		[A1. GSK3B::A2. NOTCH2] ---  [B1. GSK3B::B2. PRKCA}[0m
3152 5012 cost: 217
[0;36m		[A1. FBXW7::A2. GSK3B] ---  [B1. FBXW7::B2. GSK3B}[0m
[0;36m		[A1. GSK3B::A2. SMAD1] ---  [B1. GSK3B::B2. PTK2}[0m
3152 5100 cost: 217
[0;36m		[A1. FBXW7::A2. GSK3B] ---  [B1. FBXW7::B2. GSK3B}[0m
[0;36m		[A1. GSK3B::A2. YAP1] ---  [B1. GSK3B::B2. MAPK1}[0m
832 8362 cost: 217
[0;36m		[A1. APC::A2. SMAD4] ---  [B1. APC::B2. SMAD4}[0m
[0;36m		[A1. SMAD4::A2. ATM] ---  [B1. SMAD4::B2. BCL2}[0m
832 8641 cost: 217
[0;36m		[A1. APC::A2. SMAD4] ---  [B1. APC::B2. SMAD4}[0m
[0;36m		[A1. SMAD4::A2. RBPJ] ---  [B1. SMAD4::B2. STAT3}[0m
3988 2758 cost: 270
[0;36m		[A1. GSK3B::A2. APC] ---  [B1. GSK3B::B2. APC}[0m
[0;36m		[A1. FBXW11::A2. GSK3B] ---  [B1. TRAF6::B2. GSK3B}[0m
3152 4543 cost: 465
[0;36m		[A1. FBXW7::A2. GSK3B] ---  [B1. FBXW7::B2. GSK3B}[0m
[0;36m		[A1. GSK3B::A2. KLF5] ---  [B1. GSK3B::B2. CREBBP}[0m

Displayed tree score: 0.332429

4450th run results (7) [new minumum]:0.343275
4450 369 cost: 217
[0;36m		[A1. GSK3B::A2. HIF1A] ---  [B1. GSK3B::B2. BRCA1}[0m
[0;36m		[A1. APC::A2. GSK3B] ---  [B1. APC::B2. GSK3B}[0m
369 2412 cost: 100
[0;36m		[A1. APC::A2. GSK3B] ---  [B1. APC::B2. GSK3B}[0m
[0;36m		[A1. ERBIN::A2. APC] ---  [B1. ERBIN::B2. APC}[0m
2412 462 cost: 100
[0;36m		[A1. ERBIN::A2. APC] ---  [B1. ERBIN::B2. APC}[0m
[0;36m		[A1. APC::A2. KRAS] ---  [B1. APC::B2. KRAS}[0m
2412 555 cost: 100
[0;36m		[A1. ERBIN::A2. APC] ---  [B1. ERBIN::B2. APC}[0m
[0;36m		[A1. APC::A2. LRP6] ---  [B1. APC::B2. LRP6}[0m
2412 832 cost: 100
[0;36m		[A1. ERBIN::A2. APC] ---  [B1. ERBIN::B2. APC}[0m
[0;36m		[A1. APC::A2. SMAD4] ---  [B1. APC::B2. SMAD4}[0m
2412 1017 cost: 100
[0;36m		[A1. ERBIN::A2. APC] ---  [B1. ERBIN::B2. APC}[0m
[0;36m		[A1. APC::A2. TCF7L2] ---  [B1. APC::B2. TCF7L2}[0m
2412 1949 cost: 100
[0;36m		[A1. ERBIN::A2. APC] ---  [B1. ERBIN::B2. APC}[0m
[0;36m		[A1. EGFR::A2. ERBIN] ---  [B1. EGFR::B2. ERBIN}[0m
369 4081 cost: 100
[0;36m		[A1. APC::A2. GSK3B] ---  [B1. APC::B2. GSK3B}[0m
[0;36m		[A1. GSK3B::A2. BRAF] ---  [B1. GSK3B::B2. BRAF}[0m
4081 3152 cost: 100
[0;36m		[A1. GSK3B::A2. BRAF] ---  [B1. GSK3B::B2. BRAF}[0m
[0;36m		[A1. FBXW7::A2. GSK3B] ---  [B1. FBXW7::B2. GSK3B}[0m
369 4639 cost: 100
[0;36m		[A1. APC::A2. GSK3B] ---  [B1. APC::B2. GSK3B}[0m
[0;36m		[A1. GSK3B::A2. LRP6] ---  [B1. GSK3B::B2. LRP6}[0m
369 4919 cost: 100
[0;36m		[A1. APC::A2. GSK3B] ---  [B1. APC::B2. GSK3B}[0m
[0;36m		[A1. GSK3B::A2. PTEN] ---  [B1. GSK3B::B2. PTEN}[0m
462 6028 cost: 100
[0;36m		[A1. APC::A2. KRAS] ---  [B1. APC::B2. KRAS}[0m
[0;36m		[A1. KRAS::A2. EGFR] ---  [B1. KRAS::B2. EGFR}[0m
4919 7253 cost: 100
[0;36m		[A1. GSK3B::A2. PTEN] ---  [B1. GSK3B::B2. PTEN}[0m
[0;36m		[A1. PTEN::A2. SMAD4] ---  [B1. PTEN::B2. SMAD4}[0m
4919 7346 cost: 100
[0;36m		[A1. GSK3B::A2. PTEN] ---  [B1. GSK3B::B2. PTEN}[0m
[0;36m		[A1. PTEN::A2. TCF7L2] ---  [B1. PTEN::B2. TCF7L2}[0m
3152 1258 cost: 190
[0;36m		[A1. FBXW7::A2. GSK3B] ---  [B1. FBXW7::B2. GSK3B}[0m
[0;36m		[A1. ATM::A2. FBXW7] ---  [B1. PIK3CA::B2. FBXW7}[0m
4081 1671 cost: 217
[0;36m		[A1. GSK3B::A2. BRAF] ---  [B1. GSK3B::B2. BRAF}[0m
[0;36m		[A1. BTRC::A2. GSK3B] ---  [B1. CREBBP::B2. GSK3B}[0m
369 4729 cost: 217
[0;36m		[A1. APC::A2. GSK3B] ---  [B1. APC::B2. GSK3B}[0m
[0;36m		[A1. GSK3B::A2. MDM2] ---  [B1. GSK3B::B2. FOXO1}[0m
369 4822 cost: 217
[0;36m		[A1. APC::A2. GSK3B] ---  [B1. APC::B2. GSK3B}[0m
[0;36m		[A1. GSK3B::A2. NOTCH2] ---  [B1. GSK3B::B2. FOXO3}[0m
369 5010 cost: 217
[0;36m		[A1. APC::A2. GSK3B] ---  [B1. APC::B2. GSK3B}[0m
[0;36m		[A1. GSK3B::A2. SMAD1] ---  [B1. GSK3B::B2. PRKCA}[0m
369 5100 cost: 217
[0;36m		[A1. APC::A2. GSK3B] ---  [B1. APC::B2. GSK3B}[0m
[0;36m		[A1. GSK3B::A2. YAP1] ---  [B1. GSK3B::B2. MAPK1}[0m
6028 5342 cost: 217
[0;36m		[A1. KRAS::A2. EGFR] ---  [B1. KRAS::B2. EGFR}[0m
[0;36m		[A1. HIF1A::A2. KRAS] ---  [B1. BCL2::B2. KRAS}[0m
832 8454 cost: 217
[0;36m		[A1. APC::A2. SMAD4] ---  [B1. APC::B2. SMAD4}[0m
[0;36m		[A1. SMAD4::A2. HIF1A] ---  [B1. SMAD4::B2. BCL2}[0m
832 8641 cost: 217
[0;36m		[A1. APC::A2. SMAD4] ---  [B1. APC::B2. SMAD4}[0m
[0;36m		[A1. SMAD4::A2. RBPJ] ---  [B1. SMAD4::B2. STAT3}[0m
4081 2758 cost: 270
[0;36m		[A1. GSK3B::A2. BRAF] ---  [B1. GSK3B::B2. BRAF}[0m
[0;36m		[A1. FBXW11::A2. GSK3B] ---  [B1. TRAF6::B2. GSK3B}[0m
369 4552 cost: 333
[0;36m		[A1. APC::A2. GSK3B] ---  [B1. APC::B2. GSK3B}[0m
[0;36m		[A1. GSK3B::A2. KLF5] ---  [B1. GSK3B::B2. PTK2}[0m

Displayed tree score: 0.343275

Petal1:52	Petal2:46	treecost: 4046	 tree size:25
$RESULT$	FBXW7	PIK3CA	norm_score:	0.343275
[0m
[0 min 16 sec] All done in 
