COMMAND: /Users/gurkan/Box/Research/INSPIRE/inspire-replication/src/INSPIRE /Users/gurkan/Box/Research/INSPIRE/inspire-replication/database/inspire.sqlite FBXW7 NF1 inspire_legacy_v1

GO normalization for inspire_legacy_v1: 14.1026
GO normalization in use: 14.1026
Loaded 5995 GO pair scores for inspire_legacy_v1
Create two petals
Begin PETAL setup
new petal FBXW7 (27)
# 52 interactions in FBXW7
Done adding UniProt and Pfam annotations for FBXW7.
new petal NF1 (13)
# 20 interactions in NF1
Done adding UniProt and Pfam annotations for NF1.
Petal Sizes: 27, 13
[1;32mPetal Name: [1;33mFBXW7
[1;32mPetal Size: [1;33m27[0;31m
APC
ATM
BRAF
BTRC
CDC42
EGFR
EP300
ERBIN
FBXW11
FBXW7
GSK3B
HIF1A
KLF5
KRAS
LRP6
LRRK2
MDM2
NOTCH2
PTEN
RBPJ
SIAH1
SMAD1
SMAD4
TBL1XR1
TCF7L2
TNKS
YAP1
[0m---- 
[1;36mPetal Interactions[0;32m
1 BTRC	pp	APC
2 CDC42	pp	APC
3 ERBIN	pp	APC
4 ERBIN	pp	EGFR
5 FBXW11	pp	APC
6 FBXW7	pp	ATM
7 FBXW7	pp	BRAF
8 FBXW7	pp	EGFR
9 FBXW7	pp	EP300
10 GSK3B	pp	APC
11 GSK3B	pp	BRAF
12 GSK3B	pp	BTRC
13 GSK3B	pp	FBXW11
14 GSK3B	pp	FBXW7
15 HIF1A	pp	FBXW7
16 HIF1A	pp	GSK3B
17 KLF5	pp	FBXW7
18 KLF5	pp	GSK3B
19 KRAS	pp	APC
20 KRAS	pp	EGFR
21 KRAS	pp	HIF1A
22 LRP6	pp	APC
23 LRP6	pp	GSK3B
24 LRRK2	pp	APC
25 LRRK2	pp	HIF1A
26 MDM2	pp	FBXW7
27 MDM2	pp	GSK3B
28 NOTCH2	pp	FBXW7
29 NOTCH2	pp	GSK3B
30 PTEN	pp	CDC42
31 PTEN	pp	FBXW7
32 PTEN	pp	GSK3B
33 RBPJ	pp	FBXW7
34 SIAH1	pp	APC
35 SIAH1	pp	HIF1A
36 SMAD1	pp	FBXW7
37 SMAD1	pp	GSK3B
38 SMAD4	pp	APC
39 SMAD4	pp	ATM
40 SMAD4	pp	HIF1A
41 SMAD4	pp	PTEN
42 SMAD4	pp	RBPJ
43 SMAD4	pp	SMAD1
44 TBL1XR1	pp	APC
45 TBL1XR1	pp	RBPJ
46 TCF7L2	pp	APC
47 TCF7L2	pp	EP300
48 TCF7L2	pp	PTEN
49 TNKS	pp	APC
50 TNKS	pp	PTEN
51 YAP1	pp	FBXW7
52 YAP1	pp	GSK3B
[0m
[1;32mPetal Name: [1;33mNF1
[1;32mPetal Size: [1;33m13[0;31m
APC
ATM
BRCA1
CDC42
EGFR
ERBIN
GSK3B
MDM2
NF1
PTEN
SMAD4
TCF7L2
TNKS
[0m---- 
[1;36mPetal Interactions[0;32m
1 CDC42	pp	APC
2 ERBIN	pp	APC
3 ERBIN	pp	EGFR
4 GSK3B	pp	APC
5 GSK3B	pp	BRCA1
6 MDM2	pp	GSK3B
7 NF1	pp	ATM
8 NF1	pp	BRCA1
9 NF1	pp	EGFR
10 NF1	pp	MDM2
11 PTEN	pp	CDC42
12 PTEN	pp	GSK3B
13 PTEN	pp	NF1
14 SMAD4	pp	APC
15 SMAD4	pp	ATM
16 SMAD4	pp	PTEN
17 TCF7L2	pp	APC
18 TCF7L2	pp	PTEN
19 TNKS	pp	APC
20 TNKS	pp	PTEN
[0m
Done creating Petals.
petals are loaded
[1;32mAGE for [0;36mFBXW7 - NF1[0m
[0;35minitial size for AGE: 0[0m
counterPetal1 104
counterPetal2 40
counterPetal1*counterPetal2 4160
(*AGE).size()=4160
[0m---- 
[1;33mAGE nodes: 4160[0m
Allocate AGEgraph :  4160 x 4160	17305600 bytes

[0 min 0 sec] Nodes are done in 

[0 min 1 sec] Edges are done in 
0th run results (0) [new minumum]:0.655366
0 1054 cost: 317
[0;36m		[A1. APC::A2. BTRC] ---  [B1. APC::B2. CDC42}[0m
[0;36m		[A1. ERBIN::A2. APC] ---  [B1. ERBIN::B2. APC}[0m
1054 162 cost: 100
[0;36m		[A1. ERBIN::A2. APC] ---  [B1. ERBIN::B2. APC}[0m
[0;36m		[A1. APC::A2. GSK3B] ---  [B1. APC::B2. GSK3B}[0m
1054 363 cost: 100
[0;36m		[A1. ERBIN::A2. APC] ---  [B1. ERBIN::B2. APC}[0m
[0;36m		[A1. APC::A2. SMAD4] ---  [B1. APC::B2. SMAD4}[0m
1054 444 cost: 100
[0;36m		[A1. ERBIN::A2. APC] ---  [B1. ERBIN::B2. APC}[0m
[0;36m		[A1. APC::A2. TCF7L2] ---  [B1. APC::B2. TCF7L2}[0m
1054 485 cost: 100
[0;36m		[A1. ERBIN::A2. APC] ---  [B1. ERBIN::B2. APC}[0m
[0;36m		[A1. APC::A2. TNKS] ---  [B1. APC::B2. TNKS}[0m
1054 852 cost: 100
[0;36m		[A1. ERBIN::A2. APC] ---  [B1. ERBIN::B2. APC}[0m
[0;36m		[A1. EGFR::A2. ERBIN] ---  [B1. EGFR::B2. ERBIN}[0m
162 2058 cost: 100
[0;36m		[A1. APC::A2. GSK3B] ---  [B1. APC::B2. GSK3B}[0m
[0;36m		[A1. GSK3B::A2. MDM2] ---  [B1. GSK3B::B2. MDM2}[0m
162 2139 cost: 100
[0;36m		[A1. APC::A2. GSK3B] ---  [B1. APC::B2. GSK3B}[0m
[0;36m		[A1. GSK3B::A2. PTEN] ---  [B1. GSK3B::B2. PTEN}[0m
2139 3027 cost: 100
[0;36m		[A1. GSK3B::A2. PTEN] ---  [B1. GSK3B::B2. PTEN}[0m
[0;36m		[A1. PTEN::A2. CDC42] ---  [B1. PTEN::B2. CDC42}[0m
2139 3150 cost: 100
[0;36m		[A1. GSK3B::A2. PTEN] ---  [B1. GSK3B::B2. PTEN}[0m
[0;36m		[A1. PTEN::A2. SMAD4] ---  [B1. PTEN::B2. SMAD4}[0m
2139 3191 cost: 100
[0;36m		[A1. GSK3B::A2. PTEN] ---  [B1. GSK3B::B2. PTEN}[0m
[0;36m		[A1. PTEN::A2. TCF7L2] ---  [B1. PTEN::B2. TCF7L2}[0m
2139 3232 cost: 100
[0;36m		[A1. GSK3B::A2. PTEN] ---  [B1. GSK3B::B2. PTEN}[0m
[0;36m		[A1. PTEN::A2. TNKS] ---  [B1. PTEN::B2. TNKS}[0m
363 3634 cost: 100
[0;36m		[A1. APC::A2. SMAD4] ---  [B1. APC::B2. SMAD4}[0m
[0;36m		[A1. SMAD4::A2. ATM] ---  [B1. SMAD4::B2. ATM}[0m
3634 526 cost: 217
[0;36m		[A1. SMAD4::A2. ATM] ---  [B1. SMAD4::B2. ATM}[0m
[0;36m		[A1. ATM::A2. FBXW7] ---  [B1. ATM::B2. NF1}[0m
2058 728 cost: 217
[0;36m		[A1. GSK3B::A2. MDM2] ---  [B1. GSK3B::B2. MDM2}[0m
[0;36m		[A1. BTRC::A2. GSK3B] ---  [B1. BRCA1::B2. GSK3B}[0m
852 1304 cost: 217
[0;36m		[A1. EGFR::A2. ERBIN] ---  [B1. EGFR::B2. ERBIN}[0m
[0;36m		[A1. FBXW7::A2. EGFR] ---  [B1. NF1::B2. EGFR}[0m
3027 1586 cost: 217
[0;36m		[A1. PTEN::A2. CDC42] ---  [B1. PTEN::B2. CDC42}[0m
[0;36m		[A1. FBXW7::A2. PTEN] ---  [B1. NF1::B2. PTEN}[0m
2058 2861 cost: 217
[0;36m		[A1. GSK3B::A2. MDM2] ---  [B1. GSK3B::B2. MDM2}[0m
[0;36m		[A1. MDM2::A2. FBXW7] ---  [B1. MDM2::B2. NF1}[0m

Displayed tree score: 0.655366

2th run results (1) [new minumum]:0.68156
2 770 cost: 217
[0;36m		[A1. APC::A2. BTRC] ---  [B1. APC::B2. GSK3B}[0m
[0;36m		[A1. CDC42::A2. APC] ---  [B1. CDC42::B2. APC}[0m
770 81 cost: 100
[0;36m		[A1. CDC42::A2. APC] ---  [B1. CDC42::B2. APC}[0m
[0;36m		[A1. APC::A2. ERBIN] ---  [B1. APC::B2. ERBIN}[0m
770 363 cost: 100
[0;36m		[A1. CDC42::A2. APC] ---  [B1. CDC42::B2. APC}[0m
[0;36m		[A1. APC::A2. SMAD4] ---  [B1. APC::B2. SMAD4}[0m
770 444 cost: 100
[0;36m		[A1. CDC42::A2. APC] ---  [B1. CDC42::B2. APC}[0m
[0;36m		[A1. APC::A2. TCF7L2] ---  [B1. APC::B2. TCF7L2}[0m
770 485 cost: 100
[0;36m		[A1. CDC42::A2. APC] ---  [B1. CDC42::B2. APC}[0m
[0;36m		[A1. APC::A2. TNKS] ---  [B1. APC::B2. TNKS}[0m
81 1095 cost: 100
[0;36m		[A1. APC::A2. ERBIN] ---  [B1. APC::B2. ERBIN}[0m
[0;36m		[A1. ERBIN::A2. EGFR] ---  [B1. ERBIN::B2. EGFR}[0m
770 3027 cost: 100
[0;36m		[A1. CDC42::A2. APC] ---  [B1. CDC42::B2. APC}[0m
[0;36m		[A1. PTEN::A2. CDC42] ---  [B1. PTEN::B2. CDC42}[0m
3027 2139 cost: 100
[0;36m		[A1. PTEN::A2. CDC42] ---  [B1. PTEN::B2. CDC42}[0m
[0;36m		[A1. GSK3B::A2. PTEN] ---  [B1. GSK3B::B2. PTEN}[0m
2139 2900 cost: 100
[0;36m		[A1. GSK3B::A2. PTEN] ---  [B1. GSK3B::B2. PTEN}[0m
[0;36m		[A1. MDM2::A2. GSK3B] ---  [B1. MDM2::B2. GSK3B}[0m
2139 3150 cost: 100
[0;36m		[A1. GSK3B::A2. PTEN] ---  [B1. GSK3B::B2. PTEN}[0m
[0;36m		[A1. PTEN::A2. SMAD4] ---  [B1. PTEN::B2. SMAD4}[0m
2139 3191 cost: 100
[0;36m		[A1. GSK3B::A2. PTEN] ---  [B1. GSK3B::B2. PTEN}[0m
[0;36m		[A1. PTEN::A2. TCF7L2] ---  [B1. PTEN::B2. TCF7L2}[0m
2139 3232 cost: 100
[0;36m		[A1. GSK3B::A2. PTEN] ---  [B1. GSK3B::B2. PTEN}[0m
[0;36m		[A1. PTEN::A2. TNKS] ---  [B1. PTEN::B2. TNKS}[0m
363 3634 cost: 100
[0;36m		[A1. APC::A2. SMAD4] ---  [B1. APC::B2. SMAD4}[0m
[0;36m		[A1. SMAD4::A2. ATM] ---  [B1. SMAD4::B2. ATM}[0m
3634 526 cost: 217
[0;36m		[A1. SMAD4::A2. ATM] ---  [B1. SMAD4::B2. ATM}[0m
[0;36m		[A1. ATM::A2. FBXW7] ---  [B1. ATM::B2. NF1}[0m
2139 728 cost: 217
[0;36m		[A1. GSK3B::A2. PTEN] ---  [B1. GSK3B::B2. PTEN}[0m
[0;36m		[A1. BTRC::A2. GSK3B] ---  [B1. BRCA1::B2. GSK3B}[0m
1095 893 cost: 217
[0;36m		[A1. ERBIN::A2. EGFR] ---  [B1. ERBIN::B2. EGFR}[0m
[0;36m		[A1. EGFR::A2. FBXW7] ---  [B1. EGFR::B2. NF1}[0m
2900 1505 cost: 217
[0;36m		[A1. MDM2::A2. GSK3B] ---  [B1. MDM2::B2. GSK3B}[0m
[0;36m		[A1. FBXW7::A2. MDM2] ---  [B1. NF1::B2. MDM2}[0m
3027 1586 cost: 217
[0;36m		[A1. PTEN::A2. CDC42] ---  [B1. PTEN::B2. CDC42}[0m
[0;36m		[A1. FBXW7::A2. PTEN] ---  [B1. NF1::B2. PTEN}[0m

Displayed tree score: 0.68156

40th run results (2) [new minumum]:0.714995
40 811 cost: 100
[0;36m		[A1. APC::A2. CDC42] ---  [B1. APC::B2. CDC42}[0m
[0;36m		[A1. CDC42::A2. PTEN] ---  [B1. CDC42::B2. PTEN}[0m
40 1054 cost: 100
[0;36m		[A1. APC::A2. CDC42] ---  [B1. APC::B2. CDC42}[0m
[0;36m		[A1. ERBIN::A2. APC] ---  [B1. ERBIN::B2. APC}[0m
1054 162 cost: 100
[0;36m		[A1. ERBIN::A2. APC] ---  [B1. ERBIN::B2. APC}[0m
[0;36m		[A1. APC::A2. GSK3B] ---  [B1. APC::B2. GSK3B}[0m
1054 363 cost: 100
[0;36m		[A1. ERBIN::A2. APC] ---  [B1. ERBIN::B2. APC}[0m
[0;36m		[A1. APC::A2. SMAD4] ---  [B1. APC::B2. SMAD4}[0m
1054 444 cost: 100
[0;36m		[A1. ERBIN::A2. APC] ---  [B1. ERBIN::B2. APC}[0m
[0;36m		[A1. APC::A2. TCF7L2] ---  [B1. APC::B2. TCF7L2}[0m
1054 485 cost: 100
[0;36m		[A1. ERBIN::A2. APC] ---  [B1. ERBIN::B2. APC}[0m
[0;36m		[A1. APC::A2. TNKS] ---  [B1. APC::B2. TNKS}[0m
1054 852 cost: 100
[0;36m		[A1. ERBIN::A2. APC] ---  [B1. ERBIN::B2. APC}[0m
[0;36m		[A1. EGFR::A2. ERBIN] ---  [B1. EGFR::B2. ERBIN}[0m
162 2058 cost: 100
[0;36m		[A1. APC::A2. GSK3B] ---  [B1. APC::B2. GSK3B}[0m
[0;36m		[A1. GSK3B::A2. MDM2] ---  [B1. GSK3B::B2. MDM2}[0m
162 2139 cost: 100
[0;36m		[A1. APC::A2. GSK3B] ---  [B1. APC::B2. GSK3B}[0m
[0;36m		[A1. GSK3B::A2. PTEN] ---  [B1. GSK3B::B2. PTEN}[0m
811 3150 cost: 100
[0;36m		[A1. CDC42::A2. PTEN] ---  [B1. CDC42::B2. PTEN}[0m
[0;36m		[A1. PTEN::A2. SMAD4] ---  [B1. PTEN::B2. SMAD4}[0m
811 3191 cost: 100
[0;36m		[A1. CDC42::A2. PTEN] ---  [B1. CDC42::B2. PTEN}[0m
[0;36m		[A1. PTEN::A2. TCF7L2] ---  [B1. PTEN::B2. TCF7L2}[0m
811 3232 cost: 100
[0;36m		[A1. CDC42::A2. PTEN] ---  [B1. CDC42::B2. PTEN}[0m
[0;36m		[A1. PTEN::A2. TNKS] ---  [B1. PTEN::B2. TNKS}[0m
363 3634 cost: 100
[0;36m		[A1. APC::A2. SMAD4] ---  [B1. APC::B2. SMAD4}[0m
[0;36m		[A1. SMAD4::A2. ATM] ---  [B1. SMAD4::B2. ATM}[0m
3634 526 cost: 217
[0;36m		[A1. SMAD4::A2. ATM] ---  [B1. SMAD4::B2. ATM}[0m
[0;36m		[A1. ATM::A2. FBXW7] ---  [B1. ATM::B2. NF1}[0m
2058 728 cost: 217
[0;36m		[A1. GSK3B::A2. MDM2] ---  [B1. GSK3B::B2. MDM2}[0m
[0;36m		[A1. BTRC::A2. GSK3B] ---  [B1. BRCA1::B2. GSK3B}[0m
852 1304 cost: 217
[0;36m		[A1. EGFR::A2. ERBIN] ---  [B1. EGFR::B2. ERBIN}[0m
[0;36m		[A1. FBXW7::A2. EGFR] ---  [B1. NF1::B2. EGFR}[0m
3150 1586 cost: 217
[0;36m		[A1. PTEN::A2. SMAD4] ---  [B1. PTEN::B2. SMAD4}[0m
[0;36m		[A1. FBXW7::A2. PTEN] ---  [B1. NF1::B2. PTEN}[0m
2058 2861 cost: 217
[0;36m		[A1. GSK3B::A2. MDM2] ---  [B1. GSK3B::B2. MDM2}[0m
[0;36m		[A1. MDM2::A2. FBXW7] ---  [B1. MDM2::B2. NF1}[0m

Displayed tree score: 0.714995

Petal1:52	Petal2:20	treecost: 2385	 tree size:18
$RESULT$	FBXW7	NF1	norm_score:	0.714995
[0m
[0 min 2 sec] All done in 
