COMMAND: /Users/gurkan/Box/Research/INSPIRE/inspire-replication/src/INSPIRE /Users/gurkan/Box/Research/INSPIRE/inspire-replication/database/inspire.sqlite FBXW7 GLI3 inspire_legacy_v1

GO normalization for inspire_legacy_v1: 14.1026
GO normalization in use: 14.1026
Loaded 5995 GO pair scores for inspire_legacy_v1
Create two petals
Begin PETAL setup
new petal FBXW7 (27)
# 52 interactions in FBXW7
Done adding UniProt and Pfam annotations for FBXW7.
new petal GLI3 (6)
# 7 interactions in GLI3
Done adding UniProt and Pfam annotations for GLI3.
Petal Sizes: 27, 6
[1;32mPetal Name: [1;33mFBXW7
[1;32mPetal Size: [1;33m27[0;31m
APC
ATM
BRAF
BTRC
CDC42
EGFR
EP300
ERBIN
FBXW11
FBXW7
GSK3B
HIF1A
KLF5
KRAS
LRP6
LRRK2
MDM2
NOTCH2
PTEN
RBPJ
SIAH1
SMAD1
SMAD4
TBL1XR1
TCF7L2
TNKS
YAP1
[0m---- 
[1;36mPetal Interactions[0;32m
1 BTRC	pp	APC
2 CDC42	pp	APC
3 ERBIN	pp	APC
4 ERBIN	pp	EGFR
5 FBXW11	pp	APC
6 FBXW7	pp	ATM
7 FBXW7	pp	BRAF
8 FBXW7	pp	EGFR
9 FBXW7	pp	EP300
10 GSK3B	pp	APC
11 GSK3B	pp	BRAF
12 GSK3B	pp	BTRC
13 GSK3B	pp	FBXW11
14 GSK3B	pp	FBXW7
15 HIF1A	pp	FBXW7
16 HIF1A	pp	GSK3B
17 KLF5	pp	FBXW7
18 KLF5	pp	GSK3B
19 KRAS	pp	APC
20 KRAS	pp	EGFR
21 KRAS	pp	HIF1A
22 LRP6	pp	APC
23 LRP6	pp	GSK3B
24 LRRK2	pp	APC
25 LRRK2	pp	HIF1A
26 MDM2	pp	FBXW7
27 MDM2	pp	GSK3B
28 NOTCH2	pp	FBXW7
29 NOTCH2	pp	GSK3B
30 PTEN	pp	CDC42
31 PTEN	pp	FBXW7
32 PTEN	pp	GSK3B
33 RBPJ	pp	FBXW7
34 SIAH1	pp	APC
35 SIAH1	pp	HIF1A
36 SMAD1	pp	FBXW7
37 SMAD1	pp	GSK3B
38 SMAD4	pp	APC
39 SMAD4	pp	ATM
40 SMAD4	pp	HIF1A
41 SMAD4	pp	PTEN
42 SMAD4	pp	RBPJ
43 SMAD4	pp	SMAD1
44 TBL1XR1	pp	APC
45 TBL1XR1	pp	RBPJ
46 TCF7L2	pp	APC
47 TCF7L2	pp	EP300
48 TCF7L2	pp	PTEN
49 TNKS	pp	APC
50 TNKS	pp	PTEN
51 YAP1	pp	FBXW7
52 YAP1	pp	GSK3B
[0m
[1;32mPetal Name: [1;33mGLI3
[1;32mPetal Size: [1;33m6[0;31m
APC
CREBBP
GLI3
GSK3B
LRP6
RUNX2
[0m---- 
[1;36mPetal Interactions[0;32m
1 GLI3	pp	CREBBP
2 GSK3B	pp	APC
3 GSK3B	pp	CREBBP
4 LRP6	pp	APC
5 RUNX2	pp	GLI3
6 RUNX2	pp	GSK3B
7 RUNX2	pp	LRP6
[0m
Done creating Petals.
petals are loaded
[1;32mAGE for [0;36mFBXW7 - GLI3[0m
[0;35minitial size for AGE: 0[0m
counterPetal1 104
counterPetal2 14
counterPetal1*counterPetal2 1456
(*AGE).size()=1456
[0m---- 
[1;33mAGE nodes: 1456[0m
Allocate AGEgraph :  1456 x 1456	2119936 bytes

[0 min 0 sec] Nodes are done in 

[0 min 0 sec] Edges are done in 
0th run results (0) [new minumum]:0.183402
0 947 cost: 217
[0;36m		[A1. APC::A2. BTRC] ---  [B1. APC::B2. GSK3B}[0m
[0;36m		[A1. LRP6::A2. APC] ---  [B1. LRP6::B2. APC}[0m
947 713 cost: 246
[0;36m		[A1. LRP6::A2. APC] ---  [B1. LRP6::B2. APC}[0m
[0;36m		[A1. GSK3B::A2. LRP6] ---  [B1. RUNX2::B2. LRP6}[0m
947 917 cost: 465
[0;36m		[A1. LRP6::A2. APC] ---  [B1. LRP6::B2. APC}[0m
[0;36m		[A1. KRAS::A2. EGFR] ---  [B1. GSK3B::B2. CREBBP}[0m
947 257 cost: 526
[0;36m		[A1. LRP6::A2. APC] ---  [B1. LRP6::B2. APC}[0m
[0;36m		[A1. BTRC::A2. GSK3B] ---  [B1. GLI3::B2. RUNX2}[0m

Displayed tree score: 0.183402

1th run results (1) [new minumum]:0.201867
1 608 cost: 298
[0;36m		[A1. APC::A2. BTRC] ---  [B1. APC::B2. LRP6}[0m
[0;36m		[A1. GSK3B::A2. APC] ---  [B1. GSK3B::B2. APC}[0m
608 255 cost: 217
[0;36m		[A1. GSK3B::A2. APC] ---  [B1. GSK3B::B2. APC}[0m
[0;36m		[A1. BTRC::A2. GSK3B] ---  [B1. CREBBP::B2. GSK3B}[0m
608 1048 cost: 235
[0;36m		[A1. GSK3B::A2. APC] ---  [B1. GSK3B::B2. APC}[0m
[0;36m		[A1. NOTCH2::A2. GSK3B] ---  [B1. RUNX2::B2. GSK3B}[0m
608 537 cost: 571
[0;36m		[A1. GSK3B::A2. APC] ---  [B1. GSK3B::B2. APC}[0m
[0;36m		[A1. FBXW7::A2. NOTCH2] ---  [B1. GLI3::B2. RUNX2}[0m

Displayed tree score: 0.201867

4th run results (2) [new minumum]:0.243522
4 255 cost: 588
[0;36m		[A1. APC::A2. BTRC] ---  [B1. GLI3::B2. CREBBP}[0m
[0;36m		[A1. BTRC::A2. GSK3B] ---  [B1. CREBBP::B2. GSK3B}[0m
255 608 cost: 217
[0;36m		[A1. BTRC::A2. GSK3B] ---  [B1. CREBBP::B2. GSK3B}[0m
[0;36m		[A1. GSK3B::A2. APC] ---  [B1. GSK3B::B2. APC}[0m
608 85 cost: 100
[0;36m		[A1. GSK3B::A2. APC] ---  [B1. GSK3B::B2. APC}[0m
[0;36m		[A1. APC::A2. LRP6] ---  [B1. APC::B2. LRP6}[0m
608 1048 cost: 235
[0;36m		[A1. GSK3B::A2. APC] ---  [B1. GSK3B::B2. APC}[0m
[0;36m		[A1. NOTCH2::A2. GSK3B] ---  [B1. RUNX2::B2. GSK3B}[0m
608 537 cost: 571
[0;36m		[A1. GSK3B::A2. APC] ---  [B1. GSK3B::B2. APC}[0m
[0;36m		[A1. FBXW7::A2. NOTCH2] ---  [B1. GLI3::B2. RUNX2}[0m

Displayed tree score: 0.243522

136th run results (3) [new minumum]:0.254842
136 608 cost: 512
[0;36m		[A1. APC::A2. SMAD4] ---  [B1. LRP6::B2. RUNX2}[0m
[0;36m		[A1. GSK3B::A2. APC] ---  [B1. GSK3B::B2. APC}[0m
608 85 cost: 100
[0;36m		[A1. GSK3B::A2. APC] ---  [B1. GSK3B::B2. APC}[0m
[0;36m		[A1. APC::A2. LRP6] ---  [B1. APC::B2. LRP6}[0m
608 255 cost: 217
[0;36m		[A1. GSK3B::A2. APC] ---  [B1. GSK3B::B2. APC}[0m
[0;36m		[A1. BTRC::A2. GSK3B] ---  [B1. CREBBP::B2. GSK3B}[0m
608 1048 cost: 235
[0;36m		[A1. GSK3B::A2. APC] ---  [B1. GSK3B::B2. APC}[0m
[0;36m		[A1. NOTCH2::A2. GSK3B] ---  [B1. RUNX2::B2. GSK3B}[0m
608 537 cost: 571
[0;36m		[A1. GSK3B::A2. APC] ---  [B1. GSK3B::B2. APC}[0m
[0;36m		[A1. FBXW7::A2. NOTCH2] ---  [B1. GLI3::B2. RUNX2}[0m

Displayed tree score: 0.254842

186th run results (4) [new minumum]:0.258799
186 608 cost: 487
[0;36m		[A1. ATM::A2. FBXW7] ---  [B1. GLI3::B2. CREBBP}[0m
[0;36m		[A1. GSK3B::A2. APC] ---  [B1. GSK3B::B2. APC}[0m
608 85 cost: 100
[0;36m		[A1. GSK3B::A2. APC] ---  [B1. GSK3B::B2. APC}[0m
[0;36m		[A1. APC::A2. LRP6] ---  [B1. APC::B2. LRP6}[0m
608 255 cost: 217
[0;36m		[A1. GSK3B::A2. APC] ---  [B1. GSK3B::B2. APC}[0m
[0;36m		[A1. BTRC::A2. GSK3B] ---  [B1. CREBBP::B2. GSK3B}[0m
608 1048 cost: 235
[0;36m		[A1. GSK3B::A2. APC] ---  [B1. GSK3B::B2. APC}[0m
[0;36m		[A1. NOTCH2::A2. GSK3B] ---  [B1. RUNX2::B2. GSK3B}[0m
608 537 cost: 571
[0;36m		[A1. GSK3B::A2. APC] ---  [B1. GSK3B::B2. APC}[0m
[0;36m		[A1. FBXW7::A2. NOTCH2] ---  [B1. GLI3::B2. RUNX2}[0m

Displayed tree score: 0.258799

256th run results (5) [new minumum]:0.259656
256 608 cost: 465
[0;36m		[A1. BTRC::A2. GSK3B] ---  [B1. GLI3::B2. CREBBP}[0m
[0;36m		[A1. GSK3B::A2. APC] ---  [B1. GSK3B::B2. APC}[0m
608 85 cost: 100
[0;36m		[A1. GSK3B::A2. APC] ---  [B1. GSK3B::B2. APC}[0m
[0;36m		[A1. APC::A2. LRP6] ---  [B1. APC::B2. LRP6}[0m
608 479 cost: 227
[0;36m		[A1. GSK3B::A2. APC] ---  [B1. GSK3B::B2. APC}[0m
[0;36m		[A1. FBXW7::A2. GSK3B] ---  [B1. CREBBP::B2. GSK3B}[0m
608 1048 cost: 235
[0;36m		[A1. GSK3B::A2. APC] ---  [B1. GSK3B::B2. APC}[0m
[0;36m		[A1. NOTCH2::A2. GSK3B] ---  [B1. RUNX2::B2. GSK3B}[0m

Displayed tree score: 0.259656

257th run results (6) [new minumum]:0.26455
257 608 cost: 526
[0;36m		[A1. BTRC::A2. GSK3B] ---  [B1. GLI3::B2. RUNX2}[0m
[0;36m		[A1. GSK3B::A2. APC] ---  [B1. GSK3B::B2. APC}[0m
608 85 cost: 100
[0;36m		[A1. GSK3B::A2. APC] ---  [B1. GSK3B::B2. APC}[0m
[0;36m		[A1. APC::A2. LRP6] ---  [B1. APC::B2. LRP6}[0m
608 479 cost: 227
[0;36m		[A1. GSK3B::A2. APC] ---  [B1. GSK3B::B2. APC}[0m
[0;36m		[A1. FBXW7::A2. GSK3B] ---  [B1. CREBBP::B2. GSK3B}[0m
608 1048 cost: 235
[0;36m		[A1. GSK3B::A2. APC] ---  [B1. GSK3B::B2. APC}[0m
[0;36m		[A1. NOTCH2::A2. GSK3B] ---  [B1. RUNX2::B2. GSK3B}[0m
608 186 cost: 487
[0;36m		[A1. GSK3B::A2. APC] ---  [B1. GSK3B::B2. APC}[0m
[0;36m		[A1. ATM::A2. FBXW7] ---  [B1. GLI3::B2. CREBBP}[0m

Displayed tree score: 0.26455

713th run results (7) [new minumum]:0.304358
713 947 cost: 246
[0;36m		[A1. GSK3B::A2. LRP6] ---  [B1. RUNX2::B2. LRP6}[0m
[0;36m		[A1. LRP6::A2. APC] ---  [B1. LRP6::B2. APC}[0m
947 56 cost: 100
[0;36m		[A1. LRP6::A2. APC] ---  [B1. LRP6::B2. APC}[0m
[0;36m		[A1. APC::A2. GSK3B] ---  [B1. APC::B2. GSK3B}[0m
56 637 cost: 217
[0;36m		[A1. APC::A2. GSK3B] ---  [B1. APC::B2. GSK3B}[0m
[0;36m		[A1. GSK3B::A2. BTRC] ---  [B1. GSK3B::B2. CREBBP}[0m
56 736 cost: 235
[0;36m		[A1. APC::A2. GSK3B] ---  [B1. APC::B2. GSK3B}[0m
[0;36m		[A1. GSK3B::A2. NOTCH2] ---  [B1. GSK3B::B2. RUNX2}[0m
56 1033 cost: 571
[0;36m		[A1. APC::A2. GSK3B] ---  [B1. APC::B2. GSK3B}[0m
[0;36m		[A1. NOTCH2::A2. FBXW7] ---  [B1. RUNX2::B2. GLI3}[0m

Displayed tree score: 0.304358

Petal1:52	Petal2:7	treecost: 1369	 tree size:5
$RESULT$	FBXW7	GLI3	norm_score:	0.304358
[0m
[0 min 0 sec] All done in 
