COMMAND: /Users/gurkan/Box/Research/INSPIRE/inspire-replication/src/INSPIRE /Users/gurkan/Box/Research/INSPIRE/inspire-replication/database/inspire.sqlite FBXW7 TCF7L2 inspire_legacy_v1

GO normalization for inspire_legacy_v1: 14.1026
GO normalization in use: 14.1026
Loaded 5995 GO pair scores for inspire_legacy_v1
Create two petals
Begin PETAL setup
new petal FBXW7 (27)
# 52 interactions in FBXW7
Done adding UniProt and Pfam annotations for FBXW7.
new petal TCF7L2 (11)
# 17 interactions in TCF7L2
Done adding UniProt and Pfam annotations for TCF7L2.
Petal Sizes: 27, 11
[1;32mPetal Name: [1;33mFBXW7
[1;32mPetal Size: [1;33m27[0;31m
APC
ATM
BRAF
BTRC
CDC42
EGFR
EP300
ERBIN
FBXW11
FBXW7
GSK3B
HIF1A
KLF5
KRAS
LRP6
LRRK2
MDM2
NOTCH2
PTEN
RBPJ
SIAH1
SMAD1
SMAD4
TBL1XR1
TCF7L2
TNKS
YAP1
[0m---- 
[1;36mPetal Interactions[0;32m
1 BTRC	pp	APC
2 CDC42	pp	APC
3 ERBIN	pp	APC
4 ERBIN	pp	EGFR
5 FBXW11	pp	APC
6 FBXW7	pp	ATM
7 FBXW7	pp	BRAF
8 FBXW7	pp	EGFR
9 FBXW7	pp	EP300
10 GSK3B	pp	APC
11 GSK3B	pp	BRAF
12 GSK3B	pp	BTRC
13 GSK3B	pp	FBXW11
14 GSK3B	pp	FBXW7
15 HIF1A	pp	FBXW7
16 HIF1A	pp	GSK3B
17 KLF5	pp	FBXW7
18 KLF5	pp	GSK3B
19 KRAS	pp	APC
20 KRAS	pp	EGFR
21 KRAS	pp	HIF1A
22 LRP6	pp	APC
23 LRP6	pp	GSK3B
24 LRRK2	pp	APC
25 LRRK2	pp	HIF1A
26 MDM2	pp	FBXW7
27 MDM2	pp	GSK3B
28 NOTCH2	pp	FBXW7
29 NOTCH2	pp	GSK3B
30 PTEN	pp	CDC42
31 PTEN	pp	FBXW7
32 PTEN	pp	GSK3B
33 RBPJ	pp	FBXW7
34 SIAH1	pp	APC
35 SIAH1	pp	HIF1A
36 SMAD1	pp	FBXW7
37 SMAD1	pp	GSK3B
38 SMAD4	pp	APC
39 SMAD4	pp	ATM
40 SMAD4	pp	HIF1A
41 SMAD4	pp	PTEN
42 SMAD4	pp	RBPJ
43 SMAD4	pp	SMAD1
44 TBL1XR1	pp	APC
45 TBL1XR1	pp	RBPJ
46 TCF7L2	pp	APC
47 TCF7L2	pp	EP300
48 TCF7L2	pp	PTEN
49 TNKS	pp	APC
50 TNKS	pp	PTEN
51 YAP1	pp	FBXW7
52 YAP1	pp	GSK3B
[0m
[1;32mPetal Name: [1;33mTCF7L2
[1;32mPetal Size: [1;33m11[0;31m
APC
BTRC
CDC42
CREB1
DLG1
EP300
GSK3B
PTEN
SMAD4
TCF7L2
TNKS
[0m---- 
[1;36mPetal Interactions[0;32m
1 BTRC	pp	APC
2 CDC42	pp	APC
3 DLG1	pp	APC
4 EP300	pp	BTRC
5 GSK3B	pp	APC
6 GSK3B	pp	CREB1
7 PTEN	pp	CDC42
8 PTEN	pp	DLG1
9 PTEN	pp	GSK3B
10 SMAD4	pp	APC
11 SMAD4	pp	PTEN
12 TCF7L2	pp	APC
13 TCF7L2	pp	CREB1
14 TCF7L2	pp	EP300
15 TCF7L2	pp	PTEN
16 TNKS	pp	APC
17 TNKS	pp	PTEN
[0m
Done creating Petals.
petals are loaded
[1;32mAGE for [0;36mFBXW7 - TCF7L2[0m
[0;35minitial size for AGE: 0[0m
counterPetal1 104
counterPetal2 34
counterPetal1*counterPetal2 3536
(*AGE).size()=3536
[0m---- 
[1;33mAGE nodes: 3536[0m
Allocate AGEgraph :  3536 x 3536	12503296 bytes

[0 min 0 sec] Nodes are done in 

[0 min 0 sec] Edges are done in 
0th run results (0) [new minumum]:0.73178
0 655 cost: 100
[0;36m		[A1. APC::A2. BTRC] ---  [B1. APC::B2. BTRC}[0m
[0;36m		[A1. CDC42::A2. APC] ---  [B1. CDC42::B2. APC}[0m
655 139 cost: 100
[0;36m		[A1. CDC42::A2. APC] ---  [B1. CDC42::B2. APC}[0m
[0;36m		[A1. APC::A2. GSK3B] ---  [B1. APC::B2. GSK3B}[0m
655 310 cost: 100
[0;36m		[A1. CDC42::A2. APC] ---  [B1. CDC42::B2. APC}[0m
[0;36m		[A1. APC::A2. SMAD4] ---  [B1. APC::B2. SMAD4}[0m
655 379 cost: 100
[0;36m		[A1. CDC42::A2. APC] ---  [B1. CDC42::B2. APC}[0m
[0;36m		[A1. APC::A2. TCF7L2] ---  [B1. APC::B2. TCF7L2}[0m
655 414 cost: 100
[0;36m		[A1. CDC42::A2. APC] ---  [B1. CDC42::B2. APC}[0m
[0;36m		[A1. APC::A2. TNKS] ---  [B1. APC::B2. TNKS}[0m
139 1821 cost: 100
[0;36m		[A1. APC::A2. GSK3B] ---  [B1. APC::B2. GSK3B}[0m
[0;36m		[A1. GSK3B::A2. PTEN] ---  [B1. GSK3B::B2. PTEN}[0m
655 2570 cost: 100
[0;36m		[A1. CDC42::A2. APC] ---  [B1. CDC42::B2. APC}[0m
[0;36m		[A1. PTEN::A2. CDC42] ---  [B1. PTEN::B2. CDC42}[0m
1821 2675 cost: 100
[0;36m		[A1. GSK3B::A2. PTEN] ---  [B1. GSK3B::B2. PTEN}[0m
[0;36m		[A1. PTEN::A2. SMAD4] ---  [B1. PTEN::B2. SMAD4}[0m
1821 2710 cost: 100
[0;36m		[A1. GSK3B::A2. PTEN] ---  [B1. GSK3B::B2. PTEN}[0m
[0;36m		[A1. PTEN::A2. TCF7L2] ---  [B1. PTEN::B2. TCF7L2}[0m
1821 2745 cost: 100
[0;36m		[A1. GSK3B::A2. PTEN] ---  [B1. GSK3B::B2. PTEN}[0m
[0;36m		[A1. PTEN::A2. TNKS] ---  [B1. PTEN::B2. TNKS}[0m
379 3362 cost: 100
[0;36m		[A1. APC::A2. TCF7L2] ---  [B1. APC::B2. TCF7L2}[0m
[0;36m		[A1. TCF7L2::A2. EP300] ---  [B1. TCF7L2::B2. EP300}[0m
3362 831 cost: 140
[0;36m		[A1. TCF7L2::A2. EP300] ---  [B1. TCF7L2::B2. EP300}[0m
[0;36m		[A1. EP300::A2. FBXW7] ---  [B1. EP300::B2. BTRC}[0m
655 240 cost: 217
[0;36m		[A1. CDC42::A2. APC] ---  [B1. CDC42::B2. APC}[0m
[0;36m		[A1. APC::A2. LRRK2] ---  [B1. APC::B2. DLG1}[0m
139 1650 cost: 217
[0;36m		[A1. APC::A2. GSK3B] ---  [B1. APC::B2. GSK3B}[0m
[0;36m		[A1. GSK3B::A2. HIF1A] ---  [B1. GSK3B::B2. CREB1}[0m

Displayed tree score: 0.73178

Petal1:52	Petal2:17	treecost: 1674	 tree size:14
$RESULT$	FBXW7	TCF7L2	norm_score:	0.73178
[0m
[0 min 1 sec] All done in 
