COMMAND: /Users/gurkan/Box/Research/INSPIRE/inspire-replication/src/INSPIRE /Users/gurkan/Box/Research/INSPIRE/inspire-replication/database/inspire.sqlite FBXW7 KRAS inspire_legacy_v1

GO normalization for inspire_legacy_v1: 14.1026
GO normalization in use: 14.1026
Loaded 5995 GO pair scores for inspire_legacy_v1
Create two petals
Begin PETAL setup
new petal FBXW7 (27)
# 52 interactions in FBXW7
Done adding UniProt and Pfam annotations for FBXW7.
new petal KRAS (23)
# 44 interactions in KRAS
Done adding UniProt and Pfam annotations for KRAS.
Petal Sizes: 27, 23
[1;32mPetal Name: [1;33mFBXW7
[1;32mPetal Size: [1;33m27[0;31m
APC
ATM
BRAF
BTRC
CDC42
EGFR
EP300
ERBIN
FBXW11
FBXW7
GSK3B
HIF1A
KLF5
KRAS
LRP6
LRRK2
MDM2
NOTCH2
PTEN
RBPJ
SIAH1
SMAD1
SMAD4
TBL1XR1
TCF7L2
TNKS
YAP1
[0m---- 
[1;36mPetal Interactions[0;32m
1 BTRC	pp	APC
2 CDC42	pp	APC
3 ERBIN	pp	APC
4 ERBIN	pp	EGFR
5 FBXW11	pp	APC
6 FBXW7	pp	ATM
7 FBXW7	pp	BRAF
8 FBXW7	pp	EGFR
9 FBXW7	pp	EP300
10 GSK3B	pp	APC
11 GSK3B	pp	BRAF
12 GSK3B	pp	BTRC
13 GSK3B	pp	FBXW11
14 GSK3B	pp	FBXW7
15 HIF1A	pp	FBXW7
16 HIF1A	pp	GSK3B
17 KLF5	pp	FBXW7
18 KLF5	pp	GSK3B
19 KRAS	pp	APC
20 KRAS	pp	EGFR
21 KRAS	pp	HIF1A
22 LRP6	pp	APC
23 LRP6	pp	GSK3B
24 LRRK2	pp	APC
25 LRRK2	pp	HIF1A
26 MDM2	pp	FBXW7
27 MDM2	pp	GSK3B
28 NOTCH2	pp	FBXW7
29 NOTCH2	pp	GSK3B
30 PTEN	pp	CDC42
31 PTEN	pp	FBXW7
32 PTEN	pp	GSK3B
33 RBPJ	pp	FBXW7
34 SIAH1	pp	APC
35 SIAH1	pp	HIF1A
36 SMAD1	pp	FBXW7
37 SMAD1	pp	GSK3B
38 SMAD4	pp	APC
39 SMAD4	pp	ATM
40 SMAD4	pp	HIF1A
41 SMAD4	pp	PTEN
42 SMAD4	pp	RBPJ
43 SMAD4	pp	SMAD1
44 TBL1XR1	pp	APC
45 TBL1XR1	pp	RBPJ
46 TCF7L2	pp	APC
47 TCF7L2	pp	EP300
48 TCF7L2	pp	PTEN
49 TNKS	pp	APC
50 TNKS	pp	PTEN
51 YAP1	pp	FBXW7
52 YAP1	pp	GSK3B
[0m
[1;32mPetal Name: [1;33mKRAS
[1;32mPetal Size: [1;33m23[0;31m
APC
BCL2
BRAF
CDC42
EGFR
EP300
ERBIN
ETV6
FBXW7
GSK3B
HIF1A
KRAS
LRP6
MAP2K1
MAPK1
MAPK14
MDM2
PPP2CA
PTEN
SMAD4
TBK1
TCF7L2
TNKS
[0m---- 
[1;36mPetal Interactions[0;32m
1 CDC42	pp	APC
2 ERBIN	pp	APC
3 ERBIN	pp	CDC42
4 ERBIN	pp	EGFR
5 GSK3B	pp	APC
6 GSK3B	pp	BRAF
7 GSK3B	pp	FBXW7
8 HIF1A	pp	GSK3B
9 KRAS	pp	BCL2
10 KRAS	pp	BRAF
11 KRAS	pp	CDC42
12 KRAS	pp	EGFR
13 KRAS	pp	EP300
14 KRAS	pp	ETV6
15 KRAS	pp	FBXW7
16 KRAS	pp	HIF1A
17 LRP6	pp	APC
18 LRP6	pp	ETV6
19 MAP2K1	pp	KRAS
20 MAPK1	pp	GSK3B
21 MAPK1	pp	KRAS
22 MAPK14	pp	GSK3B
23 MAPK14	pp	KRAS
24 MDM2	pp	GSK3B
25 MDM2	pp	KRAS
26 PPP2CA	pp	GSK3B
27 PPP2CA	pp	KRAS
28 PTEN	pp	CDC42
29 PTEN	pp	GSK3B
30 PTEN	pp	KRAS
31 SMAD4	pp	APC
32 SMAD4	pp	BCL2
33 SMAD4	pp	CDC42
34 SMAD4	pp	HIF1A
35 SMAD4	pp	MAP2K1
36 SMAD4	pp	MAPK1
37 SMAD4	pp	PTEN
38 TBK1	pp	GSK3B
39 TBK1	pp	KRAS
40 TCF7L2	pp	APC
41 TCF7L2	pp	EP300
42 TCF7L2	pp	PTEN
43 TNKS	pp	APC
44 TNKS	pp	PTEN
[0m
Done creating Petals.
petals are loaded
[1;32mAGE for [0;36mFBXW7 - KRAS[0m
[0;35minitial size for AGE: 0[0m
counterPetal1 104
counterPetal2 88
counterPetal1*counterPetal2 9152
(*AGE).size()=9152
[0m---- 
[1;33mAGE nodes: 9152[0m
Allocate AGEgraph :  9152 x 9152	83759104 bytes

[0 min 0 sec] Nodes are done in 

[0 min 3 sec] Edges are done in 
0th run results (0) [new minumum]:0.439255
0 2308 cost: 317
[0;36m		[A1. APC::A2. BTRC] ---  [B1. APC::B2. CDC42}[0m
[0;36m		[A1. ERBIN::A2. APC] ---  [B1. ERBIN::B2. APC}[0m
2308 354 cost: 100
[0;36m		[A1. ERBIN::A2. APC] ---  [B1. ERBIN::B2. APC}[0m
[0;36m		[A1. APC::A2. GSK3B] ---  [B1. APC::B2. GSK3B}[0m
2308 531 cost: 100
[0;36m		[A1. ERBIN::A2. APC] ---  [B1. ERBIN::B2. APC}[0m
[0;36m		[A1. APC::A2. LRP6] ---  [B1. APC::B2. LRP6}[0m
2308 796 cost: 100
[0;36m		[A1. ERBIN::A2. APC] ---  [B1. ERBIN::B2. APC}[0m
[0;36m		[A1. APC::A2. SMAD4] ---  [B1. APC::B2. SMAD4}[0m
2308 973 cost: 100
[0;36m		[A1. ERBIN::A2. APC] ---  [B1. ERBIN::B2. APC}[0m
[0;36m		[A1. APC::A2. TCF7L2] ---  [B1. APC::B2. TCF7L2}[0m
2308 1062 cost: 100
[0;36m		[A1. ERBIN::A2. APC] ---  [B1. ERBIN::B2. APC}[0m
[0;36m		[A1. APC::A2. TNKS] ---  [B1. APC::B2. TNKS}[0m
2308 1864 cost: 100
[0;36m		[A1. ERBIN::A2. APC] ---  [B1. ERBIN::B2. APC}[0m
[0;36m		[A1. EGFR::A2. ERBIN] ---  [B1. EGFR::B2. ERBIN}[0m
354 3900 cost: 100
[0;36m		[A1. APC::A2. GSK3B] ---  [B1. APC::B2. GSK3B}[0m
[0;36m		[A1. GSK3B::A2. BRAF] ---  [B1. GSK3B::B2. BRAF}[0m
3900 3017 cost: 100
[0;36m		[A1. GSK3B::A2. BRAF] ---  [B1. GSK3B::B2. BRAF}[0m
[0;36m		[A1. FBXW7::A2. GSK3B] ---  [B1. FBXW7::B2. GSK3B}[0m
354 4254 cost: 100
[0;36m		[A1. APC::A2. GSK3B] ---  [B1. APC::B2. GSK3B}[0m
[0;36m		[A1. GSK3B::A2. HIF1A] ---  [B1. GSK3B::B2. HIF1A}[0m
354 4521 cost: 100
[0;36m		[A1. APC::A2. GSK3B] ---  [B1. APC::B2. GSK3B}[0m
[0;36m		[A1. GSK3B::A2. MDM2] ---  [B1. GSK3B::B2. MDM2}[0m
354 4699 cost: 100
[0;36m		[A1. APC::A2. GSK3B] ---  [B1. APC::B2. GSK3B}[0m
[0;36m		[A1. GSK3B::A2. PTEN] ---  [B1. GSK3B::B2. PTEN}[0m
4254 5142 cost: 100
[0;36m		[A1. GSK3B::A2. HIF1A] ---  [B1. GSK3B::B2. HIF1A}[0m
[0;36m		[A1. HIF1A::A2. KRAS] ---  [B1. HIF1A::B2. KRAS}[0m
4254 5407 cost: 100
[0;36m		[A1. GSK3B::A2. HIF1A] ---  [B1. GSK3B::B2. HIF1A}[0m
[0;36m		[A1. HIF1A::A2. SMAD4] ---  [B1. HIF1A::B2. SMAD4}[0m
1864 5763 cost: 100
[0;36m		[A1. EGFR::A2. ERBIN] ---  [B1. EGFR::B2. ERBIN}[0m
[0;36m		[A1. KRAS::A2. EGFR] ---  [B1. KRAS::B2. EGFR}[0m
4699 6668 cost: 100
[0;36m		[A1. GSK3B::A2. PTEN] ---  [B1. GSK3B::B2. PTEN}[0m
[0;36m		[A1. PTEN::A2. CDC42] ---  [B1. PTEN::B2. CDC42}[0m
4699 6935 cost: 100
[0;36m		[A1. GSK3B::A2. PTEN] ---  [B1. GSK3B::B2. PTEN}[0m
[0;36m		[A1. PTEN::A2. SMAD4] ---  [B1. PTEN::B2. SMAD4}[0m
4699 7024 cost: 100
[0;36m		[A1. GSK3B::A2. PTEN] ---  [B1. GSK3B::B2. PTEN}[0m
[0;36m		[A1. PTEN::A2. TCF7L2] ---  [B1. PTEN::B2. TCF7L2}[0m
4699 7113 cost: 100
[0;36m		[A1. GSK3B::A2. PTEN] ---  [B1. GSK3B::B2. PTEN}[0m
[0;36m		[A1. PTEN::A2. TNKS] ---  [B1. PTEN::B2. TNKS}[0m
973 8708 cost: 100
[0;36m		[A1. APC::A2. TCF7L2] ---  [B1. APC::B2. TCF7L2}[0m
[0;36m		[A1. TCF7L2::A2. EP300] ---  [B1. TCF7L2::B2. EP300}[0m
3900 1643 cost: 217
[0;36m		[A1. GSK3B::A2. BRAF] ---  [B1. GSK3B::B2. BRAF}[0m
[0;36m		[A1. BTRC::A2. GSK3B] ---  [B1. MAPK1::B2. GSK3B}[0m
354 4608 cost: 217
[0;36m		[A1. APC::A2. GSK3B] ---  [B1. APC::B2. GSK3B}[0m
[0;36m		[A1. GSK3B::A2. NOTCH2] ---  [B1. GSK3B::B2. MAPK14}[0m
354 4874 cost: 217
[0;36m		[A1. APC::A2. GSK3B] ---  [B1. APC::B2. GSK3B}[0m
[0;36m		[A1. GSK3B::A2. YAP1] ---  [B1. GSK3B::B2. PPP2CA}[0m
796 7995 cost: 217
[0;36m		[A1. APC::A2. SMAD4] ---  [B1. APC::B2. SMAD4}[0m
[0;36m		[A1. SMAD4::A2. ATM] ---  [B1. SMAD4::B2. BCL2}[0m
796 8262 cost: 235
[0;36m		[A1. APC::A2. SMAD4] ---  [B1. APC::B2. SMAD4}[0m
[0;36m		[A1. SMAD4::A2. RBPJ] ---  [B1. SMAD4::B2. MAP2K1}[0m
3900 2633 cost: 259
[0;36m		[A1. GSK3B::A2. BRAF] ---  [B1. GSK3B::B2. BRAF}[0m
[0;36m		[A1. FBXW11::A2. GSK3B] ---  [B1. TBK1::B2. GSK3B}[0m

Displayed tree score: 0.439255

2th run results (1) [new minumum]:0.451881
2 1683 cost: 217
[0;36m		[A1. APC::A2. BTRC] ---  [B1. APC::B2. GSK3B}[0m
[0;36m		[A1. CDC42::A2. APC] ---  [B1. CDC42::B2. APC}[0m
1683 177 cost: 100
[0;36m		[A1. CDC42::A2. APC] ---  [B1. CDC42::B2. APC}[0m
[0;36m		[A1. APC::A2. ERBIN] ---  [B1. APC::B2. ERBIN}[0m
1683 531 cost: 100
[0;36m		[A1. CDC42::A2. APC] ---  [B1. CDC42::B2. APC}[0m
[0;36m		[A1. APC::A2. LRP6] ---  [B1. APC::B2. LRP6}[0m
1683 796 cost: 100
[0;36m		[A1. CDC42::A2. APC] ---  [B1. CDC42::B2. APC}[0m
[0;36m		[A1. APC::A2. SMAD4] ---  [B1. APC::B2. SMAD4}[0m
1683 973 cost: 100
[0;36m		[A1. CDC42::A2. APC] ---  [B1. CDC42::B2. APC}[0m
[0;36m		[A1. APC::A2. TCF7L2] ---  [B1. APC::B2. TCF7L2}[0m
1683 1062 cost: 100
[0;36m		[A1. CDC42::A2. APC] ---  [B1. CDC42::B2. APC}[0m
[0;36m		[A1. APC::A2. TNKS] ---  [B1. APC::B2. TNKS}[0m
177 2398 cost: 100
[0;36m		[A1. APC::A2. ERBIN] ---  [B1. APC::B2. ERBIN}[0m
[0;36m		[A1. ERBIN::A2. EGFR] ---  [B1. ERBIN::B2. EGFR}[0m
2398 2041 cost: 100
[0;36m		[A1. ERBIN::A2. EGFR] ---  [B1. ERBIN::B2. EGFR}[0m
[0;36m		[A1. EGFR::A2. KRAS] ---  [B1. EGFR::B2. KRAS}[0m
2041 5855 cost: 100
[0;36m		[A1. EGFR::A2. KRAS] ---  [B1. EGFR::B2. KRAS}[0m
[0;36m		[A1. KRAS::A2. HIF1A] ---  [B1. KRAS::B2. HIF1A}[0m
5855 5053 cost: 100
[0;36m		[A1. KRAS::A2. HIF1A] ---  [B1. KRAS::B2. HIF1A}[0m
[0;36m		[A1. HIF1A::A2. GSK3B] ---  [B1. HIF1A::B2. GSK3B}[0m
5053 3900 cost: 100
[0;36m		[A1. HIF1A::A2. GSK3B] ---  [B1. HIF1A::B2. GSK3B}[0m
[0;36m		[A1. GSK3B::A2. BRAF] ---  [B1. GSK3B::B2. BRAF}[0m
3900 3017 cost: 100
[0;36m		[A1. GSK3B::A2. BRAF] ---  [B1. GSK3B::B2. BRAF}[0m
[0;36m		[A1. FBXW7::A2. GSK3B] ---  [B1. FBXW7::B2. GSK3B}[0m
5053 4521 cost: 100
[0;36m		[A1. HIF1A::A2. GSK3B] ---  [B1. HIF1A::B2. GSK3B}[0m
[0;36m		[A1. GSK3B::A2. MDM2] ---  [B1. GSK3B::B2. MDM2}[0m
5053 4699 cost: 100
[0;36m		[A1. HIF1A::A2. GSK3B] ---  [B1. HIF1A::B2. GSK3B}[0m
[0;36m		[A1. GSK3B::A2. PTEN] ---  [B1. GSK3B::B2. PTEN}[0m
5855 5407 cost: 100
[0;36m		[A1. KRAS::A2. HIF1A] ---  [B1. KRAS::B2. HIF1A}[0m
[0;36m		[A1. HIF1A::A2. SMAD4] ---  [B1. HIF1A::B2. SMAD4}[0m
1683 6668 cost: 100
[0;36m		[A1. CDC42::A2. APC] ---  [B1. CDC42::B2. APC}[0m
[0;36m		[A1. PTEN::A2. CDC42] ---  [B1. PTEN::B2. CDC42}[0m
4699 6935 cost: 100
[0;36m		[A1. GSK3B::A2. PTEN] ---  [B1. GSK3B::B2. PTEN}[0m
[0;36m		[A1. PTEN::A2. SMAD4] ---  [B1. PTEN::B2. SMAD4}[0m
4699 7024 cost: 100
[0;36m		[A1. GSK3B::A2. PTEN] ---  [B1. GSK3B::B2. PTEN}[0m
[0;36m		[A1. PTEN::A2. TCF7L2] ---  [B1. PTEN::B2. TCF7L2}[0m
4699 7113 cost: 100
[0;36m		[A1. GSK3B::A2. PTEN] ---  [B1. GSK3B::B2. PTEN}[0m
[0;36m		[A1. PTEN::A2. TNKS] ---  [B1. PTEN::B2. TNKS}[0m
973 8708 cost: 100
[0;36m		[A1. APC::A2. TCF7L2] ---  [B1. APC::B2. TCF7L2}[0m
[0;36m		[A1. TCF7L2::A2. EP300] ---  [B1. TCF7L2::B2. EP300}[0m
3900 1643 cost: 217
[0;36m		[A1. GSK3B::A2. BRAF] ---  [B1. GSK3B::B2. BRAF}[0m
[0;36m		[A1. BTRC::A2. GSK3B] ---  [B1. MAPK1::B2. GSK3B}[0m
5053 4608 cost: 217
[0;36m		[A1. HIF1A::A2. GSK3B] ---  [B1. HIF1A::B2. GSK3B}[0m
[0;36m		[A1. GSK3B::A2. NOTCH2] ---  [B1. GSK3B::B2. MAPK14}[0m
5053 4874 cost: 217
[0;36m		[A1. HIF1A::A2. GSK3B] ---  [B1. HIF1A::B2. GSK3B}[0m
[0;36m		[A1. GSK3B::A2. YAP1] ---  [B1. GSK3B::B2. PPP2CA}[0m
796 7995 cost: 217
[0;36m		[A1. APC::A2. SMAD4] ---  [B1. APC::B2. SMAD4}[0m
[0;36m		[A1. SMAD4::A2. ATM] ---  [B1. SMAD4::B2. BCL2}[0m
796 8262 cost: 235
[0;36m		[A1. APC::A2. SMAD4] ---  [B1. APC::B2. SMAD4}[0m
[0;36m		[A1. SMAD4::A2. RBPJ] ---  [B1. SMAD4::B2. MAP2K1}[0m
3900 2633 cost: 259
[0;36m		[A1. GSK3B::A2. BRAF] ---  [B1. GSK3B::B2. BRAF}[0m
[0;36m		[A1. FBXW11::A2. GSK3B] ---  [B1. TBK1::B2. GSK3B}[0m

Displayed tree score: 0.451881

88th run results (2) [new minumum]:0.467606
88 1774 cost: 100
[0;36m		[A1. APC::A2. CDC42] ---  [B1. APC::B2. CDC42}[0m
[0;36m		[A1. CDC42::A2. PTEN] ---  [B1. CDC42::B2. PTEN}[0m
88 2308 cost: 100
[0;36m		[A1. APC::A2. CDC42] ---  [B1. APC::B2. CDC42}[0m
[0;36m		[A1. ERBIN::A2. APC] ---  [B1. ERBIN::B2. APC}[0m
2308 354 cost: 100
[0;36m		[A1. ERBIN::A2. APC] ---  [B1. ERBIN::B2. APC}[0m
[0;36m		[A1. APC::A2. GSK3B] ---  [B1. APC::B2. GSK3B}[0m
2308 531 cost: 100
[0;36m		[A1. ERBIN::A2. APC] ---  [B1. ERBIN::B2. APC}[0m
[0;36m		[A1. APC::A2. LRP6] ---  [B1. APC::B2. LRP6}[0m
2308 796 cost: 100
[0;36m		[A1. ERBIN::A2. APC] ---  [B1. ERBIN::B2. APC}[0m
[0;36m		[A1. APC::A2. SMAD4] ---  [B1. APC::B2. SMAD4}[0m
2308 973 cost: 100
[0;36m		[A1. ERBIN::A2. APC] ---  [B1. ERBIN::B2. APC}[0m
[0;36m		[A1. APC::A2. TCF7L2] ---  [B1. APC::B2. TCF7L2}[0m
2308 1062 cost: 100
[0;36m		[A1. ERBIN::A2. APC] ---  [B1. ERBIN::B2. APC}[0m
[0;36m		[A1. APC::A2. TNKS] ---  [B1. APC::B2. TNKS}[0m
2308 1864 cost: 100
[0;36m		[A1. ERBIN::A2. APC] ---  [B1. ERBIN::B2. APC}[0m
[0;36m		[A1. EGFR::A2. ERBIN] ---  [B1. EGFR::B2. ERBIN}[0m
354 3900 cost: 100
[0;36m		[A1. APC::A2. GSK3B] ---  [B1. APC::B2. GSK3B}[0m
[0;36m		[A1. GSK3B::A2. BRAF] ---  [B1. GSK3B::B2. BRAF}[0m
3900 3017 cost: 100
[0;36m		[A1. GSK3B::A2. BRAF] ---  [B1. GSK3B::B2. BRAF}[0m
[0;36m		[A1. FBXW7::A2. GSK3B] ---  [B1. FBXW7::B2. GSK3B}[0m
354 4254 cost: 100
[0;36m		[A1. APC::A2. GSK3B] ---  [B1. APC::B2. GSK3B}[0m
[0;36m		[A1. GSK3B::A2. HIF1A] ---  [B1. GSK3B::B2. HIF1A}[0m
354 4521 cost: 100
[0;36m		[A1. APC::A2. GSK3B] ---  [B1. APC::B2. GSK3B}[0m
[0;36m		[A1. GSK3B::A2. MDM2] ---  [B1. GSK3B::B2. MDM2}[0m
354 4699 cost: 100
[0;36m		[A1. APC::A2. GSK3B] ---  [B1. APC::B2. GSK3B}[0m
[0;36m		[A1. GSK3B::A2. PTEN] ---  [B1. GSK3B::B2. PTEN}[0m
4254 5142 cost: 100
[0;36m		[A1. GSK3B::A2. HIF1A] ---  [B1. GSK3B::B2. HIF1A}[0m
[0;36m		[A1. HIF1A::A2. KRAS] ---  [B1. HIF1A::B2. KRAS}[0m
4254 5407 cost: 100
[0;36m		[A1. GSK3B::A2. HIF1A] ---  [B1. GSK3B::B2. HIF1A}[0m
[0;36m		[A1. HIF1A::A2. SMAD4] ---  [B1. HIF1A::B2. SMAD4}[0m
1864 5763 cost: 100
[0;36m		[A1. EGFR::A2. ERBIN] ---  [B1. EGFR::B2. ERBIN}[0m
[0;36m		[A1. KRAS::A2. EGFR] ---  [B1. KRAS::B2. EGFR}[0m
1774 6935 cost: 100
[0;36m		[A1. CDC42::A2. PTEN] ---  [B1. CDC42::B2. PTEN}[0m
[0;36m		[A1. PTEN::A2. SMAD4] ---  [B1. PTEN::B2. SMAD4}[0m
1774 7024 cost: 100
[0;36m		[A1. CDC42::A2. PTEN] ---  [B1. CDC42::B2. PTEN}[0m
[0;36m		[A1. PTEN::A2. TCF7L2] ---  [B1. PTEN::B2. TCF7L2}[0m
1774 7113 cost: 100
[0;36m		[A1. CDC42::A2. PTEN] ---  [B1. CDC42::B2. PTEN}[0m
[0;36m		[A1. PTEN::A2. TNKS] ---  [B1. PTEN::B2. TNKS}[0m
973 8708 cost: 100
[0;36m		[A1. APC::A2. TCF7L2] ---  [B1. APC::B2. TCF7L2}[0m
[0;36m		[A1. TCF7L2::A2. EP300] ---  [B1. TCF7L2::B2. EP300}[0m
3900 1643 cost: 217
[0;36m		[A1. GSK3B::A2. BRAF] ---  [B1. GSK3B::B2. BRAF}[0m
[0;36m		[A1. BTRC::A2. GSK3B] ---  [B1. MAPK1::B2. GSK3B}[0m
354 4608 cost: 217
[0;36m		[A1. APC::A2. GSK3B] ---  [B1. APC::B2. GSK3B}[0m
[0;36m		[A1. GSK3B::A2. NOTCH2] ---  [B1. GSK3B::B2. MAPK14}[0m
354 4874 cost: 217
[0;36m		[A1. APC::A2. GSK3B] ---  [B1. APC::B2. GSK3B}[0m
[0;36m		[A1. GSK3B::A2. YAP1] ---  [B1. GSK3B::B2. PPP2CA}[0m
796 7995 cost: 217
[0;36m		[A1. APC::A2. SMAD4] ---  [B1. APC::B2. SMAD4}[0m
[0;36m		[A1. SMAD4::A2. ATM] ---  [B1. SMAD4::B2. BCL2}[0m
796 8262 cost: 235
[0;36m		[A1. APC::A2. SMAD4] ---  [B1. APC::B2. SMAD4}[0m
[0;36m		[A1. SMAD4::A2. RBPJ] ---  [B1. SMAD4::B2. MAP2K1}[0m
3900 2633 cost: 259
[0;36m		[A1. GSK3B::A2. BRAF] ---  [B1. GSK3B::B2. BRAF}[0m
[0;36m		[A1. FBXW11::A2. GSK3B] ---  [B1. TBK1::B2. GSK3B}[0m

Displayed tree score: 0.467606

447th run results (3) [new minumum]:0.473693
447 5763 cost: 217
[0;36m		[A1. APC::A2. KRAS] ---  [B1. BCL2::B2. KRAS}[0m
[0;36m		[A1. KRAS::A2. EGFR] ---  [B1. KRAS::B2. EGFR}[0m
5763 1864 cost: 100
[0;36m		[A1. KRAS::A2. EGFR] ---  [B1. KRAS::B2. EGFR}[0m
[0;36m		[A1. EGFR::A2. ERBIN] ---  [B1. EGFR::B2. ERBIN}[0m
1864 2308 cost: 100
[0;36m		[A1. EGFR::A2. ERBIN] ---  [B1. EGFR::B2. ERBIN}[0m
[0;36m		[A1. ERBIN::A2. APC] ---  [B1. ERBIN::B2. APC}[0m
2308 88 cost: 100
[0;36m		[A1. ERBIN::A2. APC] ---  [B1. ERBIN::B2. APC}[0m
[0;36m		[A1. APC::A2. CDC42] ---  [B1. APC::B2. CDC42}[0m
2308 354 cost: 100
[0;36m		[A1. ERBIN::A2. APC] ---  [B1. ERBIN::B2. APC}[0m
[0;36m		[A1. APC::A2. GSK3B] ---  [B1. APC::B2. GSK3B}[0m
2308 531 cost: 100
[0;36m		[A1. ERBIN::A2. APC] ---  [B1. ERBIN::B2. APC}[0m
[0;36m		[A1. APC::A2. LRP6] ---  [B1. APC::B2. LRP6}[0m
2308 796 cost: 100
[0;36m		[A1. ERBIN::A2. APC] ---  [B1. ERBIN::B2. APC}[0m
[0;36m		[A1. APC::A2. SMAD4] ---  [B1. APC::B2. SMAD4}[0m
2308 973 cost: 100
[0;36m		[A1. ERBIN::A2. APC] ---  [B1. ERBIN::B2. APC}[0m
[0;36m		[A1. APC::A2. TCF7L2] ---  [B1. APC::B2. TCF7L2}[0m
2308 1062 cost: 100
[0;36m		[A1. ERBIN::A2. APC] ---  [B1. ERBIN::B2. APC}[0m
[0;36m		[A1. APC::A2. TNKS] ---  [B1. APC::B2. TNKS}[0m
88 1774 cost: 100
[0;36m		[A1. APC::A2. CDC42] ---  [B1. APC::B2. CDC42}[0m
[0;36m		[A1. CDC42::A2. PTEN] ---  [B1. CDC42::B2. PTEN}[0m
354 3900 cost: 100
[0;36m		[A1. APC::A2. GSK3B] ---  [B1. APC::B2. GSK3B}[0m
[0;36m		[A1. GSK3B::A2. BRAF] ---  [B1. GSK3B::B2. BRAF}[0m
3900 3017 cost: 100
[0;36m		[A1. GSK3B::A2. BRAF] ---  [B1. GSK3B::B2. BRAF}[0m
[0;36m		[A1. FBXW7::A2. GSK3B] ---  [B1. FBXW7::B2. GSK3B}[0m
354 4254 cost: 100
[0;36m		[A1. APC::A2. GSK3B] ---  [B1. APC::B2. GSK3B}[0m
[0;36m		[A1. GSK3B::A2. HIF1A] ---  [B1. GSK3B::B2. HIF1A}[0m
354 4521 cost: 100
[0;36m		[A1. APC::A2. GSK3B] ---  [B1. APC::B2. GSK3B}[0m
[0;36m		[A1. GSK3B::A2. MDM2] ---  [B1. GSK3B::B2. MDM2}[0m
354 4699 cost: 100
[0;36m		[A1. APC::A2. GSK3B] ---  [B1. APC::B2. GSK3B}[0m
[0;36m		[A1. GSK3B::A2. PTEN] ---  [B1. GSK3B::B2. PTEN}[0m
5763 5142 cost: 100
[0;36m		[A1. KRAS::A2. EGFR] ---  [B1. KRAS::B2. EGFR}[0m
[0;36m		[A1. HIF1A::A2. KRAS] ---  [B1. HIF1A::B2. KRAS}[0m
4254 5407 cost: 100
[0;36m		[A1. GSK3B::A2. HIF1A] ---  [B1. GSK3B::B2. HIF1A}[0m
[0;36m		[A1. HIF1A::A2. SMAD4] ---  [B1. HIF1A::B2. SMAD4}[0m
1774 6935 cost: 100
[0;36m		[A1. CDC42::A2. PTEN] ---  [B1. CDC42::B2. PTEN}[0m
[0;36m		[A1. PTEN::A2. SMAD4] ---  [B1. PTEN::B2. SMAD4}[0m
1774 7024 cost: 100
[0;36m		[A1. CDC42::A2. PTEN] ---  [B1. CDC42::B2. PTEN}[0m
[0;36m		[A1. PTEN::A2. TCF7L2] ---  [B1. PTEN::B2. TCF7L2}[0m
1774 7113 cost: 100
[0;36m		[A1. CDC42::A2. PTEN] ---  [B1. CDC42::B2. PTEN}[0m
[0;36m		[A1. PTEN::A2. TNKS] ---  [B1. PTEN::B2. TNKS}[0m
973 8708 cost: 100
[0;36m		[A1. APC::A2. TCF7L2] ---  [B1. APC::B2. TCF7L2}[0m
[0;36m		[A1. TCF7L2::A2. EP300] ---  [B1. TCF7L2::B2. EP300}[0m
3900 1643 cost: 217
[0;36m		[A1. GSK3B::A2. BRAF] ---  [B1. GSK3B::B2. BRAF}[0m
[0;36m		[A1. BTRC::A2. GSK3B] ---  [B1. MAPK1::B2. GSK3B}[0m
354 4608 cost: 217
[0;36m		[A1. APC::A2. GSK3B] ---  [B1. APC::B2. GSK3B}[0m
[0;36m		[A1. GSK3B::A2. NOTCH2] ---  [B1. GSK3B::B2. MAPK14}[0m
354 4874 cost: 217
[0;36m		[A1. APC::A2. GSK3B] ---  [B1. APC::B2. GSK3B}[0m
[0;36m		[A1. GSK3B::A2. YAP1] ---  [B1. GSK3B::B2. PPP2CA}[0m
796 7995 cost: 217
[0;36m		[A1. APC::A2. SMAD4] ---  [B1. APC::B2. SMAD4}[0m
[0;36m		[A1. SMAD4::A2. ATM] ---  [B1. SMAD4::B2. BCL2}[0m
796 8262 cost: 235
[0;36m		[A1. APC::A2. SMAD4] ---  [B1. APC::B2. SMAD4}[0m
[0;36m		[A1. SMAD4::A2. RBPJ] ---  [B1. SMAD4::B2. MAP2K1}[0m
3900 2633 cost: 259
[0;36m		[A1. GSK3B::A2. BRAF] ---  [B1. GSK3B::B2. BRAF}[0m
[0;36m		[A1. FBXW11::A2. GSK3B] ---  [B1. TBK1::B2. GSK3B}[0m

Displayed tree score: 0.473693

4813th run results (4) [new minumum]:0.473958
4813 354 cost: 215
[0;36m		[A1. GSK3B::A2. SMAD1] ---  [B1. MAPK1::B2. SMAD4}[0m
[0;36m		[A1. APC::A2. GSK3B] ---  [B1. APC::B2. GSK3B}[0m
354 1683 cost: 100
[0;36m		[A1. APC::A2. GSK3B] ---  [B1. APC::B2. GSK3B}[0m
[0;36m		[A1. CDC42::A2. APC] ---  [B1. CDC42::B2. APC}[0m
1683 177 cost: 100
[0;36m		[A1. CDC42::A2. APC] ---  [B1. CDC42::B2. APC}[0m
[0;36m		[A1. APC::A2. ERBIN] ---  [B1. APC::B2. ERBIN}[0m
1683 531 cost: 100
[0;36m		[A1. CDC42::A2. APC] ---  [B1. CDC42::B2. APC}[0m
[0;36m		[A1. APC::A2. LRP6] ---  [B1. APC::B2. LRP6}[0m
1683 796 cost: 100
[0;36m		[A1. CDC42::A2. APC] ---  [B1. CDC42::B2. APC}[0m
[0;36m		[A1. APC::A2. SMAD4] ---  [B1. APC::B2. SMAD4}[0m
1683 973 cost: 100
[0;36m		[A1. CDC42::A2. APC] ---  [B1. CDC42::B2. APC}[0m
[0;36m		[A1. APC::A2. TCF7L2] ---  [B1. APC::B2. TCF7L2}[0m
1683 1062 cost: 100
[0;36m		[A1. CDC42::A2. APC] ---  [B1. CDC42::B2. APC}[0m
[0;36m		[A1. APC::A2. TNKS] ---  [B1. APC::B2. TNKS}[0m
177 2398 cost: 100
[0;36m		[A1. APC::A2. ERBIN] ---  [B1. APC::B2. ERBIN}[0m
[0;36m		[A1. ERBIN::A2. EGFR] ---  [B1. ERBIN::B2. EGFR}[0m
2398 2041 cost: 100
[0;36m		[A1. ERBIN::A2. EGFR] ---  [B1. ERBIN::B2. EGFR}[0m
[0;36m		[A1. EGFR::A2. KRAS] ---  [B1. EGFR::B2. KRAS}[0m
354 3900 cost: 100
[0;36m		[A1. APC::A2. GSK3B] ---  [B1. APC::B2. GSK3B}[0m
[0;36m		[A1. GSK3B::A2. BRAF] ---  [B1. GSK3B::B2. BRAF}[0m
3900 3017 cost: 100
[0;36m		[A1. GSK3B::A2. BRAF] ---  [B1. GSK3B::B2. BRAF}[0m
[0;36m		[A1. FBXW7::A2. GSK3B] ---  [B1. FBXW7::B2. GSK3B}[0m
354 4254 cost: 100
[0;36m		[A1. APC::A2. GSK3B] ---  [B1. APC::B2. GSK3B}[0m
[0;36m		[A1. GSK3B::A2. HIF1A] ---  [B1. GSK3B::B2. HIF1A}[0m
354 4521 cost: 100
[0;36m		[A1. APC::A2. GSK3B] ---  [B1. APC::B2. GSK3B}[0m
[0;36m		[A1. GSK3B::A2. MDM2] ---  [B1. GSK3B::B2. MDM2}[0m
354 4699 cost: 100
[0;36m		[A1. APC::A2. GSK3B] ---  [B1. APC::B2. GSK3B}[0m
[0;36m		[A1. GSK3B::A2. PTEN] ---  [B1. GSK3B::B2. PTEN}[0m
4254 5142 cost: 100
[0;36m		[A1. GSK3B::A2. HIF1A] ---  [B1. GSK3B::B2. HIF1A}[0m
[0;36m		[A1. HIF1A::A2. KRAS] ---  [B1. HIF1A::B2. KRAS}[0m
4254 5407 cost: 100
[0;36m		[A1. GSK3B::A2. HIF1A] ---  [B1. GSK3B::B2. HIF1A}[0m
[0;36m		[A1. HIF1A::A2. SMAD4] ---  [B1. HIF1A::B2. SMAD4}[0m
1683 6668 cost: 100
[0;36m		[A1. CDC42::A2. APC] ---  [B1. CDC42::B2. APC}[0m
[0;36m		[A1. PTEN::A2. CDC42] ---  [B1. PTEN::B2. CDC42}[0m
4699 6935 cost: 100
[0;36m		[A1. GSK3B::A2. PTEN] ---  [B1. GSK3B::B2. PTEN}[0m
[0;36m		[A1. PTEN::A2. SMAD4] ---  [B1. PTEN::B2. SMAD4}[0m
4699 7024 cost: 100
[0;36m		[A1. GSK3B::A2. PTEN] ---  [B1. GSK3B::B2. PTEN}[0m
[0;36m		[A1. PTEN::A2. TCF7L2] ---  [B1. PTEN::B2. TCF7L2}[0m
4699 7113 cost: 100
[0;36m		[A1. GSK3B::A2. PTEN] ---  [B1. GSK3B::B2. PTEN}[0m
[0;36m		[A1. PTEN::A2. TNKS] ---  [B1. PTEN::B2. TNKS}[0m
973 8708 cost: 100
[0;36m		[A1. APC::A2. TCF7L2] ---  [B1. APC::B2. TCF7L2}[0m
[0;36m		[A1. TCF7L2::A2. EP300] ---  [B1. TCF7L2::B2. EP300}[0m
3900 1643 cost: 217
[0;36m		[A1. GSK3B::A2. BRAF] ---  [B1. GSK3B::B2. BRAF}[0m
[0;36m		[A1. BTRC::A2. GSK3B] ---  [B1. MAPK1::B2. GSK3B}[0m
354 4608 cost: 217
[0;36m		[A1. APC::A2. GSK3B] ---  [B1. APC::B2. GSK3B}[0m
[0;36m		[A1. GSK3B::A2. NOTCH2] ---  [B1. GSK3B::B2. MAPK14}[0m
354 4874 cost: 217
[0;36m		[A1. APC::A2. GSK3B] ---  [B1. APC::B2. GSK3B}[0m
[0;36m		[A1. GSK3B::A2. YAP1] ---  [B1. GSK3B::B2. PPP2CA}[0m
796 7995 cost: 217
[0;36m		[A1. APC::A2. SMAD4] ---  [B1. APC::B2. SMAD4}[0m
[0;36m		[A1. SMAD4::A2. ATM] ---  [B1. SMAD4::B2. BCL2}[0m
796 8262 cost: 235
[0;36m		[A1. APC::A2. SMAD4] ---  [B1. APC::B2. SMAD4}[0m
[0;36m		[A1. SMAD4::A2. RBPJ] ---  [B1. SMAD4::B2. MAP2K1}[0m
3900 2633 cost: 259
[0;36m		[A1. GSK3B::A2. BRAF] ---  [B1. GSK3B::B2. BRAF}[0m
[0;36m		[A1. FBXW11::A2. GSK3B] ---  [B1. TBK1::B2. GSK3B}[0m

Displayed tree score: 0.473958

Petal1:52	Petal2:44	treecost: 3577	 tree size:27
$RESULT$	FBXW7	KRAS	norm_score:	0.473958
[0m
[0 min 15 sec] All done in 
