COMMAND: /Users/gurkan/Box/Research/INSPIRE/inspire-replication/src/INSPIRE /Users/gurkan/Box/Research/INSPIRE/inspire-replication/database/inspire.sqlite FBXW7 PLCG2 inspire_legacy_v1

GO normalization for inspire_legacy_v1: 14.1026
GO normalization in use: 14.1026
Loaded 5995 GO pair scores for inspire_legacy_v1
Create two petals
Begin PETAL setup
new petal FBXW7 (27)
# 52 interactions in FBXW7
Done adding UniProt and Pfam annotations for FBXW7.
new petal PLCG2 (4)
# 3 interactions in PLCG2
Done adding UniProt and Pfam annotations for PLCG2.
Petal Sizes: 27, 4
[1;32mPetal Name: [1;33mFBXW7
[1;32mPetal Size: [1;33m27[0;31m
APC
ATM
BRAF
BTRC
CDC42
EGFR
EP300
ERBIN
FBXW11
FBXW7
GSK3B
HIF1A
KLF5
KRAS
LRP6
LRRK2
MDM2
NOTCH2
PTEN
RBPJ
SIAH1
SMAD1
SMAD4
TBL1XR1
TCF7L2
TNKS
YAP1
[0m---- 
[1;36mPetal Interactions[0;32m
1 BTRC	pp	APC
2 CDC42	pp	APC
3 ERBIN	pp	APC
4 ERBIN	pp	EGFR
5 FBXW11	pp	APC
6 FBXW7	pp	ATM
7 FBXW7	pp	BRAF
8 FBXW7	pp	EGFR
9 FBXW7	pp	EP300
10 GSK3B	pp	APC
11 GSK3B	pp	BRAF
12 GSK3B	pp	BTRC
13 GSK3B	pp	FBXW11
14 GSK3B	pp	FBXW7
15 HIF1A	pp	FBXW7
16 HIF1A	pp	GSK3B
17 KLF5	pp	FBXW7
18 KLF5	pp	GSK3B
19 KRAS	pp	APC
20 KRAS	pp	EGFR
21 KRAS	pp	HIF1A
22 LRP6	pp	APC
23 LRP6	pp	GSK3B
24 LRRK2	pp	APC
25 LRRK2	pp	HIF1A
26 MDM2	pp	FBXW7
27 MDM2	pp	GSK3B
28 NOTCH2	pp	FBXW7
29 NOTCH2	pp	GSK3B
30 PTEN	pp	CDC42
31 PTEN	pp	FBXW7
32 PTEN	pp	GSK3B
33 RBPJ	pp	FBXW7
34 SIAH1	pp	APC
35 SIAH1	pp	HIF1A
36 SMAD1	pp	FBXW7
37 SMAD1	pp	GSK3B
38 SMAD4	pp	APC
39 SMAD4	pp	ATM
40 SMAD4	pp	HIF1A
41 SMAD4	pp	PTEN
42 SMAD4	pp	RBPJ
43 SMAD4	pp	SMAD1
44 TBL1XR1	pp	APC
45 TBL1XR1	pp	RBPJ
46 TCF7L2	pp	APC
47 TCF7L2	pp	EP300
48 TCF7L2	pp	PTEN
49 TNKS	pp	APC
50 TNKS	pp	PTEN
51 YAP1	pp	FBXW7
52 YAP1	pp	GSK3B
[0m
[1;32mPetal Name: [1;33mPLCG2
[1;32mPetal Size: [1;33m4[0;31m
APC
JAK2
KRAS
PLCG2
[0m---- 
[1;36mPetal Interactions[0;32m
1 KRAS	pp	APC
2 KRAS	pp	JAK2
3 PLCG2	pp	JAK2
[0m
Done creating Petals.
petals are loaded
[1;32mAGE for [0;36mFBXW7 - PLCG2[0m
[0;35minitial size for AGE: 0[0m
counterPetal1 104
counterPetal2 6
counterPetal1*counterPetal2 624
(*AGE).size()=624
[0m---- 
[1;33mAGE nodes: 624[0m
Allocate AGEgraph :  624 x 624	389376 bytes

[0 min 0 sec] Nodes are done in 

[0 min 0 sec] Edges are done in 
0th run results (0) [new minumum]:0.0787402
0 266 cost: 2000
[0;36m		[A1. APC::A2. BTRC] ---  [B1. APC::B2. KRAS}[0m
[0;36m		[A1. GSK3B::A2. BRAF] ---  [B1. JAK2::B2. PLCG2}[0m
266 466 cost: 540
[0;36m		[A1. GSK3B::A2. BRAF] ---  [B1. JAK2::B2. PLCG2}[0m
[0;36m		[A1. PTEN::A2. GSK3B] ---  [B1. KRAS::B2. JAK2}[0m

Displayed tree score: 0.0787402

1th run results (1) [new minumum]:0.0947418
1 119 cost: 1111
[0;36m		[A1. APC::A2. BTRC] ---  [B1. JAK2::B2. KRAS}[0m
[0;36m		[A1. CDC42::A2. APC] ---  [B1. PLCG2::B2. JAK2}[0m
119 393 cost: 1000
[0;36m		[A1. CDC42::A2. APC] ---  [B1. PLCG2::B2. JAK2}[0m
[0;36m		[A1. KRAS::A2. EGFR] ---  [B1. KRAS::B2. APC}[0m

Displayed tree score: 0.0947418

2th run results (2) [new minumum]:0.201816
2 388 cost: 526
[0;36m		[A1. APC::A2. BTRC] ---  [B1. JAK2::B2. PLCG2}[0m
[0;36m		[A1. KRAS::A2. APC] ---  [B1. KRAS::B2. JAK2}[0m
388 138 cost: 465
[0;36m		[A1. KRAS::A2. APC] ---  [B1. KRAS::B2. JAK2}[0m
[0;36m		[A1. EGFR::A2. KRAS] ---  [B1. APC::B2. KRAS}[0m

Displayed tree score: 0.201816

6th run results (3) [new minumum]:0.205973
6 124 cost: 416
[0;36m		[A1. APC::A2. CDC42] ---  [B1. APC::B2. KRAS}[0m
[0;36m		[A1. CDC42::A2. PTEN] ---  [B1. KRAS::B2. JAK2}[0m
6 458 cost: 555
[0;36m		[A1. APC::A2. CDC42] ---  [B1. APC::B2. KRAS}[0m
[0;36m		[A1. PTEN::A2. FBXW7] ---  [B1. JAK2::B2. PLCG2}[0m

Displayed tree score: 0.205973

8th run results (4) [new minumum]:0.207254
8 388 cost: 500
[0;36m		[A1. APC::A2. CDC42] ---  [B1. JAK2::B2. PLCG2}[0m
[0;36m		[A1. KRAS::A2. APC] ---  [B1. KRAS::B2. JAK2}[0m
388 138 cost: 465
[0;36m		[A1. KRAS::A2. APC] ---  [B1. KRAS::B2. JAK2}[0m
[0;36m		[A1. EGFR::A2. KRAS] ---  [B1. APC::B2. KRAS}[0m

Displayed tree score: 0.207254

30th run results (5) [new minumum]:0.314465
30 394 cost: 192
[0;36m		[A1. APC::A2. KRAS] ---  [B1. APC::B2. KRAS}[0m
[0;36m		[A1. KRAS::A2. EGFR] ---  [B1. KRAS::B2. JAK2}[0m
394 134 cost: 444
[0;36m		[A1. KRAS::A2. EGFR] ---  [B1. KRAS::B2. JAK2}[0m
[0;36m		[A1. EGFR::A2. FBXW7] ---  [B1. JAK2::B2. PLCG2}[0m

Displayed tree score: 0.314465

Petal1:52	Petal2:3	treecost: 636	 tree size:2
$RESULT$	FBXW7	PLCG2	norm_score:	0.314465
[0m
[0 min 0 sec] All done in 
