COMMAND: /Users/gurkan/Box/Research/INSPIRE/inspire-replication/src/INSPIRE /Users/gurkan/Box/Research/INSPIRE/inspire-replication/database/inspire.sqlite FN1 MAP1B inspire_legacy_v1

GO normalization for inspire_legacy_v1: 14.1026
GO normalization in use: 14.1026
Loaded 5995 GO pair scores for inspire_legacy_v1
Create two petals
Begin PETAL setup
new petal FN1 (10)
# 15 interactions in FN1
Done adding UniProt and Pfam annotations for FN1.
new petal MAP1B (4)
# 3 interactions in MAP1B
Done adding UniProt and Pfam annotations for MAP1B.
Petal Sizes: 10, 4
[1;32mPetal Name: [1;33mFN1
[1;32mPetal Size: [1;33m10[0;31m
APC
BMPR2
CREB1
FN1
GSK3B
HIF1A
SMAD4
TCF7L2
ZEB1
ZEB2
[0m---- 
[1;36mPetal Interactions[0;32m
1 FN1	pp	BMPR2
2 FN1	pp	CREB1
3 GSK3B	pp	APC
4 GSK3B	pp	CREB1
5 HIF1A	pp	FN1
6 HIF1A	pp	GSK3B
7 SMAD4	pp	APC
8 SMAD4	pp	BMPR2
9 SMAD4	pp	HIF1A
10 TCF7L2	pp	APC
11 TCF7L2	pp	CREB1
12 ZEB1	pp	FN1
13 ZEB1	pp	SMAD4
14 ZEB2	pp	FN1
15 ZEB2	pp	SMAD4
[0m
[1;32mPetal Name: [1;33mMAP1B
[1;32mPetal Size: [1;33m4[0;31m
APC
LRP6
LRRK2
MAP1B
[0m---- 
[1;36mPetal Interactions[0;32m
1 LRP6	pp	APC
2 LRRK2	pp	LRP6
3 MAP1B	pp	LRRK2
[0m
Done creating Petals.
petals are loaded
[1;32mAGE for [0;36mFN1 - MAP1B[0m
[0;35minitial size for AGE: 0[0m
counterPetal1 30
counterPetal2 6
counterPetal1*counterPetal2 180
(*AGE).size()=180
[0m---- 
[1;33mAGE nodes: 180[0m
Allocate AGEgraph :  180 x 180	32400 bytes

[0 min 0 sec] Nodes are done in 

[0 min 0 sec] Edges are done in 
0th run results (0) [new minumum]:0.192308
0 86 cost: 500
[0;36m		[A1. APC::A2. GSK3B] ---  [B1. APC::B2. LRP6}[0m
[0;36m		[A1. GSK3B::A2. CREB1] ---  [B1. LRP6::B2. LRRK2}[0m
86 46 cost: 540
[0;36m		[A1. GSK3B::A2. CREB1] ---  [B1. LRP6::B2. LRRK2}[0m
[0;36m		[A1. CREB1::A2. TCF7L2] ---  [B1. LRRK2::B2. MAP1B}[0m

Displayed tree score: 0.192308

Petal1:15	Petal2:3	treecost: 1040	 tree size:2
$RESULT$	FN1	MAP1B	norm_score:	0.192308
[0m
[0 min 0 sec] All done in 
