COMMAND: /Users/gurkan/Box/Research/INSPIRE/inspire-replication/src/INSPIRE /Users/gurkan/Box/Research/INSPIRE/inspire-replication/database/inspire.sqlite FN1 PTEN inspire_legacy_v1

GO normalization for inspire_legacy_v1: 14.1026
GO normalization in use: 14.1026
Loaded 5995 GO pair scores for inspire_legacy_v1
Create two petals
Begin PETAL setup
new petal FN1 (10)
# 15 interactions in FN1
Done adding UniProt and Pfam annotations for FN1.
new petal PTEN (43)
# 94 interactions in PTEN
Done adding UniProt and Pfam annotations for PTEN.
Petal Sizes: 10, 43
[1;32mPetal Name: [1;33mFN1
[1;32mPetal Size: [1;33m10[0;31m
APC
BMPR2
CREB1
FN1
GSK3B
HIF1A
SMAD4
TCF7L2
ZEB1
ZEB2
[0m---- 
[1;36mPetal Interactions[0;32m
1 FN1	pp	BMPR2
2 FN1	pp	CREB1
3 GSK3B	pp	APC
4 GSK3B	pp	CREB1
5 HIF1A	pp	FN1
6 HIF1A	pp	GSK3B
7 SMAD4	pp	APC
8 SMAD4	pp	BMPR2
9 SMAD4	pp	HIF1A
10 TCF7L2	pp	APC
11 TCF7L2	pp	CREB1
12 ZEB1	pp	FN1
13 ZEB1	pp	SMAD4
14 ZEB2	pp	FN1
15 ZEB2	pp	SMAD4
[0m
[1;32mPetal Name: [1;33mPTEN
[1;32mPetal Size: [1;33m43[0;31m
AGO1
APC
ATM
ATRX
BCL2
BMPR1A
BRAF
BTRC
CCDC6
CDC42
CDKN1B
CHUK
CREB1
EGFR
ERBIN
FBXW11
FBXW7
FOXO1
FOXO3
GSK3B
HIF1A
IQGAP1
ITGB1
JAK2
KRAS
LRP6
LRRK2
MAPK1
MDM2
NFE2L2
PDPK1
PIK3CB
PIK3R1
PTEN
RBPJ
SIRT1
SMAD2
SMAD4
TBL1XR1
TCF7L2
TNKS
YAP1
ZEB1
[0m---- 
[1;36mPetal Interactions[0;32m
1 BTRC	pp	APC
2 CCDC6	pp	APC
3 CCDC6	pp	BRAF
4 CDC42	pp	APC
5 CHUK	pp	BTRC
6 ERBIN	pp	APC
7 ERBIN	pp	CDC42
8 ERBIN	pp	EGFR
9 FBXW11	pp	APC
10 FBXW7	pp	BTRC
11 FBXW7	pp	CCDC6
12 GSK3B	pp	APC
13 GSK3B	pp	BRAF
14 GSK3B	pp	BTRC
15 GSK3B	pp	CDKN1B
16 GSK3B	pp	CREB1
17 GSK3B	pp	FBXW11
18 GSK3B	pp	FBXW7
19 GSK3B	pp	FOXO1
20 GSK3B	pp	FOXO3
21 HIF1A	pp	GSK3B
22 IQGAP1	pp	APC
23 IQGAP1	pp	EGFR
24 ITGB1	pp	CDC42
25 KRAS	pp	APC
26 KRAS	pp	BCL2
27 KRAS	pp	CDC42
28 KRAS	pp	EGFR
29 KRAS	pp	HIF1A
30 KRAS	pp	JAK2
31 LRP6	pp	APC
32 LRP6	pp	GSK3B
33 LRRK2	pp	AGO1
34 LRRK2	pp	APC
35 LRRK2	pp	HIF1A
36 MAPK1	pp	GSK3B
37 MDM2	pp	GSK3B
38 NFE2L2	pp	GSK3B
39 PDPK1	pp	GSK3B
40 PIK3CB	pp	CDC42
41 PIK3R1	pp	KRAS
42 PTEN	pp	AGO1
43 PTEN	pp	ATM
44 PTEN	pp	ATRX
45 PTEN	pp	BCL2
46 PTEN	pp	BMPR1A
47 PTEN	pp	BRAF
48 PTEN	pp	CDC42
49 PTEN	pp	CDKN1B
50 PTEN	pp	CHUK
51 PTEN	pp	CREB1
52 PTEN	pp	EGFR
53 PTEN	pp	FBXW7
54 PTEN	pp	FOXO1
55 PTEN	pp	FOXO3
56 PTEN	pp	GSK3B
57 PTEN	pp	HIF1A
58 PTEN	pp	ITGB1
59 PTEN	pp	JAK2
60 PTEN	pp	MAPK1
61 PTEN	pp	MDM2
62 PTEN	pp	NFE2L2
63 PTEN	pp	PDPK1
64 PTEN	pp	PIK3CB
65 PTEN	pp	PIK3R1
66 RBPJ	pp	PTEN
67 SIRT1	pp	GSK3B
68 SIRT1	pp	PTEN
69 SMAD2	pp	CDC42
70 SMAD2	pp	ERBIN
71 SMAD2	pp	GSK3B
72 SMAD2	pp	PTEN
73 SMAD4	pp	APC
74 SMAD4	pp	ATM
75 SMAD4	pp	BCL2
76 SMAD4	pp	BMPR1A
77 SMAD4	pp	CDC42
78 SMAD4	pp	HIF1A
79 SMAD4	pp	MAPK1
80 SMAD4	pp	PTEN
81 SMAD4	pp	RBPJ
82 SMAD4	pp	SMAD2
83 TBL1XR1	pp	APC
84 TBL1XR1	pp	RBPJ
85 TCF7L2	pp	APC
86 TCF7L2	pp	CREB1
87 TCF7L2	pp	PTEN
88 TNKS	pp	APC
89 TNKS	pp	ATRX
90 TNKS	pp	PTEN
91 YAP1	pp	GSK3B
92 YAP1	pp	PTEN
93 ZEB1	pp	PTEN
94 ZEB1	pp	SMAD4
[0m
Done creating Petals.
petals are loaded
[1;32mAGE for [0;36mFN1 - PTEN[0m
[0;35minitial size for AGE: 0[0m
counterPetal1 30
counterPetal2 188
counterPetal1*counterPetal2 5640
(*AGE).size()=5640
[0m---- 
[1;33mAGE nodes: 5640[0m
Allocate AGEgraph :  5640 x 5640	31809600 bytes

[0 min 0 sec] Nodes are done in 

[0 min 1 sec] Edges are done in 
0th run results (0) [new minumum]:0.380952
0 2929 cost: 500
[0;36m		[A1. APC::A2. GSK3B] ---  [B1. AGO1::B2. LRRK2}[0m
[0;36m		[A1. GSK3B::A2. HIF1A] ---  [B1. LRRK2::B2. HIF1A}[0m
2929 3475 cost: 190
[0;36m		[A1. GSK3B::A2. HIF1A] ---  [B1. LRRK2::B2. HIF1A}[0m
[0;36m		[A1. HIF1A::A2. SMAD4] ---  [B1. HIF1A::B2. SMAD4}[0m
3475 3737 cost: 100
[0;36m		[A1. HIF1A::A2. SMAD4] ---  [B1. HIF1A::B2. SMAD4}[0m
[0;36m		[A1. SMAD4::A2. APC] ---  [B1. SMAD4::B2. APC}[0m
3737 390 cost: 100
[0;36m		[A1. SMAD4::A2. APC] ---  [B1. SMAD4::B2. APC}[0m
[0;36m		[A1. APC::A2. TCF7L2] ---  [B1. APC::B2. TCF7L2}[0m
3475 4311 cost: 100
[0;36m		[A1. HIF1A::A2. SMAD4] ---  [B1. HIF1A::B2. SMAD4}[0m
[0;36m		[A1. SMAD4::A2. ZEB1] ---  [B1. SMAD4::B2. ZEB1}[0m
390 4879 cost: 100
[0;36m		[A1. APC::A2. TCF7L2] ---  [B1. APC::B2. TCF7L2}[0m
[0;36m		[A1. TCF7L2::A2. CREB1] ---  [B1. TCF7L2::B2. CREB1}[0m
3737 864 cost: 140
[0;36m		[A1. SMAD4::A2. APC] ---  [B1. SMAD4::B2. APC}[0m
[0;36m		[A1. BMPR2::A2. SMAD4] ---  [B1. MAPK1::B2. SMAD4}[0m
4879 987 cost: 217
[0;36m		[A1. TCF7L2::A2. CREB1] ---  [B1. TCF7L2::B2. CREB1}[0m
[0;36m		[A1. CREB1::A2. FN1] ---  [B1. CREB1::B2. GSK3B}[0m
3475 1957 cost: 217
[0;36m		[A1. HIF1A::A2. SMAD4] ---  [B1. HIF1A::B2. SMAD4}[0m
[0;36m		[A1. FN1::A2. HIF1A] ---  [B1. GSK3B::B2. HIF1A}[0m
3475 4496 cost: 227
[0;36m		[A1. HIF1A::A2. SMAD4] ---  [B1. HIF1A::B2. SMAD4}[0m
[0;36m		[A1. SMAD4::A2. ZEB2] ---  [B1. SMAD4::B2. PTEN}[0m
864 1583 cost: 322
[0;36m		[A1. BMPR2::A2. SMAD4] ---  [B1. MAPK1::B2. SMAD4}[0m
[0;36m		[A1. FN1::A2. BMPR2] ---  [B1. GSK3B::B2. MAPK1}[0m
3737 2339 cost: 487
[0;36m		[A1. SMAD4::A2. APC] ---  [B1. SMAD4::B2. APC}[0m
[0;36m		[A1. FN1::A2. ZEB2] ---  [B1. GSK3B::B2. PTEN}[0m

Displayed tree score: 0.380952

1th run results (1) [new minumum]:0.417711
1 1365 cost: 526
[0;36m		[A1. APC::A2. GSK3B] ---  [B1. AGO1::B2. PTEN}[0m
[0;36m		[A1. CREB1::A2. TCF7L2] ---  [B1. CREB1::B2. TCF7L2}[0m
1365 2704 cost: 100
[0;36m		[A1. CREB1::A2. TCF7L2] ---  [B1. CREB1::B2. TCF7L2}[0m
[0;36m		[A1. GSK3B::A2. CREB1] ---  [B1. GSK3B::B2. CREB1}[0m
2704 3283 cost: 100
[0;36m		[A1. GSK3B::A2. CREB1] ---  [B1. GSK3B::B2. CREB1}[0m
[0;36m		[A1. HIF1A::A2. GSK3B] ---  [B1. HIF1A::B2. GSK3B}[0m
3283 4118 cost: 100
[0;36m		[A1. HIF1A::A2. GSK3B] ---  [B1. HIF1A::B2. GSK3B}[0m
[0;36m		[A1. SMAD4::A2. HIF1A] ---  [B1. SMAD4::B2. HIF1A}[0m
4118 200 cost: 100
[0;36m		[A1. SMAD4::A2. HIF1A] ---  [B1. SMAD4::B2. HIF1A}[0m
[0;36m		[A1. APC::A2. SMAD4] ---  [B1. APC::B2. SMAD4}[0m
200 4311 cost: 100
[0;36m		[A1. APC::A2. SMAD4] ---  [B1. APC::B2. SMAD4}[0m
[0;36m		[A1. SMAD4::A2. ZEB1] ---  [B1. SMAD4::B2. ZEB1}[0m
1365 4690 cost: 100
[0;36m		[A1. CREB1::A2. TCF7L2] ---  [B1. CREB1::B2. TCF7L2}[0m
[0;36m		[A1. TCF7L2::A2. APC] ---  [B1. TCF7L2::B2. APC}[0m
4118 864 cost: 140
[0;36m		[A1. SMAD4::A2. HIF1A] ---  [B1. SMAD4::B2. HIF1A}[0m
[0;36m		[A1. BMPR2::A2. SMAD4] ---  [B1. MAPK1::B2. SMAD4}[0m
3283 1989 cost: 217
[0;36m		[A1. HIF1A::A2. GSK3B] ---  [B1. HIF1A::B2. GSK3B}[0m
[0;36m		[A1. FN1::A2. HIF1A] ---  [B1. LRRK2::B2. HIF1A}[0m
200 4496 cost: 227
[0;36m		[A1. APC::A2. SMAD4] ---  [B1. APC::B2. SMAD4}[0m
[0;36m		[A1. SMAD4::A2. ZEB2] ---  [B1. SMAD4::B2. PTEN}[0m

Displayed tree score: 0.417711

2th run results (2) [new minumum]:0.50984
2 3737 cost: 217
[0;36m		[A1. APC::A2. GSK3B] ---  [B1. APC::B2. BTRC}[0m
[0;36m		[A1. SMAD4::A2. APC] ---  [B1. SMAD4::B2. APC}[0m
3737 390 cost: 100
[0;36m		[A1. SMAD4::A2. APC] ---  [B1. SMAD4::B2. APC}[0m
[0;36m		[A1. APC::A2. TCF7L2] ---  [B1. APC::B2. TCF7L2}[0m
3737 3475 cost: 100
[0;36m		[A1. SMAD4::A2. APC] ---  [B1. SMAD4::B2. APC}[0m
[0;36m		[A1. HIF1A::A2. SMAD4] ---  [B1. HIF1A::B2. SMAD4}[0m
3475 2897 cost: 100
[0;36m		[A1. HIF1A::A2. SMAD4] ---  [B1. HIF1A::B2. SMAD4}[0m
[0;36m		[A1. GSK3B::A2. HIF1A] ---  [B1. GSK3B::B2. HIF1A}[0m
2897 1175 cost: 100
[0;36m		[A1. GSK3B::A2. HIF1A] ---  [B1. GSK3B::B2. HIF1A}[0m
[0;36m		[A1. CREB1::A2. GSK3B] ---  [B1. CREB1::B2. GSK3B}[0m
3475 4311 cost: 100
[0;36m		[A1. HIF1A::A2. SMAD4] ---  [B1. HIF1A::B2. SMAD4}[0m
[0;36m		[A1. SMAD4::A2. ZEB1] ---  [B1. SMAD4::B2. ZEB1}[0m
390 4879 cost: 100
[0;36m		[A1. APC::A2. TCF7L2] ---  [B1. APC::B2. TCF7L2}[0m
[0;36m		[A1. TCF7L2::A2. CREB1] ---  [B1. TCF7L2::B2. CREB1}[0m
3737 864 cost: 140
[0;36m		[A1. SMAD4::A2. APC] ---  [B1. SMAD4::B2. APC}[0m
[0;36m		[A1. BMPR2::A2. SMAD4] ---  [B1. MAPK1::B2. SMAD4}[0m
3475 1989 cost: 217
[0;36m		[A1. HIF1A::A2. SMAD4] ---  [B1. HIF1A::B2. SMAD4}[0m
[0;36m		[A1. FN1::A2. HIF1A] ---  [B1. LRRK2::B2. HIF1A}[0m
3475 4496 cost: 227
[0;36m		[A1. HIF1A::A2. SMAD4] ---  [B1. HIF1A::B2. SMAD4}[0m
[0;36m		[A1. SMAD4::A2. ZEB2] ---  [B1. SMAD4::B2. PTEN}[0m

Displayed tree score: 0.50984

7th run results (3) [new minumum]:0.556297
7 2704 cost: 100
[0;36m		[A1. APC::A2. GSK3B] ---  [B1. APC::B2. GSK3B}[0m
[0;36m		[A1. GSK3B::A2. CREB1] ---  [B1. GSK3B::B2. CREB1}[0m
2704 1365 cost: 100
[0;36m		[A1. GSK3B::A2. CREB1] ---  [B1. GSK3B::B2. CREB1}[0m
[0;36m		[A1. CREB1::A2. TCF7L2] ---  [B1. CREB1::B2. TCF7L2}[0m
7 2897 cost: 100
[0;36m		[A1. APC::A2. GSK3B] ---  [B1. APC::B2. GSK3B}[0m
[0;36m		[A1. GSK3B::A2. HIF1A] ---  [B1. GSK3B::B2. HIF1A}[0m
2897 3475 cost: 100
[0;36m		[A1. GSK3B::A2. HIF1A] ---  [B1. GSK3B::B2. HIF1A}[0m
[0;36m		[A1. HIF1A::A2. SMAD4] ---  [B1. HIF1A::B2. SMAD4}[0m
7 3737 cost: 100
[0;36m		[A1. APC::A2. GSK3B] ---  [B1. APC::B2. GSK3B}[0m
[0;36m		[A1. SMAD4::A2. APC] ---  [B1. SMAD4::B2. APC}[0m
3737 390 cost: 100
[0;36m		[A1. SMAD4::A2. APC] ---  [B1. SMAD4::B2. APC}[0m
[0;36m		[A1. APC::A2. TCF7L2] ---  [B1. APC::B2. TCF7L2}[0m
3475 4311 cost: 100
[0;36m		[A1. HIF1A::A2. SMAD4] ---  [B1. HIF1A::B2. SMAD4}[0m
[0;36m		[A1. SMAD4::A2. ZEB1] ---  [B1. SMAD4::B2. ZEB1}[0m
3737 864 cost: 140
[0;36m		[A1. SMAD4::A2. APC] ---  [B1. SMAD4::B2. APC}[0m
[0;36m		[A1. BMPR2::A2. SMAD4] ---  [B1. MAPK1::B2. SMAD4}[0m
3475 1989 cost: 217
[0;36m		[A1. HIF1A::A2. SMAD4] ---  [B1. HIF1A::B2. SMAD4}[0m
[0;36m		[A1. FN1::A2. HIF1A] ---  [B1. LRRK2::B2. HIF1A}[0m
3475 4496 cost: 227
[0;36m		[A1. HIF1A::A2. SMAD4] ---  [B1. HIF1A::B2. SMAD4}[0m
[0;36m		[A1. SMAD4::A2. ZEB2] ---  [B1. SMAD4::B2. PTEN}[0m

Displayed tree score: 0.556297

988th run results (4) [new minumum]:0.571996
988 2704 cost: 227
[0;36m		[A1. CREB1::A2. FN1] ---  [B1. CREB1::B2. PTEN}[0m
[0;36m		[A1. GSK3B::A2. CREB1] ---  [B1. GSK3B::B2. CREB1}[0m
2704 7 cost: 100
[0;36m		[A1. GSK3B::A2. CREB1] ---  [B1. GSK3B::B2. CREB1}[0m
[0;36m		[A1. APC::A2. GSK3B] ---  [B1. APC::B2. GSK3B}[0m
2704 1365 cost: 100
[0;36m		[A1. GSK3B::A2. CREB1] ---  [B1. GSK3B::B2. CREB1}[0m
[0;36m		[A1. CREB1::A2. TCF7L2] ---  [B1. CREB1::B2. TCF7L2}[0m
7 2897 cost: 100
[0;36m		[A1. APC::A2. GSK3B] ---  [B1. APC::B2. GSK3B}[0m
[0;36m		[A1. GSK3B::A2. HIF1A] ---  [B1. GSK3B::B2. HIF1A}[0m
2897 3475 cost: 100
[0;36m		[A1. GSK3B::A2. HIF1A] ---  [B1. GSK3B::B2. HIF1A}[0m
[0;36m		[A1. HIF1A::A2. SMAD4] ---  [B1. HIF1A::B2. SMAD4}[0m
7 3737 cost: 100
[0;36m		[A1. APC::A2. GSK3B] ---  [B1. APC::B2. GSK3B}[0m
[0;36m		[A1. SMAD4::A2. APC] ---  [B1. SMAD4::B2. APC}[0m
3737 390 cost: 100
[0;36m		[A1. SMAD4::A2. APC] ---  [B1. SMAD4::B2. APC}[0m
[0;36m		[A1. APC::A2. TCF7L2] ---  [B1. APC::B2. TCF7L2}[0m
3475 4311 cost: 100
[0;36m		[A1. HIF1A::A2. SMAD4] ---  [B1. HIF1A::B2. SMAD4}[0m
[0;36m		[A1. SMAD4::A2. ZEB1] ---  [B1. SMAD4::B2. ZEB1}[0m
3737 864 cost: 140
[0;36m		[A1. SMAD4::A2. APC] ---  [B1. SMAD4::B2. APC}[0m
[0;36m		[A1. BMPR2::A2. SMAD4] ---  [B1. MAPK1::B2. SMAD4}[0m
3475 1989 cost: 217
[0;36m		[A1. HIF1A::A2. SMAD4] ---  [B1. HIF1A::B2. SMAD4}[0m
[0;36m		[A1. FN1::A2. HIF1A] ---  [B1. LRRK2::B2. HIF1A}[0m
3475 4496 cost: 227
[0;36m		[A1. HIF1A::A2. SMAD4] ---  [B1. HIF1A::B2. SMAD4}[0m
[0;36m		[A1. SMAD4::A2. ZEB2] ---  [B1. SMAD4::B2. PTEN}[0m

Displayed tree score: 0.571996

Petal1:15	Petal2:94	treecost: 1511	 tree size:11
$RESULT$	FN1	PTEN	norm_score:	0.571996
[0m
[0 min 3 sec] All done in 
