COMMAND: /Users/gurkan/Box/Research/INSPIRE/inspire-replication/src/INSPIRE /Users/gurkan/Box/Research/INSPIRE/inspire-replication/database/inspire.sqlite FN1 GLI3 inspire_legacy_v1

GO normalization for inspire_legacy_v1: 14.1026
GO normalization in use: 14.1026
Loaded 5995 GO pair scores for inspire_legacy_v1
Create two petals
Begin PETAL setup
new petal FN1 (10)
# 15 interactions in FN1
Done adding UniProt and Pfam annotations for FN1.
new petal GLI3 (6)
# 7 interactions in GLI3
Done adding UniProt and Pfam annotations for GLI3.
Petal Sizes: 10, 6
[1;32mPetal Name: [1;33mFN1
[1;32mPetal Size: [1;33m10[0;31m
APC
BMPR2
CREB1
FN1
GSK3B
HIF1A
SMAD4
TCF7L2
ZEB1
ZEB2
[0m---- 
[1;36mPetal Interactions[0;32m
1 FN1	pp	BMPR2
2 FN1	pp	CREB1
3 GSK3B	pp	APC
4 GSK3B	pp	CREB1
5 HIF1A	pp	FN1
6 HIF1A	pp	GSK3B
7 SMAD4	pp	APC
8 SMAD4	pp	BMPR2
9 SMAD4	pp	HIF1A
10 TCF7L2	pp	APC
11 TCF7L2	pp	CREB1
12 ZEB1	pp	FN1
13 ZEB1	pp	SMAD4
14 ZEB2	pp	FN1
15 ZEB2	pp	SMAD4
[0m
[1;32mPetal Name: [1;33mGLI3
[1;32mPetal Size: [1;33m6[0;31m
APC
CREBBP
GLI3
GSK3B
LRP6
RUNX2
[0m---- 
[1;36mPetal Interactions[0;32m
1 GLI3	pp	CREBBP
2 GSK3B	pp	APC
3 GSK3B	pp	CREBBP
4 LRP6	pp	APC
5 RUNX2	pp	GLI3
6 RUNX2	pp	GSK3B
7 RUNX2	pp	LRP6
[0m
Done creating Petals.
petals are loaded
[1;32mAGE for [0;36mFN1 - GLI3[0m
[0;35minitial size for AGE: 0[0m
counterPetal1 30
counterPetal2 14
counterPetal1*counterPetal2 420
(*AGE).size()=420
[0m---- 
[1;33mAGE nodes: 420[0m
Allocate AGEgraph :  420 x 420	176400 bytes

[0 min 0 sec] Nodes are done in 

[0 min 0 sec] Edges are done in 
0th run results (0) [new minumum]:0.262352
0 203 cost: 217
[0;36m		[A1. APC::A2. GSK3B] ---  [B1. APC::B2. GSK3B}[0m
[0;36m		[A1. GSK3B::A2. CREB1] ---  [B1. GSK3B::B2. CREBBP}[0m
0 275 cost: 227
[0;36m		[A1. APC::A2. GSK3B] ---  [B1. APC::B2. GSK3B}[0m
[0;36m		[A1. SMAD4::A2. APC] ---  [B1. LRP6::B2. APC}[0m
0 218 cost: 246
[0;36m		[A1. APC::A2. GSK3B] ---  [B1. APC::B2. GSK3B}[0m
[0;36m		[A1. GSK3B::A2. HIF1A] ---  [B1. GSK3B::B2. RUNX2}[0m
0 72 cost: 487
[0;36m		[A1. APC::A2. GSK3B] ---  [B1. APC::B2. GSK3B}[0m
[0;36m		[A1. CREB1::A2. FN1] ---  [B1. CREBBP::B2. GLI3}[0m
0 235 cost: 555
[0;36m		[A1. APC::A2. GSK3B] ---  [B1. APC::B2. GSK3B}[0m
[0;36m		[A1. HIF1A::A2. FN1] ---  [B1. RUNX2::B2. GLI3}[0m
0 265 cost: 555
[0;36m		[A1. APC::A2. GSK3B] ---  [B1. APC::B2. GSK3B}[0m
[0;36m		[A1. HIF1A::A2. SMAD4] ---  [B1. RUNX2::B2. LRP6}[0m

Displayed tree score: 0.262352

24th run results (1) [new minumum]:0.26738
24 188 cost: 512
[0;36m		[A1. APC::A2. SMAD4] ---  [B1. LRP6::B2. RUNX2}[0m
[0;36m		[A1. GSK3B::A2. APC] ---  [B1. GSK3B::B2. APC}[0m
188 87 cost: 217
[0;36m		[A1. GSK3B::A2. APC] ---  [B1. GSK3B::B2. APC}[0m
[0;36m		[A1. CREB1::A2. GSK3B] ---  [B1. CREBBP::B2. GSK3B}[0m
188 29 cost: 227
[0;36m		[A1. GSK3B::A2. APC] ---  [B1. GSK3B::B2. APC}[0m
[0;36m		[A1. APC::A2. TCF7L2] ---  [B1. APC::B2. LRP6}[0m
188 250 cost: 246
[0;36m		[A1. GSK3B::A2. APC] ---  [B1. GSK3B::B2. APC}[0m
[0;36m		[A1. HIF1A::A2. GSK3B] ---  [B1. RUNX2::B2. GSK3B}[0m
188 130 cost: 487
[0;36m		[A1. GSK3B::A2. APC] ---  [B1. GSK3B::B2. APC}[0m
[0;36m		[A1. FN1::A2. CREB1] ---  [B1. GLI3::B2. CREBBP}[0m
188 145 cost: 555
[0;36m		[A1. GSK3B::A2. APC] ---  [B1. GSK3B::B2. APC}[0m
[0;36m		[A1. FN1::A2. HIF1A] ---  [B1. GLI3::B2. RUNX2}[0m

Displayed tree score: 0.26738

Petal1:15	Petal2:7	treecost: 2244	 tree size:6
$RESULT$	FN1	GLI3	norm_score:	0.26738
[0m
[0 min 0 sec] All done in 
