COMMAND: /Users/gurkan/Box/Research/INSPIRE/inspire-replication/src/INSPIRE /Users/gurkan/Box/Research/INSPIRE/inspire-replication/database/inspire.sqlite FN1 TIAM1 inspire_legacy_v1

GO normalization for inspire_legacy_v1: 14.1026
GO normalization in use: 14.1026
Loaded 5995 GO pair scores for inspire_legacy_v1
Create two petals
Begin PETAL setup
new petal FN1 (10)
# 15 interactions in FN1
Done adding UniProt and Pfam annotations for FN1.
new petal TIAM1 (6)
# 7 interactions in TIAM1
Done adding UniProt and Pfam annotations for TIAM1.
Petal Sizes: 10, 6
[1;32mPetal Name: [1;33mFN1
[1;32mPetal Size: [1;33m10[0;31m
APC
BMPR2
CREB1
FN1
GSK3B
HIF1A
SMAD4
TCF7L2
ZEB1
ZEB2
[0m---- 
[1;36mPetal Interactions[0;32m
1 FN1	pp	BMPR2
2 FN1	pp	CREB1
3 GSK3B	pp	APC
4 GSK3B	pp	CREB1
5 HIF1A	pp	FN1
6 HIF1A	pp	GSK3B
7 SMAD4	pp	APC
8 SMAD4	pp	BMPR2
9 SMAD4	pp	HIF1A
10 TCF7L2	pp	APC
11 TCF7L2	pp	CREB1
12 ZEB1	pp	FN1
13 ZEB1	pp	SMAD4
14 ZEB2	pp	FN1
15 ZEB2	pp	SMAD4
[0m
[1;32mPetal Name: [1;33mTIAM1
[1;32mPetal Size: [1;33m6[0;31m
APC
GSK3B
PTEN
SMAD4
TCF7L2
TIAM1
[0m---- 
[1;36mPetal Interactions[0;32m
1 GSK3B	pp	APC
2 PTEN	pp	GSK3B
3 SMAD4	pp	APC
4 SMAD4	pp	PTEN
5 TCF7L2	pp	APC
6 TCF7L2	pp	PTEN
7 TIAM1	pp	PTEN
[0m
Done creating Petals.
petals are loaded
[1;32mAGE for [0;36mFN1 - TIAM1[0m
[0;35minitial size for AGE: 0[0m
counterPetal1 30
counterPetal2 14
counterPetal1*counterPetal2 420
(*AGE).size()=420
[0m---- 
[1;33mAGE nodes: 420[0m
Allocate AGEgraph :  420 x 420	176400 bytes

[0 min 0 sec] Nodes are done in 

[0 min 0 sec] Edges are done in 
0th run results (0) [new minumum]:0.302343
0 275 cost: 100
[0;36m		[A1. APC::A2. GSK3B] ---  [B1. APC::B2. GSK3B}[0m
[0;36m		[A1. SMAD4::A2. APC] ---  [B1. SMAD4::B2. APC}[0m
275 30 cost: 100
[0;36m		[A1. SMAD4::A2. APC] ---  [B1. SMAD4::B2. APC}[0m
[0;36m		[A1. APC::A2. TCF7L2] ---  [B1. APC::B2. TCF7L2}[0m
275 62 cost: 217
[0;36m		[A1. SMAD4::A2. APC] ---  [B1. SMAD4::B2. APC}[0m
[0;36m		[A1. BMPR2::A2. SMAD4] ---  [B1. PTEN::B2. SMAD4}[0m
275 116 cost: 465
[0;36m		[A1. SMAD4::A2. APC] ---  [B1. SMAD4::B2. APC}[0m
[0;36m		[A1. FN1::A2. BMPR2] ---  [B1. GSK3B::B2. PTEN}[0m

Displayed tree score: 0.302343

15th run results (1) [new minumum]:0.379133
15 185 cost: 100
[0;36m		[A1. APC::A2. SMAD4] ---  [B1. APC::B2. SMAD4}[0m
[0;36m		[A1. GSK3B::A2. APC] ---  [B1. GSK3B::B2. APC}[0m
185 30 cost: 100
[0;36m		[A1. GSK3B::A2. APC] ---  [B1. GSK3B::B2. APC}[0m
[0;36m		[A1. APC::A2. TCF7L2] ---  [B1. APC::B2. TCF7L2}[0m
185 89 cost: 217
[0;36m		[A1. GSK3B::A2. APC] ---  [B1. GSK3B::B2. APC}[0m
[0;36m		[A1. CREB1::A2. GSK3B] ---  [B1. PTEN::B2. GSK3B}[0m
30 362 cost: 217
[0;36m		[A1. APC::A2. TCF7L2] ---  [B1. APC::B2. TCF7L2}[0m
[0;36m		[A1. TCF7L2::A2. CREB1] ---  [B1. TCF7L2::B2. PTEN}[0m
30 76 cost: 465
[0;36m		[A1. APC::A2. TCF7L2] ---  [B1. APC::B2. TCF7L2}[0m
[0;36m		[A1. CREB1::A2. FN1] ---  [B1. PTEN::B2. SMAD4}[0m

Displayed tree score: 0.379133

62th run results (2) [new minumum]:0.444115
62 275 cost: 217
[0;36m		[A1. BMPR2::A2. SMAD4] ---  [B1. PTEN::B2. SMAD4}[0m
[0;36m		[A1. SMAD4::A2. APC] ---  [B1. SMAD4::B2. APC}[0m
275 0 cost: 100
[0;36m		[A1. SMAD4::A2. APC] ---  [B1. SMAD4::B2. APC}[0m
[0;36m		[A1. APC::A2. GSK3B] ---  [B1. APC::B2. GSK3B}[0m
275 30 cost: 100
[0;36m		[A1. SMAD4::A2. APC] ---  [B1. SMAD4::B2. APC}[0m
[0;36m		[A1. APC::A2. TCF7L2] ---  [B1. APC::B2. TCF7L2}[0m
0 200 cost: 217
[0;36m		[A1. APC::A2. GSK3B] ---  [B1. APC::B2. GSK3B}[0m
[0;36m		[A1. GSK3B::A2. CREB1] ---  [B1. GSK3B::B2. PTEN}[0m
30 362 cost: 217
[0;36m		[A1. APC::A2. TCF7L2] ---  [B1. APC::B2. TCF7L2}[0m
[0;36m		[A1. TCF7L2::A2. CREB1] ---  [B1. TCF7L2::B2. PTEN}[0m
0 78 cost: 500
[0;36m		[A1. APC::A2. GSK3B] ---  [B1. APC::B2. GSK3B}[0m
[0;36m		[A1. CREB1::A2. FN1] ---  [B1. PTEN::B2. TIAM1}[0m

Displayed tree score: 0.444115

Petal1:15	Petal2:7	treecost: 1351	 tree size:6
$RESULT$	FN1	TIAM1	norm_score:	0.444115
[0m
[0 min 0 sec] All done in 
