COMMAND: /Users/gurkan/Box/Research/INSPIRE/inspire-replication/src/INSPIRE /Users/gurkan/Box/Research/INSPIRE/inspire-replication/database/inspire.sqlite FN1 NF1 inspire_legacy_v1

GO normalization for inspire_legacy_v1: 14.1026
GO normalization in use: 14.1026
Loaded 5995 GO pair scores for inspire_legacy_v1
Create two petals
Begin PETAL setup
new petal FN1 (10)
# 15 interactions in FN1
Done adding UniProt and Pfam annotations for FN1.
new petal NF1 (13)
# 20 interactions in NF1
Done adding UniProt and Pfam annotations for NF1.
Petal Sizes: 10, 13
[1;32mPetal Name: [1;33mFN1
[1;32mPetal Size: [1;33m10[0;31m
APC
BMPR2
CREB1
FN1
GSK3B
HIF1A
SMAD4
TCF7L2
ZEB1
ZEB2
[0m---- 
[1;36mPetal Interactions[0;32m
1 FN1	pp	BMPR2
2 FN1	pp	CREB1
3 GSK3B	pp	APC
4 GSK3B	pp	CREB1
5 HIF1A	pp	FN1
6 HIF1A	pp	GSK3B
7 SMAD4	pp	APC
8 SMAD4	pp	BMPR2
9 SMAD4	pp	HIF1A
10 TCF7L2	pp	APC
11 TCF7L2	pp	CREB1
12 ZEB1	pp	FN1
13 ZEB1	pp	SMAD4
14 ZEB2	pp	FN1
15 ZEB2	pp	SMAD4
[0m
[1;32mPetal Name: [1;33mNF1
[1;32mPetal Size: [1;33m13[0;31m
APC
ATM
BRCA1
CDC42
EGFR
ERBIN
GSK3B
MDM2
NF1
PTEN
SMAD4
TCF7L2
TNKS
[0m---- 
[1;36mPetal Interactions[0;32m
1 CDC42	pp	APC
2 ERBIN	pp	APC
3 ERBIN	pp	EGFR
4 GSK3B	pp	APC
5 GSK3B	pp	BRCA1
6 MDM2	pp	GSK3B
7 NF1	pp	ATM
8 NF1	pp	BRCA1
9 NF1	pp	EGFR
10 NF1	pp	MDM2
11 PTEN	pp	CDC42
12 PTEN	pp	GSK3B
13 PTEN	pp	NF1
14 SMAD4	pp	APC
15 SMAD4	pp	ATM
16 SMAD4	pp	PTEN
17 TCF7L2	pp	APC
18 TCF7L2	pp	PTEN
19 TNKS	pp	APC
20 TNKS	pp	PTEN
[0m
Done creating Petals.
petals are loaded
[1;32mAGE for [0;36mFN1 - NF1[0m
[0;35minitial size for AGE: 0[0m
counterPetal1 30
counterPetal2 40
counterPetal1*counterPetal2 1200
(*AGE).size()=1200
[0m---- 
[1;33mAGE nodes: 1200[0m
Allocate AGEgraph :  1200 x 1200	1440000 bytes

[0 min 0 sec] Nodes are done in 

[0 min 0 sec] Edges are done in 
0th run results (0) [new minumum]:0.193353
0 793 cost: 217
[0;36m		[A1. APC::A2. GSK3B] ---  [B1. APC::B2. CDC42}[0m
[0;36m		[A1. SMAD4::A2. APC] ---  [B1. SMAD4::B2. APC}[0m
793 84 cost: 100
[0;36m		[A1. SMAD4::A2. APC] ---  [B1. SMAD4::B2. APC}[0m
[0;36m		[A1. APC::A2. TCF7L2] ---  [B1. APC::B2. TCF7L2}[0m
793 167 cost: 217
[0;36m		[A1. SMAD4::A2. APC] ---  [B1. SMAD4::B2. APC}[0m
[0;36m		[A1. BMPR2::A2. SMAD4] ---  [B1. ATM::B2. SMAD4}[0m
793 750 cost: 217
[0;36m		[A1. SMAD4::A2. APC] ---  [B1. SMAD4::B2. APC}[0m
[0;36m		[A1. HIF1A::A2. SMAD4] ---  [B1. PTEN::B2. SMAD4}[0m
84 248 cost: 434
[0;36m		[A1. APC::A2. TCF7L2] ---  [B1. APC::B2. TCF7L2}[0m
[0;36m		[A1. CREB1::A2. GSK3B] ---  [B1. BRCA1::B2. GSK3B}[0m
793 619 cost: 434
[0;36m		[A1. SMAD4::A2. APC] ---  [B1. SMAD4::B2. APC}[0m
[0;36m		[A1. GSK3B::A2. HIF1A] ---  [B1. GSK3B::B2. PTEN}[0m
793 342 cost: 465
[0;36m		[A1. SMAD4::A2. APC] ---  [B1. SMAD4::B2. APC}[0m
[0;36m		[A1. FN1::A2. BMPR2] ---  [B1. NF1::B2. ATM}[0m
793 426 cost: 465
[0;36m		[A1. SMAD4::A2. APC] ---  [B1. SMAD4::B2. APC}[0m
[0;36m		[A1. FN1::A2. HIF1A] ---  [B1. NF1::B2. PTEN}[0m
248 383 cost: 500
[0;36m		[A1. CREB1::A2. GSK3B] ---  [B1. BRCA1::B2. GSK3B}[0m
[0;36m		[A1. FN1::A2. CREB1] ---  [B1. NF1::B2. BRCA1}[0m
342 1133 cost: 588
[0;36m		[A1. FN1::A2. BMPR2] ---  [B1. NF1::B2. ATM}[0m
[0;36m		[A1. ZEB2::A2. FN1] ---  [B1. EGFR::B2. NF1}[0m
342 1061 cost: 833
[0;36m		[A1. FN1::A2. BMPR2] ---  [B1. NF1::B2. ATM}[0m
[0;36m		[A1. ZEB1::A2. FN1] ---  [B1. MDM2::B2. NF1}[0m

Displayed tree score: 0.193353

2th run results (1) [new minumum]:0.225721
2 793 cost: 100
[0;36m		[A1. APC::A2. GSK3B] ---  [B1. APC::B2. GSK3B}[0m
[0;36m		[A1. SMAD4::A2. APC] ---  [B1. SMAD4::B2. APC}[0m
793 84 cost: 100
[0;36m		[A1. SMAD4::A2. APC] ---  [B1. SMAD4::B2. APC}[0m
[0;36m		[A1. APC::A2. TCF7L2] ---  [B1. APC::B2. TCF7L2}[0m
793 167 cost: 217
[0;36m		[A1. SMAD4::A2. APC] ---  [B1. SMAD4::B2. APC}[0m
[0;36m		[A1. BMPR2::A2. SMAD4] ---  [B1. ATM::B2. SMAD4}[0m
2 577 cost: 217
[0;36m		[A1. APC::A2. GSK3B] ---  [B1. APC::B2. GSK3B}[0m
[0;36m		[A1. GSK3B::A2. CREB1] ---  [B1. GSK3B::B2. BRCA1}[0m
2 618 cost: 217
[0;36m		[A1. APC::A2. GSK3B] ---  [B1. APC::B2. GSK3B}[0m
[0;36m		[A1. GSK3B::A2. HIF1A] ---  [B1. GSK3B::B2. MDM2}[0m
793 1190 cost: 227
[0;36m		[A1. SMAD4::A2. APC] ---  [B1. SMAD4::B2. APC}[0m
[0;36m		[A1. ZEB2::A2. SMAD4] ---  [B1. PTEN::B2. SMAD4}[0m
2 209 cost: 465
[0;36m		[A1. APC::A2. GSK3B] ---  [B1. APC::B2. GSK3B}[0m
[0;36m		[A1. CREB1::A2. FN1] ---  [B1. BRCA1::B2. NF1}[0m
793 342 cost: 465
[0;36m		[A1. SMAD4::A2. APC] ---  [B1. SMAD4::B2. APC}[0m
[0;36m		[A1. FN1::A2. BMPR2] ---  [B1. NF1::B2. ATM}[0m
2 661 cost: 465
[0;36m		[A1. APC::A2. GSK3B] ---  [B1. APC::B2. GSK3B}[0m
[0;36m		[A1. HIF1A::A2. FN1] ---  [B1. MDM2::B2. NF1}[0m
793 506 cost: 487
[0;36m		[A1. SMAD4::A2. APC] ---  [B1. SMAD4::B2. APC}[0m
[0;36m		[A1. FN1::A2. ZEB2] ---  [B1. NF1::B2. PTEN}[0m
209 464 cost: 869
[0;36m		[A1. CREB1::A2. FN1] ---  [B1. BRCA1::B2. NF1}[0m
[0;36m		[A1. FN1::A2. ZEB1] ---  [B1. NF1::B2. EGFR}[0m

Displayed tree score: 0.225721

180th run results (2) [new minumum]:0.231817
180 84 cost: 465
[0;36m		[A1. BMPR2::A2. SMAD4] ---  [B1. MDM2::B2. GSK3B}[0m
[0;36m		[A1. APC::A2. TCF7L2] ---  [B1. APC::B2. TCF7L2}[0m
84 536 cost: 100
[0;36m		[A1. APC::A2. TCF7L2] ---  [B1. APC::B2. TCF7L2}[0m
[0;36m		[A1. GSK3B::A2. APC] ---  [B1. GSK3B::B2. APC}[0m
536 43 cost: 100
[0;36m		[A1. GSK3B::A2. APC] ---  [B1. GSK3B::B2. APC}[0m
[0;36m		[A1. APC::A2. SMAD4] ---  [B1. APC::B2. SMAD4}[0m
536 248 cost: 217
[0;36m		[A1. GSK3B::A2. APC] ---  [B1. GSK3B::B2. APC}[0m
[0;36m		[A1. CREB1::A2. GSK3B] ---  [B1. BRCA1::B2. GSK3B}[0m
536 708 cost: 217
[0;36m		[A1. GSK3B::A2. APC] ---  [B1. GSK3B::B2. APC}[0m
[0;36m		[A1. HIF1A::A2. GSK3B] ---  [B1. PTEN::B2. GSK3B}[0m
43 875 cost: 217
[0;36m		[A1. APC::A2. SMAD4] ---  [B1. APC::B2. SMAD4}[0m
[0;36m		[A1. SMAD4::A2. HIF1A] ---  [B1. SMAD4::B2. PTEN}[0m
43 954 cost: 263
[0;36m		[A1. APC::A2. SMAD4] ---  [B1. APC::B2. SMAD4}[0m
[0;36m		[A1. SMAD4::A2. ZEB2] ---  [B1. SMAD4::B2. ATM}[0m
536 383 cost: 465
[0;36m		[A1. GSK3B::A2. APC] ---  [B1. GSK3B::B2. APC}[0m
[0;36m		[A1. FN1::A2. CREB1] ---  [B1. NF1::B2. BRCA1}[0m
536 426 cost: 465
[0;36m		[A1. GSK3B::A2. APC] ---  [B1. GSK3B::B2. APC}[0m
[0;36m		[A1. FN1::A2. HIF1A] ---  [B1. NF1::B2. PTEN}[0m
383 133 cost: 540
[0;36m		[A1. FN1::A2. CREB1] ---  [B1. NF1::B2. BRCA1}[0m
[0;36m		[A1. BMPR2::A2. FN1] ---  [B1. EGFR::B2. NF1}[0m
43 1126 cost: 555
[0;36m		[A1. APC::A2. SMAD4] ---  [B1. APC::B2. SMAD4}[0m
[0;36m		[A1. ZEB2::A2. FN1] ---  [B1. ATM::B2. NF1}[0m
133 465 cost: 833
[0;36m		[A1. BMPR2::A2. FN1] ---  [B1. EGFR::B2. NF1}[0m
[0;36m		[A1. FN1::A2. ZEB1] ---  [B1. NF1::B2. MDM2}[0m

Displayed tree score: 0.231817

213th run results (3) [new minumum]:0.235349
213 342 cost: 540
[0;36m		[A1. CREB1::A2. FN1] ---  [B1. EGFR::B2. NF1}[0m
[0;36m		[A1. FN1::A2. BMPR2] ---  [B1. NF1::B2. ATM}[0m
342 793 cost: 465
[0;36m		[A1. FN1::A2. BMPR2] ---  [B1. NF1::B2. ATM}[0m
[0;36m		[A1. SMAD4::A2. APC] ---  [B1. SMAD4::B2. APC}[0m
793 2 cost: 100
[0;36m		[A1. SMAD4::A2. APC] ---  [B1. SMAD4::B2. APC}[0m
[0;36m		[A1. APC::A2. GSK3B] ---  [B1. APC::B2. GSK3B}[0m
793 84 cost: 100
[0;36m		[A1. SMAD4::A2. APC] ---  [B1. SMAD4::B2. APC}[0m
[0;36m		[A1. APC::A2. TCF7L2] ---  [B1. APC::B2. TCF7L2}[0m
793 167 cost: 217
[0;36m		[A1. SMAD4::A2. APC] ---  [B1. SMAD4::B2. APC}[0m
[0;36m		[A1. BMPR2::A2. SMAD4] ---  [B1. ATM::B2. SMAD4}[0m
2 577 cost: 217
[0;36m		[A1. APC::A2. GSK3B] ---  [B1. APC::B2. GSK3B}[0m
[0;36m		[A1. GSK3B::A2. CREB1] ---  [B1. GSK3B::B2. BRCA1}[0m
2 618 cost: 217
[0;36m		[A1. APC::A2. GSK3B] ---  [B1. APC::B2. GSK3B}[0m
[0;36m		[A1. GSK3B::A2. HIF1A] ---  [B1. GSK3B::B2. MDM2}[0m
793 1190 cost: 227
[0;36m		[A1. SMAD4::A2. APC] ---  [B1. SMAD4::B2. APC}[0m
[0;36m		[A1. ZEB2::A2. SMAD4] ---  [B1. PTEN::B2. SMAD4}[0m
2 661 cost: 465
[0;36m		[A1. APC::A2. GSK3B] ---  [B1. APC::B2. GSK3B}[0m
[0;36m		[A1. HIF1A::A2. FN1] ---  [B1. MDM2::B2. NF1}[0m
793 506 cost: 487
[0;36m		[A1. SMAD4::A2. APC] ---  [B1. SMAD4::B2. APC}[0m
[0;36m		[A1. FN1::A2. ZEB2] ---  [B1. NF1::B2. PTEN}[0m

Displayed tree score: 0.235349

298th run results (4) [new minumum]:0.236508
298 2 cost: 465
[0;36m		[A1. CREB1::A2. TCF7L2] ---  [B1. GSK3B::B2. MDM2}[0m
[0;36m		[A1. APC::A2. GSK3B] ---  [B1. APC::B2. GSK3B}[0m
2 793 cost: 100
[0;36m		[A1. APC::A2. GSK3B] ---  [B1. APC::B2. GSK3B}[0m
[0;36m		[A1. SMAD4::A2. APC] ---  [B1. SMAD4::B2. APC}[0m
793 84 cost: 100
[0;36m		[A1. SMAD4::A2. APC] ---  [B1. SMAD4::B2. APC}[0m
[0;36m		[A1. APC::A2. TCF7L2] ---  [B1. APC::B2. TCF7L2}[0m
793 167 cost: 217
[0;36m		[A1. SMAD4::A2. APC] ---  [B1. SMAD4::B2. APC}[0m
[0;36m		[A1. BMPR2::A2. SMAD4] ---  [B1. ATM::B2. SMAD4}[0m
2 577 cost: 217
[0;36m		[A1. APC::A2. GSK3B] ---  [B1. APC::B2. GSK3B}[0m
[0;36m		[A1. GSK3B::A2. CREB1] ---  [B1. GSK3B::B2. BRCA1}[0m
2 619 cost: 217
[0;36m		[A1. APC::A2. GSK3B] ---  [B1. APC::B2. GSK3B}[0m
[0;36m		[A1. GSK3B::A2. HIF1A] ---  [B1. GSK3B::B2. PTEN}[0m
793 750 cost: 217
[0;36m		[A1. SMAD4::A2. APC] ---  [B1. SMAD4::B2. APC}[0m
[0;36m		[A1. HIF1A::A2. SMAD4] ---  [B1. PTEN::B2. SMAD4}[0m
2 209 cost: 465
[0;36m		[A1. APC::A2. GSK3B] ---  [B1. APC::B2. GSK3B}[0m
[0;36m		[A1. CREB1::A2. FN1] ---  [B1. BRCA1::B2. NF1}[0m
793 342 cost: 465
[0;36m		[A1. SMAD4::A2. APC] ---  [B1. SMAD4::B2. APC}[0m
[0;36m		[A1. FN1::A2. BMPR2] ---  [B1. NF1::B2. ATM}[0m
793 426 cost: 465
[0;36m		[A1. SMAD4::A2. APC] ---  [B1. SMAD4::B2. APC}[0m
[0;36m		[A1. FN1::A2. HIF1A] ---  [B1. NF1::B2. PTEN}[0m
209 504 cost: 588
[0;36m		[A1. CREB1::A2. FN1] ---  [B1. BRCA1::B2. NF1}[0m
[0;36m		[A1. FN1::A2. ZEB2] ---  [B1. NF1::B2. EGFR}[0m
209 465 cost: 833
[0;36m		[A1. CREB1::A2. FN1] ---  [B1. BRCA1::B2. NF1}[0m
[0;36m		[A1. FN1::A2. ZEB1] ---  [B1. NF1::B2. MDM2}[0m

Displayed tree score: 0.236508

299th run results (5) [new minumum]:0.239537
299 2 cost: 465
[0;36m		[A1. CREB1::A2. TCF7L2] ---  [B1. GSK3B::B2. PTEN}[0m
[0;36m		[A1. APC::A2. GSK3B] ---  [B1. APC::B2. GSK3B}[0m
2 793 cost: 100
[0;36m		[A1. APC::A2. GSK3B] ---  [B1. APC::B2. GSK3B}[0m
[0;36m		[A1. SMAD4::A2. APC] ---  [B1. SMAD4::B2. APC}[0m
793 84 cost: 100
[0;36m		[A1. SMAD4::A2. APC] ---  [B1. SMAD4::B2. APC}[0m
[0;36m		[A1. APC::A2. TCF7L2] ---  [B1. APC::B2. TCF7L2}[0m
793 167 cost: 217
[0;36m		[A1. SMAD4::A2. APC] ---  [B1. SMAD4::B2. APC}[0m
[0;36m		[A1. BMPR2::A2. SMAD4] ---  [B1. ATM::B2. SMAD4}[0m
2 577 cost: 217
[0;36m		[A1. APC::A2. GSK3B] ---  [B1. APC::B2. GSK3B}[0m
[0;36m		[A1. GSK3B::A2. CREB1] ---  [B1. GSK3B::B2. BRCA1}[0m
2 618 cost: 217
[0;36m		[A1. APC::A2. GSK3B] ---  [B1. APC::B2. GSK3B}[0m
[0;36m		[A1. GSK3B::A2. HIF1A] ---  [B1. GSK3B::B2. MDM2}[0m
793 1190 cost: 227
[0;36m		[A1. SMAD4::A2. APC] ---  [B1. SMAD4::B2. APC}[0m
[0;36m		[A1. ZEB2::A2. SMAD4] ---  [B1. PTEN::B2. SMAD4}[0m
2 209 cost: 465
[0;36m		[A1. APC::A2. GSK3B] ---  [B1. APC::B2. GSK3B}[0m
[0;36m		[A1. CREB1::A2. FN1] ---  [B1. BRCA1::B2. NF1}[0m
793 342 cost: 465
[0;36m		[A1. SMAD4::A2. APC] ---  [B1. SMAD4::B2. APC}[0m
[0;36m		[A1. FN1::A2. BMPR2] ---  [B1. NF1::B2. ATM}[0m
2 661 cost: 465
[0;36m		[A1. APC::A2. GSK3B] ---  [B1. APC::B2. GSK3B}[0m
[0;36m		[A1. HIF1A::A2. FN1] ---  [B1. MDM2::B2. NF1}[0m
793 506 cost: 487
[0;36m		[A1. SMAD4::A2. APC] ---  [B1. SMAD4::B2. APC}[0m
[0;36m		[A1. FN1::A2. ZEB2] ---  [B1. NF1::B2. PTEN}[0m
209 464 cost: 869
[0;36m		[A1. CREB1::A2. FN1] ---  [B1. BRCA1::B2. NF1}[0m
[0;36m		[A1. FN1::A2. ZEB1] ---  [B1. NF1::B2. EGFR}[0m

Displayed tree score: 0.239537

311th run results (6) [new minumum]:0.254219
311 996 cost: 217
[0;36m		[A1. CREB1::A2. TCF7L2] ---  [B1. PTEN::B2. TCF7L2}[0m
[0;36m		[A1. TCF7L2::A2. APC] ---  [B1. TCF7L2::B2. APC}[0m
996 2 cost: 100
[0;36m		[A1. TCF7L2::A2. APC] ---  [B1. TCF7L2::B2. APC}[0m
[0;36m		[A1. APC::A2. GSK3B] ---  [B1. APC::B2. GSK3B}[0m
996 43 cost: 100
[0;36m		[A1. TCF7L2::A2. APC] ---  [B1. TCF7L2::B2. APC}[0m
[0;36m		[A1. APC::A2. SMAD4] ---  [B1. APC::B2. SMAD4}[0m
2 577 cost: 217
[0;36m		[A1. APC::A2. GSK3B] ---  [B1. APC::B2. GSK3B}[0m
[0;36m		[A1. GSK3B::A2. CREB1] ---  [B1. GSK3B::B2. BRCA1}[0m
2 618 cost: 217
[0;36m		[A1. APC::A2. GSK3B] ---  [B1. APC::B2. GSK3B}[0m
[0;36m		[A1. GSK3B::A2. HIF1A] ---  [B1. GSK3B::B2. MDM2}[0m
43 834 cost: 217
[0;36m		[A1. APC::A2. SMAD4] ---  [B1. APC::B2. SMAD4}[0m
[0;36m		[A1. SMAD4::A2. BMPR2] ---  [B1. SMAD4::B2. ATM}[0m
43 955 cost: 227
[0;36m		[A1. APC::A2. SMAD4] ---  [B1. APC::B2. SMAD4}[0m
[0;36m		[A1. SMAD4::A2. ZEB2] ---  [B1. SMAD4::B2. PTEN}[0m
43 126 cost: 465
[0;36m		[A1. APC::A2. SMAD4] ---  [B1. APC::B2. SMAD4}[0m
[0;36m		[A1. BMPR2::A2. FN1] ---  [B1. ATM::B2. NF1}[0m
2 209 cost: 465
[0;36m		[A1. APC::A2. GSK3B] ---  [B1. APC::B2. GSK3B}[0m
[0;36m		[A1. CREB1::A2. FN1] ---  [B1. BRCA1::B2. NF1}[0m
2 661 cost: 465
[0;36m		[A1. APC::A2. GSK3B] ---  [B1. APC::B2. GSK3B}[0m
[0;36m		[A1. HIF1A::A2. FN1] ---  [B1. MDM2::B2. NF1}[0m
43 1149 cost: 487
[0;36m		[A1. APC::A2. SMAD4] ---  [B1. APC::B2. SMAD4}[0m
[0;36m		[A1. ZEB2::A2. FN1] ---  [B1. PTEN::B2. NF1}[0m
126 464 cost: 869
[0;36m		[A1. BMPR2::A2. FN1] ---  [B1. ATM::B2. NF1}[0m
[0;36m		[A1. FN1::A2. ZEB1] ---  [B1. NF1::B2. EGFR}[0m

Displayed tree score: 0.254219

Petal1:15	Petal2:20	treecost: 4046	 tree size:12
$RESULT$	FN1	NF1	norm_score:	0.254219
[0m
[0 min 0 sec] All done in 
