COMMAND: /Users/gurkan/Box/Research/INSPIRE/inspire-replication/src/INSPIRE /Users/gurkan/Box/Research/INSPIRE/inspire-replication/database/inspire.sqlite FN1 MMP2 inspire_legacy_v1

GO normalization for inspire_legacy_v1: 14.1026
GO normalization in use: 14.1026
Loaded 5995 GO pair scores for inspire_legacy_v1
Create two petals
Begin PETAL setup
new petal FN1 (10)
# 15 interactions in FN1
Done adding UniProt and Pfam annotations for FN1.
new petal MMP2 (5)
# 5 interactions in MMP2
Done adding UniProt and Pfam annotations for MMP2.
Petal Sizes: 10, 5
[1;32mPetal Name: [1;33mFN1
[1;32mPetal Size: [1;33m10[0;31m
APC
BMPR2
CREB1
FN1
GSK3B
HIF1A
SMAD4
TCF7L2
ZEB1
ZEB2
[0m---- 
[1;36mPetal Interactions[0;32m
1 FN1	pp	BMPR2
2 FN1	pp	CREB1
3 GSK3B	pp	APC
4 GSK3B	pp	CREB1
5 HIF1A	pp	FN1
6 HIF1A	pp	GSK3B
7 SMAD4	pp	APC
8 SMAD4	pp	BMPR2
9 SMAD4	pp	HIF1A
10 TCF7L2	pp	APC
11 TCF7L2	pp	CREB1
12 ZEB1	pp	FN1
13 ZEB1	pp	SMAD4
14 ZEB2	pp	FN1
15 ZEB2	pp	SMAD4
[0m
[1;32mPetal Name: [1;33mMMP2
[1;32mPetal Size: [1;33m5[0;31m
APC
GSK3B
HIF1A
MMP2
SMAD4
[0m---- 
[1;36mPetal Interactions[0;32m
1 GSK3B	pp	APC
2 HIF1A	pp	GSK3B
3 MMP2	pp	HIF1A
4 SMAD4	pp	APC
5 SMAD4	pp	HIF1A
[0m
Done creating Petals.
petals are loaded
[1;32mAGE for [0;36mFN1 - MMP2[0m
[0;35minitial size for AGE: 0[0m
counterPetal1 30
counterPetal2 10
counterPetal1*counterPetal2 300
(*AGE).size()=300
[0m---- 
[1;33mAGE nodes: 300[0m
Allocate AGEgraph :  300 x 300	90000 bytes

[0 min 0 sec] Nodes are done in 

[0 min 0 sec] Edges are done in 
0th run results (0) [new minumum]:0.83682
0 153 cost: 100
[0;36m		[A1. APC::A2. GSK3B] ---  [B1. APC::B2. GSK3B}[0m
[0;36m		[A1. GSK3B::A2. HIF1A] ---  [B1. GSK3B::B2. HIF1A}[0m
153 186 cost: 100
[0;36m		[A1. GSK3B::A2. HIF1A] ---  [B1. GSK3B::B2. HIF1A}[0m
[0;36m		[A1. HIF1A::A2. SMAD4] ---  [B1. HIF1A::B2. SMAD4}[0m
0 198 cost: 100
[0;36m		[A1. APC::A2. GSK3B] ---  [B1. APC::B2. GSK3B}[0m
[0;36m		[A1. SMAD4::A2. APC] ---  [B1. SMAD4::B2. APC}[0m
186 107 cost: 178
[0;36m		[A1. HIF1A::A2. SMAD4] ---  [B1. HIF1A::B2. SMAD4}[0m
[0;36m		[A1. FN1::A2. HIF1A] ---  [B1. MMP2::B2. HIF1A}[0m

Displayed tree score: 0.83682

Petal1:15	Petal2:5	treecost: 478	 tree size:4
$RESULT$	FN1	MMP2	norm_score:	0.83682
[0m
[0 min 0 sec] All done in 
