COMMAND: /Users/gurkan/Box/Research/INSPIRE/inspire-replication/src/INSPIRE /Users/gurkan/Box/Research/INSPIRE/inspire-replication/database/inspire.sqlite GLI3 SMAD3 inspire_legacy_v1

GO normalization for inspire_legacy_v1: 14.1026
GO normalization in use: 14.1026
Loaded 5995 GO pair scores for inspire_legacy_v1
Create two petals
Begin PETAL setup
new petal GLI3 (6)
# 7 interactions in GLI3
Done adding UniProt and Pfam annotations for GLI3.
new petal SMAD3 (18)
# 29 interactions in SMAD3
Done adding UniProt and Pfam annotations for SMAD3.
Petal Sizes: 6, 18
[1;32mPetal Name: [1;33mGLI3
[1;32mPetal Size: [1;33m6[0;31m
APC
CREBBP
GLI3
GSK3B
LRP6
RUNX2
[0m---- 
[1;36mPetal Interactions[0;32m
1 GLI3	pp	CREBBP
2 GSK3B	pp	APC
3 GSK3B	pp	CREBBP
4 LRP6	pp	APC
5 RUNX2	pp	GLI3
6 RUNX2	pp	GSK3B
7 RUNX2	pp	LRP6
[0m
[1;32mPetal Name: [1;33mSMAD3
[1;32mPetal Size: [1;33m18[0;31m
APC
BTRC
CDC42
CREBBP
EP300
ETS1
FOXO3
GSK3B
ITGB1
MAP2K1
NCOR1
NFATC2
RNF111
SMAD3
SMAD4
SP1
TBL1XR1
TCF7L2
[0m---- 
[1;36mPetal Interactions[0;32m
1 BTRC	pp	APC
2 CDC42	pp	APC
3 EP300	pp	BTRC
4 GSK3B	pp	APC
5 GSK3B	pp	CREBBP
6 GSK3B	pp	FOXO3
7 ITGB1	pp	CDC42
8 MAP2K1	pp	CDC42
9 NFATC2	pp	GSK3B
10 SMAD3	pp	CREBBP
11 SMAD3	pp	EP300
12 SMAD3	pp	ETS1
13 SMAD3	pp	FOXO3
14 SMAD3	pp	ITGB1
15 SMAD3	pp	MAP2K1
16 SMAD3	pp	NCOR1
17 SMAD3	pp	NFATC2
18 SMAD3	pp	RNF111
19 SMAD4	pp	APC
20 SMAD4	pp	ETS1
21 SMAD4	pp	MAP2K1
22 SMAD4	pp	NCOR1
23 SMAD4	pp	RNF111
24 SP1	pp	SMAD3
25 SP1	pp	SMAD4
26 TBL1XR1	pp	APC
27 TBL1XR1	pp	NCOR1
28 TCF7L2	pp	APC
29 TCF7L2	pp	EP300
[0m
Done creating Petals.
petals are loaded
[1;32mAGE for [0;36mGLI3 - SMAD3[0m
[0;35minitial size for AGE: 0[0m
counterPetal1 14
counterPetal2 58
counterPetal1*counterPetal2 812
(*AGE).size()=812
[0m---- 
[1;33mAGE nodes: 812[0m
Allocate AGEgraph :  812 x 812	659344 bytes

[0 min 0 sec] Nodes are done in 

[0 min 0 sec] Edges are done in 
0th run results (0) [new minumum]:0.213347
0 530 cost: 465
[0;36m		[A1. APC::A2. GSK3B] ---  [B1. APC::B2. BTRC}[0m
[0;36m		[A1. LRP6::A2. APC] ---  [B1. CDC42::B2. APC}[0m
530 427 cost: 434
[0;36m		[A1. LRP6::A2. APC] ---  [B1. CDC42::B2. APC}[0m
[0;36m		[A1. GSK3B::A2. CREBBP] ---  [B1. GSK3B::B2. CREBBP}[0m
427 128 cost: 217
[0;36m		[A1. GSK3B::A2. CREBBP] ---  [B1. GSK3B::B2. CREBBP}[0m
[0;36m		[A1. CREBBP::A2. GLI3] ---  [B1. CREBBP::B2. SMAD3}[0m
427 714 cost: 266
[0;36m		[A1. GSK3B::A2. CREBBP] ---  [B1. GSK3B::B2. CREBBP}[0m
[0;36m		[A1. RUNX2::A2. GSK3B] ---  [B1. FOXO3::B2. GSK3B}[0m
427 329 cost: 571
[0;36m		[A1. GSK3B::A2. CREBBP] ---  [B1. GSK3B::B2. CREBBP}[0m
[0;36m		[A1. GLI3::A2. RUNX2] ---  [B1. SMAD3::B2. FOXO3}[0m

Displayed tree score: 0.213347

2th run results (1) [new minumum]:0.303914
2 427 cost: 100
[0;36m		[A1. APC::A2. GSK3B] ---  [B1. APC::B2. GSK3B}[0m
[0;36m		[A1. GSK3B::A2. CREBBP] ---  [B1. GSK3B::B2. CREBBP}[0m
427 128 cost: 217
[0;36m		[A1. GSK3B::A2. CREBBP] ---  [B1. GSK3B::B2. CREBBP}[0m
[0;36m		[A1. CREBBP::A2. GLI3] ---  [B1. CREBBP::B2. SMAD3}[0m
2 530 cost: 217
[0;36m		[A1. APC::A2. GSK3B] ---  [B1. APC::B2. GSK3B}[0m
[0;36m		[A1. LRP6::A2. APC] ---  [B1. CDC42::B2. APC}[0m
2 486 cost: 266
[0;36m		[A1. APC::A2. GSK3B] ---  [B1. APC::B2. GSK3B}[0m
[0;36m		[A1. GSK3B::A2. RUNX2] ---  [B1. GSK3B::B2. FOXO3}[0m
427 329 cost: 571
[0;36m		[A1. GSK3B::A2. CREBBP] ---  [B1. GSK3B::B2. CREBBP}[0m
[0;36m		[A1. GLI3::A2. RUNX2] ---  [B1. SMAD3::B2. FOXO3}[0m

Displayed tree score: 0.303914

327th run results (2) [new minumum]:0.314228
327 427 cost: 526
[0;36m		[A1. GLI3::A2. RUNX2] ---  [B1. SMAD3::B2. EP300}[0m
[0;36m		[A1. GSK3B::A2. CREBBP] ---  [B1. GSK3B::B2. CREBBP}[0m
427 2 cost: 100
[0;36m		[A1. GSK3B::A2. CREBBP] ---  [B1. GSK3B::B2. CREBBP}[0m
[0;36m		[A1. APC::A2. GSK3B] ---  [B1. APC::B2. GSK3B}[0m
427 128 cost: 217
[0;36m		[A1. GSK3B::A2. CREBBP] ---  [B1. GSK3B::B2. CREBBP}[0m
[0;36m		[A1. CREBBP::A2. GLI3] ---  [B1. CREBBP::B2. SMAD3}[0m
2 530 cost: 217
[0;36m		[A1. APC::A2. GSK3B] ---  [B1. APC::B2. GSK3B}[0m
[0;36m		[A1. LRP6::A2. APC] ---  [B1. CDC42::B2. APC}[0m
2 486 cost: 266
[0;36m		[A1. APC::A2. GSK3B] ---  [B1. APC::B2. GSK3B}[0m
[0;36m		[A1. GSK3B::A2. RUNX2] ---  [B1. GSK3B::B2. FOXO3}[0m

Displayed tree score: 0.314228

583th run results (3) [new minumum]:0.31864
583 368 cost: 512
[0;36m		[A1. LRP6::A2. RUNX2] ---  [B1. APC::B2. SMAD4}[0m
[0;36m		[A1. GSK3B::A2. APC] ---  [B1. GSK3B::B2. APC}[0m
368 185 cost: 100
[0;36m		[A1. GSK3B::A2. APC] ---  [B1. GSK3B::B2. APC}[0m
[0;36m		[A1. CREBBP::A2. GSK3B] ---  [B1. CREBBP::B2. GSK3B}[0m
368 59 cost: 217
[0;36m		[A1. GSK3B::A2. APC] ---  [B1. GSK3B::B2. APC}[0m
[0;36m		[A1. APC::A2. LRP6] ---  [B1. APC::B2. CDC42}[0m
185 268 cost: 217
[0;36m		[A1. CREBBP::A2. GSK3B] ---  [B1. CREBBP::B2. GSK3B}[0m
[0;36m		[A1. GLI3::A2. CREBBP] ---  [B1. SMAD3::B2. CREBBP}[0m
185 486 cost: 266
[0;36m		[A1. CREBBP::A2. GSK3B] ---  [B1. CREBBP::B2. GSK3B}[0m
[0;36m		[A1. GSK3B::A2. RUNX2] ---  [B1. GSK3B::B2. FOXO3}[0m
368 329 cost: 571
[0;36m		[A1. GSK3B::A2. APC] ---  [B1. GSK3B::B2. APC}[0m
[0;36m		[A1. GLI3::A2. RUNX2] ---  [B1. SMAD3::B2. FOXO3}[0m

Displayed tree score: 0.31864

Petal1:7	Petal2:29	treecost: 1883	 tree size:6
$RESULT$	GLI3	SMAD3	norm_score:	0.31864
[0m
[0 min 0 sec] All done in 
