COMMAND: /Users/gurkan/Box/Research/INSPIRE/inspire-replication/src/INSPIRE /Users/gurkan/Box/Research/INSPIRE/inspire-replication/database/inspire.sqlite GLI3 ZNF521 inspire_legacy_v1

GO normalization for inspire_legacy_v1: 14.1026
GO normalization in use: 14.1026
Loaded 5995 GO pair scores for inspire_legacy_v1
Create two petals
Begin PETAL setup
new petal GLI3 (6)
# 7 interactions in GLI3
Done adding UniProt and Pfam annotations for GLI3.
new petal ZNF521 (4)
# 3 interactions in ZNF521
Done adding UniProt and Pfam annotations for ZNF521.
Petal Sizes: 6, 4
[1;32mPetal Name: [1;33mGLI3
[1;32mPetal Size: [1;33m6[0;31m
APC
CREBBP
GLI3
GSK3B
LRP6
RUNX2
[0m---- 
[1;36mPetal Interactions[0;32m
1 GLI3	pp	CREBBP
2 GSK3B	pp	APC
3 GSK3B	pp	CREBBP
4 LRP6	pp	APC
5 RUNX2	pp	GLI3
6 RUNX2	pp	GSK3B
7 RUNX2	pp	LRP6
[0m
[1;32mPetal Name: [1;33mZNF521
[1;32mPetal Size: [1;33m4[0;31m
APC
LRP6
RUNX2
ZNF521
[0m---- 
[1;36mPetal Interactions[0;32m
1 LRP6	pp	APC
2 RUNX2	pp	LRP6
3 ZNF521	pp	RUNX2
[0m
Done creating Petals.
petals are loaded
[1;32mAGE for [0;36mGLI3 - ZNF521[0m
[0;35minitial size for AGE: 0[0m
counterPetal1 14
counterPetal2 6
counterPetal1*counterPetal2 84
(*AGE).size()=84
[0m---- 
[1;33mAGE nodes: 84[0m
Allocate AGEgraph :  84 x 84	7056 bytes

[0 min 0 sec] Nodes are done in 

[0 min 0 sec] Edges are done in 
0th run results (0) [new minumum]:0.141143
0 50 cost: 465
[0;36m		[A1. APC::A2. GSK3B] ---  [B1. APC::B2. LRP6}[0m
[0;36m		[A1. GSK3B::A2. RUNX2] ---  [B1. LRP6::B2. RUNX2}[0m
50 70 cost: 952
[0;36m		[A1. GSK3B::A2. RUNX2] ---  [B1. LRP6::B2. RUNX2}[0m
[0;36m		[A1. RUNX2::A2. GLI3] ---  [B1. RUNX2::B2. ZNF521}[0m

Displayed tree score: 0.141143

1th run results (1) [new minumum]:0.21254
1 81 cost: 487
[0;36m		[A1. APC::A2. GSK3B] ---  [B1. LRP6::B2. APC}[0m
[0;36m		[A1. RUNX2::A2. LRP6] ---  [B1. RUNX2::B2. LRP6}[0m
81 35 cost: 454
[0;36m		[A1. RUNX2::A2. LRP6] ---  [B1. RUNX2::B2. LRP6}[0m
[0;36m		[A1. GLI3::A2. RUNX2] ---  [B1. ZNF521::B2. RUNX2}[0m

Displayed tree score: 0.21254

6th run results (2) [new minumum]:0.361011
6 62 cost: 100
[0;36m		[A1. APC::A2. LRP6] ---  [B1. APC::B2. LRP6}[0m
[0;36m		[A1. LRP6::A2. RUNX2] ---  [B1. LRP6::B2. RUNX2}[0m
62 70 cost: 454
[0;36m		[A1. LRP6::A2. RUNX2] ---  [B1. LRP6::B2. RUNX2}[0m
[0;36m		[A1. RUNX2::A2. GLI3] ---  [B1. RUNX2::B2. ZNF521}[0m

Displayed tree score: 0.361011

Petal1:7	Petal2:3	treecost: 554	 tree size:2
$RESULT$	GLI3	ZNF521	norm_score:	0.361011
[0m
[0 min 0 sec] All done in 
