COMMAND: /Users/gurkan/Box/Research/INSPIRE/inspire-replication/src/INSPIRE /Users/gurkan/Box/Research/INSPIRE/inspire-replication/database/inspire.sqlite GLI3 UHRF2 inspire_legacy_v1

GO normalization for inspire_legacy_v1: 14.1026
GO normalization in use: 14.1026
Loaded 5995 GO pair scores for inspire_legacy_v1
Create two petals
Begin PETAL setup
new petal GLI3 (6)
# 7 interactions in GLI3
Done adding UniProt and Pfam annotations for GLI3.
new petal UHRF2 (5)
# 5 interactions in UHRF2
Done adding UniProt and Pfam annotations for UHRF2.
Petal Sizes: 6, 5
[1;32mPetal Name: [1;33mGLI3
[1;32mPetal Size: [1;33m6[0;31m
APC
CREBBP
GLI3
GSK3B
LRP6
RUNX2
[0m---- 
[1;36mPetal Interactions[0;32m
1 GLI3	pp	CREBBP
2 GSK3B	pp	APC
3 GSK3B	pp	CREBBP
4 LRP6	pp	APC
5 RUNX2	pp	GLI3
6 RUNX2	pp	GSK3B
7 RUNX2	pp	LRP6
[0m
[1;32mPetal Name: [1;33mUHRF2
[1;32mPetal Size: [1;33m5[0;31m
APC
CCND1
GSK3B
LRP6
UHRF2
[0m---- 
[1;36mPetal Interactions[0;32m
1 GSK3B	pp	APC
2 GSK3B	pp	CCND1
3 LRP6	pp	APC
4 LRP6	pp	CCND1
5 UHRF2	pp	CCND1
[0m
Done creating Petals.
petals are loaded
[1;32mAGE for [0;36mGLI3 - UHRF2[0m
[0;35minitial size for AGE: 0[0m
counterPetal1 14
counterPetal2 10
counterPetal1*counterPetal2 140
(*AGE).size()=140
[0m---- 
[1;33mAGE nodes: 140[0m
Allocate AGEgraph :  140 x 140	19600 bytes

[0 min 0 sec] Nodes are done in 

[0 min 0 sec] Edges are done in 
0th run results (0) [new minumum]:0.126547
0 97 cost: 100
[0;36m		[A1. APC::A2. GSK3B] ---  [B1. APC::B2. GSK3B}[0m
[0;36m		[A1. LRP6::A2. APC] ---  [B1. LRP6::B2. APC}[0m
0 76 cost: 250
[0;36m		[A1. APC::A2. GSK3B] ---  [B1. APC::B2. GSK3B}[0m
[0;36m		[A1. GSK3B::A2. CREBBP] ---  [B1. GSK3B::B2. CCND1}[0m
0 24 cost: 1428
[0;36m		[A1. APC::A2. GSK3B] ---  [B1. APC::B2. GSK3B}[0m
[0;36m		[A1. CREBBP::A2. GLI3] ---  [B1. CCND1::B2. UHRF2}[0m

Displayed tree score: 0.126547

10th run results (1) [new minumum]:0.128571
10 67 cost: 465
[0;36m		[A1. APC::A2. LRP6] ---  [B1. APC::B2. GSK3B}[0m
[0;36m		[A1. GSK3B::A2. APC] ---  [B1. LRP6::B2. APC}[0m
67 33 cost: 571
[0;36m		[A1. GSK3B::A2. APC] ---  [B1. LRP6::B2. APC}[0m
[0;36m		[A1. CREBBP::A2. GSK3B] ---  [B1. CCND1::B2. LRP6}[0m
33 46 cost: 714
[0;36m		[A1. CREBBP::A2. GSK3B] ---  [B1. CCND1::B2. LRP6}[0m
[0;36m		[A1. GLI3::A2. CREBBP] ---  [B1. GSK3B::B2. CCND1}[0m

Displayed tree score: 0.128571

11th run results (2) [new minumum]:0.230769
11 65 cost: 100
[0;36m		[A1. APC::A2. LRP6] ---  [B1. APC::B2. LRP6}[0m
[0;36m		[A1. GSK3B::A2. APC] ---  [B1. GSK3B::B2. APC}[0m
65 32 cost: 250
[0;36m		[A1. GSK3B::A2. APC] ---  [B1. GSK3B::B2. APC}[0m
[0;36m		[A1. CREBBP::A2. GSK3B] ---  [B1. CCND1::B2. GSK3B}[0m
65 48 cost: 625
[0;36m		[A1. GSK3B::A2. APC] ---  [B1. GSK3B::B2. APC}[0m
[0;36m		[A1. GLI3::A2. CREBBP] ---  [B1. LRP6::B2. CCND1}[0m

Displayed tree score: 0.230769

Petal1:7	Petal2:5	treecost: 975	 tree size:3
$RESULT$	GLI3	UHRF2	norm_score:	0.230769
[0m
[0 min 0 sec] All done in 
