COMMAND: /Users/gurkan/Box/Research/INSPIRE/inspire-replication/src/INSPIRE /Users/gurkan/Box/Research/INSPIRE/inspire-replication/database/inspire.sqlite GLI3 PRKD1 inspire_legacy_v1

GO normalization for inspire_legacy_v1: 14.1026
GO normalization in use: 14.1026
Loaded 5995 GO pair scores for inspire_legacy_v1
Create two petals
Begin PETAL setup
new petal GLI3 (6)
# 7 interactions in GLI3
Done adding UniProt and Pfam annotations for GLI3.
new petal PRKD1 (7)
# 8 interactions in PRKD1
Done adding UniProt and Pfam annotations for PRKD1.
Petal Sizes: 6, 7
[1;32mPetal Name: [1;33mGLI3
[1;32mPetal Size: [1;33m6[0;31m
APC
CREBBP
GLI3
GSK3B
LRP6
RUNX2
[0m---- 
[1;36mPetal Interactions[0;32m
1 GLI3	pp	CREBBP
2 GSK3B	pp	APC
3 GSK3B	pp	CREBBP
4 LRP6	pp	APC
5 RUNX2	pp	GLI3
6 RUNX2	pp	GSK3B
7 RUNX2	pp	LRP6
[0m
[1;32mPetal Name: [1;33mPRKD1
[1;32mPetal Size: [1;33m7[0;31m
APC
ATF2
CREB1
GSK3B
PRKD1
SMAD4
TCF7L2
[0m---- 
[1;36mPetal Interactions[0;32m
1 GSK3B	pp	APC
2 GSK3B	pp	CREB1
3 PRKD1	pp	ATF2
4 PRKD1	pp	CREB1
5 SMAD4	pp	APC
6 SMAD4	pp	ATF2
7 TCF7L2	pp	APC
8 TCF7L2	pp	CREB1
[0m
Done creating Petals.
petals are loaded
[1;32mAGE for [0;36mGLI3 - PRKD1[0m
[0;35minitial size for AGE: 0[0m
counterPetal1 14
counterPetal2 16
counterPetal1*counterPetal2 224
(*AGE).size()=224
[0m---- 
[1;33mAGE nodes: 224[0m
Allocate AGEgraph :  224 x 224	50176 bytes

[0 min 0 sec] Nodes are done in 

[0 min 0 sec] Edges are done in 
0th run results (0) [new minumum]:0.1766
0 121 cost: 217
[0;36m		[A1. APC::A2. GSK3B] ---  [B1. APC::B2. GSK3B}[0m
[0;36m		[A1. GSK3B::A2. CREBBP] ---  [B1. GSK3B::B2. CREB1}[0m
0 156 cost: 227
[0;36m		[A1. APC::A2. GSK3B] ---  [B1. APC::B2. GSK3B}[0m
[0;36m		[A1. LRP6::A2. APC] ---  [B1. SMAD4::B2. APC}[0m
0 212 cost: 526
[0;36m		[A1. APC::A2. GSK3B] ---  [B1. APC::B2. GSK3B}[0m
[0;36m		[A1. RUNX2::A2. LRP6] ---  [B1. ATF2::B2. SMAD4}[0m
0 39 cost: 540
[0;36m		[A1. APC::A2. GSK3B] ---  [B1. APC::B2. GSK3B}[0m
[0;36m		[A1. CREBBP::A2. GLI3] ---  [B1. CREB1::B2. TCF7L2}[0m

Displayed tree score: 0.1766

91th run results (1) [new minumum]:0.182829
91 104 cost: 769
[0;36m		[A1. GLI3::A2. RUNX2] ---  [B1. PRKD1::B2. CREB1}[0m
[0;36m		[A1. GSK3B::A2. APC] ---  [B1. GSK3B::B2. APC}[0m
104 53 cost: 217
[0;36m		[A1. GSK3B::A2. APC] ---  [B1. GSK3B::B2. APC}[0m
[0;36m		[A1. CREBBP::A2. GSK3B] ---  [B1. CREB1::B2. GSK3B}[0m
104 17 cost: 227
[0;36m		[A1. GSK3B::A2. APC] ---  [B1. GSK3B::B2. APC}[0m
[0;36m		[A1. APC::A2. LRP6] ---  [B1. APC::B2. SMAD4}[0m
104 173 cost: 526
[0;36m		[A1. GSK3B::A2. APC] ---  [B1. GSK3B::B2. APC}[0m
[0;36m		[A1. LRP6::A2. RUNX2] ---  [B1. SMAD4::B2. ATF2}[0m
104 79 cost: 540
[0;36m		[A1. GSK3B::A2. APC] ---  [B1. GSK3B::B2. APC}[0m
[0;36m		[A1. GLI3::A2. CREBBP] ---  [B1. TCF7L2::B2. CREB1}[0m

Displayed tree score: 0.182829

95th run results (2) [new minumum]:0.184284
95 104 cost: 666
[0;36m		[A1. GLI3::A2. RUNX2] ---  [B1. TCF7L2::B2. CREB1}[0m
[0;36m		[A1. GSK3B::A2. APC] ---  [B1. GSK3B::B2. APC}[0m
104 53 cost: 217
[0;36m		[A1. GSK3B::A2. APC] ---  [B1. GSK3B::B2. APC}[0m
[0;36m		[A1. CREBBP::A2. GSK3B] ---  [B1. CREB1::B2. GSK3B}[0m
104 17 cost: 227
[0;36m		[A1. GSK3B::A2. APC] ---  [B1. GSK3B::B2. APC}[0m
[0;36m		[A1. APC::A2. LRP6] ---  [B1. APC::B2. SMAD4}[0m
104 173 cost: 526
[0;36m		[A1. GSK3B::A2. APC] ---  [B1. GSK3B::B2. APC}[0m
[0;36m		[A1. LRP6::A2. RUNX2] ---  [B1. SMAD4::B2. ATF2}[0m
104 75 cost: 625
[0;36m		[A1. GSK3B::A2. APC] ---  [B1. GSK3B::B2. APC}[0m
[0;36m		[A1. GLI3::A2. CREBBP] ---  [B1. PRKD1::B2. CREB1}[0m

Displayed tree score: 0.184284

134th run results (3) [new minumum]:0.207297
134 0 cost: 500
[0;36m		[A1. GSK3B::A2. RUNX2] ---  [B1. CREB1::B2. PRKD1}[0m
[0;36m		[A1. APC::A2. GSK3B] ---  [B1. APC::B2. GSK3B}[0m
0 121 cost: 217
[0;36m		[A1. APC::A2. GSK3B] ---  [B1. APC::B2. GSK3B}[0m
[0;36m		[A1. GSK3B::A2. CREBBP] ---  [B1. GSK3B::B2. CREB1}[0m
0 156 cost: 227
[0;36m		[A1. APC::A2. GSK3B] ---  [B1. APC::B2. GSK3B}[0m
[0;36m		[A1. LRP6::A2. APC] ---  [B1. SMAD4::B2. APC}[0m
0 212 cost: 526
[0;36m		[A1. APC::A2. GSK3B] ---  [B1. APC::B2. GSK3B}[0m
[0;36m		[A1. RUNX2::A2. LRP6] ---  [B1. ATF2::B2. SMAD4}[0m
0 39 cost: 540
[0;36m		[A1. APC::A2. GSK3B] ---  [B1. APC::B2. GSK3B}[0m
[0;36m		[A1. CREBBP::A2. GLI3] ---  [B1. CREB1::B2. TCF7L2}[0m

Displayed tree score: 0.207297

Petal1:7	Petal2:8	treecost: 2010	 tree size:5
$RESULT$	GLI3	PRKD1	norm_score:	0.207297
[0m
[0 min 0 sec] All done in 
