COMMAND: /Users/gurkan/Box/Research/INSPIRE/inspire-replication/src/INSPIRE /Users/gurkan/Box/Research/INSPIRE/inspire-replication/database/inspire.sqlite GLI3 TGFBR2 inspire_legacy_v1

GO normalization for inspire_legacy_v1: 14.1026
GO normalization in use: 14.1026
Loaded 5995 GO pair scores for inspire_legacy_v1
Create two petals
Begin PETAL setup
new petal GLI3 (6)
# 7 interactions in GLI3
Done adding UniProt and Pfam annotations for GLI3.
new petal TGFBR2 (20)
# 32 interactions in TGFBR2
Done adding UniProt and Pfam annotations for TGFBR2.
Petal Sizes: 6, 20
[1;32mPetal Name: [1;33mGLI3
[1;32mPetal Size: [1;33m6[0;31m
APC
CREBBP
GLI3
GSK3B
LRP6
RUNX2
[0m---- 
[1;36mPetal Interactions[0;32m
1 GLI3	pp	CREBBP
2 GSK3B	pp	APC
3 GSK3B	pp	CREBBP
4 LRP6	pp	APC
5 RUNX2	pp	GLI3
6 RUNX2	pp	GSK3B
7 RUNX2	pp	LRP6
[0m
[1;32mPetal Name: [1;33mTGFBR2
[1;32mPetal Size: [1;33m20[0;31m
APC
BMPR1A
BTRC
CDC42
EGFR
EP300
ERBIN
GSK3B
IQGAP1
KRAS
PIK3CB
PIK3R1
SMAD4
SMAD5
SMURF2
TCF7L2
TGFBR1
TGFBR2
TRAF6
YAP1
[0m---- 
[1;36mPetal Interactions[0;32m
1 BTRC	pp	APC
2 CDC42	pp	APC
3 EP300	pp	BTRC
4 ERBIN	pp	APC
5 ERBIN	pp	EGFR
6 GSK3B	pp	APC
7 IQGAP1	pp	APC
8 IQGAP1	pp	EGFR
9 KRAS	pp	APC
10 KRAS	pp	EGFR
11 PIK3CB	pp	CDC42
12 PIK3R1	pp	KRAS
13 SMAD4	pp	APC
14 SMAD4	pp	BMPR1A
15 SMAD5	pp	SMAD4
16 SMURF2	pp	GSK3B
17 SMURF2	pp	SMAD4
18 TCF7L2	pp	APC
19 TCF7L2	pp	EP300
20 TGFBR1	pp	SMAD4
21 TGFBR2	pp	BMPR1A
22 TGFBR2	pp	EGFR
23 TGFBR2	pp	EP300
24 TGFBR2	pp	PIK3CB
25 TGFBR2	pp	PIK3R1
26 TGFBR2	pp	SMAD5
27 TGFBR2	pp	SMURF2
28 TGFBR2	pp	TGFBR1
29 TRAF6	pp	GSK3B
30 TRAF6	pp	TGFBR2
31 YAP1	pp	GSK3B
32 YAP1	pp	TGFBR2
[0m
Done creating Petals.
petals are loaded
[1;32mAGE for [0;36mGLI3 - TGFBR2[0m
[0;35minitial size for AGE: 0[0m
counterPetal1 14
counterPetal2 64
counterPetal1*counterPetal2 896
(*AGE).size()=896
[0m---- 
[1;33mAGE nodes: 896[0m
Allocate AGEgraph :  896 x 896	802816 bytes

[0 min 0 sec] Nodes are done in 

[0 min 0 sec] Edges are done in 
0th run results (0) [new minumum]:0.122436
0 588 cost: 465
[0;36m		[A1. APC::A2. GSK3B] ---  [B1. APC::B2. BTRC}[0m
[0;36m		[A1. LRP6::A2. APC] ---  [B1. CDC42::B2. APC}[0m
0 459 cost: 500
[0;36m		[A1. APC::A2. GSK3B] ---  [B1. APC::B2. BTRC}[0m
[0;36m		[A1. GSK3B::A2. CREBBP] ---  [B1. BTRC::B2. EP300}[0m
459 148 cost: 588
[0;36m		[A1. GSK3B::A2. CREBBP] ---  [B1. BTRC::B2. EP300}[0m
[0;36m		[A1. CREBBP::A2. GLI3] ---  [B1. EP300::B2. TGFBR2}[0m
148 370 cost: 625
[0;36m		[A1. CREBBP::A2. GLI3] ---  [B1. EP300::B2. TGFBR2}[0m
[0;36m		[A1. GLI3::A2. RUNX2] ---  [B1. TGFBR2::B2. BMPR1A}[0m

Displayed tree score: 0.122436

1th run results (1) [new minumum]:0.146456
1 599 cost: 465
[0;36m		[A1. APC::A2. GSK3B] ---  [B1. APC::B2. CDC42}[0m
[0;36m		[A1. LRP6::A2. APC] ---  [B1. GSK3B::B2. APC}[0m
1 461 cost: 526
[0;36m		[A1. APC::A2. GSK3B] ---  [B1. APC::B2. CDC42}[0m
[0;36m		[A1. GSK3B::A2. CREBBP] ---  [B1. CDC42::B2. PIK3CB}[0m
599 894 cost: 540
[0;36m		[A1. LRP6::A2. APC] ---  [B1. GSK3B::B2. APC}[0m
[0;36m		[A1. RUNX2::A2. LRP6] ---  [B1. YAP1::B2. GSK3B}[0m
461 161 cost: 625
[0;36m		[A1. GSK3B::A2. CREBBP] ---  [B1. CDC42::B2. PIK3CB}[0m
[0;36m		[A1. CREBBP::A2. GLI3] ---  [B1. PIK3CB::B2. TGFBR2}[0m
894 379 cost: 689
[0;36m		[A1. RUNX2::A2. LRP6] ---  [B1. YAP1::B2. GSK3B}[0m
[0;36m		[A1. GLI3::A2. RUNX2] ---  [B1. TGFBR2::B2. YAP1}[0m

Displayed tree score: 0.146456

3th run results (2) [new minumum]:0.235156
3 472 cost: 217
[0;36m		[A1. APC::A2. GSK3B] ---  [B1. APC::B2. GSK3B}[0m
[0;36m		[A1. GSK3B::A2. CREBBP] ---  [B1. GSK3B::B2. SMURF2}[0m
3 588 cost: 217
[0;36m		[A1. APC::A2. GSK3B] ---  [B1. APC::B2. GSK3B}[0m
[0;36m		[A1. LRP6::A2. APC] ---  [B1. CDC42::B2. APC}[0m
3 538 cost: 235
[0;36m		[A1. APC::A2. GSK3B] ---  [B1. APC::B2. GSK3B}[0m
[0;36m		[A1. GSK3B::A2. RUNX2] ---  [B1. GSK3B::B2. YAP1}[0m
3 172 cost: 465
[0;36m		[A1. APC::A2. GSK3B] ---  [B1. APC::B2. GSK3B}[0m
[0;36m		[A1. CREBBP::A2. GLI3] ---  [B1. SMURF2::B2. SMAD4}[0m

Displayed tree score: 0.235156

64th run results (3) [new minumum]:0.242954
64 407 cost: 298
[0;36m		[A1. APC::A2. LRP6] ---  [B1. APC::B2. BTRC}[0m
[0;36m		[A1. GSK3B::A2. APC] ---  [B1. GSK3B::B2. APC}[0m
407 235 cost: 217
[0;36m		[A1. GSK3B::A2. APC] ---  [B1. GSK3B::B2. APC}[0m
[0;36m		[A1. CREBBP::A2. GSK3B] ---  [B1. SMURF2::B2. GSK3B}[0m
407 830 cost: 235
[0;36m		[A1. GSK3B::A2. APC] ---  [B1. GSK3B::B2. APC}[0m
[0;36m		[A1. RUNX2::A2. GSK3B] ---  [B1. YAP1::B2. GSK3B}[0m
407 295 cost: 465
[0;36m		[A1. GSK3B::A2. APC] ---  [B1. GSK3B::B2. APC}[0m
[0;36m		[A1. GLI3::A2. CREBBP] ---  [B1. SMAD4::B2. SMURF2}[0m
407 699 cost: 500
[0;36m		[A1. GSK3B::A2. APC] ---  [B1. GSK3B::B2. APC}[0m
[0;36m		[A1. LRP6::A2. RUNX2] ---  [B1. TGFBR2::B2. YAP1}[0m

Displayed tree score: 0.242954

65th run results (4) [new minumum]:0.254998
65 407 cost: 217
[0;36m		[A1. APC::A2. LRP6] ---  [B1. APC::B2. CDC42}[0m
[0;36m		[A1. GSK3B::A2. APC] ---  [B1. GSK3B::B2. APC}[0m
407 235 cost: 217
[0;36m		[A1. GSK3B::A2. APC] ---  [B1. GSK3B::B2. APC}[0m
[0;36m		[A1. CREBBP::A2. GSK3B] ---  [B1. SMURF2::B2. GSK3B}[0m
407 830 cost: 235
[0;36m		[A1. GSK3B::A2. APC] ---  [B1. GSK3B::B2. APC}[0m
[0;36m		[A1. RUNX2::A2. GSK3B] ---  [B1. YAP1::B2. GSK3B}[0m
407 295 cost: 465
[0;36m		[A1. GSK3B::A2. APC] ---  [B1. GSK3B::B2. APC}[0m
[0;36m		[A1. GLI3::A2. CREBBP] ---  [B1. SMAD4::B2. SMURF2}[0m
407 699 cost: 500
[0;36m		[A1. GSK3B::A2. APC] ---  [B1. GSK3B::B2. APC}[0m
[0;36m		[A1. LRP6::A2. RUNX2] ---  [B1. TGFBR2::B2. YAP1}[0m

Displayed tree score: 0.254998

677th run results (5) [new minumum]:0.257043
677 407 cost: 487
[0;36m		[A1. LRP6::A2. RUNX2] ---  [B1. SMAD4::B2. BMPR1A}[0m
[0;36m		[A1. GSK3B::A2. APC] ---  [B1. GSK3B::B2. APC}[0m
407 65 cost: 217
[0;36m		[A1. GSK3B::A2. APC] ---  [B1. GSK3B::B2. APC}[0m
[0;36m		[A1. APC::A2. LRP6] ---  [B1. APC::B2. CDC42}[0m
407 235 cost: 217
[0;36m		[A1. GSK3B::A2. APC] ---  [B1. GSK3B::B2. APC}[0m
[0;36m		[A1. CREBBP::A2. GSK3B] ---  [B1. SMURF2::B2. GSK3B}[0m
407 830 cost: 235
[0;36m		[A1. GSK3B::A2. APC] ---  [B1. GSK3B::B2. APC}[0m
[0;36m		[A1. RUNX2::A2. GSK3B] ---  [B1. YAP1::B2. GSK3B}[0m
407 295 cost: 465
[0;36m		[A1. GSK3B::A2. APC] ---  [B1. GSK3B::B2. APC}[0m
[0;36m		[A1. GLI3::A2. CREBBP] ---  [B1. SMAD4::B2. SMURF2}[0m

Displayed tree score: 0.257043

Petal1:7	Petal2:32	treecost: 1621	 tree size:5
$RESULT$	GLI3	TGFBR2	norm_score:	0.257043
[0m
[0 min 0 sec] All done in 
