COMMAND: /Users/gurkan/Box/Research/INSPIRE/inspire-replication/src/INSPIRE /Users/gurkan/Box/Research/INSPIRE/inspire-replication/database/inspire.sqlite GLI3 TCF7L2 inspire_legacy_v1

GO normalization for inspire_legacy_v1: 14.1026
GO normalization in use: 14.1026
Loaded 5995 GO pair scores for inspire_legacy_v1
Create two petals
Begin PETAL setup
new petal GLI3 (6)
# 7 interactions in GLI3
Done adding UniProt and Pfam annotations for GLI3.
new petal TCF7L2 (11)
# 17 interactions in TCF7L2
Done adding UniProt and Pfam annotations for TCF7L2.
Petal Sizes: 6, 11
[1;32mPetal Name: [1;33mGLI3
[1;32mPetal Size: [1;33m6[0;31m
APC
CREBBP
GLI3
GSK3B
LRP6
RUNX2
[0m---- 
[1;36mPetal Interactions[0;32m
1 GLI3	pp	CREBBP
2 GSK3B	pp	APC
3 GSK3B	pp	CREBBP
4 LRP6	pp	APC
5 RUNX2	pp	GLI3
6 RUNX2	pp	GSK3B
7 RUNX2	pp	LRP6
[0m
[1;32mPetal Name: [1;33mTCF7L2
[1;32mPetal Size: [1;33m11[0;31m
APC
BTRC
CDC42
CREB1
DLG1
EP300
GSK3B
PTEN
SMAD4
TCF7L2
TNKS
[0m---- 
[1;36mPetal Interactions[0;32m
1 BTRC	pp	APC
2 CDC42	pp	APC
3 DLG1	pp	APC
4 EP300	pp	BTRC
5 GSK3B	pp	APC
6 GSK3B	pp	CREB1
7 PTEN	pp	CDC42
8 PTEN	pp	DLG1
9 PTEN	pp	GSK3B
10 SMAD4	pp	APC
11 SMAD4	pp	PTEN
12 TCF7L2	pp	APC
13 TCF7L2	pp	CREB1
14 TCF7L2	pp	EP300
15 TCF7L2	pp	PTEN
16 TNKS	pp	APC
17 TNKS	pp	PTEN
[0m
Done creating Petals.
petals are loaded
[1;32mAGE for [0;36mGLI3 - TCF7L2[0m
[0;35minitial size for AGE: 0[0m
counterPetal1 14
counterPetal2 34
counterPetal1*counterPetal2 476
(*AGE).size()=476
[0m---- 
[1;33mAGE nodes: 476[0m
Allocate AGEgraph :  476 x 476	226576 bytes

[0 min 0 sec] Nodes are done in 

[0 min 0 sec] Edges are done in 
0th run results (0) [new minumum]:0.136747
0 315 cost: 465
[0;36m		[A1. APC::A2. GSK3B] ---  [B1. APC::B2. BTRC}[0m
[0;36m		[A1. LRP6::A2. APC] ---  [B1. CDC42::B2. APC}[0m
0 246 cost: 500
[0;36m		[A1. APC::A2. GSK3B] ---  [B1. APC::B2. BTRC}[0m
[0;36m		[A1. GSK3B::A2. CREBBP] ---  [B1. BTRC::B2. EP300}[0m
315 462 cost: 588
[0;36m		[A1. LRP6::A2. APC] ---  [B1. CDC42::B2. APC}[0m
[0;36m		[A1. RUNX2::A2. LRP6] ---  [B1. PTEN::B2. CDC42}[0m
246 84 cost: 625
[0;36m		[A1. GSK3B::A2. CREBBP] ---  [B1. BTRC::B2. EP300}[0m
[0;36m		[A1. CREBBP::A2. GLI3] ---  [B1. EP300::B2. TCF7L2}[0m
462 201 cost: 869
[0;36m		[A1. RUNX2::A2. LRP6] ---  [B1. PTEN::B2. CDC42}[0m
[0;36m		[A1. GLI3::A2. RUNX2] ---  [B1. TCF7L2::B2. PTEN}[0m

Displayed tree score: 0.136747

3th run results (1) [new minumum]:0.248447
3 256 cost: 217
[0;36m		[A1. APC::A2. GSK3B] ---  [B1. APC::B2. GSK3B}[0m
[0;36m		[A1. GSK3B::A2. CREBBP] ---  [B1. GSK3B::B2. CREB1}[0m
3 315 cost: 217
[0;36m		[A1. APC::A2. GSK3B] ---  [B1. APC::B2. GSK3B}[0m
[0;36m		[A1. LRP6::A2. APC] ---  [B1. CDC42::B2. APC}[0m
3 291 cost: 256
[0;36m		[A1. APC::A2. GSK3B] ---  [B1. APC::B2. GSK3B}[0m
[0;36m		[A1. GSK3B::A2. RUNX2] ---  [B1. GSK3B::B2. PTEN}[0m
3 80 cost: 540
[0;36m		[A1. APC::A2. GSK3B] ---  [B1. APC::B2. GSK3B}[0m
[0;36m		[A1. CREBBP::A2. GLI3] ---  [B1. CREB1::B2. TCF7L2}[0m
3 462 cost: 540
[0;36m		[A1. APC::A2. GSK3B] ---  [B1. APC::B2. GSK3B}[0m
[0;36m		[A1. RUNX2::A2. LRP6] ---  [B1. PTEN::B2. CDC42}[0m
3 398 cost: 645
[0;36m		[A1. APC::A2. GSK3B] ---  [B1. APC::B2. GSK3B}[0m
[0;36m		[A1. RUNX2::A2. GLI3] ---  [B1. PTEN::B2. TCF7L2}[0m

Displayed tree score: 0.248447

80th run results (2) [new minumum]:0.25974
80 3 cost: 540
[0;36m		[A1. CREBBP::A2. GLI3] ---  [B1. CREB1::B2. TCF7L2}[0m
[0;36m		[A1. APC::A2. GSK3B] ---  [B1. APC::B2. GSK3B}[0m
3 256 cost: 217
[0;36m		[A1. APC::A2. GSK3B] ---  [B1. APC::B2. GSK3B}[0m
[0;36m		[A1. GSK3B::A2. CREBBP] ---  [B1. GSK3B::B2. CREB1}[0m
3 315 cost: 217
[0;36m		[A1. APC::A2. GSK3B] ---  [B1. APC::B2. GSK3B}[0m
[0;36m		[A1. LRP6::A2. APC] ---  [B1. CDC42::B2. APC}[0m
3 291 cost: 256
[0;36m		[A1. APC::A2. GSK3B] ---  [B1. APC::B2. GSK3B}[0m
[0;36m		[A1. GSK3B::A2. RUNX2] ---  [B1. GSK3B::B2. PTEN}[0m
3 397 cost: 540
[0;36m		[A1. APC::A2. GSK3B] ---  [B1. APC::B2. GSK3B}[0m
[0;36m		[A1. RUNX2::A2. GLI3] ---  [B1. PTEN::B2. SMAD4}[0m
3 462 cost: 540
[0;36m		[A1. APC::A2. GSK3B] ---  [B1. APC::B2. GSK3B}[0m
[0;36m		[A1. RUNX2::A2. LRP6] ---  [B1. PTEN::B2. CDC42}[0m

Displayed tree score: 0.25974

Petal1:7	Petal2:17	treecost: 2310	 tree size:6
$RESULT$	GLI3	TCF7L2	norm_score:	0.25974
[0m
[0 min 0 sec] All done in 
