COMMAND: /Users/gurkan/Box/Research/INSPIRE/inspire-replication/src/INSPIRE /Users/gurkan/Box/Research/INSPIRE/inspire-replication/database/inspire.sqlite GLI3 MAP1B inspire_legacy_v1

GO normalization for inspire_legacy_v1: 14.1026
GO normalization in use: 14.1026
Loaded 5995 GO pair scores for inspire_legacy_v1
Create two petals
Begin PETAL setup
new petal GLI3 (6)
# 7 interactions in GLI3
Done adding UniProt and Pfam annotations for GLI3.
new petal MAP1B (4)
# 3 interactions in MAP1B
Done adding UniProt and Pfam annotations for MAP1B.
Petal Sizes: 6, 4
[1;32mPetal Name: [1;33mGLI3
[1;32mPetal Size: [1;33m6[0;31m
APC
CREBBP
GLI3
GSK3B
LRP6
RUNX2
[0m---- 
[1;36mPetal Interactions[0;32m
1 GLI3	pp	CREBBP
2 GSK3B	pp	APC
3 GSK3B	pp	CREBBP
4 LRP6	pp	APC
5 RUNX2	pp	GLI3
6 RUNX2	pp	GSK3B
7 RUNX2	pp	LRP6
[0m
[1;32mPetal Name: [1;33mMAP1B
[1;32mPetal Size: [1;33m4[0;31m
APC
LRP6
LRRK2
MAP1B
[0m---- 
[1;36mPetal Interactions[0;32m
1 LRP6	pp	APC
2 LRRK2	pp	LRP6
3 MAP1B	pp	LRRK2
[0m
Done creating Petals.
petals are loaded
[1;32mAGE for [0;36mGLI3 - MAP1B[0m
[0;35minitial size for AGE: 0[0m
counterPetal1 14
counterPetal2 6
counterPetal1*counterPetal2 84
(*AGE).size()=84
[0m---- 
[1;33mAGE nodes: 84[0m
Allocate AGEgraph :  84 x 84	7056 bytes

[0 min 0 sec] Nodes are done in 

[0 min 0 sec] Edges are done in 
0th run results (0) [new minumum]:0.141945
0 44 cost: 500
[0;36m		[A1. APC::A2. GSK3B] ---  [B1. APC::B2. LRP6}[0m
[0;36m		[A1. GSK3B::A2. CREBBP] ---  [B1. LRP6::B2. LRRK2}[0m
44 16 cost: 909
[0;36m		[A1. GSK3B::A2. CREBBP] ---  [B1. LRP6::B2. LRRK2}[0m
[0;36m		[A1. CREBBP::A2. GLI3] ---  [B1. LRRK2::B2. MAP1B}[0m

Displayed tree score: 0.141945

2th run results (1) [new minumum]:0.16247
2 46 cost: 606
[0;36m		[A1. APC::A2. GSK3B] ---  [B1. LRP6::B2. LRRK2}[0m
[0;36m		[A1. GSK3B::A2. CREBBP] ---  [B1. LRRK2::B2. MAP1B}[0m
2 54 cost: 625
[0;36m		[A1. APC::A2. GSK3B] ---  [B1. LRP6::B2. LRRK2}[0m
[0;36m		[A1. LRP6::A2. APC] ---  [B1. APC::B2. LRP6}[0m

Displayed tree score: 0.16247

3th run results (2) [new minumum]:0.174978
3 43 cost: 555
[0;36m		[A1. APC::A2. GSK3B] ---  [B1. LRRK2::B2. LRP6}[0m
[0;36m		[A1. GSK3B::A2. CREBBP] ---  [B1. LRP6::B2. APC}[0m
3 59 cost: 588
[0;36m		[A1. APC::A2. GSK3B] ---  [B1. LRRK2::B2. LRP6}[0m
[0;36m		[A1. LRP6::A2. APC] ---  [B1. MAP1B::B2. LRRK2}[0m

Displayed tree score: 0.174978

6th run results (3) [new minumum]:0.212089
6 62 cost: 298
[0;36m		[A1. APC::A2. LRP6] ---  [B1. APC::B2. LRP6}[0m
[0;36m		[A1. LRP6::A2. RUNX2] ---  [B1. LRP6::B2. LRRK2}[0m
6 76 cost: 645
[0;36m		[A1. APC::A2. LRP6] ---  [B1. APC::B2. LRP6}[0m
[0;36m		[A1. RUNX2::A2. GSK3B] ---  [B1. LRRK2::B2. MAP1B}[0m

Displayed tree score: 0.212089

Petal1:7	Petal2:3	treecost: 943	 tree size:2
$RESULT$	GLI3	MAP1B	norm_score:	0.212089
[0m
[0 min 0 sec] All done in 
