COMMAND: /Users/gurkan/Box/Research/INSPIRE/inspire-replication/src/INSPIRE /Users/gurkan/Box/Research/INSPIRE/inspire-replication/database/inspire.sqlite GLI3 PTEN inspire_legacy_v1

GO normalization for inspire_legacy_v1: 14.1026
GO normalization in use: 14.1026
Loaded 5995 GO pair scores for inspire_legacy_v1
Create two petals
Begin PETAL setup
new petal GLI3 (6)
# 7 interactions in GLI3
Done adding UniProt and Pfam annotations for GLI3.
new petal PTEN (43)
# 94 interactions in PTEN
Done adding UniProt and Pfam annotations for PTEN.
Petal Sizes: 6, 43
[1;32mPetal Name: [1;33mGLI3
[1;32mPetal Size: [1;33m6[0;31m
APC
CREBBP
GLI3
GSK3B
LRP6
RUNX2
[0m---- 
[1;36mPetal Interactions[0;32m
1 GLI3	pp	CREBBP
2 GSK3B	pp	APC
3 GSK3B	pp	CREBBP
4 LRP6	pp	APC
5 RUNX2	pp	GLI3
6 RUNX2	pp	GSK3B
7 RUNX2	pp	LRP6
[0m
[1;32mPetal Name: [1;33mPTEN
[1;32mPetal Size: [1;33m43[0;31m
AGO1
APC
ATM
ATRX
BCL2
BMPR1A
BRAF
BTRC
CCDC6
CDC42
CDKN1B
CHUK
CREB1
EGFR
ERBIN
FBXW11
FBXW7
FOXO1
FOXO3
GSK3B
HIF1A
IQGAP1
ITGB1
JAK2
KRAS
LRP6
LRRK2
MAPK1
MDM2
NFE2L2
PDPK1
PIK3CB
PIK3R1
PTEN
RBPJ
SIRT1
SMAD2
SMAD4
TBL1XR1
TCF7L2
TNKS
YAP1
ZEB1
[0m---- 
[1;36mPetal Interactions[0;32m
1 BTRC	pp	APC
2 CCDC6	pp	APC
3 CCDC6	pp	BRAF
4 CDC42	pp	APC
5 CHUK	pp	BTRC
6 ERBIN	pp	APC
7 ERBIN	pp	CDC42
8 ERBIN	pp	EGFR
9 FBXW11	pp	APC
10 FBXW7	pp	BTRC
11 FBXW7	pp	CCDC6
12 GSK3B	pp	APC
13 GSK3B	pp	BRAF
14 GSK3B	pp	BTRC
15 GSK3B	pp	CDKN1B
16 GSK3B	pp	CREB1
17 GSK3B	pp	FBXW11
18 GSK3B	pp	FBXW7
19 GSK3B	pp	FOXO1
20 GSK3B	pp	FOXO3
21 HIF1A	pp	GSK3B
22 IQGAP1	pp	APC
23 IQGAP1	pp	EGFR
24 ITGB1	pp	CDC42
25 KRAS	pp	APC
26 KRAS	pp	BCL2
27 KRAS	pp	CDC42
28 KRAS	pp	EGFR
29 KRAS	pp	HIF1A
30 KRAS	pp	JAK2
31 LRP6	pp	APC
32 LRP6	pp	GSK3B
33 LRRK2	pp	AGO1
34 LRRK2	pp	APC
35 LRRK2	pp	HIF1A
36 MAPK1	pp	GSK3B
37 MDM2	pp	GSK3B
38 NFE2L2	pp	GSK3B
39 PDPK1	pp	GSK3B
40 PIK3CB	pp	CDC42
41 PIK3R1	pp	KRAS
42 PTEN	pp	AGO1
43 PTEN	pp	ATM
44 PTEN	pp	ATRX
45 PTEN	pp	BCL2
46 PTEN	pp	BMPR1A
47 PTEN	pp	BRAF
48 PTEN	pp	CDC42
49 PTEN	pp	CDKN1B
50 PTEN	pp	CHUK
51 PTEN	pp	CREB1
52 PTEN	pp	EGFR
53 PTEN	pp	FBXW7
54 PTEN	pp	FOXO1
55 PTEN	pp	FOXO3
56 PTEN	pp	GSK3B
57 PTEN	pp	HIF1A
58 PTEN	pp	ITGB1
59 PTEN	pp	JAK2
60 PTEN	pp	MAPK1
61 PTEN	pp	MDM2
62 PTEN	pp	NFE2L2
63 PTEN	pp	PDPK1
64 PTEN	pp	PIK3CB
65 PTEN	pp	PIK3R1
66 RBPJ	pp	PTEN
67 SIRT1	pp	GSK3B
68 SIRT1	pp	PTEN
69 SMAD2	pp	CDC42
70 SMAD2	pp	ERBIN
71 SMAD2	pp	GSK3B
72 SMAD2	pp	PTEN
73 SMAD4	pp	APC
74 SMAD4	pp	ATM
75 SMAD4	pp	BCL2
76 SMAD4	pp	BMPR1A
77 SMAD4	pp	CDC42
78 SMAD4	pp	HIF1A
79 SMAD4	pp	MAPK1
80 SMAD4	pp	PTEN
81 SMAD4	pp	RBPJ
82 SMAD4	pp	SMAD2
83 TBL1XR1	pp	APC
84 TBL1XR1	pp	RBPJ
85 TCF7L2	pp	APC
86 TCF7L2	pp	CREB1
87 TCF7L2	pp	PTEN
88 TNKS	pp	APC
89 TNKS	pp	ATRX
90 TNKS	pp	PTEN
91 YAP1	pp	GSK3B
92 YAP1	pp	PTEN
93 ZEB1	pp	PTEN
94 ZEB1	pp	SMAD4
[0m
Done creating Petals.
petals are loaded
[1;32mAGE for [0;36mGLI3 - PTEN[0m
[0;35minitial size for AGE: 0[0m
counterPetal1 14
counterPetal2 188
counterPetal1*counterPetal2 2632
(*AGE).size()=2632
[0m---- 
[1;33mAGE nodes: 2632[0m
Allocate AGEgraph :  2632 x 2632	6927424 bytes

[0 min 0 sec] Nodes are done in 

[0 min 0 sec] Edges are done in 
0th run results (0) [new minumum]:0.105694
0 1424 cost: 645
[0;36m		[A1. APC::A2. GSK3B] ---  [B1. AGO1::B2. LRRK2}[0m
[0;36m		[A1. GSK3B::A2. CREBBP] ---  [B1. LRRK2::B2. APC}[0m
1424 378 cost: 588
[0;36m		[A1. GSK3B::A2. CREBBP] ---  [B1. LRRK2::B2. APC}[0m
[0;36m		[A1. CREBBP::A2. GLI3] ---  [B1. APC::B2. BTRC}[0m
378 971 cost: 645
[0;36m		[A1. CREBBP::A2. GLI3] ---  [B1. APC::B2. BTRC}[0m
[0;36m		[A1. GLI3::A2. RUNX2] ---  [B1. BTRC::B2. GSK3B}[0m
971 2522 cost: 645
[0;36m		[A1. GLI3::A2. RUNX2] ---  [B1. BTRC::B2. GSK3B}[0m
[0;36m		[A1. RUNX2::A2. LRP6] ---  [B1. GSK3B::B2. LRP6}[0m

Displayed tree score: 0.105694

1th run results (1) [new minumum]:0.140481
1 1440 cost: 606
[0;36m		[A1. APC::A2. GSK3B] ---  [B1. AGO1::B2. PTEN}[0m
[0;36m		[A1. GSK3B::A2. CREBBP] ---  [B1. PTEN::B2. ATM}[0m
1440 393 cost: 540
[0;36m		[A1. GSK3B::A2. CREBBP] ---  [B1. PTEN::B2. ATM}[0m
[0;36m		[A1. CREBBP::A2. GLI3] ---  [B1. ATM::B2. SMAD4}[0m
393 1108 cost: 540
[0;36m		[A1. CREBBP::A2. GLI3] ---  [B1. ATM::B2. SMAD4}[0m
[0;36m		[A1. GLI3::A2. RUNX2] ---  [B1. SMAD4::B2. BMPR1A}[0m
1440 2279 cost: 540
[0;36m		[A1. GSK3B::A2. CREBBP] ---  [B1. PTEN::B2. ATM}[0m
[0;36m		[A1. RUNX2::A2. GSK3B] ---  [B1. BMPR1A::B2. PTEN}[0m
1 1799 cost: 740
[0;36m		[A1. APC::A2. GSK3B] ---  [B1. AGO1::B2. PTEN}[0m
[0;36m		[A1. LRP6::A2. APC] ---  [B1. LRRK2::B2. AGO1}[0m

Displayed tree score: 0.140481

2th run results (2) [new minumum]:0.183402
2 1797 cost: 217
[0;36m		[A1. APC::A2. GSK3B] ---  [B1. APC::B2. BTRC}[0m
[0;36m		[A1. LRP6::A2. APC] ---  [B1. LRP6::B2. APC}[0m
1797 2522 cost: 246
[0;36m		[A1. LRP6::A2. APC] ---  [B1. LRP6::B2. APC}[0m
[0;36m		[A1. RUNX2::A2. LRP6] ---  [B1. GSK3B::B2. LRP6}[0m
1797 1353 cost: 465
[0;36m		[A1. LRP6::A2. APC] ---  [B1. LRP6::B2. APC}[0m
[0;36m		[A1. GSK3B::A2. CREBBP] ---  [B1. CDC42::B2. ITGB1}[0m
1797 971 cost: 526
[0;36m		[A1. LRP6::A2. APC] ---  [B1. LRP6::B2. APC}[0m
[0;36m		[A1. GLI3::A2. RUNX2] ---  [B1. BTRC::B2. GSK3B}[0m

Displayed tree score: 0.183402

7th run results (3) [new minumum]:0.247372
7 1797 cost: 100
[0;36m		[A1. APC::A2. GSK3B] ---  [B1. APC::B2. GSK3B}[0m
[0;36m		[A1. LRP6::A2. APC] ---  [B1. LRP6::B2. APC}[0m
7 1386 cost: 217
[0;36m		[A1. APC::A2. GSK3B] ---  [B1. APC::B2. GSK3B}[0m
[0;36m		[A1. GSK3B::A2. CREBBP] ---  [B1. GSK3B::B2. BTRC}[0m
7 1590 cost: 235
[0;36m		[A1. APC::A2. GSK3B] ---  [B1. APC::B2. GSK3B}[0m
[0;36m		[A1. GSK3B::A2. RUNX2] ---  [B1. GSK3B::B2. YAP1}[0m
7 406 cost: 526
[0;36m		[A1. APC::A2. GSK3B] ---  [B1. APC::B2. GSK3B}[0m
[0;36m		[A1. CREBBP::A2. GLI3] ---  [B1. BTRC::B2. FBXW7}[0m

Displayed tree score: 0.247372

198th run results (4) [new minumum]:0.259767
198 1196 cost: 100
[0;36m		[A1. APC::A2. LRP6] ---  [B1. APC::B2. LRP6}[0m
[0;36m		[A1. GSK3B::A2. APC] ---  [B1. GSK3B::B2. APC}[0m
1196 595 cost: 217
[0;36m		[A1. GSK3B::A2. APC] ---  [B1. GSK3B::B2. APC}[0m
[0;36m		[A1. CREBBP::A2. GSK3B] ---  [B1. BTRC::B2. GSK3B}[0m
1196 2440 cost: 235
[0;36m		[A1. GSK3B::A2. APC] ---  [B1. GSK3B::B2. APC}[0m
[0;36m		[A1. RUNX2::A2. GSK3B] ---  [B1. YAP1::B2. GSK3B}[0m
1196 812 cost: 526
[0;36m		[A1. GSK3B::A2. APC] ---  [B1. GSK3B::B2. APC}[0m
[0;36m		[A1. GLI3::A2. CREBBP] ---  [B1. FBXW7::B2. BTRC}[0m
1196 2033 cost: 526
[0;36m		[A1. GSK3B::A2. APC] ---  [B1. GSK3B::B2. APC}[0m
[0;36m		[A1. LRP6::A2. RUNX2] ---  [B1. PTEN::B2. YAP1}[0m

Displayed tree score: 0.259767

446th run results (5) [new minumum]:0.262385
446 7 cost: 465
[0;36m		[A1. CREBBP::A2. GLI3] ---  [B1. GSK3B::B2. BTRC}[0m
[0;36m		[A1. APC::A2. GSK3B] ---  [B1. APC::B2. GSK3B}[0m
7 1797 cost: 100
[0;36m		[A1. APC::A2. GSK3B] ---  [B1. APC::B2. GSK3B}[0m
[0;36m		[A1. LRP6::A2. APC] ---  [B1. LRP6::B2. APC}[0m
7 1388 cost: 217
[0;36m		[A1. APC::A2. GSK3B] ---  [B1. APC::B2. GSK3B}[0m
[0;36m		[A1. GSK3B::A2. CREBBP] ---  [B1. GSK3B::B2. CREB1}[0m
7 1590 cost: 235
[0;36m		[A1. APC::A2. GSK3B] ---  [B1. APC::B2. GSK3B}[0m
[0;36m		[A1. GSK3B::A2. RUNX2] ---  [B1. GSK3B::B2. YAP1}[0m
7 2253 cost: 571
[0;36m		[A1. APC::A2. GSK3B] ---  [B1. APC::B2. GSK3B}[0m
[0;36m		[A1. RUNX2::A2. GLI3] ---  [B1. YAP1::B2. PTEN}[0m

Displayed tree score: 0.262385

462th run results (6) [new minumum]:0.264382
462 7 cost: 487
[0;36m		[A1. CREBBP::A2. GLI3] ---  [B1. GSK3B::B2. YAP1}[0m
[0;36m		[A1. APC::A2. GSK3B] ---  [B1. APC::B2. GSK3B}[0m
7 1797 cost: 100
[0;36m		[A1. APC::A2. GSK3B] ---  [B1. APC::B2. GSK3B}[0m
[0;36m		[A1. LRP6::A2. APC] ---  [B1. LRP6::B2. APC}[0m
7 1386 cost: 217
[0;36m		[A1. APC::A2. GSK3B] ---  [B1. APC::B2. GSK3B}[0m
[0;36m		[A1. GSK3B::A2. CREBBP] ---  [B1. GSK3B::B2. BTRC}[0m
7 1581 cost: 246
[0;36m		[A1. APC::A2. GSK3B] ---  [B1. APC::B2. GSK3B}[0m
[0;36m		[A1. GSK3B::A2. RUNX2] ---  [B1. GSK3B::B2. HIF1A}[0m
7 2159 cost: 526
[0;36m		[A1. APC::A2. GSK3B] ---  [B1. APC::B2. GSK3B}[0m
[0;36m		[A1. RUNX2::A2. GLI3] ---  [B1. HIF1A::B2. SMAD4}[0m

Displayed tree score: 0.264382

748th run results (7) [new minumum]:0.266411
748 1196 cost: 227
[0;36m		[A1. CREBBP::A2. GSK3B] ---  [B1. YAP1::B2. GSK3B}[0m
[0;36m		[A1. GSK3B::A2. APC] ---  [B1. GSK3B::B2. APC}[0m
1196 198 cost: 100
[0;36m		[A1. GSK3B::A2. APC] ---  [B1. GSK3B::B2. APC}[0m
[0;36m		[A1. APC::A2. LRP6] ---  [B1. APC::B2. LRP6}[0m
1196 2343 cost: 246
[0;36m		[A1. GSK3B::A2. APC] ---  [B1. GSK3B::B2. APC}[0m
[0;36m		[A1. RUNX2::A2. GSK3B] ---  [B1. HIF1A::B2. GSK3B}[0m
1196 923 cost: 465
[0;36m		[A1. GSK3B::A2. APC] ---  [B1. GSK3B::B2. APC}[0m
[0;36m		[A1. GLI3::A2. CREBBP] ---  [B1. SMAD4::B2. MAPK1}[0m
1196 1110 cost: 526
[0;36m		[A1. GSK3B::A2. APC] ---  [B1. GSK3B::B2. APC}[0m
[0;36m		[A1. GLI3::A2. RUNX2] ---  [B1. SMAD4::B2. HIF1A}[0m

Displayed tree score: 0.266411

1986th run results (8) [new minumum]:0.314703
1986 198 cost: 246
[0;36m		[A1. LRP6::A2. RUNX2] ---  [B1. LRP6::B2. GSK3B}[0m
[0;36m		[A1. APC::A2. LRP6] ---  [B1. APC::B2. LRP6}[0m
198 1196 cost: 100
[0;36m		[A1. APC::A2. LRP6] ---  [B1. APC::B2. LRP6}[0m
[0;36m		[A1. GSK3B::A2. APC] ---  [B1. GSK3B::B2. APC}[0m
1196 595 cost: 217
[0;36m		[A1. GSK3B::A2. APC] ---  [B1. GSK3B::B2. APC}[0m
[0;36m		[A1. CREBBP::A2. GSK3B] ---  [B1. BTRC::B2. GSK3B}[0m
1196 2440 cost: 235
[0;36m		[A1. GSK3B::A2. APC] ---  [B1. GSK3B::B2. APC}[0m
[0;36m		[A1. RUNX2::A2. GSK3B] ---  [B1. YAP1::B2. GSK3B}[0m
1196 812 cost: 526
[0;36m		[A1. GSK3B::A2. APC] ---  [B1. GSK3B::B2. APC}[0m
[0;36m		[A1. GLI3::A2. CREBBP] ---  [B1. FBXW7::B2. BTRC}[0m

Displayed tree score: 0.314703

Petal1:7	Petal2:94	treecost: 1324	 tree size:5
$RESULT$	GLI3	PTEN	norm_score:	0.314703
[0m
[0 min 0 sec] All done in 
