COMMAND: /Users/gurkan/Box/Research/INSPIRE/inspire-replication/src/INSPIRE /Users/gurkan/Box/Research/INSPIRE/inspire-replication/database/inspire.sqlite GLI3 NF1 inspire_legacy_v1

GO normalization for inspire_legacy_v1: 14.1026
GO normalization in use: 14.1026
Loaded 5995 GO pair scores for inspire_legacy_v1
Create two petals
Begin PETAL setup
new petal GLI3 (6)
# 7 interactions in GLI3
Done adding UniProt and Pfam annotations for GLI3.
new petal NF1 (13)
# 20 interactions in NF1
Done adding UniProt and Pfam annotations for NF1.
Petal Sizes: 6, 13
[1;32mPetal Name: [1;33mGLI3
[1;32mPetal Size: [1;33m6[0;31m
APC
CREBBP
GLI3
GSK3B
LRP6
RUNX2
[0m---- 
[1;36mPetal Interactions[0;32m
1 GLI3	pp	CREBBP
2 GSK3B	pp	APC
3 GSK3B	pp	CREBBP
4 LRP6	pp	APC
5 RUNX2	pp	GLI3
6 RUNX2	pp	GSK3B
7 RUNX2	pp	LRP6
[0m
[1;32mPetal Name: [1;33mNF1
[1;32mPetal Size: [1;33m13[0;31m
APC
ATM
BRCA1
CDC42
EGFR
ERBIN
GSK3B
MDM2
NF1
PTEN
SMAD4
TCF7L2
TNKS
[0m---- 
[1;36mPetal Interactions[0;32m
1 CDC42	pp	APC
2 ERBIN	pp	APC
3 ERBIN	pp	EGFR
4 GSK3B	pp	APC
5 GSK3B	pp	BRCA1
6 MDM2	pp	GSK3B
7 NF1	pp	ATM
8 NF1	pp	BRCA1
9 NF1	pp	EGFR
10 NF1	pp	MDM2
11 PTEN	pp	CDC42
12 PTEN	pp	GSK3B
13 PTEN	pp	NF1
14 SMAD4	pp	APC
15 SMAD4	pp	ATM
16 SMAD4	pp	PTEN
17 TCF7L2	pp	APC
18 TCF7L2	pp	PTEN
19 TNKS	pp	APC
20 TNKS	pp	PTEN
[0m
Done creating Petals.
petals are loaded
[1;32mAGE for [0;36mGLI3 - NF1[0m
[0;35minitial size for AGE: 0[0m
counterPetal1 14
counterPetal2 40
counterPetal1*counterPetal2 560
(*AGE).size()=560
[0m---- 
[1;33mAGE nodes: 560[0m
Allocate AGEgraph :  560 x 560	313600 bytes

[0 min 0 sec] Nodes are done in 

[0 min 0 sec] Edges are done in 
0th run results (0) [new minumum]:0.107181
0 376 cost: 465
[0;36m		[A1. APC::A2. GSK3B] ---  [B1. APC::B2. CDC42}[0m
[0;36m		[A1. LRP6::A2. APC] ---  [B1. GSK3B::B2. APC}[0m
0 291 cost: 588
[0;36m		[A1. APC::A2. GSK3B] ---  [B1. APC::B2. CDC42}[0m
[0;36m		[A1. GSK3B::A2. CREBBP] ---  [B1. CDC42::B2. PTEN}[0m
376 540 cost: 666
[0;36m		[A1. LRP6::A2. APC] ---  [B1. GSK3B::B2. APC}[0m
[0;36m		[A1. RUNX2::A2. LRP6] ---  [B1. MDM2::B2. GSK3B}[0m
291 110 cost: 769
[0;36m		[A1. GSK3B::A2. CREBBP] ---  [B1. CDC42::B2. PTEN}[0m
[0;36m		[A1. CREBBP::A2. GLI3] ---  [B1. PTEN::B2. SMAD4}[0m

Displayed tree score: 0.107181

1th run results (1) [new minumum]:0.144076
1 370 cost: 487
[0;36m		[A1. APC::A2. GSK3B] ---  [B1. APC::B2. ERBIN}[0m
[0;36m		[A1. LRP6::A2. APC] ---  [B1. CDC42::B2. APC}[0m
1 295 cost: 540
[0;36m		[A1. APC::A2. GSK3B] ---  [B1. APC::B2. ERBIN}[0m
[0;36m		[A1. GSK3B::A2. CREBBP] ---  [B1. ERBIN::B2. EGFR}[0m
295 93 cost: 588
[0;36m		[A1. GSK3B::A2. CREBBP] ---  [B1. ERBIN::B2. EGFR}[0m
[0;36m		[A1. CREBBP::A2. GLI3] ---  [B1. EGFR::B2. NF1}[0m
370 547 cost: 588
[0;36m		[A1. LRP6::A2. APC] ---  [B1. CDC42::B2. APC}[0m
[0;36m		[A1. RUNX2::A2. LRP6] ---  [B1. PTEN::B2. CDC42}[0m
93 226 cost: 689
[0;36m		[A1. CREBBP::A2. GLI3] ---  [B1. EGFR::B2. NF1}[0m
[0;36m		[A1. GLI3::A2. RUNX2] ---  [B1. NF1::B2. PTEN}[0m

Displayed tree score: 0.144076

2th run results (2) [new minumum]:0.262238
2 297 cost: 217
[0;36m		[A1. APC::A2. GSK3B] ---  [B1. APC::B2. GSK3B}[0m
[0;36m		[A1. GSK3B::A2. CREBBP] ---  [B1. GSK3B::B2. BRCA1}[0m
2 370 cost: 217
[0;36m		[A1. APC::A2. GSK3B] ---  [B1. APC::B2. GSK3B}[0m
[0;36m		[A1. LRP6::A2. APC] ---  [B1. CDC42::B2. APC}[0m
2 339 cost: 256
[0;36m		[A1. APC::A2. GSK3B] ---  [B1. APC::B2. GSK3B}[0m
[0;36m		[A1. GSK3B::A2. RUNX2] ---  [B1. GSK3B::B2. PTEN}[0m
2 89 cost: 487
[0;36m		[A1. APC::A2. GSK3B] ---  [B1. APC::B2. GSK3B}[0m
[0;36m		[A1. CREBBP::A2. GLI3] ---  [B1. BRCA1::B2. NF1}[0m
2 547 cost: 540
[0;36m		[A1. APC::A2. GSK3B] ---  [B1. APC::B2. GSK3B}[0m
[0;36m		[A1. RUNX2::A2. LRP6] ---  [B1. PTEN::B2. CDC42}[0m
2 469 cost: 571
[0;36m		[A1. APC::A2. GSK3B] ---  [B1. APC::B2. GSK3B}[0m
[0;36m		[A1. RUNX2::A2. GLI3] ---  [B1. PTEN::B2. NF1}[0m

Displayed tree score: 0.262238

89th run results (3) [new minumum]:0.26584
89 2 cost: 487
[0;36m		[A1. CREBBP::A2. GLI3] ---  [B1. BRCA1::B2. NF1}[0m
[0;36m		[A1. APC::A2. GSK3B] ---  [B1. APC::B2. GSK3B}[0m
2 297 cost: 217
[0;36m		[A1. APC::A2. GSK3B] ---  [B1. APC::B2. GSK3B}[0m
[0;36m		[A1. GSK3B::A2. CREBBP] ---  [B1. GSK3B::B2. BRCA1}[0m
2 370 cost: 217
[0;36m		[A1. APC::A2. GSK3B] ---  [B1. APC::B2. GSK3B}[0m
[0;36m		[A1. LRP6::A2. APC] ---  [B1. CDC42::B2. APC}[0m
2 339 cost: 256
[0;36m		[A1. APC::A2. GSK3B] ---  [B1. APC::B2. GSK3B}[0m
[0;36m		[A1. GSK3B::A2. RUNX2] ---  [B1. GSK3B::B2. PTEN}[0m
2 470 cost: 540
[0;36m		[A1. APC::A2. GSK3B] ---  [B1. APC::B2. GSK3B}[0m
[0;36m		[A1. RUNX2::A2. GLI3] ---  [B1. PTEN::B2. SMAD4}[0m
2 547 cost: 540
[0;36m		[A1. APC::A2. GSK3B] ---  [B1. APC::B2. GSK3B}[0m
[0;36m		[A1. RUNX2::A2. LRP6] ---  [B1. PTEN::B2. CDC42}[0m

Displayed tree score: 0.26584

Petal1:7	Petal2:20	treecost: 2257	 tree size:6
$RESULT$	GLI3	NF1	norm_score:	0.26584
[0m
[0 min 0 sec] All done in 
