COMMAND: /Users/gurkan/Box/Research/INSPIRE/inspire-replication/src/INSPIRE /Users/gurkan/Box/Research/INSPIRE/inspire-replication/database/inspire.sqlite IGFBP3 SMAD4 inspire_legacy_v1

GO normalization for inspire_legacy_v1: 14.1026
GO normalization in use: 14.1026
Loaded 5995 GO pair scores for inspire_legacy_v1
Create two petals
Begin PETAL setup
new petal IGFBP3 (4)
# 3 interactions in IGFBP3
Done adding UniProt and Pfam annotations for IGFBP3.
new petal SMAD4 (25)
# 48 interactions in SMAD4
Done adding UniProt and Pfam annotations for SMAD4.
Petal Sizes: 4, 25
[1;32mPetal Name: [1;33mIGFBP3
[1;32mPetal Size: [1;33m4[0;31m
APC
GSK3B
IGFBP3
WNT5A
[0m---- 
[1;36mPetal Interactions[0;32m
1 GSK3B	pp	APC
2 WNT5A	pp	GSK3B
3 WNT5A	pp	IGFBP3
[0m
[1;32mPetal Name: [1;33mSMAD4
[1;32mPetal Size: [1;33m25[0;31m
APC
BCL2
BTRC
CDC42
ERBIN
GSK3B
HIF1A
KRAS
LRRK2
MAP2K1
MAPK1
NCOR1
PTEN
RBPJ
SIAH1
SIN3A
SMAD1
SMAD2
SMAD4
SMURF2
SP1
TBL1XR1
TCF7L2
TNKS
WWTR1
[0m---- 
[1;36mPetal Interactions[0;32m
1 BTRC	pp	APC
2 CDC42	pp	APC
3 ERBIN	pp	APC
4 ERBIN	pp	CDC42
5 GSK3B	pp	APC
6 HIF1A	pp	GSK3B
7 KRAS	pp	APC
8 KRAS	pp	BCL2
9 KRAS	pp	HIF1A
10 LRRK2	pp	APC
11 LRRK2	pp	HIF1A
12 MAP2K1	pp	BTRC
13 MAP2K1	pp	CDC42
14 MAPK1	pp	GSK3B
15 PTEN	pp	CDC42
16 PTEN	pp	GSK3B
17 SIAH1	pp	APC
18 SIAH1	pp	HIF1A
19 SMAD1	pp	GSK3B
20 SMAD2	pp	CDC42
21 SMAD2	pp	ERBIN
22 SMAD2	pp	GSK3B
23 SMAD4	pp	APC
24 SMAD4	pp	BCL2
25 SMAD4	pp	CDC42
26 SMAD4	pp	HIF1A
27 SMAD4	pp	MAP2K1
28 SMAD4	pp	MAPK1
29 SMAD4	pp	NCOR1
30 SMAD4	pp	PTEN
31 SMAD4	pp	RBPJ
32 SMAD4	pp	SIN3A
33 SMAD4	pp	SMAD1
34 SMAD4	pp	SMAD2
35 SMURF2	pp	GSK3B
36 SMURF2	pp	SMAD4
37 SP1	pp	BTRC
38 SP1	pp	SMAD4
39 TBL1XR1	pp	APC
40 TBL1XR1	pp	NCOR1
41 TBL1XR1	pp	RBPJ
42 TBL1XR1	pp	SIN3A
43 TCF7L2	pp	APC
44 TCF7L2	pp	PTEN
45 TNKS	pp	APC
46 TNKS	pp	PTEN
47 WWTR1	pp	BTRC
48 WWTR1	pp	SMAD4
[0m
Done creating Petals.
petals are loaded
[1;32mAGE for [0;36mIGFBP3 - SMAD4[0m
[0;35minitial size for AGE: 0[0m
counterPetal1 6
counterPetal2 96
counterPetal1*counterPetal2 576
(*AGE).size()=576
[0m---- 
[1;33mAGE nodes: 576[0m
Allocate AGEgraph :  576 x 576	331776 bytes

[0 min 0 sec] Nodes are done in 

[0 min 0 sec] Edges are done in 
0th run results (0) [new minumum]:0.192308
0 206 cost: 500
[0;36m		[A1. APC::A2. GSK3B] ---  [B1. APC::B2. BTRC}[0m
[0;36m		[A1. GSK3B::A2. WNT5A] ---  [B1. BTRC::B2. MAP2K1}[0m
206 525 cost: 540
[0;36m		[A1. GSK3B::A2. WNT5A] ---  [B1. BTRC::B2. MAP2K1}[0m
[0;36m		[A1. WNT5A::A2. IGFBP3] ---  [B1. MAP2K1::B2. SMAD4}[0m

Displayed tree score: 0.192308

3th run results (1) [new minumum]:0.293255
3 219 cost: 217
[0;36m		[A1. APC::A2. GSK3B] ---  [B1. APC::B2. GSK3B}[0m
[0;36m		[A1. GSK3B::A2. WNT5A] ---  [B1. GSK3B::B2. HIF1A}[0m
3 517 cost: 465
[0;36m		[A1. APC::A2. GSK3B] ---  [B1. APC::B2. GSK3B}[0m
[0;36m		[A1. WNT5A::A2. IGFBP3] ---  [B1. HIF1A::B2. SMAD4}[0m

Displayed tree score: 0.293255

Petal1:3	Petal2:48	treecost: 682	 tree size:2
$RESULT$	IGFBP3	SMAD4	norm_score:	0.293255
[0m
[0 min 0 sec] All done in 
