COMMAND: /Users/gurkan/Box/Research/INSPIRE/inspire-replication/src/INSPIRE /Users/gurkan/Box/Research/INSPIRE/inspire-replication/database/inspire.sqlite KRAS SMAD2 inspire_legacy_v1

GO normalization for inspire_legacy_v1: 14.1026
GO normalization in use: 14.1026
Loaded 5995 GO pair scores for inspire_legacy_v1
Create two petals
Begin PETAL setup
new petal KRAS (23)
# 44 interactions in KRAS
Done adding UniProt and Pfam annotations for KRAS.
new petal SMAD2 (44)
# 94 interactions in SMAD2
Done adding UniProt and Pfam annotations for SMAD2.
Petal Sizes: 23, 44
[1;32mPetal Name: [1;33mKRAS
[1;32mPetal Size: [1;33m23[0;31m
APC
BCL2
BRAF
CDC42
EGFR
EP300
ERBIN
ETV6
FBXW7
GSK3B
HIF1A
KRAS
LRP6
MAP2K1
MAPK1
MAPK14
MDM2
PPP2CA
PTEN
SMAD4
TBK1
TCF7L2
TNKS
[0m---- 
[1;36mPetal Interactions[0;32m
1 CDC42	pp	APC
2 ERBIN	pp	APC
3 ERBIN	pp	CDC42
4 ERBIN	pp	EGFR
5 GSK3B	pp	APC
6 GSK3B	pp	BRAF
7 GSK3B	pp	FBXW7
8 HIF1A	pp	GSK3B
9 KRAS	pp	BCL2
10 KRAS	pp	BRAF
11 KRAS	pp	CDC42
12 KRAS	pp	EGFR
13 KRAS	pp	EP300
14 KRAS	pp	ETV6
15 KRAS	pp	FBXW7
16 KRAS	pp	HIF1A
17 LRP6	pp	APC
18 LRP6	pp	ETV6
19 MAP2K1	pp	KRAS
20 MAPK1	pp	GSK3B
21 MAPK1	pp	KRAS
22 MAPK14	pp	GSK3B
23 MAPK14	pp	KRAS
24 MDM2	pp	GSK3B
25 MDM2	pp	KRAS
26 PPP2CA	pp	GSK3B
27 PPP2CA	pp	KRAS
28 PTEN	pp	CDC42
29 PTEN	pp	GSK3B
30 PTEN	pp	KRAS
31 SMAD4	pp	APC
32 SMAD4	pp	BCL2
33 SMAD4	pp	CDC42
34 SMAD4	pp	HIF1A
35 SMAD4	pp	MAP2K1
36 SMAD4	pp	MAPK1
37 SMAD4	pp	PTEN
38 TBK1	pp	GSK3B
39 TBK1	pp	KRAS
40 TCF7L2	pp	APC
41 TCF7L2	pp	EP300
42 TCF7L2	pp	PTEN
43 TNKS	pp	APC
44 TNKS	pp	PTEN
[0m
[1;32mPetal Name: [1;33mSMAD2
[1;32mPetal Size: [1;33m44[0;31m
APC
BCL2
BMPR1A
BMPR2
BTRC
CDC42
DLG1
EGFR
EP300
ERBIN
ETS1
FBXW11
FGF2
FOXO1
FOXP1
GSK3B
KRAS
LRP6
MAPK1
MDM2
NCOR1
NEDD4L
NR3C1
PPM1A
PTEN
RBPJ
RNF111
RUNX2
SMAD1
SMAD2
SMAD4
SMAD5
SMURF2
SP1
STAT3
TBL1XR1
TCF7L2
TGFBR1
TNKS
TRAF6
USP15
WWTR1
ZEB1
ZEB2
[0m---- 
[1;36mPetal Interactions[0;32m
1 BTRC	pp	APC
2 CDC42	pp	APC
3 DLG1	pp	APC
4 ERBIN	pp	APC
5 ERBIN	pp	CDC42
6 ERBIN	pp	EGFR
7 FBXW11	pp	APC
8 GSK3B	pp	APC
9 GSK3B	pp	BTRC
10 GSK3B	pp	FBXW11
11 GSK3B	pp	FOXO1
12 KRAS	pp	APC
13 KRAS	pp	BCL2
14 KRAS	pp	EGFR
15 KRAS	pp	FGF2
16 LRP6	pp	APC
17 LRP6	pp	GSK3B
18 MAPK1	pp	GSK3B
19 MDM2	pp	GSK3B
20 PTEN	pp	CDC42
21 PTEN	pp	DLG1
22 PTEN	pp	GSK3B
23 RUNX2	pp	GSK3B
24 RUNX2	pp	LRP6
25 SMAD1	pp	GSK3B
26 SMAD2	pp	BCL2
27 SMAD2	pp	BMPR1A
28 SMAD2	pp	BMPR2
29 SMAD2	pp	CDC42
30 SMAD2	pp	EGFR
31 SMAD2	pp	EP300
32 SMAD2	pp	ETS1
33 SMAD2	pp	FGF2
34 SMAD2	pp	FOXO1
35 SMAD2	pp	FOXP1
36 SMAD2	pp	GSK3B
37 SMAD2	pp	MAPK1
38 SMAD2	pp	MDM2
39 SMAD2	pp	NCOR1
40 SMAD2	pp	NEDD4L
41 SMAD2	pp	NR3C1
42 SMAD2	pp	PPM1A
43 SMAD2	pp	PTEN
44 SMAD2	pp	RBPJ
45 SMAD2	pp	RNF111
46 SMAD2	pp	RUNX2
47 SMAD2	pp	SMAD1
48 SMAD4	pp	APC
49 SMAD4	pp	BCL2
50 SMAD4	pp	BMPR1A
51 SMAD4	pp	BMPR2
52 SMAD4	pp	CDC42
53 SMAD4	pp	ETS1
54 SMAD4	pp	FOXP1
55 SMAD4	pp	MAPK1
56 SMAD4	pp	NCOR1
57 SMAD4	pp	NEDD4L
58 SMAD4	pp	NR3C1
59 SMAD4	pp	PPM1A
60 SMAD4	pp	PTEN
61 SMAD4	pp	RBPJ
62 SMAD4	pp	RNF111
63 SMAD4	pp	SMAD1
64 SMAD4	pp	SMAD2
65 SMAD5	pp	SMAD2
66 SMAD5	pp	SMAD4
67 SMURF2	pp	GSK3B
68 SMURF2	pp	SMAD2
69 SMURF2	pp	SMAD4
70 SP1	pp	SMAD2
71 SP1	pp	SMAD4
72 STAT3	pp	SMAD2
73 STAT3	pp	SMAD4
74 TBL1XR1	pp	APC
75 TBL1XR1	pp	NCOR1
76 TBL1XR1	pp	RBPJ
77 TCF7L2	pp	APC
78 TCF7L2	pp	EP300
79 TCF7L2	pp	PTEN
80 TGFBR1	pp	SMAD2
81 TGFBR1	pp	SMAD4
82 TNKS	pp	APC
83 TNKS	pp	PTEN
84 TRAF6	pp	GSK3B
85 TRAF6	pp	SMAD2
86 USP15	pp	SMAD2
87 USP15	pp	SMAD4
88 WWTR1	pp	BTRC
89 WWTR1	pp	SMAD2
90 WWTR1	pp	SMAD4
91 ZEB1	pp	SMAD2
92 ZEB1	pp	SMAD4
93 ZEB2	pp	SMAD2
94 ZEB2	pp	SMAD4
[0m
Done creating Petals.
petals are loaded
[1;32mAGE for [0;36mKRAS - SMAD2[0m
[0;35minitial size for AGE: 0[0m
counterPetal1 88
counterPetal2 188
counterPetal1*counterPetal2 16544
(*AGE).size()=16544
[0m---- 
[1;33mAGE nodes: 16544[0m
Allocate AGEgraph :  16544 x 16544	273703936 bytes

[0 min 0 sec] Nodes are done in 

[0 min 12 sec] Edges are done in 
0th run results (0) [new minumum]:0.47761
0 3794 cost: 317
[0;36m		[A1. APC::A2. CDC42] ---  [B1. APC::B2. BTRC}[0m
[0;36m		[A1. ERBIN::A2. APC] ---  [B1. ERBIN::B2. APC}[0m
3794 381 cost: 100
[0;36m		[A1. ERBIN::A2. APC] ---  [B1. ERBIN::B2. APC}[0m
[0;36m		[A1. APC::A2. GSK3B] ---  [B1. APC::B2. GSK3B}[0m
3794 571 cost: 100
[0;36m		[A1. ERBIN::A2. APC] ---  [B1. ERBIN::B2. APC}[0m
[0;36m		[A1. APC::A2. LRP6] ---  [B1. APC::B2. LRP6}[0m
3794 760 cost: 100
[0;36m		[A1. ERBIN::A2. APC] ---  [B1. ERBIN::B2. APC}[0m
[0;36m		[A1. APC::A2. SMAD4] ---  [B1. APC::B2. SMAD4}[0m
3794 950 cost: 100
[0;36m		[A1. ERBIN::A2. APC] ---  [B1. ERBIN::B2. APC}[0m
[0;36m		[A1. APC::A2. TCF7L2] ---  [B1. APC::B2. TCF7L2}[0m
3794 1139 cost: 100
[0;36m		[A1. ERBIN::A2. APC] ---  [B1. ERBIN::B2. APC}[0m
[0;36m		[A1. APC::A2. TNKS] ---  [B1. APC::B2. TNKS}[0m
3794 2279 cost: 100
[0;36m		[A1. ERBIN::A2. APC] ---  [B1. ERBIN::B2. APC}[0m
[0;36m		[A1. CDC42::A2. ERBIN] ---  [B1. CDC42::B2. ERBIN}[0m
3794 3037 cost: 100
[0;36m		[A1. ERBIN::A2. APC] ---  [B1. ERBIN::B2. APC}[0m
[0;36m		[A1. EGFR::A2. ERBIN] ---  [B1. EGFR::B2. ERBIN}[0m
381 5880 cost: 100
[0;36m		[A1. APC::A2. GSK3B] ---  [B1. APC::B2. GSK3B}[0m
[0;36m		[A1. GSK3B::A2. MAPK1] ---  [B1. GSK3B::B2. MAPK1}[0m
381 6257 cost: 100
[0;36m		[A1. APC::A2. GSK3B] ---  [B1. APC::B2. GSK3B}[0m
[0;36m		[A1. GSK3B::A2. MDM2] ---  [B1. GSK3B::B2. MDM2}[0m
381 6634 cost: 100
[0;36m		[A1. APC::A2. GSK3B] ---  [B1. APC::B2. GSK3B}[0m
[0;36m		[A1. GSK3B::A2. PTEN] ---  [B1. GSK3B::B2. PTEN}[0m
3037 8146 cost: 100
[0;36m		[A1. EGFR::A2. ERBIN] ---  [B1. EGFR::B2. ERBIN}[0m
[0;36m		[A1. KRAS::A2. EGFR] ---  [B1. KRAS::B2. EGFR}[0m
8146 1328 cost: 100
[0;36m		[A1. KRAS::A2. EGFR] ---  [B1. KRAS::B2. EGFR}[0m
[0;36m		[A1. BCL2::A2. KRAS] ---  [B1. BCL2::B2. KRAS}[0m
5880 11537 cost: 100
[0;36m		[A1. GSK3B::A2. MAPK1] ---  [B1. GSK3B::B2. MAPK1}[0m
[0;36m		[A1. MAPK1::A2. SMAD4] ---  [B1. MAPK1::B2. SMAD4}[0m
2279 12865 cost: 100
[0;36m		[A1. CDC42::A2. ERBIN] ---  [B1. CDC42::B2. ERBIN}[0m
[0;36m		[A1. PTEN::A2. CDC42] ---  [B1. PTEN::B2. CDC42}[0m
12865 2846 cost: 100
[0;36m		[A1. PTEN::A2. CDC42] ---  [B1. PTEN::B2. CDC42}[0m
[0;36m		[A1. CDC42::A2. SMAD4] ---  [B1. CDC42::B2. SMAD4}[0m
6634 13433 cost: 100
[0;36m		[A1. GSK3B::A2. PTEN] ---  [B1. GSK3B::B2. PTEN}[0m
[0;36m		[A1. PTEN::A2. SMAD4] ---  [B1. PTEN::B2. SMAD4}[0m
6634 13622 cost: 100
[0;36m		[A1. GSK3B::A2. PTEN] ---  [B1. GSK3B::B2. PTEN}[0m
[0;36m		[A1. PTEN::A2. TCF7L2] ---  [B1. PTEN::B2. TCF7L2}[0m
6634 13811 cost: 100
[0;36m		[A1. GSK3B::A2. PTEN] ---  [B1. GSK3B::B2. PTEN}[0m
[0;36m		[A1. PTEN::A2. TNKS] ---  [B1. PTEN::B2. TNKS}[0m
760 14233 cost: 100
[0;36m		[A1. APC::A2. SMAD4] ---  [B1. APC::B2. SMAD4}[0m
[0;36m		[A1. SMAD4::A2. BCL2] ---  [B1. SMAD4::B2. BCL2}[0m
950 15963 cost: 100
[0;36m		[A1. APC::A2. TCF7L2] ---  [B1. APC::B2. TCF7L2}[0m
[0;36m		[A1. TCF7L2::A2. EP300] ---  [B1. TCF7L2::B2. EP300}[0m
5880 4720 cost: 140
[0;36m		[A1. GSK3B::A2. MAPK1] ---  [B1. GSK3B::B2. MAPK1}[0m
[0;36m		[A1. FBXW7::A2. GSK3B] ---  [B1. BTRC::B2. GSK3B}[0m
14233 10922 cost: 140
[0;36m		[A1. SMAD4::A2. BCL2] ---  [B1. SMAD4::B2. BCL2}[0m
[0;36m		[A1. MAP2K1::A2. SMAD4] ---  [B1. BMPR2::B2. SMAD4}[0m
8146 1921 cost: 217
[0;36m		[A1. KRAS::A2. EGFR] ---  [B1. KRAS::B2. EGFR}[0m
[0;36m		[A1. BRAF::A2. KRAS] ---  [B1. FGF2::B2. KRAS}[0m
381 5690 cost: 217
[0;36m		[A1. APC::A2. GSK3B] ---  [B1. APC::B2. GSK3B}[0m
[0;36m		[A1. GSK3B::A2. HIF1A] ---  [B1. GSK3B::B2. FOXO1}[0m
381 6450 cost: 217
[0;36m		[A1. APC::A2. GSK3B] ---  [B1. APC::B2. GSK3B}[0m
[0;36m		[A1. GSK3B::A2. PPP2CA] ---  [B1. GSK3B::B2. SMURF2}[0m
381 6827 cost: 217
[0;36m		[A1. APC::A2. GSK3B] ---  [B1. APC::B2. GSK3B}[0m
[0;36m		[A1. GSK3B::A2. TBK1] ---  [B1. GSK3B::B2. TRAF6}[0m
381 6072 cost: 246
[0;36m		[A1. APC::A2. GSK3B] ---  [B1. APC::B2. GSK3B}[0m
[0;36m		[A1. GSK3B::A2. MAPK14] ---  [B1. GSK3B::B2. SMAD1}[0m
571 10594 cost: 384
[0;36m		[A1. APC::A2. LRP6] ---  [B1. APC::B2. LRP6}[0m
[0;36m		[A1. LRP6::A2. ETV6] ---  [B1. LRP6::B2. RUNX2}[0m

Displayed tree score: 0.47761

1th run results (1) [new minumum]:0.504336
1 2279 cost: 100
[0;36m		[A1. APC::A2. CDC42] ---  [B1. APC::B2. CDC42}[0m
[0;36m		[A1. CDC42::A2. ERBIN] ---  [B1. CDC42::B2. ERBIN}[0m
1 2656 cost: 100
[0;36m		[A1. APC::A2. CDC42] ---  [B1. APC::B2. CDC42}[0m
[0;36m		[A1. CDC42::A2. PTEN] ---  [B1. CDC42::B2. PTEN}[0m
1 2846 cost: 100
[0;36m		[A1. APC::A2. CDC42] ---  [B1. APC::B2. CDC42}[0m
[0;36m		[A1. CDC42::A2. SMAD4] ---  [B1. CDC42::B2. SMAD4}[0m
1 3794 cost: 100
[0;36m		[A1. APC::A2. CDC42] ---  [B1. APC::B2. CDC42}[0m
[0;36m		[A1. ERBIN::A2. APC] ---  [B1. ERBIN::B2. APC}[0m
3794 381 cost: 100
[0;36m		[A1. ERBIN::A2. APC] ---  [B1. ERBIN::B2. APC}[0m
[0;36m		[A1. APC::A2. GSK3B] ---  [B1. APC::B2. GSK3B}[0m
3794 571 cost: 100
[0;36m		[A1. ERBIN::A2. APC] ---  [B1. ERBIN::B2. APC}[0m
[0;36m		[A1. APC::A2. LRP6] ---  [B1. APC::B2. LRP6}[0m
3794 760 cost: 100
[0;36m		[A1. ERBIN::A2. APC] ---  [B1. ERBIN::B2. APC}[0m
[0;36m		[A1. APC::A2. SMAD4] ---  [B1. APC::B2. SMAD4}[0m
3794 950 cost: 100
[0;36m		[A1. ERBIN::A2. APC] ---  [B1. ERBIN::B2. APC}[0m
[0;36m		[A1. APC::A2. TCF7L2] ---  [B1. APC::B2. TCF7L2}[0m
3794 1139 cost: 100
[0;36m		[A1. ERBIN::A2. APC] ---  [B1. ERBIN::B2. APC}[0m
[0;36m		[A1. APC::A2. TNKS] ---  [B1. APC::B2. TNKS}[0m
3794 3037 cost: 100
[0;36m		[A1. ERBIN::A2. APC] ---  [B1. ERBIN::B2. APC}[0m
[0;36m		[A1. EGFR::A2. ERBIN] ---  [B1. EGFR::B2. ERBIN}[0m
381 5880 cost: 100
[0;36m		[A1. APC::A2. GSK3B] ---  [B1. APC::B2. GSK3B}[0m
[0;36m		[A1. GSK3B::A2. MAPK1] ---  [B1. GSK3B::B2. MAPK1}[0m
381 6257 cost: 100
[0;36m		[A1. APC::A2. GSK3B] ---  [B1. APC::B2. GSK3B}[0m
[0;36m		[A1. GSK3B::A2. MDM2] ---  [B1. GSK3B::B2. MDM2}[0m
381 6634 cost: 100
[0;36m		[A1. APC::A2. GSK3B] ---  [B1. APC::B2. GSK3B}[0m
[0;36m		[A1. GSK3B::A2. PTEN] ---  [B1. GSK3B::B2. PTEN}[0m
3037 8146 cost: 100
[0;36m		[A1. EGFR::A2. ERBIN] ---  [B1. EGFR::B2. ERBIN}[0m
[0;36m		[A1. KRAS::A2. EGFR] ---  [B1. KRAS::B2. EGFR}[0m
8146 1328 cost: 100
[0;36m		[A1. KRAS::A2. EGFR] ---  [B1. KRAS::B2. EGFR}[0m
[0;36m		[A1. BCL2::A2. KRAS] ---  [B1. BCL2::B2. KRAS}[0m
5880 11537 cost: 100
[0;36m		[A1. GSK3B::A2. MAPK1] ---  [B1. GSK3B::B2. MAPK1}[0m
[0;36m		[A1. MAPK1::A2. SMAD4] ---  [B1. MAPK1::B2. SMAD4}[0m
2656 13433 cost: 100
[0;36m		[A1. CDC42::A2. PTEN] ---  [B1. CDC42::B2. PTEN}[0m
[0;36m		[A1. PTEN::A2. SMAD4] ---  [B1. PTEN::B2. SMAD4}[0m
2656 13622 cost: 100
[0;36m		[A1. CDC42::A2. PTEN] ---  [B1. CDC42::B2. PTEN}[0m
[0;36m		[A1. PTEN::A2. TCF7L2] ---  [B1. PTEN::B2. TCF7L2}[0m
2656 13811 cost: 100
[0;36m		[A1. CDC42::A2. PTEN] ---  [B1. CDC42::B2. PTEN}[0m
[0;36m		[A1. PTEN::A2. TNKS] ---  [B1. PTEN::B2. TNKS}[0m
2846 14233 cost: 100
[0;36m		[A1. CDC42::A2. SMAD4] ---  [B1. CDC42::B2. SMAD4}[0m
[0;36m		[A1. SMAD4::A2. BCL2] ---  [B1. SMAD4::B2. BCL2}[0m
950 15963 cost: 100
[0;36m		[A1. APC::A2. TCF7L2] ---  [B1. APC::B2. TCF7L2}[0m
[0;36m		[A1. TCF7L2::A2. EP300] ---  [B1. TCF7L2::B2. EP300}[0m
5880 4720 cost: 140
[0;36m		[A1. GSK3B::A2. MAPK1] ---  [B1. GSK3B::B2. MAPK1}[0m
[0;36m		[A1. FBXW7::A2. GSK3B] ---  [B1. BTRC::B2. GSK3B}[0m
14233 10922 cost: 140
[0;36m		[A1. SMAD4::A2. BCL2] ---  [B1. SMAD4::B2. BCL2}[0m
[0;36m		[A1. MAP2K1::A2. SMAD4] ---  [B1. BMPR2::B2. SMAD4}[0m
8146 1921 cost: 217
[0;36m		[A1. KRAS::A2. EGFR] ---  [B1. KRAS::B2. EGFR}[0m
[0;36m		[A1. BRAF::A2. KRAS] ---  [B1. FGF2::B2. KRAS}[0m
381 5690 cost: 217
[0;36m		[A1. APC::A2. GSK3B] ---  [B1. APC::B2. GSK3B}[0m
[0;36m		[A1. GSK3B::A2. HIF1A] ---  [B1. GSK3B::B2. FOXO1}[0m
381 6450 cost: 217
[0;36m		[A1. APC::A2. GSK3B] ---  [B1. APC::B2. GSK3B}[0m
[0;36m		[A1. GSK3B::A2. PPP2CA] ---  [B1. GSK3B::B2. SMURF2}[0m
381 6827 cost: 217
[0;36m		[A1. APC::A2. GSK3B] ---  [B1. APC::B2. GSK3B}[0m
[0;36m		[A1. GSK3B::A2. TBK1] ---  [B1. GSK3B::B2. TRAF6}[0m
381 6072 cost: 246
[0;36m		[A1. APC::A2. GSK3B] ---  [B1. APC::B2. GSK3B}[0m
[0;36m		[A1. GSK3B::A2. MAPK14] ---  [B1. GSK3B::B2. SMAD1}[0m
571 10594 cost: 384
[0;36m		[A1. APC::A2. LRP6] ---  [B1. APC::B2. LRP6}[0m
[0;36m		[A1. LRP6::A2. ETV6] ---  [B1. LRP6::B2. RUNX2}[0m

Displayed tree score: 0.504336

1735th run results (2) [new minumum]:0.514003
1735 5123 cost: 240
[0;36m		[A1. BRAF::A2. GSK3B] ---  [B1. FOXO1::B2. GSK3B}[0m
[0;36m		[A1. GSK3B::A2. APC] ---  [B1. GSK3B::B2. APC}[0m
5123 1 cost: 100
[0;36m		[A1. GSK3B::A2. APC] ---  [B1. GSK3B::B2. APC}[0m
[0;36m		[A1. APC::A2. CDC42] ---  [B1. APC::B2. CDC42}[0m
5123 191 cost: 100
[0;36m		[A1. GSK3B::A2. APC] ---  [B1. GSK3B::B2. APC}[0m
[0;36m		[A1. APC::A2. ERBIN] ---  [B1. APC::B2. ERBIN}[0m
5123 571 cost: 100
[0;36m		[A1. GSK3B::A2. APC] ---  [B1. GSK3B::B2. APC}[0m
[0;36m		[A1. APC::A2. LRP6] ---  [B1. APC::B2. LRP6}[0m
5123 760 cost: 100
[0;36m		[A1. GSK3B::A2. APC] ---  [B1. GSK3B::B2. APC}[0m
[0;36m		[A1. APC::A2. SMAD4] ---  [B1. APC::B2. SMAD4}[0m
5123 950 cost: 100
[0;36m		[A1. GSK3B::A2. APC] ---  [B1. GSK3B::B2. APC}[0m
[0;36m		[A1. APC::A2. TCF7L2] ---  [B1. APC::B2. TCF7L2}[0m
5123 1139 cost: 100
[0;36m		[A1. GSK3B::A2. APC] ---  [B1. GSK3B::B2. APC}[0m
[0;36m		[A1. APC::A2. TNKS] ---  [B1. APC::B2. TNKS}[0m
1 2279 cost: 100
[0;36m		[A1. APC::A2. CDC42] ---  [B1. APC::B2. CDC42}[0m
[0;36m		[A1. CDC42::A2. ERBIN] ---  [B1. CDC42::B2. ERBIN}[0m
1 2656 cost: 100
[0;36m		[A1. APC::A2. CDC42] ---  [B1. APC::B2. CDC42}[0m
[0;36m		[A1. CDC42::A2. PTEN] ---  [B1. CDC42::B2. PTEN}[0m
1 2846 cost: 100
[0;36m		[A1. APC::A2. CDC42] ---  [B1. APC::B2. CDC42}[0m
[0;36m		[A1. CDC42::A2. SMAD4] ---  [B1. CDC42::B2. SMAD4}[0m
191 4172 cost: 100
[0;36m		[A1. APC::A2. ERBIN] ---  [B1. APC::B2. ERBIN}[0m
[0;36m		[A1. ERBIN::A2. EGFR] ---  [B1. ERBIN::B2. EGFR}[0m
4172 3226 cost: 100
[0;36m		[A1. ERBIN::A2. EGFR] ---  [B1. ERBIN::B2. EGFR}[0m
[0;36m		[A1. EGFR::A2. KRAS] ---  [B1. EGFR::B2. KRAS}[0m
3226 7581 cost: 100
[0;36m		[A1. EGFR::A2. KRAS] ---  [B1. EGFR::B2. KRAS}[0m
[0;36m		[A1. KRAS::A2. BCL2] ---  [B1. KRAS::B2. BCL2}[0m
7581 1518 cost: 100
[0;36m		[A1. KRAS::A2. BCL2] ---  [B1. KRAS::B2. BCL2}[0m
[0;36m		[A1. BCL2::A2. SMAD4] ---  [B1. BCL2::B2. SMAD4}[0m
5123 11159 cost: 100
[0;36m		[A1. GSK3B::A2. APC] ---  [B1. GSK3B::B2. APC}[0m
[0;36m		[A1. MAPK1::A2. GSK3B] ---  [B1. MAPK1::B2. GSK3B}[0m
11159 6257 cost: 100
[0;36m		[A1. MAPK1::A2. GSK3B] ---  [B1. MAPK1::B2. GSK3B}[0m
[0;36m		[A1. GSK3B::A2. MDM2] ---  [B1. GSK3B::B2. MDM2}[0m
11159 6634 cost: 100
[0;36m		[A1. MAPK1::A2. GSK3B] ---  [B1. MAPK1::B2. GSK3B}[0m
[0;36m		[A1. GSK3B::A2. PTEN] ---  [B1. GSK3B::B2. PTEN}[0m
2656 13433 cost: 100
[0;36m		[A1. CDC42::A2. PTEN] ---  [B1. CDC42::B2. PTEN}[0m
[0;36m		[A1. PTEN::A2. SMAD4] ---  [B1. PTEN::B2. SMAD4}[0m
2656 13622 cost: 100
[0;36m		[A1. CDC42::A2. PTEN] ---  [B1. CDC42::B2. PTEN}[0m
[0;36m		[A1. PTEN::A2. TCF7L2] ---  [B1. PTEN::B2. TCF7L2}[0m
2656 13811 cost: 100
[0;36m		[A1. CDC42::A2. PTEN] ---  [B1. CDC42::B2. PTEN}[0m
[0;36m		[A1. PTEN::A2. TNKS] ---  [B1. PTEN::B2. TNKS}[0m
760 14991 cost: 100
[0;36m		[A1. APC::A2. SMAD4] ---  [B1. APC::B2. SMAD4}[0m
[0;36m		[A1. SMAD4::A2. MAPK1] ---  [B1. SMAD4::B2. MAPK1}[0m
950 15963 cost: 100
[0;36m		[A1. APC::A2. TCF7L2] ---  [B1. APC::B2. TCF7L2}[0m
[0;36m		[A1. TCF7L2::A2. EP300] ---  [B1. TCF7L2::B2. EP300}[0m
5123 4720 cost: 140
[0;36m		[A1. GSK3B::A2. APC] ---  [B1. GSK3B::B2. APC}[0m
[0;36m		[A1. FBXW7::A2. GSK3B] ---  [B1. BTRC::B2. GSK3B}[0m
14991 10922 cost: 140
[0;36m		[A1. SMAD4::A2. MAPK1] ---  [B1. SMAD4::B2. MAPK1}[0m
[0;36m		[A1. MAP2K1::A2. SMAD4] ---  [B1. BMPR2::B2. SMAD4}[0m
7581 1921 cost: 217
[0;36m		[A1. KRAS::A2. BCL2] ---  [B1. KRAS::B2. BCL2}[0m
[0;36m		[A1. BRAF::A2. KRAS] ---  [B1. FGF2::B2. KRAS}[0m
11159 5696 cost: 217
[0;36m		[A1. MAPK1::A2. GSK3B] ---  [B1. MAPK1::B2. GSK3B}[0m
[0;36m		[A1. GSK3B::A2. HIF1A] ---  [B1. GSK3B::B2. SMAD1}[0m
11159 6450 cost: 217
[0;36m		[A1. MAPK1::A2. GSK3B] ---  [B1. MAPK1::B2. GSK3B}[0m
[0;36m		[A1. GSK3B::A2. PPP2CA] ---  [B1. GSK3B::B2. SMURF2}[0m
11159 6827 cost: 217
[0;36m		[A1. MAPK1::A2. GSK3B] ---  [B1. MAPK1::B2. GSK3B}[0m
[0;36m		[A1. GSK3B::A2. TBK1] ---  [B1. GSK3B::B2. TRAF6}[0m
14991 7430 cost: 217
[0;36m		[A1. SMAD4::A2. MAPK1] ---  [B1. SMAD4::B2. MAPK1}[0m
[0;36m		[A1. HIF1A::A2. SMAD4] ---  [B1. SMAD1::B2. SMAD4}[0m
11159 6073 cost: 259
[0;36m		[A1. MAPK1::A2. GSK3B] ---  [B1. MAPK1::B2. GSK3B}[0m
[0;36m		[A1. GSK3B::A2. MAPK14] ---  [B1. GSK3B::B2. SMAD2}[0m
571 10594 cost: 384
[0;36m		[A1. APC::A2. LRP6] ---  [B1. APC::B2. LRP6}[0m
[0;36m		[A1. LRP6::A2. ETV6] ---  [B1. LRP6::B2. RUNX2}[0m

Displayed tree score: 0.514003

5696th run results (3) [new minumum]:0.514762
5696 381 cost: 217
[0;36m		[A1. GSK3B::A2. HIF1A] ---  [B1. GSK3B::B2. SMAD1}[0m
[0;36m		[A1. APC::A2. GSK3B] ---  [B1. APC::B2. GSK3B}[0m
381 2090 cost: 100
[0;36m		[A1. APC::A2. GSK3B] ---  [B1. APC::B2. GSK3B}[0m
[0;36m		[A1. CDC42::A2. APC] ---  [B1. CDC42::B2. APC}[0m
2090 191 cost: 100
[0;36m		[A1. CDC42::A2. APC] ---  [B1. CDC42::B2. APC}[0m
[0;36m		[A1. APC::A2. ERBIN] ---  [B1. APC::B2. ERBIN}[0m
2090 571 cost: 100
[0;36m		[A1. CDC42::A2. APC] ---  [B1. CDC42::B2. APC}[0m
[0;36m		[A1. APC::A2. LRP6] ---  [B1. APC::B2. LRP6}[0m
2090 760 cost: 100
[0;36m		[A1. CDC42::A2. APC] ---  [B1. CDC42::B2. APC}[0m
[0;36m		[A1. APC::A2. SMAD4] ---  [B1. APC::B2. SMAD4}[0m
2090 950 cost: 100
[0;36m		[A1. CDC42::A2. APC] ---  [B1. CDC42::B2. APC}[0m
[0;36m		[A1. APC::A2. TCF7L2] ---  [B1. APC::B2. TCF7L2}[0m
2090 1139 cost: 100
[0;36m		[A1. CDC42::A2. APC] ---  [B1. CDC42::B2. APC}[0m
[0;36m		[A1. APC::A2. TNKS] ---  [B1. APC::B2. TNKS}[0m
2090 3983 cost: 100
[0;36m		[A1. CDC42::A2. APC] ---  [B1. CDC42::B2. APC}[0m
[0;36m		[A1. ERBIN::A2. CDC42] ---  [B1. ERBIN::B2. CDC42}[0m
3983 2656 cost: 100
[0;36m		[A1. ERBIN::A2. CDC42] ---  [B1. ERBIN::B2. CDC42}[0m
[0;36m		[A1. CDC42::A2. PTEN] ---  [B1. CDC42::B2. PTEN}[0m
3983 2846 cost: 100
[0;36m		[A1. ERBIN::A2. CDC42] ---  [B1. ERBIN::B2. CDC42}[0m
[0;36m		[A1. CDC42::A2. SMAD4] ---  [B1. CDC42::B2. SMAD4}[0m
3983 3037 cost: 100
[0;36m		[A1. ERBIN::A2. CDC42] ---  [B1. ERBIN::B2. CDC42}[0m
[0;36m		[A1. EGFR::A2. ERBIN] ---  [B1. EGFR::B2. ERBIN}[0m
381 5880 cost: 100
[0;36m		[A1. APC::A2. GSK3B] ---  [B1. APC::B2. GSK3B}[0m
[0;36m		[A1. GSK3B::A2. MAPK1] ---  [B1. GSK3B::B2. MAPK1}[0m
381 6257 cost: 100
[0;36m		[A1. APC::A2. GSK3B] ---  [B1. APC::B2. GSK3B}[0m
[0;36m		[A1. GSK3B::A2. MDM2] ---  [B1. GSK3B::B2. MDM2}[0m
381 6634 cost: 100
[0;36m		[A1. APC::A2. GSK3B] ---  [B1. APC::B2. GSK3B}[0m
[0;36m		[A1. GSK3B::A2. PTEN] ---  [B1. GSK3B::B2. PTEN}[0m
3037 8146 cost: 100
[0;36m		[A1. EGFR::A2. ERBIN] ---  [B1. EGFR::B2. ERBIN}[0m
[0;36m		[A1. KRAS::A2. EGFR] ---  [B1. KRAS::B2. EGFR}[0m
8146 1328 cost: 100
[0;36m		[A1. KRAS::A2. EGFR] ---  [B1. KRAS::B2. EGFR}[0m
[0;36m		[A1. BCL2::A2. KRAS] ---  [B1. BCL2::B2. KRAS}[0m
5880 11537 cost: 100
[0;36m		[A1. GSK3B::A2. MAPK1] ---  [B1. GSK3B::B2. MAPK1}[0m
[0;36m		[A1. MAPK1::A2. SMAD4] ---  [B1. MAPK1::B2. SMAD4}[0m
2656 13433 cost: 100
[0;36m		[A1. CDC42::A2. PTEN] ---  [B1. CDC42::B2. PTEN}[0m
[0;36m		[A1. PTEN::A2. SMAD4] ---  [B1. PTEN::B2. SMAD4}[0m
2656 13622 cost: 100
[0;36m		[A1. CDC42::A2. PTEN] ---  [B1. CDC42::B2. PTEN}[0m
[0;36m		[A1. PTEN::A2. TCF7L2] ---  [B1. PTEN::B2. TCF7L2}[0m
2656 13811 cost: 100
[0;36m		[A1. CDC42::A2. PTEN] ---  [B1. CDC42::B2. PTEN}[0m
[0;36m		[A1. PTEN::A2. TNKS] ---  [B1. PTEN::B2. TNKS}[0m
760 14233 cost: 100
[0;36m		[A1. APC::A2. SMAD4] ---  [B1. APC::B2. SMAD4}[0m
[0;36m		[A1. SMAD4::A2. BCL2] ---  [B1. SMAD4::B2. BCL2}[0m
950 15963 cost: 100
[0;36m		[A1. APC::A2. TCF7L2] ---  [B1. APC::B2. TCF7L2}[0m
[0;36m		[A1. TCF7L2::A2. EP300] ---  [B1. TCF7L2::B2. EP300}[0m
5880 4720 cost: 140
[0;36m		[A1. GSK3B::A2. MAPK1] ---  [B1. GSK3B::B2. MAPK1}[0m
[0;36m		[A1. FBXW7::A2. GSK3B] ---  [B1. BTRC::B2. GSK3B}[0m
14233 10922 cost: 140
[0;36m		[A1. SMAD4::A2. BCL2] ---  [B1. SMAD4::B2. BCL2}[0m
[0;36m		[A1. MAP2K1::A2. SMAD4] ---  [B1. BMPR2::B2. SMAD4}[0m
8146 1921 cost: 217
[0;36m		[A1. KRAS::A2. EGFR] ---  [B1. KRAS::B2. EGFR}[0m
[0;36m		[A1. BRAF::A2. KRAS] ---  [B1. FGF2::B2. KRAS}[0m
381 6066 cost: 217
[0;36m		[A1. APC::A2. GSK3B] ---  [B1. APC::B2. GSK3B}[0m
[0;36m		[A1. GSK3B::A2. MAPK14] ---  [B1. GSK3B::B2. FOXO1}[0m
381 6450 cost: 217
[0;36m		[A1. APC::A2. GSK3B] ---  [B1. APC::B2. GSK3B}[0m
[0;36m		[A1. GSK3B::A2. PPP2CA] ---  [B1. GSK3B::B2. SMURF2}[0m
381 6827 cost: 217
[0;36m		[A1. APC::A2. GSK3B] ---  [B1. APC::B2. GSK3B}[0m
[0;36m		[A1. GSK3B::A2. TBK1] ---  [B1. GSK3B::B2. TRAF6}[0m
14233 7348 cost: 217
[0;36m		[A1. SMAD4::A2. BCL2] ---  [B1. SMAD4::B2. BCL2}[0m
[0;36m		[A1. HIF1A::A2. SMAD4] ---  [B1. BMPR1A::B2. SMAD4}[0m
571 10594 cost: 384
[0;36m		[A1. APC::A2. LRP6] ---  [B1. APC::B2. LRP6}[0m
[0;36m		[A1. LRP6::A2. ETV6] ---  [B1. LRP6::B2. RUNX2}[0m

Displayed tree score: 0.514762

Petal1:44	Petal2:94	treecost: 4066	 tree size:30
$RESULT$	KRAS	SMAD2	norm_score:	0.514762
[0m
[1 min 0 sec] All done in 
