COMMAND: /Users/gurkan/Box/Research/INSPIRE/inspire-replication/src/INSPIRE /Users/gurkan/Box/Research/INSPIRE/inspire-replication/database/inspire.sqlite KRAS UHRF2 inspire_legacy_v1

GO normalization for inspire_legacy_v1: 14.1026
GO normalization in use: 14.1026
Loaded 5995 GO pair scores for inspire_legacy_v1
Create two petals
Begin PETAL setup
new petal KRAS (23)
# 44 interactions in KRAS
Done adding UniProt and Pfam annotations for KRAS.
new petal UHRF2 (5)
# 5 interactions in UHRF2
Done adding UniProt and Pfam annotations for UHRF2.
Petal Sizes: 23, 5
[1;32mPetal Name: [1;33mKRAS
[1;32mPetal Size: [1;33m23[0;31m
APC
BCL2
BRAF
CDC42
EGFR
EP300
ERBIN
ETV6
FBXW7
GSK3B
HIF1A
KRAS
LRP6
MAP2K1
MAPK1
MAPK14
MDM2
PPP2CA
PTEN
SMAD4
TBK1
TCF7L2
TNKS
[0m---- 
[1;36mPetal Interactions[0;32m
1 CDC42	pp	APC
2 ERBIN	pp	APC
3 ERBIN	pp	CDC42
4 ERBIN	pp	EGFR
5 GSK3B	pp	APC
6 GSK3B	pp	BRAF
7 GSK3B	pp	FBXW7
8 HIF1A	pp	GSK3B
9 KRAS	pp	BCL2
10 KRAS	pp	BRAF
11 KRAS	pp	CDC42
12 KRAS	pp	EGFR
13 KRAS	pp	EP300
14 KRAS	pp	ETV6
15 KRAS	pp	FBXW7
16 KRAS	pp	HIF1A
17 LRP6	pp	APC
18 LRP6	pp	ETV6
19 MAP2K1	pp	KRAS
20 MAPK1	pp	GSK3B
21 MAPK1	pp	KRAS
22 MAPK14	pp	GSK3B
23 MAPK14	pp	KRAS
24 MDM2	pp	GSK3B
25 MDM2	pp	KRAS
26 PPP2CA	pp	GSK3B
27 PPP2CA	pp	KRAS
28 PTEN	pp	CDC42
29 PTEN	pp	GSK3B
30 PTEN	pp	KRAS
31 SMAD4	pp	APC
32 SMAD4	pp	BCL2
33 SMAD4	pp	CDC42
34 SMAD4	pp	HIF1A
35 SMAD4	pp	MAP2K1
36 SMAD4	pp	MAPK1
37 SMAD4	pp	PTEN
38 TBK1	pp	GSK3B
39 TBK1	pp	KRAS
40 TCF7L2	pp	APC
41 TCF7L2	pp	EP300
42 TCF7L2	pp	PTEN
43 TNKS	pp	APC
44 TNKS	pp	PTEN
[0m
[1;32mPetal Name: [1;33mUHRF2
[1;32mPetal Size: [1;33m5[0;31m
APC
CCND1
GSK3B
LRP6
UHRF2
[0m---- 
[1;36mPetal Interactions[0;32m
1 GSK3B	pp	APC
2 GSK3B	pp	CCND1
3 LRP6	pp	APC
4 LRP6	pp	CCND1
5 UHRF2	pp	CCND1
[0m
Done creating Petals.
petals are loaded
[1;32mAGE for [0;36mKRAS - UHRF2[0m
[0;35minitial size for AGE: 0[0m
counterPetal1 88
counterPetal2 10
counterPetal1*counterPetal2 880
(*AGE).size()=880
[0m---- 
[1;33mAGE nodes: 880[0m
Allocate AGEgraph :  880 x 880	774400 bytes

[0 min 0 sec] Nodes are done in 

[0 min 0 sec] Edges are done in 
0th run results (0) [new minumum]:0.145914
0 557 cost: 217
[0;36m		[A1. APC::A2. CDC42] ---  [B1. APC::B2. GSK3B}[0m
[0;36m		[A1. LRP6::A2. APC] ---  [B1. LRP6::B2. APC}[0m
557 243 cost: 416
[0;36m		[A1. LRP6::A2. APC] ---  [B1. LRP6::B2. APC}[0m
[0;36m		[A1. ETV6::A2. LRP6] ---  [B1. CCND1::B2. LRP6}[0m
557 456 cost: 909
[0;36m		[A1. LRP6::A2. APC] ---  [B1. LRP6::B2. APC}[0m
[0;36m		[A1. KRAS::A2. ETV6] ---  [B1. GSK3B::B2. CCND1}[0m

Displayed tree score: 0.145914

1th run results (1) [new minumum]:0.154619
1 275 cost: 217
[0;36m		[A1. APC::A2. CDC42] ---  [B1. APC::B2. LRP6}[0m
[0;36m		[A1. GSK3B::A2. APC] ---  [B1. GSK3B::B2. APC}[0m
275 372 cost: 217
[0;36m		[A1. GSK3B::A2. APC] ---  [B1. GSK3B::B2. APC}[0m
[0;36m		[A1. HIF1A::A2. GSK3B] ---  [B1. CCND1::B2. GSK3B}[0m
275 778 cost: 487
[0;36m		[A1. GSK3B::A2. APC] ---  [B1. GSK3B::B2. APC}[0m
[0;36m		[A1. SMAD4::A2. HIF1A] ---  [B1. LRP6::B2. CCND1}[0m
275 479 cost: 1666
[0;36m		[A1. GSK3B::A2. APC] ---  [B1. GSK3B::B2. APC}[0m
[0;36m		[A1. KRAS::A2. HIF1A] ---  [B1. UHRF2::B2. CCND1}[0m

Displayed tree score: 0.154619

3th run results (2) [new minumum]:0.174444
3 276 cost: 500
[0;36m		[A1. APC::A2. CDC42] ---  [B1. CCND1::B2. LRP6}[0m
[0;36m		[A1. GSK3B::A2. APC] ---  [B1. GSK3B::B2. CCND1}[0m
276 250 cost: 465
[0;36m		[A1. GSK3B::A2. APC] ---  [B1. GSK3B::B2. CCND1}[0m
[0;36m		[A1. FBXW7::A2. GSK3B] ---  [B1. APC::B2. GSK3B}[0m
276 64 cost: 588
[0;36m		[A1. GSK3B::A2. APC] ---  [B1. GSK3B::B2. CCND1}[0m
[0;36m		[A1. APC::A2. TNKS] ---  [B1. CCND1::B2. UHRF2}[0m
250 467 cost: 740
[0;36m		[A1. FBXW7::A2. GSK3B] ---  [B1. APC::B2. GSK3B}[0m
[0;36m		[A1. KRAS::A2. FBXW7] ---  [B1. LRP6::B2. APC}[0m

Displayed tree score: 0.174444

8th run results (3) [new minumum]:0.213333
8 275 cost: 689
[0;36m		[A1. APC::A2. CDC42] ---  [B1. LRP6::B2. CCND1}[0m
[0;36m		[A1. GSK3B::A2. APC] ---  [B1. GSK3B::B2. APC}[0m
275 31 cost: 100
[0;36m		[A1. GSK3B::A2. APC] ---  [B1. GSK3B::B2. APC}[0m
[0;36m		[A1. APC::A2. LRP6] ---  [B1. APC::B2. LRP6}[0m
275 372 cost: 217
[0;36m		[A1. GSK3B::A2. APC] ---  [B1. GSK3B::B2. APC}[0m
[0;36m		[A1. HIF1A::A2. GSK3B] ---  [B1. CCND1::B2. GSK3B}[0m
275 779 cost: 869
[0;36m		[A1. GSK3B::A2. APC] ---  [B1. GSK3B::B2. APC}[0m
[0;36m		[A1. SMAD4::A2. HIF1A] ---  [B1. UHRF2::B2. CCND1}[0m

Displayed tree score: 0.213333

38th run results (4) [new minumum]:0.217037
38 275 cost: 540
[0;36m		[A1. APC::A2. LRP6] ---  [B1. LRP6::B2. CCND1}[0m
[0;36m		[A1. GSK3B::A2. APC] ---  [B1. GSK3B::B2. APC}[0m
275 1 cost: 217
[0;36m		[A1. GSK3B::A2. APC] ---  [B1. GSK3B::B2. APC}[0m
[0;36m		[A1. APC::A2. CDC42] ---  [B1. APC::B2. LRP6}[0m
275 372 cost: 217
[0;36m		[A1. GSK3B::A2. APC] ---  [B1. GSK3B::B2. APC}[0m
[0;36m		[A1. HIF1A::A2. GSK3B] ---  [B1. CCND1::B2. GSK3B}[0m
275 779 cost: 869
[0;36m		[A1. GSK3B::A2. APC] ---  [B1. GSK3B::B2. APC}[0m
[0;36m		[A1. SMAD4::A2. HIF1A] ---  [B1. UHRF2::B2. CCND1}[0m

Displayed tree score: 0.217037

48th run results (5) [new minumum]:0.235571
48 275 cost: 512
[0;36m		[A1. APC::A2. SMAD4] ---  [B1. LRP6::B2. CCND1}[0m
[0;36m		[A1. GSK3B::A2. APC] ---  [B1. GSK3B::B2. APC}[0m
275 31 cost: 100
[0;36m		[A1. GSK3B::A2. APC] ---  [B1. GSK3B::B2. APC}[0m
[0;36m		[A1. APC::A2. LRP6] ---  [B1. APC::B2. LRP6}[0m
275 372 cost: 217
[0;36m		[A1. GSK3B::A2. APC] ---  [B1. GSK3B::B2. APC}[0m
[0;36m		[A1. HIF1A::A2. GSK3B] ---  [B1. CCND1::B2. GSK3B}[0m
275 779 cost: 869
[0;36m		[A1. GSK3B::A2. APC] ---  [B1. GSK3B::B2. APC}[0m
[0;36m		[A1. SMAD4::A2. HIF1A] ---  [B1. UHRF2::B2. CCND1}[0m

Displayed tree score: 0.235571

83th run results (6) [new minumum]:0.239091
83 20 cost: 487
[0;36m		[A1. BCL2::A2. SMAD4] ---  [B1. CCND1::B2. LRP6}[0m
[0;36m		[A1. APC::A2. GSK3B] ---  [B1. APC::B2. GSK3B}[0m
20 557 cost: 100
[0;36m		[A1. APC::A2. GSK3B] ---  [B1. APC::B2. GSK3B}[0m
[0;36m		[A1. LRP6::A2. APC] ---  [B1. LRP6::B2. APC}[0m
20 306 cost: 217
[0;36m		[A1. APC::A2. GSK3B] ---  [B1. APC::B2. GSK3B}[0m
[0;36m		[A1. GSK3B::A2. HIF1A] ---  [B1. GSK3B::B2. CCND1}[0m
20 394 cost: 869
[0;36m		[A1. APC::A2. GSK3B] ---  [B1. APC::B2. GSK3B}[0m
[0;36m		[A1. HIF1A::A2. SMAD4] ---  [B1. CCND1::B2. UHRF2}[0m

Displayed tree score: 0.239091

138th run results (7) [new minumum]:0.242277
138 275 cost: 465
[0;36m		[A1. CDC42::A2. KRAS] ---  [B1. LRP6::B2. CCND1}[0m
[0;36m		[A1. GSK3B::A2. APC] ---  [B1. GSK3B::B2. APC}[0m
275 31 cost: 100
[0;36m		[A1. GSK3B::A2. APC] ---  [B1. GSK3B::B2. APC}[0m
[0;36m		[A1. APC::A2. LRP6] ---  [B1. APC::B2. LRP6}[0m
275 372 cost: 217
[0;36m		[A1. GSK3B::A2. APC] ---  [B1. GSK3B::B2. APC}[0m
[0;36m		[A1. HIF1A::A2. GSK3B] ---  [B1. CCND1::B2. GSK3B}[0m
275 779 cost: 869
[0;36m		[A1. GSK3B::A2. APC] ---  [B1. GSK3B::B2. APC}[0m
[0;36m		[A1. SMAD4::A2. HIF1A] ---  [B1. UHRF2::B2. CCND1}[0m

Displayed tree score: 0.242277

243th run results (8) [new minumum]:0.249688
243 557 cost: 416
[0;36m		[A1. ETV6::A2. LRP6] ---  [B1. CCND1::B2. LRP6}[0m
[0;36m		[A1. LRP6::A2. APC] ---  [B1. LRP6::B2. APC}[0m
557 20 cost: 100
[0;36m		[A1. LRP6::A2. APC] ---  [B1. LRP6::B2. APC}[0m
[0;36m		[A1. APC::A2. GSK3B] ---  [B1. APC::B2. GSK3B}[0m
20 306 cost: 217
[0;36m		[A1. APC::A2. GSK3B] ---  [B1. APC::B2. GSK3B}[0m
[0;36m		[A1. GSK3B::A2. HIF1A] ---  [B1. GSK3B::B2. CCND1}[0m
20 394 cost: 869
[0;36m		[A1. APC::A2. GSK3B] ---  [B1. APC::B2. GSK3B}[0m
[0;36m		[A1. HIF1A::A2. SMAD4] ---  [B1. CCND1::B2. UHRF2}[0m

Displayed tree score: 0.249688

334th run results (9) [new minumum]:0.275398
334 20 cost: 500
[0;36m		[A1. GSK3B::A2. MDM2] ---  [B1. CCND1::B2. UHRF2}[0m
[0;36m		[A1. APC::A2. GSK3B] ---  [B1. APC::B2. GSK3B}[0m
20 557 cost: 100
[0;36m		[A1. APC::A2. GSK3B] ---  [B1. APC::B2. GSK3B}[0m
[0;36m		[A1. LRP6::A2. APC] ---  [B1. LRP6::B2. APC}[0m
20 306 cost: 217
[0;36m		[A1. APC::A2. GSK3B] ---  [B1. APC::B2. GSK3B}[0m
[0;36m		[A1. GSK3B::A2. HIF1A] ---  [B1. GSK3B::B2. CCND1}[0m

Displayed tree score: 0.275398

Petal1:44	Petal2:5	treecost: 817	 tree size:3
$RESULT$	KRAS	UHRF2	norm_score:	0.275398
[0m
[0 min 0 sec] All done in 
