COMMAND: /Users/gurkan/Box/Research/INSPIRE/inspire-replication/src/INSPIRE /Users/gurkan/Box/Research/INSPIRE/inspire-replication/database/inspire.sqlite KRAS TGFBR2 inspire_legacy_v1

GO normalization for inspire_legacy_v1: 14.1026
GO normalization in use: 14.1026
Loaded 5995 GO pair scores for inspire_legacy_v1
Create two petals
Begin PETAL setup
new petal KRAS (23)
# 44 interactions in KRAS
Done adding UniProt and Pfam annotations for KRAS.
new petal TGFBR2 (20)
# 32 interactions in TGFBR2
Done adding UniProt and Pfam annotations for TGFBR2.
Petal Sizes: 23, 20
[1;32mPetal Name: [1;33mKRAS
[1;32mPetal Size: [1;33m23[0;31m
APC
BCL2
BRAF
CDC42
EGFR
EP300
ERBIN
ETV6
FBXW7
GSK3B
HIF1A
KRAS
LRP6
MAP2K1
MAPK1
MAPK14
MDM2
PPP2CA
PTEN
SMAD4
TBK1
TCF7L2
TNKS
[0m---- 
[1;36mPetal Interactions[0;32m
1 CDC42	pp	APC
2 ERBIN	pp	APC
3 ERBIN	pp	CDC42
4 ERBIN	pp	EGFR
5 GSK3B	pp	APC
6 GSK3B	pp	BRAF
7 GSK3B	pp	FBXW7
8 HIF1A	pp	GSK3B
9 KRAS	pp	BCL2
10 KRAS	pp	BRAF
11 KRAS	pp	CDC42
12 KRAS	pp	EGFR
13 KRAS	pp	EP300
14 KRAS	pp	ETV6
15 KRAS	pp	FBXW7
16 KRAS	pp	HIF1A
17 LRP6	pp	APC
18 LRP6	pp	ETV6
19 MAP2K1	pp	KRAS
20 MAPK1	pp	GSK3B
21 MAPK1	pp	KRAS
22 MAPK14	pp	GSK3B
23 MAPK14	pp	KRAS
24 MDM2	pp	GSK3B
25 MDM2	pp	KRAS
26 PPP2CA	pp	GSK3B
27 PPP2CA	pp	KRAS
28 PTEN	pp	CDC42
29 PTEN	pp	GSK3B
30 PTEN	pp	KRAS
31 SMAD4	pp	APC
32 SMAD4	pp	BCL2
33 SMAD4	pp	CDC42
34 SMAD4	pp	HIF1A
35 SMAD4	pp	MAP2K1
36 SMAD4	pp	MAPK1
37 SMAD4	pp	PTEN
38 TBK1	pp	GSK3B
39 TBK1	pp	KRAS
40 TCF7L2	pp	APC
41 TCF7L2	pp	EP300
42 TCF7L2	pp	PTEN
43 TNKS	pp	APC
44 TNKS	pp	PTEN
[0m
[1;32mPetal Name: [1;33mTGFBR2
[1;32mPetal Size: [1;33m20[0;31m
APC
BMPR1A
BTRC
CDC42
EGFR
EP300
ERBIN
GSK3B
IQGAP1
KRAS
PIK3CB
PIK3R1
SMAD4
SMAD5
SMURF2
TCF7L2
TGFBR1
TGFBR2
TRAF6
YAP1
[0m---- 
[1;36mPetal Interactions[0;32m
1 BTRC	pp	APC
2 CDC42	pp	APC
3 EP300	pp	BTRC
4 ERBIN	pp	APC
5 ERBIN	pp	EGFR
6 GSK3B	pp	APC
7 IQGAP1	pp	APC
8 IQGAP1	pp	EGFR
9 KRAS	pp	APC
10 KRAS	pp	EGFR
11 PIK3CB	pp	CDC42
12 PIK3R1	pp	KRAS
13 SMAD4	pp	APC
14 SMAD4	pp	BMPR1A
15 SMAD5	pp	SMAD4
16 SMURF2	pp	GSK3B
17 SMURF2	pp	SMAD4
18 TCF7L2	pp	APC
19 TCF7L2	pp	EP300
20 TGFBR1	pp	SMAD4
21 TGFBR2	pp	BMPR1A
22 TGFBR2	pp	EGFR
23 TGFBR2	pp	EP300
24 TGFBR2	pp	PIK3CB
25 TGFBR2	pp	PIK3R1
26 TGFBR2	pp	SMAD5
27 TGFBR2	pp	SMURF2
28 TGFBR2	pp	TGFBR1
29 TRAF6	pp	GSK3B
30 TRAF6	pp	TGFBR2
31 YAP1	pp	GSK3B
32 YAP1	pp	TGFBR2
[0m
Done creating Petals.
petals are loaded
[1;32mAGE for [0;36mKRAS - TGFBR2[0m
[0;35minitial size for AGE: 0[0m
counterPetal1 88
counterPetal2 64
counterPetal1*counterPetal2 5632
(*AGE).size()=5632
[0m---- 
[1;33mAGE nodes: 5632[0m
Allocate AGEgraph :  5632 x 5632	31719424 bytes

[0 min 0 sec] Nodes are done in 

[0 min 1 sec] Edges are done in 
0th run results (0) [new minumum]:0.215751
0 1301 cost: 317
[0;36m		[A1. APC::A2. CDC42] ---  [B1. APC::B2. BTRC}[0m
[0;36m		[A1. ERBIN::A2. APC] ---  [B1. ERBIN::B2. APC}[0m
1301 131 cost: 100
[0;36m		[A1. ERBIN::A2. APC] ---  [B1. ERBIN::B2. APC}[0m
[0;36m		[A1. APC::A2. GSK3B] ---  [B1. APC::B2. GSK3B}[0m
1301 262 cost: 100
[0;36m		[A1. ERBIN::A2. APC] ---  [B1. ERBIN::B2. APC}[0m
[0;36m		[A1. APC::A2. SMAD4] ---  [B1. APC::B2. SMAD4}[0m
1301 327 cost: 100
[0;36m		[A1. ERBIN::A2. APC] ---  [B1. ERBIN::B2. APC}[0m
[0;36m		[A1. APC::A2. TCF7L2] ---  [B1. APC::B2. TCF7L2}[0m
1301 1038 cost: 100
[0;36m		[A1. ERBIN::A2. APC] ---  [B1. ERBIN::B2. APC}[0m
[0;36m		[A1. EGFR::A2. ERBIN] ---  [B1. EGFR::B2. ERBIN}[0m
1038 2782 cost: 100
[0;36m		[A1. EGFR::A2. ERBIN] ---  [B1. EGFR::B2. ERBIN}[0m
[0;36m		[A1. KRAS::A2. EGFR] ---  [B1. KRAS::B2. EGFR}[0m
327 5423 cost: 100
[0;36m		[A1. APC::A2. TCF7L2] ---  [B1. APC::B2. TCF7L2}[0m
[0;36m		[A1. TCF7L2::A2. EP300] ---  [B1. TCF7L2::B2. EP300}[0m
262 5032 cost: 158
[0;36m		[A1. APC::A2. SMAD4] ---  [B1. APC::B2. SMAD4}[0m
[0;36m		[A1. SMAD4::A2. MAP2K1] ---  [B1. SMAD4::B2. TGFBR1}[0m
1301 193 cost: 217
[0;36m		[A1. ERBIN::A2. APC] ---  [B1. ERBIN::B2. APC}[0m
[0;36m		[A1. APC::A2. LRP6] ---  [B1. APC::B2. CDC42}[0m
2782 482 cost: 217
[0;36m		[A1. KRAS::A2. EGFR] ---  [B1. KRAS::B2. EGFR}[0m
[0;36m		[A1. BCL2::A2. KRAS] ---  [B1. PIK3R1::B2. KRAS}[0m
131 1880 cost: 217
[0;36m		[A1. APC::A2. GSK3B] ---  [B1. APC::B2. GSK3B}[0m
[0;36m		[A1. GSK3B::A2. FBXW7] ---  [B1. GSK3B::B2. SMURF2}[0m
131 1945 cost: 217
[0;36m		[A1. APC::A2. GSK3B] ---  [B1. APC::B2. GSK3B}[0m
[0;36m		[A1. GSK3B::A2. HIF1A] ---  [B1. GSK3B::B2. TRAF6}[0m
131 2010 cost: 217
[0;36m		[A1. APC::A2. GSK3B] ---  [B1. APC::B2. GSK3B}[0m
[0;36m		[A1. GSK3B::A2. MAPK1] ---  [B1. GSK3B::B2. YAP1}[0m
262 4901 cost: 217
[0;36m		[A1. APC::A2. SMAD4] ---  [B1. APC::B2. SMAD4}[0m
[0;36m		[A1. SMAD4::A2. CDC42] ---  [B1. SMAD4::B2. BMPR1A}[0m
262 5158 cost: 235
[0;36m		[A1. APC::A2. SMAD4] ---  [B1. APC::B2. SMAD4}[0m
[0;36m		[A1. SMAD4::A2. PTEN] ---  [B1. SMAD4::B2. SMAD5}[0m
1301 388 cost: 281
[0;36m		[A1. ERBIN::A2. APC] ---  [B1. ERBIN::B2. APC}[0m
[0;36m		[A1. APC::A2. TNKS] ---  [B1. APC::B2. IQGAP1}[0m
131 1568 cost: 1428
[0;36m		[A1. APC::A2. GSK3B] ---  [B1. APC::B2. GSK3B}[0m
[0;36m		[A1. ETV6::A2. LRP6] ---  [B1. PIK3CB::B2. CDC42}[0m

Displayed tree score: 0.215751

1th run results (1) [new minumum]:0.290555
1 1301 cost: 100
[0;36m		[A1. APC::A2. CDC42] ---  [B1. APC::B2. CDC42}[0m
[0;36m		[A1. ERBIN::A2. APC] ---  [B1. ERBIN::B2. APC}[0m
1301 131 cost: 100
[0;36m		[A1. ERBIN::A2. APC] ---  [B1. ERBIN::B2. APC}[0m
[0;36m		[A1. APC::A2. GSK3B] ---  [B1. APC::B2. GSK3B}[0m
1301 262 cost: 100
[0;36m		[A1. ERBIN::A2. APC] ---  [B1. ERBIN::B2. APC}[0m
[0;36m		[A1. APC::A2. SMAD4] ---  [B1. APC::B2. SMAD4}[0m
1301 327 cost: 100
[0;36m		[A1. ERBIN::A2. APC] ---  [B1. ERBIN::B2. APC}[0m
[0;36m		[A1. APC::A2. TCF7L2] ---  [B1. APC::B2. TCF7L2}[0m
1301 1038 cost: 100
[0;36m		[A1. ERBIN::A2. APC] ---  [B1. ERBIN::B2. APC}[0m
[0;36m		[A1. EGFR::A2. ERBIN] ---  [B1. EGFR::B2. ERBIN}[0m
1038 2782 cost: 100
[0;36m		[A1. EGFR::A2. ERBIN] ---  [B1. EGFR::B2. ERBIN}[0m
[0;36m		[A1. KRAS::A2. EGFR] ---  [B1. KRAS::B2. EGFR}[0m
327 5423 cost: 100
[0;36m		[A1. APC::A2. TCF7L2] ---  [B1. APC::B2. TCF7L2}[0m
[0;36m		[A1. TCF7L2::A2. EP300] ---  [B1. TCF7L2::B2. EP300}[0m
262 5032 cost: 158
[0;36m		[A1. APC::A2. SMAD4] ---  [B1. APC::B2. SMAD4}[0m
[0;36m		[A1. SMAD4::A2. MAP2K1] ---  [B1. SMAD4::B2. TGFBR1}[0m
1301 384 cost: 217
[0;36m		[A1. ERBIN::A2. APC] ---  [B1. ERBIN::B2. APC}[0m
[0;36m		[A1. APC::A2. TNKS] ---  [B1. APC::B2. BTRC}[0m
2782 482 cost: 217
[0;36m		[A1. KRAS::A2. EGFR] ---  [B1. KRAS::B2. EGFR}[0m
[0;36m		[A1. BCL2::A2. KRAS] ---  [B1. PIK3R1::B2. KRAS}[0m
1 909 cost: 217
[0;36m		[A1. APC::A2. CDC42] ---  [B1. APC::B2. CDC42}[0m
[0;36m		[A1. CDC42::A2. PTEN] ---  [B1. CDC42::B2. PIK3CB}[0m
131 1880 cost: 217
[0;36m		[A1. APC::A2. GSK3B] ---  [B1. APC::B2. GSK3B}[0m
[0;36m		[A1. GSK3B::A2. FBXW7] ---  [B1. GSK3B::B2. SMURF2}[0m
131 1945 cost: 217
[0;36m		[A1. APC::A2. GSK3B] ---  [B1. APC::B2. GSK3B}[0m
[0;36m		[A1. GSK3B::A2. HIF1A] ---  [B1. GSK3B::B2. TRAF6}[0m
131 2010 cost: 217
[0;36m		[A1. APC::A2. GSK3B] ---  [B1. APC::B2. GSK3B}[0m
[0;36m		[A1. GSK3B::A2. MAPK1] ---  [B1. GSK3B::B2. YAP1}[0m
1301 196 cost: 338
[0;36m		[A1. ERBIN::A2. APC] ---  [B1. ERBIN::B2. APC}[0m
[0;36m		[A1. APC::A2. LRP6] ---  [B1. APC::B2. IQGAP1}[0m

Displayed tree score: 0.290555

197th run results (2) [new minumum]:0.293018
197 716 cost: 317
[0;36m		[A1. APC::A2. LRP6] ---  [B1. APC::B2. KRAS}[0m
[0;36m		[A1. CDC42::A2. APC] ---  [B1. CDC42::B2. APC}[0m
716 66 cost: 100
[0;36m		[A1. CDC42::A2. APC] ---  [B1. CDC42::B2. APC}[0m
[0;36m		[A1. APC::A2. ERBIN] ---  [B1. APC::B2. ERBIN}[0m
716 131 cost: 100
[0;36m		[A1. CDC42::A2. APC] ---  [B1. CDC42::B2. APC}[0m
[0;36m		[A1. APC::A2. GSK3B] ---  [B1. APC::B2. GSK3B}[0m
716 262 cost: 100
[0;36m		[A1. CDC42::A2. APC] ---  [B1. CDC42::B2. APC}[0m
[0;36m		[A1. APC::A2. SMAD4] ---  [B1. APC::B2. SMAD4}[0m
716 327 cost: 100
[0;36m		[A1. CDC42::A2. APC] ---  [B1. CDC42::B2. APC}[0m
[0;36m		[A1. APC::A2. TCF7L2] ---  [B1. APC::B2. TCF7L2}[0m
66 1430 cost: 100
[0;36m		[A1. APC::A2. ERBIN] ---  [B1. APC::B2. ERBIN}[0m
[0;36m		[A1. ERBIN::A2. EGFR] ---  [B1. ERBIN::B2. EGFR}[0m
1430 1104 cost: 100
[0;36m		[A1. ERBIN::A2. EGFR] ---  [B1. ERBIN::B2. EGFR}[0m
[0;36m		[A1. EGFR::A2. KRAS] ---  [B1. EGFR::B2. KRAS}[0m
327 5423 cost: 100
[0;36m		[A1. APC::A2. TCF7L2] ---  [B1. APC::B2. TCF7L2}[0m
[0;36m		[A1. TCF7L2::A2. EP300] ---  [B1. TCF7L2::B2. EP300}[0m
262 5032 cost: 158
[0;36m		[A1. APC::A2. SMAD4] ---  [B1. APC::B2. SMAD4}[0m
[0;36m		[A1. SMAD4::A2. MAP2K1] ---  [B1. SMAD4::B2. TGFBR1}[0m
716 384 cost: 217
[0;36m		[A1. CDC42::A2. APC] ---  [B1. CDC42::B2. APC}[0m
[0;36m		[A1. APC::A2. TNKS] ---  [B1. APC::B2. BTRC}[0m
131 1880 cost: 217
[0;36m		[A1. APC::A2. GSK3B] ---  [B1. APC::B2. GSK3B}[0m
[0;36m		[A1. GSK3B::A2. FBXW7] ---  [B1. GSK3B::B2. SMURF2}[0m
131 1945 cost: 217
[0;36m		[A1. APC::A2. GSK3B] ---  [B1. APC::B2. GSK3B}[0m
[0;36m		[A1. GSK3B::A2. HIF1A] ---  [B1. GSK3B::B2. TRAF6}[0m
131 2010 cost: 217
[0;36m		[A1. APC::A2. GSK3B] ---  [B1. APC::B2. GSK3B}[0m
[0;36m		[A1. GSK3B::A2. MAPK1] ---  [B1. GSK3B::B2. YAP1}[0m
1104 2591 cost: 217
[0;36m		[A1. EGFR::A2. KRAS] ---  [B1. EGFR::B2. KRAS}[0m
[0;36m		[A1. KRAS::A2. BCL2] ---  [B1. KRAS::B2. PIK3R1}[0m
716 4384 cost: 217
[0;36m		[A1. CDC42::A2. APC] ---  [B1. CDC42::B2. APC}[0m
[0;36m		[A1. PTEN::A2. CDC42] ---  [B1. PIK3CB::B2. CDC42}[0m

Displayed tree score: 0.293018

453th run results (3) [new minumum]:0.330016
453 2782 cost: 217
[0;36m		[A1. BCL2::A2. KRAS] ---  [B1. APC::B2. KRAS}[0m
[0;36m		[A1. KRAS::A2. EGFR] ---  [B1. KRAS::B2. EGFR}[0m
2782 1038 cost: 100
[0;36m		[A1. KRAS::A2. EGFR] ---  [B1. KRAS::B2. EGFR}[0m
[0;36m		[A1. EGFR::A2. ERBIN] ---  [B1. EGFR::B2. ERBIN}[0m
1038 1301 cost: 100
[0;36m		[A1. EGFR::A2. ERBIN] ---  [B1. EGFR::B2. ERBIN}[0m
[0;36m		[A1. ERBIN::A2. APC] ---  [B1. ERBIN::B2. APC}[0m
1301 1 cost: 100
[0;36m		[A1. ERBIN::A2. APC] ---  [B1. ERBIN::B2. APC}[0m
[0;36m		[A1. APC::A2. CDC42] ---  [B1. APC::B2. CDC42}[0m
1301 131 cost: 100
[0;36m		[A1. ERBIN::A2. APC] ---  [B1. ERBIN::B2. APC}[0m
[0;36m		[A1. APC::A2. GSK3B] ---  [B1. APC::B2. GSK3B}[0m
1301 262 cost: 100
[0;36m		[A1. ERBIN::A2. APC] ---  [B1. ERBIN::B2. APC}[0m
[0;36m		[A1. APC::A2. SMAD4] ---  [B1. APC::B2. SMAD4}[0m
1301 327 cost: 100
[0;36m		[A1. ERBIN::A2. APC] ---  [B1. ERBIN::B2. APC}[0m
[0;36m		[A1. APC::A2. TCF7L2] ---  [B1. APC::B2. TCF7L2}[0m
327 5423 cost: 100
[0;36m		[A1. APC::A2. TCF7L2] ---  [B1. APC::B2. TCF7L2}[0m
[0;36m		[A1. TCF7L2::A2. EP300] ---  [B1. TCF7L2::B2. EP300}[0m
262 5032 cost: 158
[0;36m		[A1. APC::A2. SMAD4] ---  [B1. APC::B2. SMAD4}[0m
[0;36m		[A1. SMAD4::A2. MAP2K1] ---  [B1. SMAD4::B2. TGFBR1}[0m
1301 384 cost: 217
[0;36m		[A1. ERBIN::A2. APC] ---  [B1. ERBIN::B2. APC}[0m
[0;36m		[A1. APC::A2. TNKS] ---  [B1. APC::B2. BTRC}[0m
1 909 cost: 217
[0;36m		[A1. APC::A2. CDC42] ---  [B1. APC::B2. CDC42}[0m
[0;36m		[A1. CDC42::A2. PTEN] ---  [B1. CDC42::B2. PIK3CB}[0m
2782 1698 cost: 217
[0;36m		[A1. KRAS::A2. EGFR] ---  [B1. KRAS::B2. EGFR}[0m
[0;36m		[A1. FBXW7::A2. KRAS] ---  [B1. PIK3R1::B2. KRAS}[0m
131 1944 cost: 217
[0;36m		[A1. APC::A2. GSK3B] ---  [B1. APC::B2. GSK3B}[0m
[0;36m		[A1. GSK3B::A2. HIF1A] ---  [B1. GSK3B::B2. SMURF2}[0m
131 2009 cost: 217
[0;36m		[A1. APC::A2. GSK3B] ---  [B1. APC::B2. GSK3B}[0m
[0;36m		[A1. GSK3B::A2. MAPK1] ---  [B1. GSK3B::B2. TRAF6}[0m
131 2074 cost: 217
[0;36m		[A1. APC::A2. GSK3B] ---  [B1. APC::B2. GSK3B}[0m
[0;36m		[A1. GSK3B::A2. MAPK14] ---  [B1. GSK3B::B2. YAP1}[0m
262 4967 cost: 217
[0;36m		[A1. APC::A2. SMAD4] ---  [B1. APC::B2. SMAD4}[0m
[0;36m		[A1. SMAD4::A2. HIF1A] ---  [B1. SMAD4::B2. SMURF2}[0m
262 4838 cost: 235
[0;36m		[A1. APC::A2. SMAD4] ---  [B1. APC::B2. SMAD4}[0m
[0;36m		[A1. SMAD4::A2. BCL2] ---  [B1. SMAD4::B2. SMAD5}[0m
1301 196 cost: 338
[0;36m		[A1. ERBIN::A2. APC] ---  [B1. ERBIN::B2. APC}[0m
[0;36m		[A1. APC::A2. LRP6] ---  [B1. APC::B2. IQGAP1}[0m

Displayed tree score: 0.330016

Petal1:44	Petal2:32	treecost: 3167	 tree size:18
$RESULT$	KRAS	TGFBR2	norm_score:	0.330016
[0m
[0 min 4 sec] All done in 
