COMMAND: /Users/gurkan/Box/Research/INSPIRE/inspire-replication/src/INSPIRE /Users/gurkan/Box/Research/INSPIRE/inspire-replication/database/inspire.sqlite KRAS MCM3AP inspire_legacy_v1

GO normalization for inspire_legacy_v1: 14.1026
GO normalization in use: 14.1026
Loaded 5995 GO pair scores for inspire_legacy_v1
Create two petals
Begin PETAL setup
new petal KRAS (23)
# 44 interactions in KRAS
Done adding UniProt and Pfam annotations for KRAS.
new petal MCM3AP (4)
# 3 interactions in MCM3AP
Done adding UniProt and Pfam annotations for MCM3AP.
Petal Sizes: 23, 4
[1;32mPetal Name: [1;33mKRAS
[1;32mPetal Size: [1;33m23[0;31m
APC
BCL2
BRAF
CDC42
EGFR
EP300
ERBIN
ETV6
FBXW7
GSK3B
HIF1A
KRAS
LRP6
MAP2K1
MAPK1
MAPK14
MDM2
PPP2CA
PTEN
SMAD4
TBK1
TCF7L2
TNKS
[0m---- 
[1;36mPetal Interactions[0;32m
1 CDC42	pp	APC
2 ERBIN	pp	APC
3 ERBIN	pp	CDC42
4 ERBIN	pp	EGFR
5 GSK3B	pp	APC
6 GSK3B	pp	BRAF
7 GSK3B	pp	FBXW7
8 HIF1A	pp	GSK3B
9 KRAS	pp	BCL2
10 KRAS	pp	BRAF
11 KRAS	pp	CDC42
12 KRAS	pp	EGFR
13 KRAS	pp	EP300
14 KRAS	pp	ETV6
15 KRAS	pp	FBXW7
16 KRAS	pp	HIF1A
17 LRP6	pp	APC
18 LRP6	pp	ETV6
19 MAP2K1	pp	KRAS
20 MAPK1	pp	GSK3B
21 MAPK1	pp	KRAS
22 MAPK14	pp	GSK3B
23 MAPK14	pp	KRAS
24 MDM2	pp	GSK3B
25 MDM2	pp	KRAS
26 PPP2CA	pp	GSK3B
27 PPP2CA	pp	KRAS
28 PTEN	pp	CDC42
29 PTEN	pp	GSK3B
30 PTEN	pp	KRAS
31 SMAD4	pp	APC
32 SMAD4	pp	BCL2
33 SMAD4	pp	CDC42
34 SMAD4	pp	HIF1A
35 SMAD4	pp	MAP2K1
36 SMAD4	pp	MAPK1
37 SMAD4	pp	PTEN
38 TBK1	pp	GSK3B
39 TBK1	pp	KRAS
40 TCF7L2	pp	APC
41 TCF7L2	pp	EP300
42 TCF7L2	pp	PTEN
43 TNKS	pp	APC
44 TNKS	pp	PTEN
[0m
[1;32mPetal Name: [1;33mMCM3AP
[1;32mPetal Size: [1;33m4[0;31m
APC
MCM3AP
RANBP2
TPR
[0m---- 
[1;36mPetal Interactions[0;32m
1 RANBP2	pp	APC
2 TPR	pp	MCM3AP
3 TPR	pp	RANBP2
[0m
Done creating Petals.
petals are loaded
[1;32mAGE for [0;36mKRAS - MCM3AP[0m
[0;35minitial size for AGE: 0[0m
counterPetal1 88
counterPetal2 6
counterPetal1*counterPetal2 528
(*AGE).size()=528
[0m---- 
[1;33mAGE nodes: 528[0m
Allocate AGEgraph :  528 x 528	278784 bytes

[0 min 0 sec] Nodes are done in 

[0 min 0 sec] Edges are done in 
0th run results (0) [new minumum]:0.0509165
0 87 cost: 2500
[0;36m		[A1. APC::A2. CDC42] ---  [B1. APC::B2. RANBP2}[0m
[0;36m		[A1. CDC42::A2. PTEN] ---  [B1. RANBP2::B2. TPR}[0m
87 418 cost: 1428
[0;36m		[A1. CDC42::A2. PTEN] ---  [B1. RANBP2::B2. TPR}[0m
[0;36m		[A1. PTEN::A2. GSK3B] ---  [B1. TPR::B2. MCM3AP}[0m

Displayed tree score: 0.0509165

1th run results (1) [new minumum]:0.10101
1 89 cost: 1111
[0;36m		[A1. APC::A2. CDC42] ---  [B1. MCM3AP::B2. TPR}[0m
[0;36m		[A1. CDC42::A2. PTEN] ---  [B1. TPR::B2. RANBP2}[0m
89 416 cost: 869
[0;36m		[A1. CDC42::A2. PTEN] ---  [B1. TPR::B2. RANBP2}[0m
[0;36m		[A1. PTEN::A2. GSK3B] ---  [B1. RANBP2::B2. APC}[0m

Displayed tree score: 0.10101

2th run results (2) [new minumum]:0.109111
2 167 cost: 1000
[0;36m		[A1. APC::A2. CDC42] ---  [B1. RANBP2::B2. APC}[0m
[0;36m		[A1. GSK3B::A2. APC] ---  [B1. TPR::B2. RANBP2}[0m
167 385 cost: 833
[0;36m		[A1. GSK3B::A2. APC] ---  [B1. TPR::B2. RANBP2}[0m
[0;36m		[A1. MDM2::A2. GSK3B] ---  [B1. MCM3AP::B2. TPR}[0m

Displayed tree score: 0.109111

4th run results (3) [new minumum]:0.133601
4 165 cost: 909
[0;36m		[A1. APC::A2. CDC42] ---  [B1. TPR::B2. MCM3AP}[0m
[0;36m		[A1. GSK3B::A2. APC] ---  [B1. RANBP2::B2. TPR}[0m
165 150 cost: 588
[0;36m		[A1. GSK3B::A2. APC] ---  [B1. RANBP2::B2. TPR}[0m
[0;36m		[A1. FBXW7::A2. GSK3B] ---  [B1. APC::B2. RANBP2}[0m

Displayed tree score: 0.133601

16th run results (4) [new minumum]:0.147601
16 519 cost: 689
[0;36m		[A1. APC::A2. GSK3B] ---  [B1. TPR::B2. MCM3AP}[0m
[0;36m		[A1. TNKS::A2. APC] ---  [B1. RANBP2::B2. TPR}[0m
519 438 cost: 666
[0;36m		[A1. TNKS::A2. APC] ---  [B1. RANBP2::B2. TPR}[0m
[0;36m		[A1. PTEN::A2. TNKS] ---  [B1. APC::B2. RANBP2}[0m

Displayed tree score: 0.147601

36th run results (5) [new minumum]:0.152207
36 525 cost: 625
[0;36m		[A1. APC::A2. TNKS] ---  [B1. APC::B2. RANBP2}[0m
[0;36m		[A1. TNKS::A2. PTEN] ---  [B1. RANBP2::B2. TPR}[0m
525 418 cost: 689
[0;36m		[A1. TNKS::A2. PTEN] ---  [B1. RANBP2::B2. TPR}[0m
[0;36m		[A1. PTEN::A2. GSK3B] ---  [B1. TPR::B2. MCM3AP}[0m

Displayed tree score: 0.152207

213th run results (6) [new minumum]:0.152788
213 12 cost: 540
[0;36m		[A1. GSK3B::A2. PTEN] ---  [B1. RANBP2::B2. TPR}[0m
[0;36m		[A1. APC::A2. GSK3B] ---  [B1. APC::B2. RANBP2}[0m
213 436 cost: 769
[0;36m		[A1. GSK3B::A2. PTEN] ---  [B1. RANBP2::B2. TPR}[0m
[0;36m		[A1. PTEN::A2. TCF7L2] ---  [B1. TPR::B2. MCM3AP}[0m

Displayed tree score: 0.152788

Petal1:44	Petal2:3	treecost: 1309	 tree size:2
$RESULT$	KRAS	MCM3AP	norm_score:	0.152788
[0m
[0 min 0 sec] All done in 
