COMMAND: /Users/gurkan/Box/Research/INSPIRE/inspire-replication/src/INSPIRE /Users/gurkan/Box/Research/INSPIRE/inspire-replication/database/inspire.sqlite KRAS PTEN inspire_legacy_v1

GO normalization for inspire_legacy_v1: 14.1026
GO normalization in use: 14.1026
Loaded 5995 GO pair scores for inspire_legacy_v1
Create two petals
Begin PETAL setup
new petal KRAS (23)
# 44 interactions in KRAS
Done adding UniProt and Pfam annotations for KRAS.
new petal PTEN (43)
# 94 interactions in PTEN
Done adding UniProt and Pfam annotations for PTEN.
Petal Sizes: 23, 43
[1;32mPetal Name: [1;33mKRAS
[1;32mPetal Size: [1;33m23[0;31m
APC
BCL2
BRAF
CDC42
EGFR
EP300
ERBIN
ETV6
FBXW7
GSK3B
HIF1A
KRAS
LRP6
MAP2K1
MAPK1
MAPK14
MDM2
PPP2CA
PTEN
SMAD4
TBK1
TCF7L2
TNKS
[0m---- 
[1;36mPetal Interactions[0;32m
1 CDC42	pp	APC
2 ERBIN	pp	APC
3 ERBIN	pp	CDC42
4 ERBIN	pp	EGFR
5 GSK3B	pp	APC
6 GSK3B	pp	BRAF
7 GSK3B	pp	FBXW7
8 HIF1A	pp	GSK3B
9 KRAS	pp	BCL2
10 KRAS	pp	BRAF
11 KRAS	pp	CDC42
12 KRAS	pp	EGFR
13 KRAS	pp	EP300
14 KRAS	pp	ETV6
15 KRAS	pp	FBXW7
16 KRAS	pp	HIF1A
17 LRP6	pp	APC
18 LRP6	pp	ETV6
19 MAP2K1	pp	KRAS
20 MAPK1	pp	GSK3B
21 MAPK1	pp	KRAS
22 MAPK14	pp	GSK3B
23 MAPK14	pp	KRAS
24 MDM2	pp	GSK3B
25 MDM2	pp	KRAS
26 PPP2CA	pp	GSK3B
27 PPP2CA	pp	KRAS
28 PTEN	pp	CDC42
29 PTEN	pp	GSK3B
30 PTEN	pp	KRAS
31 SMAD4	pp	APC
32 SMAD4	pp	BCL2
33 SMAD4	pp	CDC42
34 SMAD4	pp	HIF1A
35 SMAD4	pp	MAP2K1
36 SMAD4	pp	MAPK1
37 SMAD4	pp	PTEN
38 TBK1	pp	GSK3B
39 TBK1	pp	KRAS
40 TCF7L2	pp	APC
41 TCF7L2	pp	EP300
42 TCF7L2	pp	PTEN
43 TNKS	pp	APC
44 TNKS	pp	PTEN
[0m
[1;32mPetal Name: [1;33mPTEN
[1;32mPetal Size: [1;33m43[0;31m
AGO1
APC
ATM
ATRX
BCL2
BMPR1A
BRAF
BTRC
CCDC6
CDC42
CDKN1B
CHUK
CREB1
EGFR
ERBIN
FBXW11
FBXW7
FOXO1
FOXO3
GSK3B
HIF1A
IQGAP1
ITGB1
JAK2
KRAS
LRP6
LRRK2
MAPK1
MDM2
NFE2L2
PDPK1
PIK3CB
PIK3R1
PTEN
RBPJ
SIRT1
SMAD2
SMAD4
TBL1XR1
TCF7L2
TNKS
YAP1
ZEB1
[0m---- 
[1;36mPetal Interactions[0;32m
1 BTRC	pp	APC
2 CCDC6	pp	APC
3 CCDC6	pp	BRAF
4 CDC42	pp	APC
5 CHUK	pp	BTRC
6 ERBIN	pp	APC
7 ERBIN	pp	CDC42
8 ERBIN	pp	EGFR
9 FBXW11	pp	APC
10 FBXW7	pp	BTRC
11 FBXW7	pp	CCDC6
12 GSK3B	pp	APC
13 GSK3B	pp	BRAF
14 GSK3B	pp	BTRC
15 GSK3B	pp	CDKN1B
16 GSK3B	pp	CREB1
17 GSK3B	pp	FBXW11
18 GSK3B	pp	FBXW7
19 GSK3B	pp	FOXO1
20 GSK3B	pp	FOXO3
21 HIF1A	pp	GSK3B
22 IQGAP1	pp	APC
23 IQGAP1	pp	EGFR
24 ITGB1	pp	CDC42
25 KRAS	pp	APC
26 KRAS	pp	BCL2
27 KRAS	pp	CDC42
28 KRAS	pp	EGFR
29 KRAS	pp	HIF1A
30 KRAS	pp	JAK2
31 LRP6	pp	APC
32 LRP6	pp	GSK3B
33 LRRK2	pp	AGO1
34 LRRK2	pp	APC
35 LRRK2	pp	HIF1A
36 MAPK1	pp	GSK3B
37 MDM2	pp	GSK3B
38 NFE2L2	pp	GSK3B
39 PDPK1	pp	GSK3B
40 PIK3CB	pp	CDC42
41 PIK3R1	pp	KRAS
42 PTEN	pp	AGO1
43 PTEN	pp	ATM
44 PTEN	pp	ATRX
45 PTEN	pp	BCL2
46 PTEN	pp	BMPR1A
47 PTEN	pp	BRAF
48 PTEN	pp	CDC42
49 PTEN	pp	CDKN1B
50 PTEN	pp	CHUK
51 PTEN	pp	CREB1
52 PTEN	pp	EGFR
53 PTEN	pp	FBXW7
54 PTEN	pp	FOXO1
55 PTEN	pp	FOXO3
56 PTEN	pp	GSK3B
57 PTEN	pp	HIF1A
58 PTEN	pp	ITGB1
59 PTEN	pp	JAK2
60 PTEN	pp	MAPK1
61 PTEN	pp	MDM2
62 PTEN	pp	NFE2L2
63 PTEN	pp	PDPK1
64 PTEN	pp	PIK3CB
65 PTEN	pp	PIK3R1
66 RBPJ	pp	PTEN
67 SIRT1	pp	GSK3B
68 SIRT1	pp	PTEN
69 SMAD2	pp	CDC42
70 SMAD2	pp	ERBIN
71 SMAD2	pp	GSK3B
72 SMAD2	pp	PTEN
73 SMAD4	pp	APC
74 SMAD4	pp	ATM
75 SMAD4	pp	BCL2
76 SMAD4	pp	BMPR1A
77 SMAD4	pp	CDC42
78 SMAD4	pp	HIF1A
79 SMAD4	pp	MAPK1
80 SMAD4	pp	PTEN
81 SMAD4	pp	RBPJ
82 SMAD4	pp	SMAD2
83 TBL1XR1	pp	APC
84 TBL1XR1	pp	RBPJ
85 TCF7L2	pp	APC
86 TCF7L2	pp	CREB1
87 TCF7L2	pp	PTEN
88 TNKS	pp	APC
89 TNKS	pp	ATRX
90 TNKS	pp	PTEN
91 YAP1	pp	GSK3B
92 YAP1	pp	PTEN
93 ZEB1	pp	PTEN
94 ZEB1	pp	SMAD4
[0m
Done creating Petals.
petals are loaded
[1;32mAGE for [0;36mKRAS - PTEN[0m
[0;35minitial size for AGE: 0[0m
counterPetal1 88
counterPetal2 188
counterPetal1*counterPetal2 16544
(*AGE).size()=16544
[0m---- 
[1;33mAGE nodes: 16544[0m
Allocate AGEgraph :  16544 x 16544	273703936 bytes

[0 min 0 sec] Nodes are done in 

[0 min 12 sec] Edges are done in 
0th run results (0) [new minumum]:0.256599
0 2740 cost: 606
[0;36m		[A1. APC::A2. CDC42] ---  [B1. AGO1::B2. LRRK2}[0m
[0;36m		[A1. CDC42::A2. PTEN] ---  [B1. LRRK2::B2. APC}[0m
2740 5333 cost: 465
[0;36m		[A1. CDC42::A2. PTEN] ---  [B1. LRRK2::B2. APC}[0m
[0;36m		[A1. GSK3B::A2. BRAF] ---  [B1. GSK3B::B2. BRAF}[0m
5333 4762 cost: 100
[0;36m		[A1. GSK3B::A2. BRAF] ---  [B1. GSK3B::B2. BRAF}[0m
[0;36m		[A1. FBXW7::A2. GSK3B] ---  [B1. FBXW7::B2. GSK3B}[0m
4762 5717 cost: 100
[0;36m		[A1. FBXW7::A2. GSK3B] ---  [B1. FBXW7::B2. GSK3B}[0m
[0;36m		[A1. GSK3B::A2. HIF1A] ---  [B1. GSK3B::B2. HIF1A}[0m
4762 5907 cost: 100
[0;36m		[A1. FBXW7::A2. GSK3B] ---  [B1. FBXW7::B2. GSK3B}[0m
[0;36m		[A1. GSK3B::A2. MAPK1] ---  [B1. GSK3B::B2. MAPK1}[0m
4762 6284 cost: 100
[0;36m		[A1. FBXW7::A2. GSK3B] ---  [B1. FBXW7::B2. GSK3B}[0m
[0;36m		[A1. GSK3B::A2. MDM2] ---  [B1. GSK3B::B2. MDM2}[0m
5717 7232 cost: 100
[0;36m		[A1. GSK3B::A2. HIF1A] ---  [B1. GSK3B::B2. HIF1A}[0m
[0;36m		[A1. HIF1A::A2. KRAS] ---  [B1. HIF1A::B2. KRAS}[0m
5717 7423 cost: 100
[0;36m		[A1. GSK3B::A2. HIF1A] ---  [B1. GSK3B::B2. HIF1A}[0m
[0;36m		[A1. HIF1A::A2. SMAD4] ---  [B1. HIF1A::B2. SMAD4}[0m
7232 7619 cost: 100
[0;36m		[A1. HIF1A::A2. KRAS] ---  [B1. HIF1A::B2. KRAS}[0m
[0;36m		[A1. KRAS::A2. BCL2] ---  [B1. KRAS::B2. BCL2}[0m
7619 1526 cost: 100
[0;36m		[A1. KRAS::A2. BCL2] ---  [B1. KRAS::B2. BCL2}[0m
[0;36m		[A1. BCL2::A2. SMAD4] ---  [B1. BCL2::B2. SMAD4}[0m
7619 3248 cost: 100
[0;36m		[A1. KRAS::A2. BCL2] ---  [B1. KRAS::B2. BCL2}[0m
[0;36m		[A1. EGFR::A2. KRAS] ---  [B1. EGFR::B2. KRAS}[0m
3248 4192 cost: 100
[0;36m		[A1. EGFR::A2. KRAS] ---  [B1. EGFR::B2. KRAS}[0m
[0;36m		[A1. ERBIN::A2. EGFR] ---  [B1. ERBIN::B2. EGFR}[0m
5907 11580 cost: 100
[0;36m		[A1. GSK3B::A2. MAPK1] ---  [B1. GSK3B::B2. MAPK1}[0m
[0;36m		[A1. MAPK1::A2. SMAD4] ---  [B1. MAPK1::B2. SMAD4}[0m
4762 6098 cost: 150
[0;36m		[A1. FBXW7::A2. GSK3B] ---  [B1. FBXW7::B2. GSK3B}[0m
[0;36m		[A1. GSK3B::A2. MAPK14] ---  [B1. GSK3B::B2. PDPK1}[0m
4192 224 cost: 217
[0;36m		[A1. ERBIN::A2. EGFR] ---  [B1. ERBIN::B2. EGFR}[0m
[0;36m		[A1. APC::A2. ERBIN] ---  [B1. CDC42::B2. ERBIN}[0m
7619 3480 cost: 217
[0;36m		[A1. KRAS::A2. BCL2] ---  [B1. KRAS::B2. BCL2}[0m
[0;36m		[A1. EP300::A2. KRAS] ---  [B1. JAK2::B2. KRAS}[0m
4762 6462 cost: 217
[0;36m		[A1. FBXW7::A2. GSK3B] ---  [B1. FBXW7::B2. GSK3B}[0m
[0;36m		[A1. GSK3B::A2. PPP2CA] ---  [B1. GSK3B::B2. BTRC}[0m
4762 6648 cost: 217
[0;36m		[A1. FBXW7::A2. GSK3B] ---  [B1. FBXW7::B2. GSK3B}[0m
[0;36m		[A1. GSK3B::A2. PTEN] ---  [B1. GSK3B::B2. APC}[0m
4762 6849 cost: 217
[0;36m		[A1. FBXW7::A2. GSK3B] ---  [B1. FBXW7::B2. GSK3B}[0m
[0;36m		[A1. GSK3B::A2. TBK1] ---  [B1. GSK3B::B2. NFE2L2}[0m
7232 9128 cost: 217
[0;36m		[A1. HIF1A::A2. KRAS] ---  [B1. HIF1A::B2. KRAS}[0m
[0;36m		[A1. KRAS::A2. MAP2K1] ---  [B1. KRAS::B2. PIK3R1}[0m
7232 10062 cost: 217
[0;36m		[A1. HIF1A::A2. KRAS] ---  [B1. HIF1A::B2. KRAS}[0m
[0;36m		[A1. KRAS::A2. PTEN] ---  [B1. KRAS::B2. APC}[0m
7423 14081 cost: 217
[0;36m		[A1. HIF1A::A2. SMAD4] ---  [B1. HIF1A::B2. SMAD4}[0m
[0;36m		[A1. SMAD4::A2. APC] ---  [B1. SMAD4::B2. CDC42}[0m
7423 15205 cost: 217
[0;36m		[A1. HIF1A::A2. SMAD4] ---  [B1. HIF1A::B2. SMAD4}[0m
[0;36m		[A1. SMAD4::A2. PTEN] ---  [B1. SMAD4::B2. APC}[0m
4762 13550 cost: 434
[0;36m		[A1. FBXW7::A2. GSK3B] ---  [B1. FBXW7::B2. GSK3B}[0m
[0;36m		[A1. PTEN::A2. TCF7L2] ---  [B1. APC::B2. TCF7L2}[0m
4762 13739 cost: 434
[0;36m		[A1. FBXW7::A2. GSK3B] ---  [B1. FBXW7::B2. GSK3B}[0m
[0;36m		[A1. PTEN::A2. TNKS] ---  [B1. APC::B2. TNKS}[0m
7423 601 cost: 465
[0;36m		[A1. HIF1A::A2. SMAD4] ---  [B1. HIF1A::B2. SMAD4}[0m
[0;36m		[A1. APC::A2. LRP6] ---  [B1. CDC42::B2. ITGB1}[0m
601 10623 cost: 1000
[0;36m		[A1. APC::A2. LRP6] ---  [B1. CDC42::B2. ITGB1}[0m
[0;36m		[A1. LRP6::A2. ETV6] ---  [B1. ITGB1::B2. PTEN}[0m

Displayed tree score: 0.256599

1th run results (1) [new minumum]:0.552642
1 2292 cost: 526
[0;36m		[A1. APC::A2. CDC42] ---  [B1. AGO1::B2. PTEN}[0m
[0;36m		[A1. CDC42::A2. ERBIN] ---  [B1. CDC42::B2. ERBIN}[0m
2292 3814 cost: 100
[0;36m		[A1. CDC42::A2. ERBIN] ---  [B1. CDC42::B2. ERBIN}[0m
[0;36m		[A1. ERBIN::A2. APC] ---  [B1. ERBIN::B2. APC}[0m
3814 383 cost: 100
[0;36m		[A1. ERBIN::A2. APC] ---  [B1. ERBIN::B2. APC}[0m
[0;36m		[A1. APC::A2. GSK3B] ---  [B1. APC::B2. GSK3B}[0m
3814 574 cost: 100
[0;36m		[A1. ERBIN::A2. APC] ---  [B1. ERBIN::B2. APC}[0m
[0;36m		[A1. APC::A2. LRP6] ---  [B1. APC::B2. LRP6}[0m
3814 764 cost: 100
[0;36m		[A1. ERBIN::A2. APC] ---  [B1. ERBIN::B2. APC}[0m
[0;36m		[A1. APC::A2. SMAD4] ---  [B1. APC::B2. SMAD4}[0m
3814 954 cost: 100
[0;36m		[A1. ERBIN::A2. APC] ---  [B1. ERBIN::B2. APC}[0m
[0;36m		[A1. APC::A2. TCF7L2] ---  [B1. APC::B2. TCF7L2}[0m
3814 1143 cost: 100
[0;36m		[A1. ERBIN::A2. APC] ---  [B1. ERBIN::B2. APC}[0m
[0;36m		[A1. APC::A2. TNKS] ---  [B1. APC::B2. TNKS}[0m
3814 3058 cost: 100
[0;36m		[A1. ERBIN::A2. APC] ---  [B1. ERBIN::B2. APC}[0m
[0;36m		[A1. EGFR::A2. ERBIN] ---  [B1. EGFR::B2. ERBIN}[0m
383 5333 cost: 100
[0;36m		[A1. APC::A2. GSK3B] ---  [B1. APC::B2. GSK3B}[0m
[0;36m		[A1. GSK3B::A2. BRAF] ---  [B1. GSK3B::B2. BRAF}[0m
5333 4762 cost: 100
[0;36m		[A1. GSK3B::A2. BRAF] ---  [B1. GSK3B::B2. BRAF}[0m
[0;36m		[A1. FBXW7::A2. GSK3B] ---  [B1. FBXW7::B2. GSK3B}[0m
383 5717 cost: 100
[0;36m		[A1. APC::A2. GSK3B] ---  [B1. APC::B2. GSK3B}[0m
[0;36m		[A1. GSK3B::A2. HIF1A] ---  [B1. GSK3B::B2. HIF1A}[0m
383 5907 cost: 100
[0;36m		[A1. APC::A2. GSK3B] ---  [B1. APC::B2. GSK3B}[0m
[0;36m		[A1. GSK3B::A2. MAPK1] ---  [B1. GSK3B::B2. MAPK1}[0m
383 6284 cost: 100
[0;36m		[A1. APC::A2. GSK3B] ---  [B1. APC::B2. GSK3B}[0m
[0;36m		[A1. GSK3B::A2. MDM2] ---  [B1. GSK3B::B2. MDM2}[0m
383 6663 cost: 100
[0;36m		[A1. APC::A2. GSK3B] ---  [B1. APC::B2. GSK3B}[0m
[0;36m		[A1. GSK3B::A2. PTEN] ---  [B1. GSK3B::B2. PTEN}[0m
5717 7232 cost: 100
[0;36m		[A1. GSK3B::A2. HIF1A] ---  [B1. GSK3B::B2. HIF1A}[0m
[0;36m		[A1. HIF1A::A2. KRAS] ---  [B1. HIF1A::B2. KRAS}[0m
5717 7423 cost: 100
[0;36m		[A1. GSK3B::A2. HIF1A] ---  [B1. GSK3B::B2. HIF1A}[0m
[0;36m		[A1. HIF1A::A2. SMAD4] ---  [B1. HIF1A::B2. SMAD4}[0m
7232 7619 cost: 100
[0;36m		[A1. HIF1A::A2. KRAS] ---  [B1. HIF1A::B2. KRAS}[0m
[0;36m		[A1. KRAS::A2. BCL2] ---  [B1. KRAS::B2. BCL2}[0m
7619 1526 cost: 100
[0;36m		[A1. KRAS::A2. BCL2] ---  [B1. KRAS::B2. BCL2}[0m
[0;36m		[A1. BCL2::A2. SMAD4] ---  [B1. BCL2::B2. SMAD4}[0m
7619 2482 cost: 100
[0;36m		[A1. KRAS::A2. BCL2] ---  [B1. KRAS::B2. BCL2}[0m
[0;36m		[A1. CDC42::A2. KRAS] ---  [B1. CDC42::B2. KRAS}[0m
7619 3248 cost: 100
[0;36m		[A1. KRAS::A2. BCL2] ---  [B1. KRAS::B2. BCL2}[0m
[0;36m		[A1. EGFR::A2. KRAS] ---  [B1. EGFR::B2. KRAS}[0m
5907 11580 cost: 100
[0;36m		[A1. GSK3B::A2. MAPK1] ---  [B1. GSK3B::B2. MAPK1}[0m
[0;36m		[A1. MAPK1::A2. SMAD4] ---  [B1. MAPK1::B2. SMAD4}[0m
2292 12913 cost: 100
[0;36m		[A1. CDC42::A2. ERBIN] ---  [B1. CDC42::B2. ERBIN}[0m
[0;36m		[A1. PTEN::A2. CDC42] ---  [B1. PTEN::B2. CDC42}[0m
12913 2862 cost: 100
[0;36m		[A1. PTEN::A2. CDC42] ---  [B1. PTEN::B2. CDC42}[0m
[0;36m		[A1. CDC42::A2. SMAD4] ---  [B1. CDC42::B2. SMAD4}[0m
6663 13498 cost: 100
[0;36m		[A1. GSK3B::A2. PTEN] ---  [B1. GSK3B::B2. PTEN}[0m
[0;36m		[A1. PTEN::A2. SMAD4] ---  [B1. PTEN::B2. SMAD4}[0m
6663 13687 cost: 100
[0;36m		[A1. GSK3B::A2. PTEN] ---  [B1. GSK3B::B2. PTEN}[0m
[0;36m		[A1. PTEN::A2. TCF7L2] ---  [B1. PTEN::B2. TCF7L2}[0m
6663 13876 cost: 100
[0;36m		[A1. GSK3B::A2. PTEN] ---  [B1. GSK3B::B2. PTEN}[0m
[0;36m		[A1. PTEN::A2. TNKS] ---  [B1. PTEN::B2. TNKS}[0m
383 6098 cost: 150
[0;36m		[A1. APC::A2. GSK3B] ---  [B1. APC::B2. GSK3B}[0m
[0;36m		[A1. GSK3B::A2. MAPK14] ---  [B1. GSK3B::B2. PDPK1}[0m
7619 3480 cost: 217
[0;36m		[A1. KRAS::A2. BCL2] ---  [B1. KRAS::B2. BCL2}[0m
[0;36m		[A1. EP300::A2. KRAS] ---  [B1. JAK2::B2. KRAS}[0m
383 6462 cost: 217
[0;36m		[A1. APC::A2. GSK3B] ---  [B1. APC::B2. GSK3B}[0m
[0;36m		[A1. GSK3B::A2. PPP2CA] ---  [B1. GSK3B::B2. BTRC}[0m
383 6849 cost: 217
[0;36m		[A1. APC::A2. GSK3B] ---  [B1. APC::B2. GSK3B}[0m
[0;36m		[A1. GSK3B::A2. TBK1] ---  [B1. GSK3B::B2. NFE2L2}[0m
7232 9128 cost: 217
[0;36m		[A1. HIF1A::A2. KRAS] ---  [B1. HIF1A::B2. KRAS}[0m
[0;36m		[A1. KRAS::A2. MAP2K1] ---  [B1. KRAS::B2. PIK3R1}[0m

Displayed tree score: 0.552642

2th run results (2) [new minumum]:0.58276
2 3814 cost: 317
[0;36m		[A1. APC::A2. CDC42] ---  [B1. APC::B2. BTRC}[0m
[0;36m		[A1. ERBIN::A2. APC] ---  [B1. ERBIN::B2. APC}[0m
3814 383 cost: 100
[0;36m		[A1. ERBIN::A2. APC] ---  [B1. ERBIN::B2. APC}[0m
[0;36m		[A1. APC::A2. GSK3B] ---  [B1. APC::B2. GSK3B}[0m
3814 574 cost: 100
[0;36m		[A1. ERBIN::A2. APC] ---  [B1. ERBIN::B2. APC}[0m
[0;36m		[A1. APC::A2. LRP6] ---  [B1. APC::B2. LRP6}[0m
3814 764 cost: 100
[0;36m		[A1. ERBIN::A2. APC] ---  [B1. ERBIN::B2. APC}[0m
[0;36m		[A1. APC::A2. SMAD4] ---  [B1. APC::B2. SMAD4}[0m
3814 954 cost: 100
[0;36m		[A1. ERBIN::A2. APC] ---  [B1. ERBIN::B2. APC}[0m
[0;36m		[A1. APC::A2. TCF7L2] ---  [B1. APC::B2. TCF7L2}[0m
3814 1143 cost: 100
[0;36m		[A1. ERBIN::A2. APC] ---  [B1. ERBIN::B2. APC}[0m
[0;36m		[A1. APC::A2. TNKS] ---  [B1. APC::B2. TNKS}[0m
3814 2292 cost: 100
[0;36m		[A1. ERBIN::A2. APC] ---  [B1. ERBIN::B2. APC}[0m
[0;36m		[A1. CDC42::A2. ERBIN] ---  [B1. CDC42::B2. ERBIN}[0m
3814 3058 cost: 100
[0;36m		[A1. ERBIN::A2. APC] ---  [B1. ERBIN::B2. APC}[0m
[0;36m		[A1. EGFR::A2. ERBIN] ---  [B1. EGFR::B2. ERBIN}[0m
383 5333 cost: 100
[0;36m		[A1. APC::A2. GSK3B] ---  [B1. APC::B2. GSK3B}[0m
[0;36m		[A1. GSK3B::A2. BRAF] ---  [B1. GSK3B::B2. BRAF}[0m
5333 4762 cost: 100
[0;36m		[A1. GSK3B::A2. BRAF] ---  [B1. GSK3B::B2. BRAF}[0m
[0;36m		[A1. FBXW7::A2. GSK3B] ---  [B1. FBXW7::B2. GSK3B}[0m
383 5717 cost: 100
[0;36m		[A1. APC::A2. GSK3B] ---  [B1. APC::B2. GSK3B}[0m
[0;36m		[A1. GSK3B::A2. HIF1A] ---  [B1. GSK3B::B2. HIF1A}[0m
383 5907 cost: 100
[0;36m		[A1. APC::A2. GSK3B] ---  [B1. APC::B2. GSK3B}[0m
[0;36m		[A1. GSK3B::A2. MAPK1] ---  [B1. GSK3B::B2. MAPK1}[0m
383 6284 cost: 100
[0;36m		[A1. APC::A2. GSK3B] ---  [B1. APC::B2. GSK3B}[0m
[0;36m		[A1. GSK3B::A2. MDM2] ---  [B1. GSK3B::B2. MDM2}[0m
383 6663 cost: 100
[0;36m		[A1. APC::A2. GSK3B] ---  [B1. APC::B2. GSK3B}[0m
[0;36m		[A1. GSK3B::A2. PTEN] ---  [B1. GSK3B::B2. PTEN}[0m
5717 7232 cost: 100
[0;36m		[A1. GSK3B::A2. HIF1A] ---  [B1. GSK3B::B2. HIF1A}[0m
[0;36m		[A1. HIF1A::A2. KRAS] ---  [B1. HIF1A::B2. KRAS}[0m
5717 7423 cost: 100
[0;36m		[A1. GSK3B::A2. HIF1A] ---  [B1. GSK3B::B2. HIF1A}[0m
[0;36m		[A1. HIF1A::A2. SMAD4] ---  [B1. HIF1A::B2. SMAD4}[0m
7232 7619 cost: 100
[0;36m		[A1. HIF1A::A2. KRAS] ---  [B1. HIF1A::B2. KRAS}[0m
[0;36m		[A1. KRAS::A2. BCL2] ---  [B1. KRAS::B2. BCL2}[0m
7619 1526 cost: 100
[0;36m		[A1. KRAS::A2. BCL2] ---  [B1. KRAS::B2. BCL2}[0m
[0;36m		[A1. BCL2::A2. SMAD4] ---  [B1. BCL2::B2. SMAD4}[0m
7619 2482 cost: 100
[0;36m		[A1. KRAS::A2. BCL2] ---  [B1. KRAS::B2. BCL2}[0m
[0;36m		[A1. CDC42::A2. KRAS] ---  [B1. CDC42::B2. KRAS}[0m
7619 3248 cost: 100
[0;36m		[A1. KRAS::A2. BCL2] ---  [B1. KRAS::B2. BCL2}[0m
[0;36m		[A1. EGFR::A2. KRAS] ---  [B1. EGFR::B2. KRAS}[0m
5907 11580 cost: 100
[0;36m		[A1. GSK3B::A2. MAPK1] ---  [B1. GSK3B::B2. MAPK1}[0m
[0;36m		[A1. MAPK1::A2. SMAD4] ---  [B1. MAPK1::B2. SMAD4}[0m
2292 12913 cost: 100
[0;36m		[A1. CDC42::A2. ERBIN] ---  [B1. CDC42::B2. ERBIN}[0m
[0;36m		[A1. PTEN::A2. CDC42] ---  [B1. PTEN::B2. CDC42}[0m
12913 2862 cost: 100
[0;36m		[A1. PTEN::A2. CDC42] ---  [B1. PTEN::B2. CDC42}[0m
[0;36m		[A1. CDC42::A2. SMAD4] ---  [B1. CDC42::B2. SMAD4}[0m
6663 13498 cost: 100
[0;36m		[A1. GSK3B::A2. PTEN] ---  [B1. GSK3B::B2. PTEN}[0m
[0;36m		[A1. PTEN::A2. SMAD4] ---  [B1. PTEN::B2. SMAD4}[0m
6663 13687 cost: 100
[0;36m		[A1. GSK3B::A2. PTEN] ---  [B1. GSK3B::B2. PTEN}[0m
[0;36m		[A1. PTEN::A2. TCF7L2] ---  [B1. PTEN::B2. TCF7L2}[0m
6663 13876 cost: 100
[0;36m		[A1. GSK3B::A2. PTEN] ---  [B1. GSK3B::B2. PTEN}[0m
[0;36m		[A1. PTEN::A2. TNKS] ---  [B1. PTEN::B2. TNKS}[0m
383 6098 cost: 150
[0;36m		[A1. APC::A2. GSK3B] ---  [B1. APC::B2. GSK3B}[0m
[0;36m		[A1. GSK3B::A2. MAPK14] ---  [B1. GSK3B::B2. PDPK1}[0m
7619 3480 cost: 217
[0;36m		[A1. KRAS::A2. BCL2] ---  [B1. KRAS::B2. BCL2}[0m
[0;36m		[A1. EP300::A2. KRAS] ---  [B1. JAK2::B2. KRAS}[0m
383 6462 cost: 217
[0;36m		[A1. APC::A2. GSK3B] ---  [B1. APC::B2. GSK3B}[0m
[0;36m		[A1. GSK3B::A2. PPP2CA] ---  [B1. GSK3B::B2. BTRC}[0m
383 6849 cost: 217
[0;36m		[A1. APC::A2. GSK3B] ---  [B1. APC::B2. GSK3B}[0m
[0;36m		[A1. GSK3B::A2. TBK1] ---  [B1. GSK3B::B2. NFE2L2}[0m
7232 9128 cost: 217
[0;36m		[A1. HIF1A::A2. KRAS] ---  [B1. HIF1A::B2. KRAS}[0m
[0;36m		[A1. KRAS::A2. MAP2K1] ---  [B1. KRAS::B2. PIK3R1}[0m

Displayed tree score: 0.58276

4th run results (3) [new minumum]:0.617712
4 2292 cost: 100
[0;36m		[A1. APC::A2. CDC42] ---  [B1. APC::B2. CDC42}[0m
[0;36m		[A1. CDC42::A2. ERBIN] ---  [B1. CDC42::B2. ERBIN}[0m
4 2482 cost: 100
[0;36m		[A1. APC::A2. CDC42] ---  [B1. APC::B2. CDC42}[0m
[0;36m		[A1. CDC42::A2. KRAS] ---  [B1. CDC42::B2. KRAS}[0m
4 2672 cost: 100
[0;36m		[A1. APC::A2. CDC42] ---  [B1. APC::B2. CDC42}[0m
[0;36m		[A1. CDC42::A2. PTEN] ---  [B1. CDC42::B2. PTEN}[0m
4 2862 cost: 100
[0;36m		[A1. APC::A2. CDC42] ---  [B1. APC::B2. CDC42}[0m
[0;36m		[A1. CDC42::A2. SMAD4] ---  [B1. CDC42::B2. SMAD4}[0m
4 3814 cost: 100
[0;36m		[A1. APC::A2. CDC42] ---  [B1. APC::B2. CDC42}[0m
[0;36m		[A1. ERBIN::A2. APC] ---  [B1. ERBIN::B2. APC}[0m
3814 383 cost: 100
[0;36m		[A1. ERBIN::A2. APC] ---  [B1. ERBIN::B2. APC}[0m
[0;36m		[A1. APC::A2. GSK3B] ---  [B1. APC::B2. GSK3B}[0m
3814 574 cost: 100
[0;36m		[A1. ERBIN::A2. APC] ---  [B1. ERBIN::B2. APC}[0m
[0;36m		[A1. APC::A2. LRP6] ---  [B1. APC::B2. LRP6}[0m
3814 764 cost: 100
[0;36m		[A1. ERBIN::A2. APC] ---  [B1. ERBIN::B2. APC}[0m
[0;36m		[A1. APC::A2. SMAD4] ---  [B1. APC::B2. SMAD4}[0m
3814 954 cost: 100
[0;36m		[A1. ERBIN::A2. APC] ---  [B1. ERBIN::B2. APC}[0m
[0;36m		[A1. APC::A2. TCF7L2] ---  [B1. APC::B2. TCF7L2}[0m
3814 1143 cost: 100
[0;36m		[A1. ERBIN::A2. APC] ---  [B1. ERBIN::B2. APC}[0m
[0;36m		[A1. APC::A2. TNKS] ---  [B1. APC::B2. TNKS}[0m
3814 3058 cost: 100
[0;36m		[A1. ERBIN::A2. APC] ---  [B1. ERBIN::B2. APC}[0m
[0;36m		[A1. EGFR::A2. ERBIN] ---  [B1. EGFR::B2. ERBIN}[0m
383 5333 cost: 100
[0;36m		[A1. APC::A2. GSK3B] ---  [B1. APC::B2. GSK3B}[0m
[0;36m		[A1. GSK3B::A2. BRAF] ---  [B1. GSK3B::B2. BRAF}[0m
5333 4762 cost: 100
[0;36m		[A1. GSK3B::A2. BRAF] ---  [B1. GSK3B::B2. BRAF}[0m
[0;36m		[A1. FBXW7::A2. GSK3B] ---  [B1. FBXW7::B2. GSK3B}[0m
383 5717 cost: 100
[0;36m		[A1. APC::A2. GSK3B] ---  [B1. APC::B2. GSK3B}[0m
[0;36m		[A1. GSK3B::A2. HIF1A] ---  [B1. GSK3B::B2. HIF1A}[0m
383 5907 cost: 100
[0;36m		[A1. APC::A2. GSK3B] ---  [B1. APC::B2. GSK3B}[0m
[0;36m		[A1. GSK3B::A2. MAPK1] ---  [B1. GSK3B::B2. MAPK1}[0m
383 6284 cost: 100
[0;36m		[A1. APC::A2. GSK3B] ---  [B1. APC::B2. GSK3B}[0m
[0;36m		[A1. GSK3B::A2. MDM2] ---  [B1. GSK3B::B2. MDM2}[0m
383 6663 cost: 100
[0;36m		[A1. APC::A2. GSK3B] ---  [B1. APC::B2. GSK3B}[0m
[0;36m		[A1. GSK3B::A2. PTEN] ---  [B1. GSK3B::B2. PTEN}[0m
5717 7232 cost: 100
[0;36m		[A1. GSK3B::A2. HIF1A] ---  [B1. GSK3B::B2. HIF1A}[0m
[0;36m		[A1. HIF1A::A2. KRAS] ---  [B1. HIF1A::B2. KRAS}[0m
5717 7423 cost: 100
[0;36m		[A1. GSK3B::A2. HIF1A] ---  [B1. GSK3B::B2. HIF1A}[0m
[0;36m		[A1. HIF1A::A2. SMAD4] ---  [B1. HIF1A::B2. SMAD4}[0m
2482 7619 cost: 100
[0;36m		[A1. CDC42::A2. KRAS] ---  [B1. CDC42::B2. KRAS}[0m
[0;36m		[A1. KRAS::A2. BCL2] ---  [B1. KRAS::B2. BCL2}[0m
7619 1526 cost: 100
[0;36m		[A1. KRAS::A2. BCL2] ---  [B1. KRAS::B2. BCL2}[0m
[0;36m		[A1. BCL2::A2. SMAD4] ---  [B1. BCL2::B2. SMAD4}[0m
7619 3248 cost: 100
[0;36m		[A1. KRAS::A2. BCL2] ---  [B1. KRAS::B2. BCL2}[0m
[0;36m		[A1. EGFR::A2. KRAS] ---  [B1. EGFR::B2. KRAS}[0m
5907 11580 cost: 100
[0;36m		[A1. GSK3B::A2. MAPK1] ---  [B1. GSK3B::B2. MAPK1}[0m
[0;36m		[A1. MAPK1::A2. SMAD4] ---  [B1. MAPK1::B2. SMAD4}[0m
2672 13498 cost: 100
[0;36m		[A1. CDC42::A2. PTEN] ---  [B1. CDC42::B2. PTEN}[0m
[0;36m		[A1. PTEN::A2. SMAD4] ---  [B1. PTEN::B2. SMAD4}[0m
2672 13687 cost: 100
[0;36m		[A1. CDC42::A2. PTEN] ---  [B1. CDC42::B2. PTEN}[0m
[0;36m		[A1. PTEN::A2. TCF7L2] ---  [B1. PTEN::B2. TCF7L2}[0m
2672 13876 cost: 100
[0;36m		[A1. CDC42::A2. PTEN] ---  [B1. CDC42::B2. PTEN}[0m
[0;36m		[A1. PTEN::A2. TNKS] ---  [B1. PTEN::B2. TNKS}[0m
383 6098 cost: 150
[0;36m		[A1. APC::A2. GSK3B] ---  [B1. APC::B2. GSK3B}[0m
[0;36m		[A1. GSK3B::A2. MAPK14] ---  [B1. GSK3B::B2. PDPK1}[0m
7619 3480 cost: 217
[0;36m		[A1. KRAS::A2. BCL2] ---  [B1. KRAS::B2. BCL2}[0m
[0;36m		[A1. EP300::A2. KRAS] ---  [B1. JAK2::B2. KRAS}[0m
383 6462 cost: 217
[0;36m		[A1. APC::A2. GSK3B] ---  [B1. APC::B2. GSK3B}[0m
[0;36m		[A1. GSK3B::A2. PPP2CA] ---  [B1. GSK3B::B2. BTRC}[0m
383 6849 cost: 217
[0;36m		[A1. APC::A2. GSK3B] ---  [B1. APC::B2. GSK3B}[0m
[0;36m		[A1. GSK3B::A2. TBK1] ---  [B1. GSK3B::B2. NFE2L2}[0m
2482 9128 cost: 217
[0;36m		[A1. CDC42::A2. KRAS] ---  [B1. CDC42::B2. KRAS}[0m
[0;36m		[A1. KRAS::A2. MAP2K1] ---  [B1. KRAS::B2. PIK3R1}[0m

Displayed tree score: 0.617712

1718th run results (4) [new minumum]:0.62471
1718 5144 cost: 100
[0;36m		[A1. BRAF::A2. GSK3B] ---  [B1. BRAF::B2. GSK3B}[0m
[0;36m		[A1. GSK3B::A2. APC] ---  [B1. GSK3B::B2. APC}[0m
5144 4 cost: 100
[0;36m		[A1. GSK3B::A2. APC] ---  [B1. GSK3B::B2. APC}[0m
[0;36m		[A1. APC::A2. CDC42] ---  [B1. APC::B2. CDC42}[0m
5144 193 cost: 100
[0;36m		[A1. GSK3B::A2. APC] ---  [B1. GSK3B::B2. APC}[0m
[0;36m		[A1. APC::A2. ERBIN] ---  [B1. APC::B2. ERBIN}[0m
5144 574 cost: 100
[0;36m		[A1. GSK3B::A2. APC] ---  [B1. GSK3B::B2. APC}[0m
[0;36m		[A1. APC::A2. LRP6] ---  [B1. APC::B2. LRP6}[0m
5144 764 cost: 100
[0;36m		[A1. GSK3B::A2. APC] ---  [B1. GSK3B::B2. APC}[0m
[0;36m		[A1. APC::A2. SMAD4] ---  [B1. APC::B2. SMAD4}[0m
5144 954 cost: 100
[0;36m		[A1. GSK3B::A2. APC] ---  [B1. GSK3B::B2. APC}[0m
[0;36m		[A1. APC::A2. TCF7L2] ---  [B1. APC::B2. TCF7L2}[0m
5144 1143 cost: 100
[0;36m		[A1. GSK3B::A2. APC] ---  [B1. GSK3B::B2. APC}[0m
[0;36m		[A1. APC::A2. TNKS] ---  [B1. APC::B2. TNKS}[0m
4 2292 cost: 100
[0;36m		[A1. APC::A2. CDC42] ---  [B1. APC::B2. CDC42}[0m
[0;36m		[A1. CDC42::A2. ERBIN] ---  [B1. CDC42::B2. ERBIN}[0m
4 2482 cost: 100
[0;36m		[A1. APC::A2. CDC42] ---  [B1. APC::B2. CDC42}[0m
[0;36m		[A1. CDC42::A2. KRAS] ---  [B1. CDC42::B2. KRAS}[0m
4 2672 cost: 100
[0;36m		[A1. APC::A2. CDC42] ---  [B1. APC::B2. CDC42}[0m
[0;36m		[A1. CDC42::A2. PTEN] ---  [B1. CDC42::B2. PTEN}[0m
4 2862 cost: 100
[0;36m		[A1. APC::A2. CDC42] ---  [B1. APC::B2. CDC42}[0m
[0;36m		[A1. CDC42::A2. SMAD4] ---  [B1. CDC42::B2. SMAD4}[0m
193 4192 cost: 100
[0;36m		[A1. APC::A2. ERBIN] ---  [B1. APC::B2. ERBIN}[0m
[0;36m		[A1. ERBIN::A2. EGFR] ---  [B1. ERBIN::B2. EGFR}[0m
4192 3248 cost: 100
[0;36m		[A1. ERBIN::A2. EGFR] ---  [B1. ERBIN::B2. EGFR}[0m
[0;36m		[A1. EGFR::A2. KRAS] ---  [B1. EGFR::B2. KRAS}[0m
5144 4762 cost: 100
[0;36m		[A1. GSK3B::A2. APC] ---  [B1. GSK3B::B2. APC}[0m
[0;36m		[A1. FBXW7::A2. GSK3B] ---  [B1. FBXW7::B2. GSK3B}[0m
1718 5717 cost: 100
[0;36m		[A1. BRAF::A2. GSK3B] ---  [B1. BRAF::B2. GSK3B}[0m
[0;36m		[A1. GSK3B::A2. HIF1A] ---  [B1. GSK3B::B2. HIF1A}[0m
1718 5907 cost: 100
[0;36m		[A1. BRAF::A2. GSK3B] ---  [B1. BRAF::B2. GSK3B}[0m
[0;36m		[A1. GSK3B::A2. MAPK1] ---  [B1. GSK3B::B2. MAPK1}[0m
1718 6284 cost: 100
[0;36m		[A1. BRAF::A2. GSK3B] ---  [B1. BRAF::B2. GSK3B}[0m
[0;36m		[A1. GSK3B::A2. MDM2] ---  [B1. GSK3B::B2. MDM2}[0m
1718 6663 cost: 100
[0;36m		[A1. BRAF::A2. GSK3B] ---  [B1. BRAF::B2. GSK3B}[0m
[0;36m		[A1. GSK3B::A2. PTEN] ---  [B1. GSK3B::B2. PTEN}[0m
5717 7232 cost: 100
[0;36m		[A1. GSK3B::A2. HIF1A] ---  [B1. GSK3B::B2. HIF1A}[0m
[0;36m		[A1. HIF1A::A2. KRAS] ---  [B1. HIF1A::B2. KRAS}[0m
5717 7423 cost: 100
[0;36m		[A1. GSK3B::A2. HIF1A] ---  [B1. GSK3B::B2. HIF1A}[0m
[0;36m		[A1. HIF1A::A2. SMAD4] ---  [B1. HIF1A::B2. SMAD4}[0m
2482 7619 cost: 100
[0;36m		[A1. CDC42::A2. KRAS] ---  [B1. CDC42::B2. KRAS}[0m
[0;36m		[A1. KRAS::A2. BCL2] ---  [B1. KRAS::B2. BCL2}[0m
7619 1526 cost: 100
[0;36m		[A1. KRAS::A2. BCL2] ---  [B1. KRAS::B2. BCL2}[0m
[0;36m		[A1. BCL2::A2. SMAD4] ---  [B1. BCL2::B2. SMAD4}[0m
5907 11580 cost: 100
[0;36m		[A1. GSK3B::A2. MAPK1] ---  [B1. GSK3B::B2. MAPK1}[0m
[0;36m		[A1. MAPK1::A2. SMAD4] ---  [B1. MAPK1::B2. SMAD4}[0m
2672 13498 cost: 100
[0;36m		[A1. CDC42::A2. PTEN] ---  [B1. CDC42::B2. PTEN}[0m
[0;36m		[A1. PTEN::A2. SMAD4] ---  [B1. PTEN::B2. SMAD4}[0m
2672 13687 cost: 100
[0;36m		[A1. CDC42::A2. PTEN] ---  [B1. CDC42::B2. PTEN}[0m
[0;36m		[A1. PTEN::A2. TCF7L2] ---  [B1. PTEN::B2. TCF7L2}[0m
2672 13876 cost: 100
[0;36m		[A1. CDC42::A2. PTEN] ---  [B1. CDC42::B2. PTEN}[0m
[0;36m		[A1. PTEN::A2. TNKS] ---  [B1. PTEN::B2. TNKS}[0m
1718 6098 cost: 150
[0;36m		[A1. BRAF::A2. GSK3B] ---  [B1. BRAF::B2. GSK3B}[0m
[0;36m		[A1. GSK3B::A2. MAPK14] ---  [B1. GSK3B::B2. PDPK1}[0m
7619 1976 cost: 194
[0;36m		[A1. KRAS::A2. BCL2] ---  [B1. KRAS::B2. BCL2}[0m
[0;36m		[A1. BRAF::A2. KRAS] ---  [B1. JAK2::B2. KRAS}[0m
7619 3505 cost: 217
[0;36m		[A1. KRAS::A2. BCL2] ---  [B1. KRAS::B2. BCL2}[0m
[0;36m		[A1. EP300::A2. KRAS] ---  [B1. PIK3R1::B2. KRAS}[0m
1718 6462 cost: 217
[0;36m		[A1. BRAF::A2. GSK3B] ---  [B1. BRAF::B2. GSK3B}[0m
[0;36m		[A1. GSK3B::A2. PPP2CA] ---  [B1. GSK3B::B2. BTRC}[0m
1718 6849 cost: 217
[0;36m		[A1. BRAF::A2. GSK3B] ---  [B1. BRAF::B2. GSK3B}[0m
[0;36m		[A1. GSK3B::A2. TBK1] ---  [B1. GSK3B::B2. NFE2L2}[0m
764 14830 cost: 217
[0;36m		[A1. APC::A2. SMAD4] ---  [B1. APC::B2. SMAD4}[0m
[0;36m		[A1. SMAD4::A2. MAP2K1] ---  [B1. SMAD4::B2. ATM}[0m

Displayed tree score: 0.62471

Petal1:44	Petal2:94	treecost: 3812	 tree size:32
$RESULT$	KRAS	PTEN	norm_score:	0.62471
[0m
[1 min 4 sec] All done in 
