COMMAND: /Users/gurkan/Box/Research/INSPIRE/inspire-replication/src/INSPIRE /Users/gurkan/Box/Research/INSPIRE/inspire-replication/database/inspire.sqlite KRAS RUNX1T1 inspire_legacy_v1

GO normalization for inspire_legacy_v1: 14.1026
GO normalization in use: 14.1026
Loaded 5995 GO pair scores for inspire_legacy_v1
Create two petals
Begin PETAL setup
new petal KRAS (23)
# 44 interactions in KRAS
Done adding UniProt and Pfam annotations for KRAS.
new petal RUNX1T1 (4)
# 3 interactions in RUNX1T1
Done adding UniProt and Pfam annotations for RUNX1T1.
Petal Sizes: 23, 4
[1;32mPetal Name: [1;33mKRAS
[1;32mPetal Size: [1;33m23[0;31m
APC
BCL2
BRAF
CDC42
EGFR
EP300
ERBIN
ETV6
FBXW7
GSK3B
HIF1A
KRAS
LRP6
MAP2K1
MAPK1
MAPK14
MDM2
PPP2CA
PTEN
SMAD4
TBK1
TCF7L2
TNKS
[0m---- 
[1;36mPetal Interactions[0;32m
1 CDC42	pp	APC
2 ERBIN	pp	APC
3 ERBIN	pp	CDC42
4 ERBIN	pp	EGFR
5 GSK3B	pp	APC
6 GSK3B	pp	BRAF
7 GSK3B	pp	FBXW7
8 HIF1A	pp	GSK3B
9 KRAS	pp	BCL2
10 KRAS	pp	BRAF
11 KRAS	pp	CDC42
12 KRAS	pp	EGFR
13 KRAS	pp	EP300
14 KRAS	pp	ETV6
15 KRAS	pp	FBXW7
16 KRAS	pp	HIF1A
17 LRP6	pp	APC
18 LRP6	pp	ETV6
19 MAP2K1	pp	KRAS
20 MAPK1	pp	GSK3B
21 MAPK1	pp	KRAS
22 MAPK14	pp	GSK3B
23 MAPK14	pp	KRAS
24 MDM2	pp	GSK3B
25 MDM2	pp	KRAS
26 PPP2CA	pp	GSK3B
27 PPP2CA	pp	KRAS
28 PTEN	pp	CDC42
29 PTEN	pp	GSK3B
30 PTEN	pp	KRAS
31 SMAD4	pp	APC
32 SMAD4	pp	BCL2
33 SMAD4	pp	CDC42
34 SMAD4	pp	HIF1A
35 SMAD4	pp	MAP2K1
36 SMAD4	pp	MAPK1
37 SMAD4	pp	PTEN
38 TBK1	pp	GSK3B
39 TBK1	pp	KRAS
40 TCF7L2	pp	APC
41 TCF7L2	pp	EP300
42 TCF7L2	pp	PTEN
43 TNKS	pp	APC
44 TNKS	pp	PTEN
[0m
[1;32mPetal Name: [1;33mRUNX1T1
[1;32mPetal Size: [1;33m4[0;31m
APC
RUNX1T1
SMAD4
SP1
[0m---- 
[1;36mPetal Interactions[0;32m
1 SMAD4	pp	APC
2 SP1	pp	RUNX1T1
3 SP1	pp	SMAD4
[0m
Done creating Petals.
petals are loaded
[1;32mAGE for [0;36mKRAS - RUNX1T1[0m
[0;35minitial size for AGE: 0[0m
counterPetal1 88
counterPetal2 6
counterPetal1*counterPetal2 528
(*AGE).size()=528
[0m---- 
[1;33mAGE nodes: 528[0m
Allocate AGEgraph :  528 x 528	278784 bytes

[0 min 0 sec] Nodes are done in 

[0 min 0 sec] Edges are done in 
0th run results (0) [new minumum]:0.10005
0 93 cost: 571
[0;36m		[A1. APC::A2. CDC42] ---  [B1. APC::B2. SMAD4}[0m
[0;36m		[A1. CDC42::A2. SMAD4] ---  [B1. SMAD4::B2. SP1}[0m
93 484 cost: 1428
[0;36m		[A1. CDC42::A2. SMAD4] ---  [B1. SMAD4::B2. SP1}[0m
[0;36m		[A1. SMAD4::A2. PTEN] ---  [B1. SP1::B2. RUNX1T1}[0m

Displayed tree score: 0.10005

2th run results (1) [new minumum]:0.11554
2 167 cost: 555
[0;36m		[A1. APC::A2. CDC42] ---  [B1. SMAD4::B2. APC}[0m
[0;36m		[A1. GSK3B::A2. APC] ---  [B1. SP1::B2. SMAD4}[0m
167 397 cost: 1176
[0;36m		[A1. GSK3B::A2. APC] ---  [B1. SP1::B2. SMAD4}[0m
[0;36m		[A1. PPP2CA::A2. GSK3B] ---  [B1. RUNX1T1::B2. SP1}[0m

Displayed tree score: 0.11554

3th run results (2) [new minumum]:0.125628
3 162 cost: 540
[0;36m		[A1. APC::A2. CDC42] ---  [B1. SMAD4::B2. SP1}[0m
[0;36m		[A1. GSK3B::A2. APC] ---  [B1. APC::B2. SMAD4}[0m
3 94 cost: 1052
[0;36m		[A1. APC::A2. CDC42] ---  [B1. SMAD4::B2. SP1}[0m
[0;36m		[A1. CDC42::A2. SMAD4] ---  [B1. SP1::B2. RUNX1T1}[0m

Displayed tree score: 0.125628

5th run results (3) [new minumum]:0.125945
5 86 cost: 588
[0;36m		[A1. APC::A2. CDC42] ---  [B1. SP1::B2. SMAD4}[0m
[0;36m		[A1. CDC42::A2. PTEN] ---  [B1. SMAD4::B2. APC}[0m
5 499 cost: 1000
[0;36m		[A1. APC::A2. CDC42] ---  [B1. SP1::B2. SMAD4}[0m
[0;36m		[A1. TCF7L2::A2. APC] ---  [B1. RUNX1T1::B2. SP1}[0m

Displayed tree score: 0.125945

12th run results (4) [new minumum]:0.128866
12 183 cost: 500
[0;36m		[A1. APC::A2. GSK3B] ---  [B1. APC::B2. SMAD4}[0m
[0;36m		[A1. GSK3B::A2. HIF1A] ---  [B1. SMAD4::B2. SP1}[0m
183 238 cost: 1052
[0;36m		[A1. GSK3B::A2. HIF1A] ---  [B1. SMAD4::B2. SP1}[0m
[0;36m		[A1. HIF1A::A2. SMAD4] ---  [B1. SP1::B2. RUNX1T1}[0m

Displayed tree score: 0.128866

24th run results (5) [new minumum]:0.171086
24 459 cost: 217
[0;36m		[A1. APC::A2. SMAD4] ---  [B1. APC::B2. SMAD4}[0m
[0;36m		[A1. SMAD4::A2. CDC42] ---  [B1. SMAD4::B2. SP1}[0m
24 88 cost: 952
[0;36m		[A1. APC::A2. SMAD4] ---  [B1. APC::B2. SMAD4}[0m
[0;36m		[A1. CDC42::A2. PTEN] ---  [B1. SP1::B2. RUNX1T1}[0m

Displayed tree score: 0.171086

53th run results (6) [new minumum]:0.181159
53 446 cost: 235
[0;36m		[A1. BCL2::A2. SMAD4] ---  [B1. SP1::B2. SMAD4}[0m
[0;36m		[A1. SMAD4::A2. APC] ---  [B1. SMAD4::B2. APC}[0m
446 511 cost: 869
[0;36m		[A1. SMAD4::A2. APC] ---  [B1. SMAD4::B2. APC}[0m
[0;36m		[A1. TCF7L2::A2. PTEN] ---  [B1. RUNX1T1::B2. SP1}[0m

Displayed tree score: 0.181159

95th run results (7) [new minumum]:0.184162
95 446 cost: 217
[0;36m		[A1. CDC42::A2. SMAD4] ---  [B1. SP1::B2. SMAD4}[0m
[0;36m		[A1. SMAD4::A2. APC] ---  [B1. SMAD4::B2. APC}[0m
446 511 cost: 869
[0;36m		[A1. SMAD4::A2. APC] ---  [B1. SMAD4::B2. APC}[0m
[0;36m		[A1. TCF7L2::A2. PTEN] ---  [B1. RUNX1T1::B2. SP1}[0m

Displayed tree score: 0.184162

Petal1:44	Petal2:3	treecost: 1086	 tree size:2
$RESULT$	KRAS	RUNX1T1	norm_score:	0.184162
[0m
[0 min 0 sec] All done in 
