COMMAND: /Users/gurkan/Box/Research/INSPIRE/inspire-replication/src/INSPIRE /Users/gurkan/Box/Research/INSPIRE/inspire-replication/database/inspire.sqlite MAP1B PRKD1 inspire_legacy_v1

GO normalization for inspire_legacy_v1: 14.1026
GO normalization in use: 14.1026
Loaded 5995 GO pair scores for inspire_legacy_v1
Create two petals
Begin PETAL setup
new petal MAP1B (4)
# 3 interactions in MAP1B
Done adding UniProt and Pfam annotations for MAP1B.
new petal PRKD1 (7)
# 8 interactions in PRKD1
Done adding UniProt and Pfam annotations for PRKD1.
Petal Sizes: 4, 7
[1;32mPetal Name: [1;33mMAP1B
[1;32mPetal Size: [1;33m4[0;31m
APC
LRP6
LRRK2
MAP1B
[0m---- 
[1;36mPetal Interactions[0;32m
1 LRP6	pp	APC
2 LRRK2	pp	LRP6
3 MAP1B	pp	LRRK2
[0m
[1;32mPetal Name: [1;33mPRKD1
[1;32mPetal Size: [1;33m7[0;31m
APC
ATF2
CREB1
GSK3B
PRKD1
SMAD4
TCF7L2
[0m---- 
[1;36mPetal Interactions[0;32m
1 GSK3B	pp	APC
2 GSK3B	pp	CREB1
3 PRKD1	pp	ATF2
4 PRKD1	pp	CREB1
5 SMAD4	pp	APC
6 SMAD4	pp	ATF2
7 TCF7L2	pp	APC
8 TCF7L2	pp	CREB1
[0m
Done creating Petals.
petals are loaded
[1;32mAGE for [0;36mMAP1B - PRKD1[0m
[0;35minitial size for AGE: 0[0m
counterPetal1 6
counterPetal2 16
counterPetal1*counterPetal2 96
(*AGE).size()=96
[0m---- 
[1;33mAGE nodes: 96[0m
Allocate AGEgraph :  96 x 96	9216 bytes

[0 min 0 sec] Nodes are done in 

[0 min 0 sec] Edges are done in 
0th run results (0) [new minumum]:0.192308
0 41 cost: 500
[0;36m		[A1. APC::A2. LRP6] ---  [B1. APC::B2. GSK3B}[0m
[0;36m		[A1. LRP6::A2. LRRK2] ---  [B1. GSK3B::B2. CREB1}[0m
41 70 cost: 540
[0;36m		[A1. LRP6::A2. LRRK2] ---  [B1. GSK3B::B2. CREB1}[0m
[0;36m		[A1. LRRK2::A2. MAP1B] ---  [B1. CREB1::B2. PRKD1}[0m

Displayed tree score: 0.192308

Petal1:3	Petal2:8	treecost: 1040	 tree size:2
$RESULT$	MAP1B	PRKD1	norm_score:	0.192308
[0m
[0 min 0 sec] All done in 
