COMMAND: /Users/gurkan/Box/Research/INSPIRE/inspire-replication/src/INSPIRE /Users/gurkan/Box/Research/INSPIRE/inspire-replication/database/inspire.sqlite MCM3AP MMP2 inspire_legacy_v1

GO normalization for inspire_legacy_v1: 14.1026
GO normalization in use: 14.1026
Loaded 5995 GO pair scores for inspire_legacy_v1
Create two petals
Begin PETAL setup
new petal MCM3AP (4)
# 3 interactions in MCM3AP
Done adding UniProt and Pfam annotations for MCM3AP.
new petal MMP2 (5)
# 5 interactions in MMP2
Done adding UniProt and Pfam annotations for MMP2.
Petal Sizes: 4, 5
[1;32mPetal Name: [1;33mMCM3AP
[1;32mPetal Size: [1;33m4[0;31m
APC
MCM3AP
RANBP2
TPR
[0m---- 
[1;36mPetal Interactions[0;32m
1 RANBP2	pp	APC
2 TPR	pp	MCM3AP
3 TPR	pp	RANBP2
[0m
[1;32mPetal Name: [1;33mMMP2
[1;32mPetal Size: [1;33m5[0;31m
APC
GSK3B
HIF1A
MMP2
SMAD4
[0m---- 
[1;36mPetal Interactions[0;32m
1 GSK3B	pp	APC
2 HIF1A	pp	GSK3B
3 MMP2	pp	HIF1A
4 SMAD4	pp	APC
5 SMAD4	pp	HIF1A
[0m
Done creating Petals.
petals are loaded
[1;32mAGE for [0;36mMCM3AP - MMP2[0m
[0;35minitial size for AGE: 0[0m
counterPetal1 6
counterPetal2 10
counterPetal1*counterPetal2 60
(*AGE).size()=60
[0m---- 
[1;33mAGE nodes: 60[0m
Allocate AGEgraph :  60 x 60	3600 bytes

[0 min 0 sec] Nodes are done in 

[0 min 0 sec] Edges are done in 
0th run results (0) [new minumum]:0.105042
0 33 cost: 571
[0;36m		[A1. APC::A2. RANBP2] ---  [B1. APC::B2. GSK3B}[0m
[0;36m		[A1. RANBP2::A2. TPR] ---  [B1. GSK3B::B2. HIF1A}[0m
33 45 cost: 1333
[0;36m		[A1. RANBP2::A2. TPR] ---  [B1. GSK3B::B2. HIF1A}[0m
[0;36m		[A1. TPR::A2. MCM3AP] ---  [B1. HIF1A::B2. MMP2}[0m

Displayed tree score: 0.105042

4th run results (1) [new minumum]:0.113379
4 32 cost: 588
[0;36m		[A1. APC::A2. RANBP2] ---  [B1. HIF1A::B2. GSK3B}[0m
[0;36m		[A1. RANBP2::A2. TPR] ---  [B1. GSK3B::B2. APC}[0m
32 41 cost: 1176
[0;36m		[A1. RANBP2::A2. TPR] ---  [B1. GSK3B::B2. APC}[0m
[0;36m		[A1. TPR::A2. MCM3AP] ---  [B1. APC::B2. SMAD4}[0m

Displayed tree score: 0.113379

Petal1:3	Petal2:5	treecost: 1764	 tree size:2
$RESULT$	MCM3AP	MMP2	norm_score:	0.113379
[0m
[0 min 0 sec] All done in 
