COMMAND: /Users/gurkan/Box/Research/INSPIRE/inspire-replication/src/INSPIRE /Users/gurkan/Box/Research/INSPIRE/inspire-replication/database/inspire.sqlite MMP2 TAF2 inspire_legacy_v1

GO normalization for inspire_legacy_v1: 14.1026
GO normalization in use: 14.1026
Loaded 5995 GO pair scores for inspire_legacy_v1
Create two petals
Begin PETAL setup
new petal MMP2 (5)
# 5 interactions in MMP2
Done adding UniProt and Pfam annotations for MMP2.
new petal TAF2 (6)
# 6 interactions in TAF2
Done adding UniProt and Pfam annotations for TAF2.
Petal Sizes: 5, 6
[1;32mPetal Name: [1;33mMMP2
[1;32mPetal Size: [1;33m5[0;31m
APC
GSK3B
HIF1A
MMP2
SMAD4
[0m---- 
[1;36mPetal Interactions[0;32m
1 GSK3B	pp	APC
2 HIF1A	pp	GSK3B
3 MMP2	pp	HIF1A
4 SMAD4	pp	APC
5 SMAD4	pp	HIF1A
[0m
[1;32mPetal Name: [1;33mTAF2
[1;32mPetal Size: [1;33m6[0;31m
APC
GSK3B
MAP3K7
MED1
TAF2
TBL1XR1
[0m---- 
[1;36mPetal Interactions[0;32m
1 GSK3B	pp	APC
2 MAP3K7	pp	GSK3B
3 TAF2	pp	MAP3K7
4 TAF2	pp	MED1
5 TBL1XR1	pp	APC
6 TBL1XR1	pp	MED1
[0m
Done creating Petals.
petals are loaded
[1;32mAGE for [0;36mMMP2 - TAF2[0m
[0;35minitial size for AGE: 0[0m
counterPetal1 10
counterPetal2 12
counterPetal1*counterPetal2 120
(*AGE).size()=120
[0m---- 
[1;33mAGE nodes: 120[0m
Allocate AGEgraph :  120 x 120	14400 bytes

[0 min 0 sec] Nodes are done in 

[0 min 0 sec] Edges are done in 
0th run results (0) [new minumum]:0.152439
0 39 cost: 217
[0;36m		[A1. APC::A2. GSK3B] ---  [B1. APC::B2. GSK3B}[0m
[0;36m		[A1. GSK3B::A2. HIF1A] ---  [B1. GSK3B::B2. MAP3K7}[0m
0 106 cost: 259
[0;36m		[A1. APC::A2. GSK3B] ---  [B1. APC::B2. GSK3B}[0m
[0;36m		[A1. SMAD4::A2. APC] ---  [B1. TBL1XR1::B2. APC}[0m
0 65 cost: 1000
[0;36m		[A1. APC::A2. GSK3B] ---  [B1. APC::B2. GSK3B}[0m
[0;36m		[A1. HIF1A::A2. MMP2] ---  [B1. MAP3K7::B2. TAF2}[0m

Displayed tree score: 0.152439

13th run results (1) [new minumum]:0.180723
13 26 cost: 259
[0;36m		[A1. APC::A2. SMAD4] ---  [B1. APC::B2. TBL1XR1}[0m
[0;36m		[A1. GSK3B::A2. APC] ---  [B1. GSK3B::B2. APC}[0m
26 52 cost: 217
[0;36m		[A1. GSK3B::A2. APC] ---  [B1. GSK3B::B2. APC}[0m
[0;36m		[A1. HIF1A::A2. GSK3B] ---  [B1. MAP3K7::B2. GSK3B}[0m
26 116 cost: 769
[0;36m		[A1. GSK3B::A2. APC] ---  [B1. GSK3B::B2. APC}[0m
[0;36m		[A1. SMAD4::A2. HIF1A] ---  [B1. TAF2::B2. MAP3K7}[0m

Displayed tree score: 0.180723

79th run results (2) [new minumum]:0.18859
79 0 cost: 645
[0;36m		[A1. HIF1A::A2. SMAD4] ---  [B1. MED1::B2. TBL1XR1}[0m
[0;36m		[A1. APC::A2. GSK3B] ---  [B1. APC::B2. GSK3B}[0m
0 39 cost: 217
[0;36m		[A1. APC::A2. GSK3B] ---  [B1. APC::B2. GSK3B}[0m
[0;36m		[A1. GSK3B::A2. HIF1A] ---  [B1. GSK3B::B2. MAP3K7}[0m
0 106 cost: 259
[0;36m		[A1. APC::A2. GSK3B] ---  [B1. APC::B2. GSK3B}[0m
[0;36m		[A1. SMAD4::A2. APC] ---  [B1. TBL1XR1::B2. APC}[0m
0 65 cost: 1000
[0;36m		[A1. APC::A2. GSK3B] ---  [B1. APC::B2. GSK3B}[0m
[0;36m		[A1. HIF1A::A2. MMP2] ---  [B1. MAP3K7::B2. TAF2}[0m

Displayed tree score: 0.18859

Petal1:5	Petal2:6	treecost: 2121	 tree size:4
$RESULT$	MMP2	TAF2	norm_score:	0.18859
[0m
[0 min 0 sec] All done in 
