COMMAND: /Users/gurkan/Box/Research/INSPIRE/inspire-replication/src/INSPIRE /Users/gurkan/Box/Research/INSPIRE/inspire-replication/database/inspire.sqlite NAV3 TAF2 inspire_legacy_v1

GO normalization for inspire_legacy_v1: 14.1026
GO normalization in use: 14.1026
Loaded 5995 GO pair scores for inspire_legacy_v1
Create two petals
Begin PETAL setup
new petal NAV3 (4)
# 3 interactions in NAV3
Done adding UniProt and Pfam annotations for NAV3.
new petal TAF2 (6)
# 6 interactions in TAF2
Done adding UniProt and Pfam annotations for TAF2.
Petal Sizes: 4, 6
[1;32mPetal Name: [1;33mNAV3
[1;32mPetal Size: [1;33m4[0;31m
APC
CDC42
MEF2C
NAV3
[0m---- 
[1;36mPetal Interactions[0;32m
1 CDC42	pp	APC
2 MEF2C	pp	CDC42
3 NAV3	pp	MEF2C
[0m
[1;32mPetal Name: [1;33mTAF2
[1;32mPetal Size: [1;33m6[0;31m
APC
GSK3B
MAP3K7
MED1
TAF2
TBL1XR1
[0m---- 
[1;36mPetal Interactions[0;32m
1 GSK3B	pp	APC
2 MAP3K7	pp	GSK3B
3 TAF2	pp	MAP3K7
4 TAF2	pp	MED1
5 TBL1XR1	pp	APC
6 TBL1XR1	pp	MED1
[0m
Done creating Petals.
petals are loaded
[1;32mAGE for [0;36mNAV3 - TAF2[0m
[0;35minitial size for AGE: 0[0m
counterPetal1 6
counterPetal2 12
counterPetal1*counterPetal2 72
(*AGE).size()=72
[0m---- 
[1;33mAGE nodes: 72[0m
Allocate AGEgraph :  72 x 72	5184 bytes

[0 min 0 sec] Nodes are done in 

[0 min 0 sec] Edges are done in 
0th run results (0) [new minumum]:0.114286
0 27 cost: 500
[0;36m		[A1. APC::A2. CDC42] ---  [B1. APC::B2. GSK3B}[0m
[0;36m		[A1. CDC42::A2. MEF2C] ---  [B1. GSK3B::B2. MAP3K7}[0m
27 53 cost: 1250
[0;36m		[A1. CDC42::A2. MEF2C] ---  [B1. GSK3B::B2. MAP3K7}[0m
[0;36m		[A1. MEF2C::A2. NAV3] ---  [B1. MAP3K7::B2. TAF2}[0m

Displayed tree score: 0.114286

8th run results (1) [new minumum]:0.130378
8 28 cost: 909
[0;36m		[A1. APC::A2. CDC42] ---  [B1. TAF2::B2. MAP3K7}[0m
[0;36m		[A1. CDC42::A2. MEF2C] ---  [B1. MAP3K7::B2. GSK3B}[0m
28 50 cost: 625
[0;36m		[A1. CDC42::A2. MEF2C] ---  [B1. MAP3K7::B2. GSK3B}[0m
[0;36m		[A1. MEF2C::A2. NAV3] ---  [B1. GSK3B::B2. APC}[0m

Displayed tree score: 0.130378

10th run results (2) [new minumum]:0.15444
10 24 cost: 689
[0;36m		[A1. APC::A2. CDC42] ---  [B1. TBL1XR1::B2. APC}[0m
[0;36m		[A1. CDC42::A2. MEF2C] ---  [B1. APC::B2. GSK3B}[0m
24 51 cost: 606
[0;36m		[A1. CDC42::A2. MEF2C] ---  [B1. APC::B2. GSK3B}[0m
[0;36m		[A1. MEF2C::A2. NAV3] ---  [B1. GSK3B::B2. MAP3K7}[0m

Displayed tree score: 0.15444

Petal1:3	Petal2:6	treecost: 1295	 tree size:2
$RESULT$	NAV3	TAF2	norm_score:	0.15444
[0m
[0 min 0 sec] All done in 
