COMMAND: /Users/gurkan/Box/Research/INSPIRE/inspire-replication/src/INSPIRE /Users/gurkan/Box/Research/INSPIRE/inspire-replication/database/inspire.sqlite NF1 PRKD1 inspire_legacy_v1

GO normalization for inspire_legacy_v1: 14.1026
GO normalization in use: 14.1026
Loaded 5995 GO pair scores for inspire_legacy_v1
Create two petals
Begin PETAL setup
new petal NF1 (13)
# 20 interactions in NF1
Done adding UniProt and Pfam annotations for NF1.
new petal PRKD1 (7)
# 8 interactions in PRKD1
Done adding UniProt and Pfam annotations for PRKD1.
Petal Sizes: 13, 7
[1;32mPetal Name: [1;33mNF1
[1;32mPetal Size: [1;33m13[0;31m
APC
ATM
BRCA1
CDC42
EGFR
ERBIN
GSK3B
MDM2
NF1
PTEN
SMAD4
TCF7L2
TNKS
[0m---- 
[1;36mPetal Interactions[0;32m
1 CDC42	pp	APC
2 ERBIN	pp	APC
3 ERBIN	pp	EGFR
4 GSK3B	pp	APC
5 GSK3B	pp	BRCA1
6 MDM2	pp	GSK3B
7 NF1	pp	ATM
8 NF1	pp	BRCA1
9 NF1	pp	EGFR
10 NF1	pp	MDM2
11 PTEN	pp	CDC42
12 PTEN	pp	GSK3B
13 PTEN	pp	NF1
14 SMAD4	pp	APC
15 SMAD4	pp	ATM
16 SMAD4	pp	PTEN
17 TCF7L2	pp	APC
18 TCF7L2	pp	PTEN
19 TNKS	pp	APC
20 TNKS	pp	PTEN
[0m
[1;32mPetal Name: [1;33mPRKD1
[1;32mPetal Size: [1;33m7[0;31m
APC
ATF2
CREB1
GSK3B
PRKD1
SMAD4
TCF7L2
[0m---- 
[1;36mPetal Interactions[0;32m
1 GSK3B	pp	APC
2 GSK3B	pp	CREB1
3 PRKD1	pp	ATF2
4 PRKD1	pp	CREB1
5 SMAD4	pp	APC
6 SMAD4	pp	ATF2
7 TCF7L2	pp	APC
8 TCF7L2	pp	CREB1
[0m
Done creating Petals.
petals are loaded
[1;32mAGE for [0;36mNF1 - PRKD1[0m
[0;35minitial size for AGE: 0[0m
counterPetal1 40
counterPetal2 16
counterPetal1*counterPetal2 640
(*AGE).size()=640
[0m---- 
[1;33mAGE nodes: 640[0m
Allocate AGEgraph :  640 x 640	409600 bytes

[0 min 0 sec] Nodes are done in 

[0 min 0 sec] Edges are done in 
0th run results (0) [new minumum]:0.330969
0 540 cost: 217
[0;36m		[A1. APC::A2. CDC42] ---  [B1. APC::B2. GSK3B}[0m
[0;36m		[A1. SMAD4::A2. APC] ---  [B1. SMAD4::B2. APC}[0m
540 66 cost: 100
[0;36m		[A1. SMAD4::A2. APC] ---  [B1. SMAD4::B2. APC}[0m
[0;36m		[A1. APC::A2. TCF7L2] ---  [B1. APC::B2. TCF7L2}[0m
540 116 cost: 217
[0;36m		[A1. SMAD4::A2. APC] ---  [B1. SMAD4::B2. APC}[0m
[0;36m		[A1. ATM::A2. SMAD4] ---  [B1. ATF2::B2. SMAD4}[0m
66 607 cost: 217
[0;36m		[A1. APC::A2. TCF7L2] ---  [B1. APC::B2. TCF7L2}[0m
[0;36m		[A1. TCF7L2::A2. PTEN] ---  [B1. TCF7L2::B2. CREB1}[0m
540 313 cost: 434
[0;36m		[A1. SMAD4::A2. APC] ---  [B1. SMAD4::B2. APC}[0m
[0;36m		[A1. GSK3B::A2. PTEN] ---  [B1. GSK3B::B2. CREB1}[0m
540 362 cost: 465
[0;36m		[A1. SMAD4::A2. APC] ---  [B1. SMAD4::B2. APC}[0m
[0;36m		[A1. NF1::A2. ATM] ---  [B1. PRKD1::B2. ATF2}[0m
66 470 cost: 465
[0;36m		[A1. APC::A2. TCF7L2] ---  [B1. APC::B2. TCF7L2}[0m
[0;36m		[A1. PTEN::A2. NF1] ---  [B1. CREB1::B2. PRKD1}[0m

Displayed tree score: 0.330969

89th run results (1) [new minumum]:0.337187
89 540 cost: 512
[0;36m		[A1. APC::A2. TNKS] ---  [B1. GSK3B::B2. CREB1}[0m
[0;36m		[A1. SMAD4::A2. APC] ---  [B1. SMAD4::B2. APC}[0m
540 32 cost: 100
[0;36m		[A1. SMAD4::A2. APC] ---  [B1. SMAD4::B2. APC}[0m
[0;36m		[A1. APC::A2. GSK3B] ---  [B1. APC::B2. GSK3B}[0m
540 66 cost: 100
[0;36m		[A1. SMAD4::A2. APC] ---  [B1. SMAD4::B2. APC}[0m
[0;36m		[A1. APC::A2. TCF7L2] ---  [B1. APC::B2. TCF7L2}[0m
540 116 cost: 217
[0;36m		[A1. SMAD4::A2. APC] ---  [B1. SMAD4::B2. APC}[0m
[0;36m		[A1. ATM::A2. SMAD4] ---  [B1. ATF2::B2. SMAD4}[0m
66 607 cost: 217
[0;36m		[A1. APC::A2. TCF7L2] ---  [B1. APC::B2. TCF7L2}[0m
[0;36m		[A1. TCF7L2::A2. PTEN] ---  [B1. TCF7L2::B2. CREB1}[0m
540 362 cost: 465
[0;36m		[A1. SMAD4::A2. APC] ---  [B1. SMAD4::B2. APC}[0m
[0;36m		[A1. NF1::A2. ATM] ---  [B1. PRKD1::B2. ATF2}[0m
32 470 cost: 465
[0;36m		[A1. APC::A2. GSK3B] ---  [B1. APC::B2. GSK3B}[0m
[0;36m		[A1. PTEN::A2. NF1] ---  [B1. CREB1::B2. PRKD1}[0m

Displayed tree score: 0.337187

119th run results (2) [new minumum]:0.344998
119 32 cost: 465
[0;36m		[A1. ATM::A2. SMAD4] ---  [B1. CREB1::B2. TCF7L2}[0m
[0;36m		[A1. APC::A2. GSK3B] ---  [B1. APC::B2. GSK3B}[0m
32 540 cost: 100
[0;36m		[A1. APC::A2. GSK3B] ---  [B1. APC::B2. GSK3B}[0m
[0;36m		[A1. SMAD4::A2. APC] ---  [B1. SMAD4::B2. APC}[0m
540 66 cost: 100
[0;36m		[A1. SMAD4::A2. APC] ---  [B1. SMAD4::B2. APC}[0m
[0;36m		[A1. APC::A2. TCF7L2] ---  [B1. APC::B2. TCF7L2}[0m
32 281 cost: 217
[0;36m		[A1. APC::A2. GSK3B] ---  [B1. APC::B2. GSK3B}[0m
[0;36m		[A1. GSK3B::A2. BRCA1] ---  [B1. GSK3B::B2. CREB1}[0m
540 484 cost: 217
[0;36m		[A1. SMAD4::A2. APC] ---  [B1. SMAD4::B2. APC}[0m
[0;36m		[A1. PTEN::A2. SMAD4] ---  [B1. ATF2::B2. SMAD4}[0m
32 150 cost: 465
[0;36m		[A1. APC::A2. GSK3B] ---  [B1. APC::B2. GSK3B}[0m
[0;36m		[A1. BRCA1::A2. NF1] ---  [B1. CREB1::B2. PRKD1}[0m
540 426 cost: 465
[0;36m		[A1. SMAD4::A2. APC] ---  [B1. SMAD4::B2. APC}[0m
[0;36m		[A1. NF1::A2. PTEN] ---  [B1. PRKD1::B2. ATF2}[0m

Displayed tree score: 0.344998

133th run results (3) [new minumum]:0.393038
133 264 cost: 217
[0;36m		[A1. BRCA1::A2. GSK3B] ---  [B1. CREB1::B2. GSK3B}[0m
[0;36m		[A1. GSK3B::A2. APC] ---  [B1. GSK3B::B2. APC}[0m
264 49 cost: 100
[0;36m		[A1. GSK3B::A2. APC] ---  [B1. GSK3B::B2. APC}[0m
[0;36m		[A1. APC::A2. SMAD4] ---  [B1. APC::B2. SMAD4}[0m
264 66 cost: 100
[0;36m		[A1. GSK3B::A2. APC] ---  [B1. GSK3B::B2. APC}[0m
[0;36m		[A1. APC::A2. TCF7L2] ---  [B1. APC::B2. TCF7L2}[0m
49 557 cost: 217
[0;36m		[A1. APC::A2. SMAD4] ---  [B1. APC::B2. SMAD4}[0m
[0;36m		[A1. SMAD4::A2. ATM] ---  [B1. SMAD4::B2. ATF2}[0m
66 607 cost: 217
[0;36m		[A1. APC::A2. TCF7L2] ---  [B1. APC::B2. TCF7L2}[0m
[0;36m		[A1. TCF7L2::A2. PTEN] ---  [B1. TCF7L2::B2. CREB1}[0m
49 99 cost: 465
[0;36m		[A1. APC::A2. SMAD4] ---  [B1. APC::B2. SMAD4}[0m
[0;36m		[A1. ATM::A2. NF1] ---  [B1. ATF2::B2. PRKD1}[0m
264 427 cost: 465
[0;36m		[A1. GSK3B::A2. APC] ---  [B1. GSK3B::B2. APC}[0m
[0;36m		[A1. NF1::A2. PTEN] ---  [B1. PRKD1::B2. CREB1}[0m

Displayed tree score: 0.393038

Petal1:20	Petal2:8	treecost: 1781	 tree size:7
$RESULT$	NF1	PRKD1	norm_score:	0.393038
[0m
[0 min 0 sec] All done in 
