COMMAND: /Users/gurkan/Box/Research/INSPIRE/inspire-replication/src/INSPIRE /Users/gurkan/Box/Research/INSPIRE/inspire-replication/database/inspire.sqlite NF1 PLCG2 inspire_legacy_v1

GO normalization for inspire_legacy_v1: 14.1026
GO normalization in use: 14.1026
Loaded 5995 GO pair scores for inspire_legacy_v1
Create two petals
Begin PETAL setup
new petal NF1 (13)
# 20 interactions in NF1
Done adding UniProt and Pfam annotations for NF1.
new petal PLCG2 (4)
# 3 interactions in PLCG2
Done adding UniProt and Pfam annotations for PLCG2.
Petal Sizes: 13, 4
[1;32mPetal Name: [1;33mNF1
[1;32mPetal Size: [1;33m13[0;31m
APC
ATM
BRCA1
CDC42
EGFR
ERBIN
GSK3B
MDM2
NF1
PTEN
SMAD4
TCF7L2
TNKS
[0m---- 
[1;36mPetal Interactions[0;32m
1 CDC42	pp	APC
2 ERBIN	pp	APC
3 ERBIN	pp	EGFR
4 GSK3B	pp	APC
5 GSK3B	pp	BRCA1
6 MDM2	pp	GSK3B
7 NF1	pp	ATM
8 NF1	pp	BRCA1
9 NF1	pp	EGFR
10 NF1	pp	MDM2
11 PTEN	pp	CDC42
12 PTEN	pp	GSK3B
13 PTEN	pp	NF1
14 SMAD4	pp	APC
15 SMAD4	pp	ATM
16 SMAD4	pp	PTEN
17 TCF7L2	pp	APC
18 TCF7L2	pp	PTEN
19 TNKS	pp	APC
20 TNKS	pp	PTEN
[0m
[1;32mPetal Name: [1;33mPLCG2
[1;32mPetal Size: [1;33m4[0;31m
APC
JAK2
KRAS
PLCG2
[0m---- 
[1;36mPetal Interactions[0;32m
1 KRAS	pp	APC
2 KRAS	pp	JAK2
3 PLCG2	pp	JAK2
[0m
Done creating Petals.
petals are loaded
[1;32mAGE for [0;36mNF1 - PLCG2[0m
[0;35minitial size for AGE: 0[0m
counterPetal1 40
counterPetal2 6
counterPetal1*counterPetal2 240
(*AGE).size()=240
[0m---- 
[1;33mAGE nodes: 240[0m
Allocate AGEgraph :  240 x 240	57600 bytes

[0 min 0 sec] Nodes are done in 

[0 min 0 sec] Edges are done in 
0th run results (0) [new minumum]:0.205973
0 70 cost: 416
[0;36m		[A1. APC::A2. CDC42] ---  [B1. APC::B2. KRAS}[0m
[0;36m		[A1. CDC42::A2. PTEN] ---  [B1. KRAS::B2. JAK2}[0m
0 170 cost: 555
[0;36m		[A1. APC::A2. CDC42] ---  [B1. APC::B2. KRAS}[0m
[0;36m		[A1. PTEN::A2. GSK3B] ---  [B1. JAK2::B2. PLCG2}[0m

Displayed tree score: 0.205973

Petal1:20	Petal2:3	treecost: 971	 tree size:2
$RESULT$	NF1	PLCG2	norm_score:	0.205973
[0m
[0 min 0 sec] All done in 
