COMMAND: /Users/gurkan/Box/Research/INSPIRE/inspire-replication/src/INSPIRE /Users/gurkan/Box/Research/INSPIRE/inspire-replication/database/inspire.sqlite PIK3CA SMAD2 inspire_legacy_v1

GO normalization for inspire_legacy_v1: 14.1026
GO normalization in use: 14.1026
Loaded 5995 GO pair scores for inspire_legacy_v1
Create two petals
Begin PETAL setup
new petal PIK3CA (25)
# 46 interactions in PIK3CA
Done adding UniProt and Pfam annotations for PIK3CA.
new petal SMAD2 (44)
# 94 interactions in SMAD2
Done adding UniProt and Pfam annotations for SMAD2.
Petal Sizes: 25, 44
[1;32mPetal Name: [1;33mPIK3CA
[1;32mPetal Size: [1;33m25[0;31m
APC
BCL2
BRAF
BRCA1
CDC42
CREBBP
EGFR
ERBIN
ETV6
FBXW7
FGF2
FOXO1
FOXO3
GSK3B
KRAS
LRP6
MAPK1
PIK3CA
PRKCA
PTEN
PTK2
SMAD4
STAT3
TCF7L2
TRAF6
[0m---- 
[1;36mPetal Interactions[0;32m
1 ERBIN	pp	APC
2 ERBIN	pp	EGFR
3 GSK3B	pp	APC
4 GSK3B	pp	BRAF
5 GSK3B	pp	BRCA1
6 GSK3B	pp	CREBBP
7 GSK3B	pp	FBXW7
8 GSK3B	pp	FOXO1
9 GSK3B	pp	FOXO3
10 KRAS	pp	APC
11 KRAS	pp	BCL2
12 KRAS	pp	EGFR
13 KRAS	pp	FGF2
14 LRP6	pp	APC
15 LRP6	pp	ETV6
16 LRP6	pp	GSK3B
17 MAPK1	pp	GSK3B
18 PIK3CA	pp	BCL2
19 PIK3CA	pp	BRAF
20 PIK3CA	pp	BRCA1
21 PIK3CA	pp	CDC42
22 PIK3CA	pp	CREBBP
23 PIK3CA	pp	EGFR
24 PIK3CA	pp	ETV6
25 PIK3CA	pp	FBXW7
26 PIK3CA	pp	FGF2
27 PIK3CA	pp	FOXO1
28 PIK3CA	pp	FOXO3
29 PIK3CA	pp	GSK3B
30 PIK3CA	pp	MAPK1
31 PRKCA	pp	GSK3B
32 PRKCA	pp	PIK3CA
33 PTEN	pp	GSK3B
34 PTEN	pp	PIK3CA
35 PTK2	pp	GSK3B
36 PTK2	pp	PIK3CA
37 SMAD4	pp	APC
38 SMAD4	pp	BCL2
39 SMAD4	pp	CDC42
40 SMAD4	pp	PTEN
41 STAT3	pp	PIK3CA
42 STAT3	pp	SMAD4
43 TCF7L2	pp	APC
44 TCF7L2	pp	PTEN
45 TRAF6	pp	GSK3B
46 TRAF6	pp	PIK3CA
[0m
[1;32mPetal Name: [1;33mSMAD2
[1;32mPetal Size: [1;33m44[0;31m
APC
BCL2
BMPR1A
BMPR2
BTRC
CDC42
DLG1
EGFR
EP300
ERBIN
ETS1
FBXW11
FGF2
FOXO1
FOXP1
GSK3B
KRAS
LRP6
MAPK1
MDM2
NCOR1
NEDD4L
NR3C1
PPM1A
PTEN
RBPJ
RNF111
RUNX2
SMAD1
SMAD2
SMAD4
SMAD5
SMURF2
SP1
STAT3
TBL1XR1
TCF7L2
TGFBR1
TNKS
TRAF6
USP15
WWTR1
ZEB1
ZEB2
[0m---- 
[1;36mPetal Interactions[0;32m
1 BTRC	pp	APC
2 CDC42	pp	APC
3 DLG1	pp	APC
4 ERBIN	pp	APC
5 ERBIN	pp	CDC42
6 ERBIN	pp	EGFR
7 FBXW11	pp	APC
8 GSK3B	pp	APC
9 GSK3B	pp	BTRC
10 GSK3B	pp	FBXW11
11 GSK3B	pp	FOXO1
12 KRAS	pp	APC
13 KRAS	pp	BCL2
14 KRAS	pp	EGFR
15 KRAS	pp	FGF2
16 LRP6	pp	APC
17 LRP6	pp	GSK3B
18 MAPK1	pp	GSK3B
19 MDM2	pp	GSK3B
20 PTEN	pp	CDC42
21 PTEN	pp	DLG1
22 PTEN	pp	GSK3B
23 RUNX2	pp	GSK3B
24 RUNX2	pp	LRP6
25 SMAD1	pp	GSK3B
26 SMAD2	pp	BCL2
27 SMAD2	pp	BMPR1A
28 SMAD2	pp	BMPR2
29 SMAD2	pp	CDC42
30 SMAD2	pp	EGFR
31 SMAD2	pp	EP300
32 SMAD2	pp	ETS1
33 SMAD2	pp	FGF2
34 SMAD2	pp	FOXO1
35 SMAD2	pp	FOXP1
36 SMAD2	pp	GSK3B
37 SMAD2	pp	MAPK1
38 SMAD2	pp	MDM2
39 SMAD2	pp	NCOR1
40 SMAD2	pp	NEDD4L
41 SMAD2	pp	NR3C1
42 SMAD2	pp	PPM1A
43 SMAD2	pp	PTEN
44 SMAD2	pp	RBPJ
45 SMAD2	pp	RNF111
46 SMAD2	pp	RUNX2
47 SMAD2	pp	SMAD1
48 SMAD4	pp	APC
49 SMAD4	pp	BCL2
50 SMAD4	pp	BMPR1A
51 SMAD4	pp	BMPR2
52 SMAD4	pp	CDC42
53 SMAD4	pp	ETS1
54 SMAD4	pp	FOXP1
55 SMAD4	pp	MAPK1
56 SMAD4	pp	NCOR1
57 SMAD4	pp	NEDD4L
58 SMAD4	pp	NR3C1
59 SMAD4	pp	PPM1A
60 SMAD4	pp	PTEN
61 SMAD4	pp	RBPJ
62 SMAD4	pp	RNF111
63 SMAD4	pp	SMAD1
64 SMAD4	pp	SMAD2
65 SMAD5	pp	SMAD2
66 SMAD5	pp	SMAD4
67 SMURF2	pp	GSK3B
68 SMURF2	pp	SMAD2
69 SMURF2	pp	SMAD4
70 SP1	pp	SMAD2
71 SP1	pp	SMAD4
72 STAT3	pp	SMAD2
73 STAT3	pp	SMAD4
74 TBL1XR1	pp	APC
75 TBL1XR1	pp	NCOR1
76 TBL1XR1	pp	RBPJ
77 TCF7L2	pp	APC
78 TCF7L2	pp	EP300
79 TCF7L2	pp	PTEN
80 TGFBR1	pp	SMAD2
81 TGFBR1	pp	SMAD4
82 TNKS	pp	APC
83 TNKS	pp	PTEN
84 TRAF6	pp	GSK3B
85 TRAF6	pp	SMAD2
86 USP15	pp	SMAD2
87 USP15	pp	SMAD4
88 WWTR1	pp	BTRC
89 WWTR1	pp	SMAD2
90 WWTR1	pp	SMAD4
91 ZEB1	pp	SMAD2
92 ZEB1	pp	SMAD4
93 ZEB2	pp	SMAD2
94 ZEB2	pp	SMAD4
[0m
Done creating Petals.
petals are loaded
[1;32mAGE for [0;36mPIK3CA - SMAD2[0m
[0;35minitial size for AGE: 0[0m
counterPetal1 92
counterPetal2 188
counterPetal1*counterPetal2 17296
(*AGE).size()=17296
[0m---- 
[1;33mAGE nodes: 17296[0m
Allocate AGEgraph :  17296 x 17296	299151616 bytes

[0 min 0 sec] Nodes are done in 

[0 min 13 sec] Edges are done in 
0th run results (0) [new minumum]:0.397351
0 6063 cost: 434
[0;36m		[A1. APC::A2. ERBIN] ---  [B1. APC::B2. BTRC}[0m
[0;36m		[A1. GSK3B::A2. APC] ---  [B1. GSK3B::B2. APC}[0m
6063 382 cost: 100
[0;36m		[A1. GSK3B::A2. APC] ---  [B1. GSK3B::B2. APC}[0m
[0;36m		[A1. APC::A2. KRAS] ---  [B1. APC::B2. KRAS}[0m
6063 571 cost: 100
[0;36m		[A1. GSK3B::A2. APC] ---  [B1. GSK3B::B2. APC}[0m
[0;36m		[A1. APC::A2. LRP6] ---  [B1. APC::B2. LRP6}[0m
6063 760 cost: 100
[0;36m		[A1. GSK3B::A2. APC] ---  [B1. GSK3B::B2. APC}[0m
[0;36m		[A1. APC::A2. SMAD4] ---  [B1. APC::B2. SMAD4}[0m
6063 950 cost: 100
[0;36m		[A1. GSK3B::A2. APC] ---  [B1. GSK3B::B2. APC}[0m
[0;36m		[A1. APC::A2. TCF7L2] ---  [B1. APC::B2. TCF7L2}[0m
6063 5307 cost: 100
[0;36m		[A1. GSK3B::A2. APC] ---  [B1. GSK3B::B2. APC}[0m
[0;36m		[A1. FOXO1::A2. GSK3B] ---  [B1. FOXO1::B2. GSK3B}[0m
5307 7383 cost: 100
[0;36m		[A1. FOXO1::A2. GSK3B] ---  [B1. FOXO1::B2. GSK3B}[0m
[0;36m		[A1. GSK3B::A2. LRP6] ---  [B1. GSK3B::B2. LRP6}[0m
5307 7572 cost: 100
[0;36m		[A1. FOXO1::A2. GSK3B] ---  [B1. FOXO1::B2. GSK3B}[0m
[0;36m		[A1. GSK3B::A2. MAPK1] ---  [B1. GSK3B::B2. MAPK1}[0m
5307 8138 cost: 100
[0;36m		[A1. FOXO1::A2. GSK3B] ---  [B1. FOXO1::B2. GSK3B}[0m
[0;36m		[A1. GSK3B::A2. PTEN] ---  [B1. GSK3B::B2. PTEN}[0m
5307 8519 cost: 100
[0;36m		[A1. FOXO1::A2. GSK3B] ---  [B1. FOXO1::B2. GSK3B}[0m
[0;36m		[A1. GSK3B::A2. TRAF6] ---  [B1. GSK3B::B2. TRAF6}[0m
382 8897 cost: 100
[0;36m		[A1. APC::A2. KRAS] ---  [B1. APC::B2. KRAS}[0m
[0;36m		[A1. KRAS::A2. BCL2] ---  [B1. KRAS::B2. BCL2}[0m
8897 1518 cost: 100
[0;36m		[A1. KRAS::A2. BCL2] ---  [B1. KRAS::B2. BCL2}[0m
[0;36m		[A1. BCL2::A2. SMAD4] ---  [B1. BCL2::B2. SMAD4}[0m
8897 3414 cost: 100
[0;36m		[A1. KRAS::A2. BCL2] ---  [B1. KRAS::B2. BCL2}[0m
[0;36m		[A1. EGFR::A2. KRAS] ---  [B1. EGFR::B2. KRAS}[0m
3414 3984 cost: 100
[0;36m		[A1. EGFR::A2. KRAS] ---  [B1. EGFR::B2. KRAS}[0m
[0;36m		[A1. ERBIN::A2. EGFR] ---  [B1. ERBIN::B2. EGFR}[0m
8897 4929 cost: 100
[0;36m		[A1. KRAS::A2. BCL2] ---  [B1. KRAS::B2. BCL2}[0m
[0;36m		[A1. FGF2::A2. KRAS] ---  [B1. FGF2::B2. KRAS}[0m
8138 14561 cost: 100
[0;36m		[A1. GSK3B::A2. PTEN] ---  [B1. GSK3B::B2. PTEN}[0m
[0;36m		[A1. PTEN::A2. SMAD4] ---  [B1. PTEN::B2. SMAD4}[0m
8138 14750 cost: 100
[0;36m		[A1. GSK3B::A2. PTEN] ---  [B1. GSK3B::B2. PTEN}[0m
[0;36m		[A1. PTEN::A2. TCF7L2] ---  [B1. PTEN::B2. TCF7L2}[0m
760 15740 cost: 100
[0;36m		[A1. APC::A2. SMAD4] ---  [B1. APC::B2. SMAD4}[0m
[0;36m		[A1. SMAD4::A2. CDC42] ---  [B1. SMAD4::B2. CDC42}[0m
760 16132 cost: 100
[0;36m		[A1. APC::A2. SMAD4] ---  [B1. APC::B2. SMAD4}[0m
[0;36m		[A1. SMAD4::A2. STAT3] ---  [B1. SMAD4::B2. STAT3}[0m
6063 4532 cost: 140
[0;36m		[A1. GSK3B::A2. APC] ---  [B1. GSK3B::B2. APC}[0m
[0;36m		[A1. FBXW7::A2. GSK3B] ---  [B1. BTRC::B2. GSK3B}[0m
5307 7954 cost: 196
[0;36m		[A1. FOXO1::A2. GSK3B] ---  [B1. FOXO1::B2. GSK3B}[0m
[0;36m		[A1. GSK3B::A2. PRKCA] ---  [B1. GSK3B::B2. SMURF2}[0m
6063 1762 cost: 217
[0;36m		[A1. GSK3B::A2. APC] ---  [B1. GSK3B::B2. APC}[0m
[0;36m		[A1. BRAF::A2. GSK3B] ---  [B1. MDM2::B2. GSK3B}[0m
5307 8328 cost: 217
[0;36m		[A1. FOXO1::A2. GSK3B] ---  [B1. FOXO1::B2. GSK3B}[0m
[0;36m		[A1. GSK3B::A2. PTK2] ---  [B1. GSK3B::B2. SMAD1}[0m
14561 13000 cost: 217
[0;36m		[A1. PTEN::A2. SMAD4] ---  [B1. PTEN::B2. SMAD4}[0m
[0;36m		[A1. PIK3CA::A2. PTEN] ---  [B1. DLG1::B2. PTEN}[0m
6063 2177 cost: 227
[0;36m		[A1. GSK3B::A2. APC] ---  [B1. GSK3B::B2. APC}[0m
[0;36m		[A1. BRCA1::A2. GSK3B] ---  [B1. SMAD2::B2. GSK3B}[0m
6063 5733 cost: 266
[0;36m		[A1. GSK3B::A2. APC] ---  [B1. GSK3B::B2. APC}[0m
[0;36m		[A1. FOXO3::A2. GSK3B] ---  [B1. RUNX2::B2. GSK3B}[0m
6063 2860 cost: 363
[0;36m		[A1. GSK3B::A2. APC] ---  [B1. GSK3B::B2. APC}[0m
[0;36m		[A1. CREBBP::A2. GSK3B] ---  [B1. FBXW11::B2. GSK3B}[0m

Displayed tree score: 0.397351

1th run results (1) [new minumum]:0.414005
1 6063 cost: 270
[0;36m		[A1. APC::A2. ERBIN] ---  [B1. APC::B2. CDC42}[0m
[0;36m		[A1. GSK3B::A2. APC] ---  [B1. GSK3B::B2. APC}[0m
6063 382 cost: 100
[0;36m		[A1. GSK3B::A2. APC] ---  [B1. GSK3B::B2. APC}[0m
[0;36m		[A1. APC::A2. KRAS] ---  [B1. APC::B2. KRAS}[0m
6063 571 cost: 100
[0;36m		[A1. GSK3B::A2. APC] ---  [B1. GSK3B::B2. APC}[0m
[0;36m		[A1. APC::A2. LRP6] ---  [B1. APC::B2. LRP6}[0m
6063 760 cost: 100
[0;36m		[A1. GSK3B::A2. APC] ---  [B1. GSK3B::B2. APC}[0m
[0;36m		[A1. APC::A2. SMAD4] ---  [B1. APC::B2. SMAD4}[0m
6063 950 cost: 100
[0;36m		[A1. GSK3B::A2. APC] ---  [B1. GSK3B::B2. APC}[0m
[0;36m		[A1. APC::A2. TCF7L2] ---  [B1. APC::B2. TCF7L2}[0m
6063 5307 cost: 100
[0;36m		[A1. GSK3B::A2. APC] ---  [B1. GSK3B::B2. APC}[0m
[0;36m		[A1. FOXO1::A2. GSK3B] ---  [B1. FOXO1::B2. GSK3B}[0m
5307 7383 cost: 100
[0;36m		[A1. FOXO1::A2. GSK3B] ---  [B1. FOXO1::B2. GSK3B}[0m
[0;36m		[A1. GSK3B::A2. LRP6] ---  [B1. GSK3B::B2. LRP6}[0m
5307 7572 cost: 100
[0;36m		[A1. FOXO1::A2. GSK3B] ---  [B1. FOXO1::B2. GSK3B}[0m
[0;36m		[A1. GSK3B::A2. MAPK1] ---  [B1. GSK3B::B2. MAPK1}[0m
5307 8138 cost: 100
[0;36m		[A1. FOXO1::A2. GSK3B] ---  [B1. FOXO1::B2. GSK3B}[0m
[0;36m		[A1. GSK3B::A2. PTEN] ---  [B1. GSK3B::B2. PTEN}[0m
5307 8519 cost: 100
[0;36m		[A1. FOXO1::A2. GSK3B] ---  [B1. FOXO1::B2. GSK3B}[0m
[0;36m		[A1. GSK3B::A2. TRAF6] ---  [B1. GSK3B::B2. TRAF6}[0m
382 8897 cost: 100
[0;36m		[A1. APC::A2. KRAS] ---  [B1. APC::B2. KRAS}[0m
[0;36m		[A1. KRAS::A2. BCL2] ---  [B1. KRAS::B2. BCL2}[0m
8897 1518 cost: 100
[0;36m		[A1. KRAS::A2. BCL2] ---  [B1. KRAS::B2. BCL2}[0m
[0;36m		[A1. BCL2::A2. SMAD4] ---  [B1. BCL2::B2. SMAD4}[0m
8897 3414 cost: 100
[0;36m		[A1. KRAS::A2. BCL2] ---  [B1. KRAS::B2. BCL2}[0m
[0;36m		[A1. EGFR::A2. KRAS] ---  [B1. EGFR::B2. KRAS}[0m
3414 3984 cost: 100
[0;36m		[A1. EGFR::A2. KRAS] ---  [B1. EGFR::B2. KRAS}[0m
[0;36m		[A1. ERBIN::A2. EGFR] ---  [B1. ERBIN::B2. EGFR}[0m
8897 4929 cost: 100
[0;36m		[A1. KRAS::A2. BCL2] ---  [B1. KRAS::B2. BCL2}[0m
[0;36m		[A1. FGF2::A2. KRAS] ---  [B1. FGF2::B2. KRAS}[0m
8138 14561 cost: 100
[0;36m		[A1. GSK3B::A2. PTEN] ---  [B1. GSK3B::B2. PTEN}[0m
[0;36m		[A1. PTEN::A2. SMAD4] ---  [B1. PTEN::B2. SMAD4}[0m
8138 14750 cost: 100
[0;36m		[A1. GSK3B::A2. PTEN] ---  [B1. GSK3B::B2. PTEN}[0m
[0;36m		[A1. PTEN::A2. TCF7L2] ---  [B1. PTEN::B2. TCF7L2}[0m
760 15740 cost: 100
[0;36m		[A1. APC::A2. SMAD4] ---  [B1. APC::B2. SMAD4}[0m
[0;36m		[A1. SMAD4::A2. CDC42] ---  [B1. SMAD4::B2. CDC42}[0m
760 16132 cost: 100
[0;36m		[A1. APC::A2. SMAD4] ---  [B1. APC::B2. SMAD4}[0m
[0;36m		[A1. SMAD4::A2. STAT3] ---  [B1. SMAD4::B2. STAT3}[0m
6063 4532 cost: 140
[0;36m		[A1. GSK3B::A2. APC] ---  [B1. GSK3B::B2. APC}[0m
[0;36m		[A1. FBXW7::A2. GSK3B] ---  [B1. BTRC::B2. GSK3B}[0m
5307 7954 cost: 196
[0;36m		[A1. FOXO1::A2. GSK3B] ---  [B1. FOXO1::B2. GSK3B}[0m
[0;36m		[A1. GSK3B::A2. PRKCA] ---  [B1. GSK3B::B2. SMURF2}[0m
6063 1762 cost: 217
[0;36m		[A1. GSK3B::A2. APC] ---  [B1. GSK3B::B2. APC}[0m
[0;36m		[A1. BRAF::A2. GSK3B] ---  [B1. MDM2::B2. GSK3B}[0m
5307 8328 cost: 217
[0;36m		[A1. FOXO1::A2. GSK3B] ---  [B1. FOXO1::B2. GSK3B}[0m
[0;36m		[A1. GSK3B::A2. PTK2] ---  [B1. GSK3B::B2. SMAD1}[0m
14561 13000 cost: 217
[0;36m		[A1. PTEN::A2. SMAD4] ---  [B1. PTEN::B2. SMAD4}[0m
[0;36m		[A1. PIK3CA::A2. PTEN] ---  [B1. DLG1::B2. PTEN}[0m
6063 2177 cost: 227
[0;36m		[A1. GSK3B::A2. APC] ---  [B1. GSK3B::B2. APC}[0m
[0;36m		[A1. BRCA1::A2. GSK3B] ---  [B1. SMAD2::B2. GSK3B}[0m
6063 5733 cost: 266
[0;36m		[A1. GSK3B::A2. APC] ---  [B1. GSK3B::B2. APC}[0m
[0;36m		[A1. FOXO3::A2. GSK3B] ---  [B1. RUNX2::B2. GSK3B}[0m
6063 2860 cost: 363
[0;36m		[A1. GSK3B::A2. APC] ---  [B1. GSK3B::B2. APC}[0m
[0;36m		[A1. CREBBP::A2. GSK3B] ---  [B1. FBXW11::B2. GSK3B}[0m

Displayed tree score: 0.414005

2th run results (2) [new minumum]:0.415172
2 6063 cost: 259
[0;36m		[A1. APC::A2. ERBIN] ---  [B1. APC::B2. DLG1}[0m
[0;36m		[A1. GSK3B::A2. APC] ---  [B1. GSK3B::B2. APC}[0m
6063 382 cost: 100
[0;36m		[A1. GSK3B::A2. APC] ---  [B1. GSK3B::B2. APC}[0m
[0;36m		[A1. APC::A2. KRAS] ---  [B1. APC::B2. KRAS}[0m
6063 571 cost: 100
[0;36m		[A1. GSK3B::A2. APC] ---  [B1. GSK3B::B2. APC}[0m
[0;36m		[A1. APC::A2. LRP6] ---  [B1. APC::B2. LRP6}[0m
6063 760 cost: 100
[0;36m		[A1. GSK3B::A2. APC] ---  [B1. GSK3B::B2. APC}[0m
[0;36m		[A1. APC::A2. SMAD4] ---  [B1. APC::B2. SMAD4}[0m
6063 950 cost: 100
[0;36m		[A1. GSK3B::A2. APC] ---  [B1. GSK3B::B2. APC}[0m
[0;36m		[A1. APC::A2. TCF7L2] ---  [B1. APC::B2. TCF7L2}[0m
6063 5307 cost: 100
[0;36m		[A1. GSK3B::A2. APC] ---  [B1. GSK3B::B2. APC}[0m
[0;36m		[A1. FOXO1::A2. GSK3B] ---  [B1. FOXO1::B2. GSK3B}[0m
5307 7383 cost: 100
[0;36m		[A1. FOXO1::A2. GSK3B] ---  [B1. FOXO1::B2. GSK3B}[0m
[0;36m		[A1. GSK3B::A2. LRP6] ---  [B1. GSK3B::B2. LRP6}[0m
5307 7572 cost: 100
[0;36m		[A1. FOXO1::A2. GSK3B] ---  [B1. FOXO1::B2. GSK3B}[0m
[0;36m		[A1. GSK3B::A2. MAPK1] ---  [B1. GSK3B::B2. MAPK1}[0m
5307 8138 cost: 100
[0;36m		[A1. FOXO1::A2. GSK3B] ---  [B1. FOXO1::B2. GSK3B}[0m
[0;36m		[A1. GSK3B::A2. PTEN] ---  [B1. GSK3B::B2. PTEN}[0m
5307 8519 cost: 100
[0;36m		[A1. FOXO1::A2. GSK3B] ---  [B1. FOXO1::B2. GSK3B}[0m
[0;36m		[A1. GSK3B::A2. TRAF6] ---  [B1. GSK3B::B2. TRAF6}[0m
382 8897 cost: 100
[0;36m		[A1. APC::A2. KRAS] ---  [B1. APC::B2. KRAS}[0m
[0;36m		[A1. KRAS::A2. BCL2] ---  [B1. KRAS::B2. BCL2}[0m
8897 1518 cost: 100
[0;36m		[A1. KRAS::A2. BCL2] ---  [B1. KRAS::B2. BCL2}[0m
[0;36m		[A1. BCL2::A2. SMAD4] ---  [B1. BCL2::B2. SMAD4}[0m
8897 3414 cost: 100
[0;36m		[A1. KRAS::A2. BCL2] ---  [B1. KRAS::B2. BCL2}[0m
[0;36m		[A1. EGFR::A2. KRAS] ---  [B1. EGFR::B2. KRAS}[0m
3414 3984 cost: 100
[0;36m		[A1. EGFR::A2. KRAS] ---  [B1. EGFR::B2. KRAS}[0m
[0;36m		[A1. ERBIN::A2. EGFR] ---  [B1. ERBIN::B2. EGFR}[0m
8897 4929 cost: 100
[0;36m		[A1. KRAS::A2. BCL2] ---  [B1. KRAS::B2. BCL2}[0m
[0;36m		[A1. FGF2::A2. KRAS] ---  [B1. FGF2::B2. KRAS}[0m
8138 14561 cost: 100
[0;36m		[A1. GSK3B::A2. PTEN] ---  [B1. GSK3B::B2. PTEN}[0m
[0;36m		[A1. PTEN::A2. SMAD4] ---  [B1. PTEN::B2. SMAD4}[0m
8138 14750 cost: 100
[0;36m		[A1. GSK3B::A2. PTEN] ---  [B1. GSK3B::B2. PTEN}[0m
[0;36m		[A1. PTEN::A2. TCF7L2] ---  [B1. PTEN::B2. TCF7L2}[0m
760 15740 cost: 100
[0;36m		[A1. APC::A2. SMAD4] ---  [B1. APC::B2. SMAD4}[0m
[0;36m		[A1. SMAD4::A2. CDC42] ---  [B1. SMAD4::B2. CDC42}[0m
760 16132 cost: 100
[0;36m		[A1. APC::A2. SMAD4] ---  [B1. APC::B2. SMAD4}[0m
[0;36m		[A1. SMAD4::A2. STAT3] ---  [B1. SMAD4::B2. STAT3}[0m
6063 4532 cost: 140
[0;36m		[A1. GSK3B::A2. APC] ---  [B1. GSK3B::B2. APC}[0m
[0;36m		[A1. FBXW7::A2. GSK3B] ---  [B1. BTRC::B2. GSK3B}[0m
5307 7954 cost: 196
[0;36m		[A1. FOXO1::A2. GSK3B] ---  [B1. FOXO1::B2. GSK3B}[0m
[0;36m		[A1. GSK3B::A2. PRKCA] ---  [B1. GSK3B::B2. SMURF2}[0m
6063 1762 cost: 217
[0;36m		[A1. GSK3B::A2. APC] ---  [B1. GSK3B::B2. APC}[0m
[0;36m		[A1. BRAF::A2. GSK3B] ---  [B1. MDM2::B2. GSK3B}[0m
5307 8328 cost: 217
[0;36m		[A1. FOXO1::A2. GSK3B] ---  [B1. FOXO1::B2. GSK3B}[0m
[0;36m		[A1. GSK3B::A2. PTK2] ---  [B1. GSK3B::B2. SMAD1}[0m
14561 13000 cost: 217
[0;36m		[A1. PTEN::A2. SMAD4] ---  [B1. PTEN::B2. SMAD4}[0m
[0;36m		[A1. PIK3CA::A2. PTEN] ---  [B1. DLG1::B2. PTEN}[0m
6063 2177 cost: 227
[0;36m		[A1. GSK3B::A2. APC] ---  [B1. GSK3B::B2. APC}[0m
[0;36m		[A1. BRCA1::A2. GSK3B] ---  [B1. SMAD2::B2. GSK3B}[0m
6063 5733 cost: 266
[0;36m		[A1. GSK3B::A2. APC] ---  [B1. GSK3B::B2. APC}[0m
[0;36m		[A1. FOXO3::A2. GSK3B] ---  [B1. RUNX2::B2. GSK3B}[0m
6063 2860 cost: 363
[0;36m		[A1. GSK3B::A2. APC] ---  [B1. GSK3B::B2. APC}[0m
[0;36m		[A1. CREBBP::A2. GSK3B] ---  [B1. FBXW11::B2. GSK3B}[0m

Displayed tree score: 0.415172

3th run results (3) [new minumum]:0.432808
3 3984 cost: 100
[0;36m		[A1. APC::A2. ERBIN] ---  [B1. APC::B2. ERBIN}[0m
[0;36m		[A1. ERBIN::A2. EGFR] ---  [B1. ERBIN::B2. EGFR}[0m
3984 3414 cost: 100
[0;36m		[A1. ERBIN::A2. EGFR] ---  [B1. ERBIN::B2. EGFR}[0m
[0;36m		[A1. EGFR::A2. KRAS] ---  [B1. EGFR::B2. KRAS}[0m
3 6063 cost: 100
[0;36m		[A1. APC::A2. ERBIN] ---  [B1. APC::B2. ERBIN}[0m
[0;36m		[A1. GSK3B::A2. APC] ---  [B1. GSK3B::B2. APC}[0m
6063 382 cost: 100
[0;36m		[A1. GSK3B::A2. APC] ---  [B1. GSK3B::B2. APC}[0m
[0;36m		[A1. APC::A2. KRAS] ---  [B1. APC::B2. KRAS}[0m
6063 571 cost: 100
[0;36m		[A1. GSK3B::A2. APC] ---  [B1. GSK3B::B2. APC}[0m
[0;36m		[A1. APC::A2. LRP6] ---  [B1. APC::B2. LRP6}[0m
6063 760 cost: 100
[0;36m		[A1. GSK3B::A2. APC] ---  [B1. GSK3B::B2. APC}[0m
[0;36m		[A1. APC::A2. SMAD4] ---  [B1. APC::B2. SMAD4}[0m
6063 950 cost: 100
[0;36m		[A1. GSK3B::A2. APC] ---  [B1. GSK3B::B2. APC}[0m
[0;36m		[A1. APC::A2. TCF7L2] ---  [B1. APC::B2. TCF7L2}[0m
6063 5307 cost: 100
[0;36m		[A1. GSK3B::A2. APC] ---  [B1. GSK3B::B2. APC}[0m
[0;36m		[A1. FOXO1::A2. GSK3B] ---  [B1. FOXO1::B2. GSK3B}[0m
5307 7383 cost: 100
[0;36m		[A1. FOXO1::A2. GSK3B] ---  [B1. FOXO1::B2. GSK3B}[0m
[0;36m		[A1. GSK3B::A2. LRP6] ---  [B1. GSK3B::B2. LRP6}[0m
5307 7572 cost: 100
[0;36m		[A1. FOXO1::A2. GSK3B] ---  [B1. FOXO1::B2. GSK3B}[0m
[0;36m		[A1. GSK3B::A2. MAPK1] ---  [B1. GSK3B::B2. MAPK1}[0m
5307 8138 cost: 100
[0;36m		[A1. FOXO1::A2. GSK3B] ---  [B1. FOXO1::B2. GSK3B}[0m
[0;36m		[A1. GSK3B::A2. PTEN] ---  [B1. GSK3B::B2. PTEN}[0m
5307 8519 cost: 100
[0;36m		[A1. FOXO1::A2. GSK3B] ---  [B1. FOXO1::B2. GSK3B}[0m
[0;36m		[A1. GSK3B::A2. TRAF6] ---  [B1. GSK3B::B2. TRAF6}[0m
3414 8897 cost: 100
[0;36m		[A1. EGFR::A2. KRAS] ---  [B1. EGFR::B2. KRAS}[0m
[0;36m		[A1. KRAS::A2. BCL2] ---  [B1. KRAS::B2. BCL2}[0m
8897 1518 cost: 100
[0;36m		[A1. KRAS::A2. BCL2] ---  [B1. KRAS::B2. BCL2}[0m
[0;36m		[A1. BCL2::A2. SMAD4] ---  [B1. BCL2::B2. SMAD4}[0m
8897 4929 cost: 100
[0;36m		[A1. KRAS::A2. BCL2] ---  [B1. KRAS::B2. BCL2}[0m
[0;36m		[A1. FGF2::A2. KRAS] ---  [B1. FGF2::B2. KRAS}[0m
8138 14561 cost: 100
[0;36m		[A1. GSK3B::A2. PTEN] ---  [B1. GSK3B::B2. PTEN}[0m
[0;36m		[A1. PTEN::A2. SMAD4] ---  [B1. PTEN::B2. SMAD4}[0m
8138 14750 cost: 100
[0;36m		[A1. GSK3B::A2. PTEN] ---  [B1. GSK3B::B2. PTEN}[0m
[0;36m		[A1. PTEN::A2. TCF7L2] ---  [B1. PTEN::B2. TCF7L2}[0m
760 15740 cost: 100
[0;36m		[A1. APC::A2. SMAD4] ---  [B1. APC::B2. SMAD4}[0m
[0;36m		[A1. SMAD4::A2. CDC42] ---  [B1. SMAD4::B2. CDC42}[0m
760 16132 cost: 100
[0;36m		[A1. APC::A2. SMAD4] ---  [B1. APC::B2. SMAD4}[0m
[0;36m		[A1. SMAD4::A2. STAT3] ---  [B1. SMAD4::B2. STAT3}[0m
6063 4532 cost: 140
[0;36m		[A1. GSK3B::A2. APC] ---  [B1. GSK3B::B2. APC}[0m
[0;36m		[A1. FBXW7::A2. GSK3B] ---  [B1. BTRC::B2. GSK3B}[0m
5307 7954 cost: 196
[0;36m		[A1. FOXO1::A2. GSK3B] ---  [B1. FOXO1::B2. GSK3B}[0m
[0;36m		[A1. GSK3B::A2. PRKCA] ---  [B1. GSK3B::B2. SMURF2}[0m
6063 1762 cost: 217
[0;36m		[A1. GSK3B::A2. APC] ---  [B1. GSK3B::B2. APC}[0m
[0;36m		[A1. BRAF::A2. GSK3B] ---  [B1. MDM2::B2. GSK3B}[0m
5307 8328 cost: 217
[0;36m		[A1. FOXO1::A2. GSK3B] ---  [B1. FOXO1::B2. GSK3B}[0m
[0;36m		[A1. GSK3B::A2. PTK2] ---  [B1. GSK3B::B2. SMAD1}[0m
14561 13000 cost: 217
[0;36m		[A1. PTEN::A2. SMAD4] ---  [B1. PTEN::B2. SMAD4}[0m
[0;36m		[A1. PIK3CA::A2. PTEN] ---  [B1. DLG1::B2. PTEN}[0m
6063 2177 cost: 227
[0;36m		[A1. GSK3B::A2. APC] ---  [B1. GSK3B::B2. APC}[0m
[0;36m		[A1. BRCA1::A2. GSK3B] ---  [B1. SMAD2::B2. GSK3B}[0m
6063 5733 cost: 266
[0;36m		[A1. GSK3B::A2. APC] ---  [B1. GSK3B::B2. APC}[0m
[0;36m		[A1. FOXO3::A2. GSK3B] ---  [B1. RUNX2::B2. GSK3B}[0m
6063 2860 cost: 363
[0;36m		[A1. GSK3B::A2. APC] ---  [B1. GSK3B::B2. APC}[0m
[0;36m		[A1. CREBBP::A2. GSK3B] ---  [B1. FBXW11::B2. GSK3B}[0m

Displayed tree score: 0.432808

1329th run results (4) [new minumum]:0.435338
1329 8897 cost: 259
[0;36m		[A1. BCL2::A2. PIK3CA] ---  [B1. BCL2::B2. SMAD2}[0m
[0;36m		[A1. KRAS::A2. BCL2] ---  [B1. KRAS::B2. BCL2}[0m
8897 382 cost: 100
[0;36m		[A1. KRAS::A2. BCL2] ---  [B1. KRAS::B2. BCL2}[0m
[0;36m		[A1. APC::A2. KRAS] ---  [B1. APC::B2. KRAS}[0m
8897 1518 cost: 100
[0;36m		[A1. KRAS::A2. BCL2] ---  [B1. KRAS::B2. BCL2}[0m
[0;36m		[A1. BCL2::A2. SMAD4] ---  [B1. BCL2::B2. SMAD4}[0m
8897 3414 cost: 100
[0;36m		[A1. KRAS::A2. BCL2] ---  [B1. KRAS::B2. BCL2}[0m
[0;36m		[A1. EGFR::A2. KRAS] ---  [B1. EGFR::B2. KRAS}[0m
382 3794 cost: 100
[0;36m		[A1. APC::A2. KRAS] ---  [B1. APC::B2. KRAS}[0m
[0;36m		[A1. ERBIN::A2. APC] ---  [B1. ERBIN::B2. APC}[0m
3794 193 cost: 100
[0;36m		[A1. ERBIN::A2. APC] ---  [B1. ERBIN::B2. APC}[0m
[0;36m		[A1. APC::A2. GSK3B] ---  [B1. APC::B2. GSK3B}[0m
3794 571 cost: 100
[0;36m		[A1. ERBIN::A2. APC] ---  [B1. ERBIN::B2. APC}[0m
[0;36m		[A1. APC::A2. LRP6] ---  [B1. APC::B2. LRP6}[0m
3794 760 cost: 100
[0;36m		[A1. ERBIN::A2. APC] ---  [B1. ERBIN::B2. APC}[0m
[0;36m		[A1. APC::A2. SMAD4] ---  [B1. APC::B2. SMAD4}[0m
3794 950 cost: 100
[0;36m		[A1. ERBIN::A2. APC] ---  [B1. ERBIN::B2. APC}[0m
[0;36m		[A1. APC::A2. TCF7L2] ---  [B1. APC::B2. TCF7L2}[0m
3794 3225 cost: 100
[0;36m		[A1. ERBIN::A2. APC] ---  [B1. ERBIN::B2. APC}[0m
[0;36m		[A1. EGFR::A2. ERBIN] ---  [B1. EGFR::B2. ERBIN}[0m
8897 4929 cost: 100
[0;36m		[A1. KRAS::A2. BCL2] ---  [B1. KRAS::B2. BCL2}[0m
[0;36m		[A1. FGF2::A2. KRAS] ---  [B1. FGF2::B2. KRAS}[0m
193 7006 cost: 100
[0;36m		[A1. APC::A2. GSK3B] ---  [B1. APC::B2. GSK3B}[0m
[0;36m		[A1. GSK3B::A2. FOXO1] ---  [B1. GSK3B::B2. FOXO1}[0m
193 7383 cost: 100
[0;36m		[A1. APC::A2. GSK3B] ---  [B1. APC::B2. GSK3B}[0m
[0;36m		[A1. GSK3B::A2. LRP6] ---  [B1. GSK3B::B2. LRP6}[0m
193 7572 cost: 100
[0;36m		[A1. APC::A2. GSK3B] ---  [B1. APC::B2. GSK3B}[0m
[0;36m		[A1. GSK3B::A2. MAPK1] ---  [B1. GSK3B::B2. MAPK1}[0m
193 8138 cost: 100
[0;36m		[A1. APC::A2. GSK3B] ---  [B1. APC::B2. GSK3B}[0m
[0;36m		[A1. GSK3B::A2. PTEN] ---  [B1. GSK3B::B2. PTEN}[0m
193 8519 cost: 100
[0;36m		[A1. APC::A2. GSK3B] ---  [B1. APC::B2. GSK3B}[0m
[0;36m		[A1. GSK3B::A2. TRAF6] ---  [B1. GSK3B::B2. TRAF6}[0m
8138 14561 cost: 100
[0;36m		[A1. GSK3B::A2. PTEN] ---  [B1. GSK3B::B2. PTEN}[0m
[0;36m		[A1. PTEN::A2. SMAD4] ---  [B1. PTEN::B2. SMAD4}[0m
8138 14750 cost: 100
[0;36m		[A1. GSK3B::A2. PTEN] ---  [B1. GSK3B::B2. PTEN}[0m
[0;36m		[A1. PTEN::A2. TCF7L2] ---  [B1. PTEN::B2. TCF7L2}[0m
1518 15740 cost: 100
[0;36m		[A1. BCL2::A2. SMAD4] ---  [B1. BCL2::B2. SMAD4}[0m
[0;36m		[A1. SMAD4::A2. CDC42] ---  [B1. SMAD4::B2. CDC42}[0m
1518 16132 cost: 100
[0;36m		[A1. BCL2::A2. SMAD4] ---  [B1. BCL2::B2. SMAD4}[0m
[0;36m		[A1. SMAD4::A2. STAT3] ---  [B1. SMAD4::B2. STAT3}[0m
7006 4532 cost: 140
[0;36m		[A1. GSK3B::A2. FOXO1] ---  [B1. GSK3B::B2. FOXO1}[0m
[0;36m		[A1. FBXW7::A2. GSK3B] ---  [B1. BTRC::B2. GSK3B}[0m
193 7954 cost: 196
[0;36m		[A1. APC::A2. GSK3B] ---  [B1. APC::B2. GSK3B}[0m
[0;36m		[A1. GSK3B::A2. PRKCA] ---  [B1. GSK3B::B2. SMURF2}[0m
7006 1762 cost: 217
[0;36m		[A1. GSK3B::A2. FOXO1] ---  [B1. GSK3B::B2. FOXO1}[0m
[0;36m		[A1. BRAF::A2. GSK3B] ---  [B1. MDM2::B2. GSK3B}[0m
193 8328 cost: 217
[0;36m		[A1. APC::A2. GSK3B] ---  [B1. APC::B2. GSK3B}[0m
[0;36m		[A1. GSK3B::A2. PTK2] ---  [B1. GSK3B::B2. SMAD1}[0m
14561 13000 cost: 217
[0;36m		[A1. PTEN::A2. SMAD4] ---  [B1. PTEN::B2. SMAD4}[0m
[0;36m		[A1. PIK3CA::A2. PTEN] ---  [B1. DLG1::B2. PTEN}[0m
7006 2177 cost: 227
[0;36m		[A1. GSK3B::A2. FOXO1] ---  [B1. GSK3B::B2. FOXO1}[0m
[0;36m		[A1. BRCA1::A2. GSK3B] ---  [B1. SMAD2::B2. GSK3B}[0m
7006 5733 cost: 266
[0;36m		[A1. GSK3B::A2. FOXO1] ---  [B1. GSK3B::B2. FOXO1}[0m
[0;36m		[A1. FOXO3::A2. GSK3B] ---  [B1. RUNX2::B2. GSK3B}[0m
7006 2860 cost: 363
[0;36m		[A1. GSK3B::A2. FOXO1] ---  [B1. GSK3B::B2. FOXO1}[0m
[0;36m		[A1. CREBBP::A2. GSK3B] ---  [B1. FBXW11::B2. GSK3B}[0m

Displayed tree score: 0.435338

2088th run results (5) [new minumum]:0.443836
2088 6063 cost: 217
[0;36m		[A1. BRCA1::A2. GSK3B] ---  [B1. BTRC::B2. GSK3B}[0m
[0;36m		[A1. GSK3B::A2. APC] ---  [B1. GSK3B::B2. APC}[0m
6063 3 cost: 100
[0;36m		[A1. GSK3B::A2. APC] ---  [B1. GSK3B::B2. APC}[0m
[0;36m		[A1. APC::A2. ERBIN] ---  [B1. APC::B2. ERBIN}[0m
6063 382 cost: 100
[0;36m		[A1. GSK3B::A2. APC] ---  [B1. GSK3B::B2. APC}[0m
[0;36m		[A1. APC::A2. KRAS] ---  [B1. APC::B2. KRAS}[0m
6063 571 cost: 100
[0;36m		[A1. GSK3B::A2. APC] ---  [B1. GSK3B::B2. APC}[0m
[0;36m		[A1. APC::A2. LRP6] ---  [B1. APC::B2. LRP6}[0m
6063 760 cost: 100
[0;36m		[A1. GSK3B::A2. APC] ---  [B1. GSK3B::B2. APC}[0m
[0;36m		[A1. APC::A2. SMAD4] ---  [B1. APC::B2. SMAD4}[0m
6063 950 cost: 100
[0;36m		[A1. GSK3B::A2. APC] ---  [B1. GSK3B::B2. APC}[0m
[0;36m		[A1. APC::A2. TCF7L2] ---  [B1. APC::B2. TCF7L2}[0m
3 3984 cost: 100
[0;36m		[A1. APC::A2. ERBIN] ---  [B1. APC::B2. ERBIN}[0m
[0;36m		[A1. ERBIN::A2. EGFR] ---  [B1. ERBIN::B2. EGFR}[0m
3984 3414 cost: 100
[0;36m		[A1. ERBIN::A2. EGFR] ---  [B1. ERBIN::B2. EGFR}[0m
[0;36m		[A1. EGFR::A2. KRAS] ---  [B1. EGFR::B2. KRAS}[0m
6063 5307 cost: 100
[0;36m		[A1. GSK3B::A2. APC] ---  [B1. GSK3B::B2. APC}[0m
[0;36m		[A1. FOXO1::A2. GSK3B] ---  [B1. FOXO1::B2. GSK3B}[0m
5307 7383 cost: 100
[0;36m		[A1. FOXO1::A2. GSK3B] ---  [B1. FOXO1::B2. GSK3B}[0m
[0;36m		[A1. GSK3B::A2. LRP6] ---  [B1. GSK3B::B2. LRP6}[0m
5307 7572 cost: 100
[0;36m		[A1. FOXO1::A2. GSK3B] ---  [B1. FOXO1::B2. GSK3B}[0m
[0;36m		[A1. GSK3B::A2. MAPK1] ---  [B1. GSK3B::B2. MAPK1}[0m
5307 8138 cost: 100
[0;36m		[A1. FOXO1::A2. GSK3B] ---  [B1. FOXO1::B2. GSK3B}[0m
[0;36m		[A1. GSK3B::A2. PTEN] ---  [B1. GSK3B::B2. PTEN}[0m
5307 8519 cost: 100
[0;36m		[A1. FOXO1::A2. GSK3B] ---  [B1. FOXO1::B2. GSK3B}[0m
[0;36m		[A1. GSK3B::A2. TRAF6] ---  [B1. GSK3B::B2. TRAF6}[0m
382 8897 cost: 100
[0;36m		[A1. APC::A2. KRAS] ---  [B1. APC::B2. KRAS}[0m
[0;36m		[A1. KRAS::A2. BCL2] ---  [B1. KRAS::B2. BCL2}[0m
8897 1518 cost: 100
[0;36m		[A1. KRAS::A2. BCL2] ---  [B1. KRAS::B2. BCL2}[0m
[0;36m		[A1. BCL2::A2. SMAD4] ---  [B1. BCL2::B2. SMAD4}[0m
8897 4929 cost: 100
[0;36m		[A1. KRAS::A2. BCL2] ---  [B1. KRAS::B2. BCL2}[0m
[0;36m		[A1. FGF2::A2. KRAS] ---  [B1. FGF2::B2. KRAS}[0m
8138 14561 cost: 100
[0;36m		[A1. GSK3B::A2. PTEN] ---  [B1. GSK3B::B2. PTEN}[0m
[0;36m		[A1. PTEN::A2. SMAD4] ---  [B1. PTEN::B2. SMAD4}[0m
8138 14750 cost: 100
[0;36m		[A1. GSK3B::A2. PTEN] ---  [B1. GSK3B::B2. PTEN}[0m
[0;36m		[A1. PTEN::A2. TCF7L2] ---  [B1. PTEN::B2. TCF7L2}[0m
760 15740 cost: 100
[0;36m		[A1. APC::A2. SMAD4] ---  [B1. APC::B2. SMAD4}[0m
[0;36m		[A1. SMAD4::A2. CDC42] ---  [B1. SMAD4::B2. CDC42}[0m
760 16132 cost: 100
[0;36m		[A1. APC::A2. SMAD4] ---  [B1. APC::B2. SMAD4}[0m
[0;36m		[A1. SMAD4::A2. STAT3] ---  [B1. SMAD4::B2. STAT3}[0m
6063 4552 cost: 144
[0;36m		[A1. GSK3B::A2. APC] ---  [B1. GSK3B::B2. APC}[0m
[0;36m		[A1. FBXW7::A2. GSK3B] ---  [B1. FBXW11::B2. GSK3B}[0m
5307 7954 cost: 196
[0;36m		[A1. FOXO1::A2. GSK3B] ---  [B1. FOXO1::B2. GSK3B}[0m
[0;36m		[A1. GSK3B::A2. PRKCA] ---  [B1. GSK3B::B2. SMURF2}[0m
6063 1762 cost: 217
[0;36m		[A1. GSK3B::A2. APC] ---  [B1. GSK3B::B2. APC}[0m
[0;36m		[A1. BRAF::A2. GSK3B] ---  [B1. MDM2::B2. GSK3B}[0m
5307 8328 cost: 217
[0;36m		[A1. FOXO1::A2. GSK3B] ---  [B1. FOXO1::B2. GSK3B}[0m
[0;36m		[A1. GSK3B::A2. PTK2] ---  [B1. GSK3B::B2. SMAD1}[0m
14561 13000 cost: 217
[0;36m		[A1. PTEN::A2. SMAD4] ---  [B1. PTEN::B2. SMAD4}[0m
[0;36m		[A1. PIK3CA::A2. PTEN] ---  [B1. DLG1::B2. PTEN}[0m
6063 5749 cost: 235
[0;36m		[A1. GSK3B::A2. APC] ---  [B1. GSK3B::B2. APC}[0m
[0;36m		[A1. FOXO3::A2. GSK3B] ---  [B1. SMAD2::B2. GSK3B}[0m
6063 2913 cost: 307
[0;36m		[A1. GSK3B::A2. APC] ---  [B1. GSK3B::B2. APC}[0m
[0;36m		[A1. CREBBP::A2. GSK3B] ---  [B1. RUNX2::B2. GSK3B}[0m

Displayed tree score: 0.443836

2840th run results (6) [new minumum]:0.449875
2840 6063 cost: 217
[0;36m		[A1. CREBBP::A2. GSK3B] ---  [B1. BTRC::B2. GSK3B}[0m
[0;36m		[A1. GSK3B::A2. APC] ---  [B1. GSK3B::B2. APC}[0m
6063 3 cost: 100
[0;36m		[A1. GSK3B::A2. APC] ---  [B1. GSK3B::B2. APC}[0m
[0;36m		[A1. APC::A2. ERBIN] ---  [B1. APC::B2. ERBIN}[0m
6063 382 cost: 100
[0;36m		[A1. GSK3B::A2. APC] ---  [B1. GSK3B::B2. APC}[0m
[0;36m		[A1. APC::A2. KRAS] ---  [B1. APC::B2. KRAS}[0m
6063 571 cost: 100
[0;36m		[A1. GSK3B::A2. APC] ---  [B1. GSK3B::B2. APC}[0m
[0;36m		[A1. APC::A2. LRP6] ---  [B1. APC::B2. LRP6}[0m
6063 760 cost: 100
[0;36m		[A1. GSK3B::A2. APC] ---  [B1. GSK3B::B2. APC}[0m
[0;36m		[A1. APC::A2. SMAD4] ---  [B1. APC::B2. SMAD4}[0m
6063 950 cost: 100
[0;36m		[A1. GSK3B::A2. APC] ---  [B1. GSK3B::B2. APC}[0m
[0;36m		[A1. APC::A2. TCF7L2] ---  [B1. APC::B2. TCF7L2}[0m
3 3984 cost: 100
[0;36m		[A1. APC::A2. ERBIN] ---  [B1. APC::B2. ERBIN}[0m
[0;36m		[A1. ERBIN::A2. EGFR] ---  [B1. ERBIN::B2. EGFR}[0m
3984 3414 cost: 100
[0;36m		[A1. ERBIN::A2. EGFR] ---  [B1. ERBIN::B2. EGFR}[0m
[0;36m		[A1. EGFR::A2. KRAS] ---  [B1. EGFR::B2. KRAS}[0m
6063 5307 cost: 100
[0;36m		[A1. GSK3B::A2. APC] ---  [B1. GSK3B::B2. APC}[0m
[0;36m		[A1. FOXO1::A2. GSK3B] ---  [B1. FOXO1::B2. GSK3B}[0m
5307 7383 cost: 100
[0;36m		[A1. FOXO1::A2. GSK3B] ---  [B1. FOXO1::B2. GSK3B}[0m
[0;36m		[A1. GSK3B::A2. LRP6] ---  [B1. GSK3B::B2. LRP6}[0m
5307 7572 cost: 100
[0;36m		[A1. FOXO1::A2. GSK3B] ---  [B1. FOXO1::B2. GSK3B}[0m
[0;36m		[A1. GSK3B::A2. MAPK1] ---  [B1. GSK3B::B2. MAPK1}[0m
5307 8138 cost: 100
[0;36m		[A1. FOXO1::A2. GSK3B] ---  [B1. FOXO1::B2. GSK3B}[0m
[0;36m		[A1. GSK3B::A2. PTEN] ---  [B1. GSK3B::B2. PTEN}[0m
5307 8519 cost: 100
[0;36m		[A1. FOXO1::A2. GSK3B] ---  [B1. FOXO1::B2. GSK3B}[0m
[0;36m		[A1. GSK3B::A2. TRAF6] ---  [B1. GSK3B::B2. TRAF6}[0m
382 8897 cost: 100
[0;36m		[A1. APC::A2. KRAS] ---  [B1. APC::B2. KRAS}[0m
[0;36m		[A1. KRAS::A2. BCL2] ---  [B1. KRAS::B2. BCL2}[0m
8897 1518 cost: 100
[0;36m		[A1. KRAS::A2. BCL2] ---  [B1. KRAS::B2. BCL2}[0m
[0;36m		[A1. BCL2::A2. SMAD4] ---  [B1. BCL2::B2. SMAD4}[0m
8897 4929 cost: 100
[0;36m		[A1. KRAS::A2. BCL2] ---  [B1. KRAS::B2. BCL2}[0m
[0;36m		[A1. FGF2::A2. KRAS] ---  [B1. FGF2::B2. KRAS}[0m
8138 14561 cost: 100
[0;36m		[A1. GSK3B::A2. PTEN] ---  [B1. GSK3B::B2. PTEN}[0m
[0;36m		[A1. PTEN::A2. SMAD4] ---  [B1. PTEN::B2. SMAD4}[0m
8138 14750 cost: 100
[0;36m		[A1. GSK3B::A2. PTEN] ---  [B1. GSK3B::B2. PTEN}[0m
[0;36m		[A1. PTEN::A2. TCF7L2] ---  [B1. PTEN::B2. TCF7L2}[0m
760 15740 cost: 100
[0;36m		[A1. APC::A2. SMAD4] ---  [B1. APC::B2. SMAD4}[0m
[0;36m		[A1. SMAD4::A2. CDC42] ---  [B1. SMAD4::B2. CDC42}[0m
760 16132 cost: 100
[0;36m		[A1. APC::A2. SMAD4] ---  [B1. APC::B2. SMAD4}[0m
[0;36m		[A1. SMAD4::A2. STAT3] ---  [B1. SMAD4::B2. STAT3}[0m
6063 4552 cost: 144
[0;36m		[A1. GSK3B::A2. APC] ---  [B1. GSK3B::B2. APC}[0m
[0;36m		[A1. FBXW7::A2. GSK3B] ---  [B1. FBXW11::B2. GSK3B}[0m
5307 7954 cost: 196
[0;36m		[A1. FOXO1::A2. GSK3B] ---  [B1. FOXO1::B2. GSK3B}[0m
[0;36m		[A1. GSK3B::A2. PRKCA] ---  [B1. GSK3B::B2. SMURF2}[0m
6063 1762 cost: 217
[0;36m		[A1. GSK3B::A2. APC] ---  [B1. GSK3B::B2. APC}[0m
[0;36m		[A1. BRAF::A2. GSK3B] ---  [B1. MDM2::B2. GSK3B}[0m
5307 8328 cost: 217
[0;36m		[A1. FOXO1::A2. GSK3B] ---  [B1. FOXO1::B2. GSK3B}[0m
[0;36m		[A1. GSK3B::A2. PTK2] ---  [B1. GSK3B::B2. SMAD1}[0m
14561 13000 cost: 217
[0;36m		[A1. PTEN::A2. SMAD4] ---  [B1. PTEN::B2. SMAD4}[0m
[0;36m		[A1. PIK3CA::A2. PTEN] ---  [B1. DLG1::B2. PTEN}[0m
6063 2177 cost: 227
[0;36m		[A1. GSK3B::A2. APC] ---  [B1. GSK3B::B2. APC}[0m
[0;36m		[A1. BRCA1::A2. GSK3B] ---  [B1. SMAD2::B2. GSK3B}[0m
6063 5733 cost: 266
[0;36m		[A1. GSK3B::A2. APC] ---  [B1. GSK3B::B2. APC}[0m
[0;36m		[A1. FOXO3::A2. GSK3B] ---  [B1. RUNX2::B2. GSK3B}[0m

Displayed tree score: 0.449875

Petal1:46	Petal2:94	treecost: 3601	 tree size:27
$RESULT$	PIK3CA	SMAD2	norm_score:	0.449875
[0m
[1 min 2 sec] All done in 
