COMMAND: /Users/gurkan/Box/Research/INSPIRE/inspire-replication/src/INSPIRE /Users/gurkan/Box/Research/INSPIRE/inspire-replication/database/inspire.sqlite PIK3CA PLCG2 inspire_legacy_v1

GO normalization for inspire_legacy_v1: 14.1026
GO normalization in use: 14.1026
Loaded 5995 GO pair scores for inspire_legacy_v1
Create two petals
Begin PETAL setup
new petal PIK3CA (25)
# 46 interactions in PIK3CA
Done adding UniProt and Pfam annotations for PIK3CA.
new petal PLCG2 (4)
# 3 interactions in PLCG2
Done adding UniProt and Pfam annotations for PLCG2.
Petal Sizes: 25, 4
[1;32mPetal Name: [1;33mPIK3CA
[1;32mPetal Size: [1;33m25[0;31m
APC
BCL2
BRAF
BRCA1
CDC42
CREBBP
EGFR
ERBIN
ETV6
FBXW7
FGF2
FOXO1
FOXO3
GSK3B
KRAS
LRP6
MAPK1
PIK3CA
PRKCA
PTEN
PTK2
SMAD4
STAT3
TCF7L2
TRAF6
[0m---- 
[1;36mPetal Interactions[0;32m
1 ERBIN	pp	APC
2 ERBIN	pp	EGFR
3 GSK3B	pp	APC
4 GSK3B	pp	BRAF
5 GSK3B	pp	BRCA1
6 GSK3B	pp	CREBBP
7 GSK3B	pp	FBXW7
8 GSK3B	pp	FOXO1
9 GSK3B	pp	FOXO3
10 KRAS	pp	APC
11 KRAS	pp	BCL2
12 KRAS	pp	EGFR
13 KRAS	pp	FGF2
14 LRP6	pp	APC
15 LRP6	pp	ETV6
16 LRP6	pp	GSK3B
17 MAPK1	pp	GSK3B
18 PIK3CA	pp	BCL2
19 PIK3CA	pp	BRAF
20 PIK3CA	pp	BRCA1
21 PIK3CA	pp	CDC42
22 PIK3CA	pp	CREBBP
23 PIK3CA	pp	EGFR
24 PIK3CA	pp	ETV6
25 PIK3CA	pp	FBXW7
26 PIK3CA	pp	FGF2
27 PIK3CA	pp	FOXO1
28 PIK3CA	pp	FOXO3
29 PIK3CA	pp	GSK3B
30 PIK3CA	pp	MAPK1
31 PRKCA	pp	GSK3B
32 PRKCA	pp	PIK3CA
33 PTEN	pp	GSK3B
34 PTEN	pp	PIK3CA
35 PTK2	pp	GSK3B
36 PTK2	pp	PIK3CA
37 SMAD4	pp	APC
38 SMAD4	pp	BCL2
39 SMAD4	pp	CDC42
40 SMAD4	pp	PTEN
41 STAT3	pp	PIK3CA
42 STAT3	pp	SMAD4
43 TCF7L2	pp	APC
44 TCF7L2	pp	PTEN
45 TRAF6	pp	GSK3B
46 TRAF6	pp	PIK3CA
[0m
[1;32mPetal Name: [1;33mPLCG2
[1;32mPetal Size: [1;33m4[0;31m
APC
JAK2
KRAS
PLCG2
[0m---- 
[1;36mPetal Interactions[0;32m
1 KRAS	pp	APC
2 KRAS	pp	JAK2
3 PLCG2	pp	JAK2
[0m
Done creating Petals.
petals are loaded
[1;32mAGE for [0;36mPIK3CA - PLCG2[0m
[0;35minitial size for AGE: 0[0m
counterPetal1 92
counterPetal2 6
counterPetal1*counterPetal2 552
(*AGE).size()=552
[0m---- 
[1;33mAGE nodes: 552[0m
Allocate AGEgraph :  552 x 552	304704 bytes

[0 min 0 sec] Nodes are done in 

[0 min 0 sec] Edges are done in 
0th run results (0) [new minumum]:0.10983
0 130 cost: 1052
[0;36m		[A1. APC::A2. ERBIN] ---  [B1. APC::B2. KRAS}[0m
[0;36m		[A1. ERBIN::A2. EGFR] ---  [B1. KRAS::B2. JAK2}[0m
130 116 cost: 769
[0;36m		[A1. ERBIN::A2. EGFR] ---  [B1. KRAS::B2. JAK2}[0m
[0;36m		[A1. EGFR::A2. PIK3CA] ---  [B1. JAK2::B2. PLCG2}[0m

Displayed tree score: 0.10983

1th run results (1) [new minumum]:0.113058
1 197 cost: 769
[0;36m		[A1. APC::A2. ERBIN] ---  [B1. JAK2::B2. KRAS}[0m
[0;36m		[A1. GSK3B::A2. APC] ---  [B1. PLCG2::B2. JAK2}[0m
197 285 cost: 1000
[0;36m		[A1. GSK3B::A2. APC] ---  [B1. PLCG2::B2. JAK2}[0m
[0;36m		[A1. KRAS::A2. BCL2] ---  [B1. KRAS::B2. APC}[0m

Displayed tree score: 0.113058

2th run results (2) [new minumum]:0.186741
2 280 cost: 606
[0;36m		[A1. APC::A2. ERBIN] ---  [B1. JAK2::B2. PLCG2}[0m
[0;36m		[A1. KRAS::A2. APC] ---  [B1. KRAS::B2. JAK2}[0m
280 36 cost: 465
[0;36m		[A1. KRAS::A2. APC] ---  [B1. KRAS::B2. JAK2}[0m
[0;36m		[A1. BCL2::A2. KRAS] ---  [B1. APC::B2. KRAS}[0m

Displayed tree score: 0.186741

6th run results (3) [new minumum]:0.192308
6 208 cost: 500
[0;36m		[A1. APC::A2. GSK3B] ---  [B1. APC::B2. KRAS}[0m
[0;36m		[A1. GSK3B::A2. BRCA1] ---  [B1. KRAS::B2. JAK2}[0m
208 74 cost: 540
[0;36m		[A1. GSK3B::A2. BRCA1] ---  [B1. KRAS::B2. JAK2}[0m
[0;36m		[A1. BRCA1::A2. PIK3CA] ---  [B1. JAK2::B2. PLCG2}[0m

Displayed tree score: 0.192308

8th run results (4) [new minumum]:0.207254
8 280 cost: 500
[0;36m		[A1. APC::A2. GSK3B] ---  [B1. JAK2::B2. PLCG2}[0m
[0;36m		[A1. KRAS::A2. APC] ---  [B1. KRAS::B2. JAK2}[0m
280 36 cost: 465
[0;36m		[A1. KRAS::A2. APC] ---  [B1. KRAS::B2. JAK2}[0m
[0;36m		[A1. BCL2::A2. KRAS] ---  [B1. APC::B2. KRAS}[0m

Displayed tree score: 0.207254

12th run results (5) [new minumum]:0.314465
12 292 cost: 192
[0;36m		[A1. APC::A2. KRAS] ---  [B1. APC::B2. KRAS}[0m
[0;36m		[A1. KRAS::A2. EGFR] ---  [B1. KRAS::B2. JAK2}[0m
292 116 cost: 444
[0;36m		[A1. KRAS::A2. EGFR] ---  [B1. KRAS::B2. JAK2}[0m
[0;36m		[A1. EGFR::A2. PIK3CA] ---  [B1. JAK2::B2. PLCG2}[0m

Displayed tree score: 0.314465

Petal1:46	Petal2:3	treecost: 636	 tree size:2
$RESULT$	PIK3CA	PLCG2	norm_score:	0.314465
[0m
[0 min 0 sec] All done in 
