COMMAND: /Users/gurkan/Box/Research/INSPIRE/inspire-replication/src/INSPIRE /Users/gurkan/Box/Research/INSPIRE/inspire-replication/database/inspire.sqlite PIK3CA SMAD4 inspire_legacy_v1

GO normalization for inspire_legacy_v1: 14.1026
GO normalization in use: 14.1026
Loaded 5995 GO pair scores for inspire_legacy_v1
Create two petals
Begin PETAL setup
new petal PIK3CA (25)
# 46 interactions in PIK3CA
Done adding UniProt and Pfam annotations for PIK3CA.
new petal SMAD4 (25)
# 48 interactions in SMAD4
Done adding UniProt and Pfam annotations for SMAD4.
Petal Sizes: 25, 25
[1;32mPetal Name: [1;33mPIK3CA
[1;32mPetal Size: [1;33m25[0;31m
APC
BCL2
BRAF
BRCA1
CDC42
CREBBP
EGFR
ERBIN
ETV6
FBXW7
FGF2
FOXO1
FOXO3
GSK3B
KRAS
LRP6
MAPK1
PIK3CA
PRKCA
PTEN
PTK2
SMAD4
STAT3
TCF7L2
TRAF6
[0m---- 
[1;36mPetal Interactions[0;32m
1 ERBIN	pp	APC
2 ERBIN	pp	EGFR
3 GSK3B	pp	APC
4 GSK3B	pp	BRAF
5 GSK3B	pp	BRCA1
6 GSK3B	pp	CREBBP
7 GSK3B	pp	FBXW7
8 GSK3B	pp	FOXO1
9 GSK3B	pp	FOXO3
10 KRAS	pp	APC
11 KRAS	pp	BCL2
12 KRAS	pp	EGFR
13 KRAS	pp	FGF2
14 LRP6	pp	APC
15 LRP6	pp	ETV6
16 LRP6	pp	GSK3B
17 MAPK1	pp	GSK3B
18 PIK3CA	pp	BCL2
19 PIK3CA	pp	BRAF
20 PIK3CA	pp	BRCA1
21 PIK3CA	pp	CDC42
22 PIK3CA	pp	CREBBP
23 PIK3CA	pp	EGFR
24 PIK3CA	pp	ETV6
25 PIK3CA	pp	FBXW7
26 PIK3CA	pp	FGF2
27 PIK3CA	pp	FOXO1
28 PIK3CA	pp	FOXO3
29 PIK3CA	pp	GSK3B
30 PIK3CA	pp	MAPK1
31 PRKCA	pp	GSK3B
32 PRKCA	pp	PIK3CA
33 PTEN	pp	GSK3B
34 PTEN	pp	PIK3CA
35 PTK2	pp	GSK3B
36 PTK2	pp	PIK3CA
37 SMAD4	pp	APC
38 SMAD4	pp	BCL2
39 SMAD4	pp	CDC42
40 SMAD4	pp	PTEN
41 STAT3	pp	PIK3CA
42 STAT3	pp	SMAD4
43 TCF7L2	pp	APC
44 TCF7L2	pp	PTEN
45 TRAF6	pp	GSK3B
46 TRAF6	pp	PIK3CA
[0m
[1;32mPetal Name: [1;33mSMAD4
[1;32mPetal Size: [1;33m25[0;31m
APC
BCL2
BTRC
CDC42
ERBIN
GSK3B
HIF1A
KRAS
LRRK2
MAP2K1
MAPK1
NCOR1
PTEN
RBPJ
SIAH1
SIN3A
SMAD1
SMAD2
SMAD4
SMURF2
SP1
TBL1XR1
TCF7L2
TNKS
WWTR1
[0m---- 
[1;36mPetal Interactions[0;32m
1 BTRC	pp	APC
2 CDC42	pp	APC
3 ERBIN	pp	APC
4 ERBIN	pp	CDC42
5 GSK3B	pp	APC
6 HIF1A	pp	GSK3B
7 KRAS	pp	APC
8 KRAS	pp	BCL2
9 KRAS	pp	HIF1A
10 LRRK2	pp	APC
11 LRRK2	pp	HIF1A
12 MAP2K1	pp	BTRC
13 MAP2K1	pp	CDC42
14 MAPK1	pp	GSK3B
15 PTEN	pp	CDC42
16 PTEN	pp	GSK3B
17 SIAH1	pp	APC
18 SIAH1	pp	HIF1A
19 SMAD1	pp	GSK3B
20 SMAD2	pp	CDC42
21 SMAD2	pp	ERBIN
22 SMAD2	pp	GSK3B
23 SMAD4	pp	APC
24 SMAD4	pp	BCL2
25 SMAD4	pp	CDC42
26 SMAD4	pp	HIF1A
27 SMAD4	pp	MAP2K1
28 SMAD4	pp	MAPK1
29 SMAD4	pp	NCOR1
30 SMAD4	pp	PTEN
31 SMAD4	pp	RBPJ
32 SMAD4	pp	SIN3A
33 SMAD4	pp	SMAD1
34 SMAD4	pp	SMAD2
35 SMURF2	pp	GSK3B
36 SMURF2	pp	SMAD4
37 SP1	pp	BTRC
38 SP1	pp	SMAD4
39 TBL1XR1	pp	APC
40 TBL1XR1	pp	NCOR1
41 TBL1XR1	pp	RBPJ
42 TBL1XR1	pp	SIN3A
43 TCF7L2	pp	APC
44 TCF7L2	pp	PTEN
45 TNKS	pp	APC
46 TNKS	pp	PTEN
47 WWTR1	pp	BTRC
48 WWTR1	pp	SMAD4
[0m
Done creating Petals.
petals are loaded
[1;32mAGE for [0;36mPIK3CA - SMAD4[0m
[0;35minitial size for AGE: 0[0m
counterPetal1 92
counterPetal2 96
counterPetal1*counterPetal2 8832
(*AGE).size()=8832
[0m---- 
[1;33mAGE nodes: 8832[0m
Allocate AGEgraph :  8832 x 8832	78004224 bytes

[0 min 0 sec] Nodes are done in 

[0 min 4 sec] Edges are done in 
0th run results (0) [new minumum]:0.179392
0 3098 cost: 434
[0;36m		[A1. APC::A2. ERBIN] ---  [B1. APC::B2. BTRC}[0m
[0;36m		[A1. GSK3B::A2. APC] ---  [B1. GSK3B::B2. APC}[0m
3098 196 cost: 100
[0;36m		[A1. GSK3B::A2. APC] ---  [B1. GSK3B::B2. APC}[0m
[0;36m		[A1. APC::A2. KRAS] ---  [B1. APC::B2. KRAS}[0m
3098 391 cost: 100
[0;36m		[A1. GSK3B::A2. APC] ---  [B1. GSK3B::B2. APC}[0m
[0;36m		[A1. APC::A2. SMAD4] ---  [B1. APC::B2. SMAD4}[0m
3098 489 cost: 100
[0;36m		[A1. GSK3B::A2. APC] ---  [B1. GSK3B::B2. APC}[0m
[0;36m		[A1. APC::A2. TCF7L2] ---  [B1. APC::B2. TCF7L2}[0m
196 4551 cost: 100
[0;36m		[A1. APC::A2. KRAS] ---  [B1. APC::B2. KRAS}[0m
[0;36m		[A1. KRAS::A2. BCL2] ---  [B1. KRAS::B2. BCL2}[0m
4551 780 cost: 100
[0;36m		[A1. KRAS::A2. BCL2] ---  [B1. KRAS::B2. BCL2}[0m
[0;36m		[A1. BCL2::A2. SMAD4] ---  [B1. BCL2::B2. SMAD4}[0m
3098 5134 cost: 100
[0;36m		[A1. GSK3B::A2. APC] ---  [B1. GSK3B::B2. APC}[0m
[0;36m		[A1. MAPK1::A2. GSK3B] ---  [B1. MAPK1::B2. GSK3B}[0m
5134 4157 cost: 100
[0;36m		[A1. MAPK1::A2. GSK3B] ---  [B1. MAPK1::B2. GSK3B}[0m
[0;36m		[A1. GSK3B::A2. PTEN] ---  [B1. GSK3B::B2. PTEN}[0m
4157 7444 cost: 100
[0;36m		[A1. GSK3B::A2. PTEN] ---  [B1. GSK3B::B2. PTEN}[0m
[0;36m		[A1. PTEN::A2. SMAD4] ---  [B1. PTEN::B2. SMAD4}[0m
4157 7541 cost: 100
[0;36m		[A1. GSK3B::A2. PTEN] ---  [B1. GSK3B::B2. PTEN}[0m
[0;36m		[A1. PTEN::A2. TCF7L2] ---  [B1. PTEN::B2. TCF7L2}[0m
391 8037 cost: 100
[0;36m		[A1. APC::A2. SMAD4] ---  [B1. APC::B2. SMAD4}[0m
[0;36m		[A1. SMAD4::A2. CDC42] ---  [B1. SMAD4::B2. CDC42}[0m
5134 4064 cost: 196
[0;36m		[A1. MAPK1::A2. GSK3B] ---  [B1. MAPK1::B2. GSK3B}[0m
[0;36m		[A1. GSK3B::A2. PRKCA] ---  [B1. GSK3B::B2. SMURF2}[0m
3098 897 cost: 217
[0;36m		[A1. GSK3B::A2. APC] ---  [B1. GSK3B::B2. APC}[0m
[0;36m		[A1. BRAF::A2. GSK3B] ---  [B1. HIF1A::B2. GSK3B}[0m
8037 1267 cost: 217
[0;36m		[A1. SMAD4::A2. CDC42] ---  [B1. SMAD4::B2. CDC42}[0m
[0;36m		[A1. CDC42::A2. PIK3CA] ---  [B1. CDC42::B2. MAP2K1}[0m
5134 4254 cost: 217
[0;36m		[A1. MAPK1::A2. GSK3B] ---  [B1. MAPK1::B2. GSK3B}[0m
[0;36m		[A1. GSK3B::A2. PTK2] ---  [B1. GSK3B::B2. SMAD1}[0m
391 8233 cost: 217
[0;36m		[A1. APC::A2. SMAD4] ---  [B1. APC::B2. SMAD4}[0m
[0;36m		[A1. SMAD4::A2. STAT3] ---  [B1. SMAD4::B2. NCOR1}[0m
3098 293 cost: 227
[0;36m		[A1. GSK3B::A2. APC] ---  [B1. GSK3B::B2. APC}[0m
[0;36m		[A1. APC::A2. LRP6] ---  [B1. APC::B2. LRRK2}[0m
3098 1121 cost: 227
[0;36m		[A1. GSK3B::A2. APC] ---  [B1. GSK3B::B2. APC}[0m
[0;36m		[A1. BRCA1::A2. GSK3B] ---  [B1. SMAD2::B2. GSK3B}[0m
8037 5707 cost: 465
[0;36m		[A1. SMAD4::A2. CDC42] ---  [B1. SMAD4::B2. CDC42}[0m
[0;36m		[A1. PIK3CA::A2. CREBBP] ---  [B1. MAP2K1::B2. BTRC}[0m
196 1688 cost: 1538
[0;36m		[A1. APC::A2. KRAS] ---  [B1. APC::B2. KRAS}[0m
[0;36m		[A1. EGFR::A2. ERBIN] ---  [B1. RBPJ::B2. TBL1XR1}[0m

Displayed tree score: 0.179392

1th run results (1) [new minumum]:0.185533
1 3098 cost: 270
[0;36m		[A1. APC::A2. ERBIN] ---  [B1. APC::B2. CDC42}[0m
[0;36m		[A1. GSK3B::A2. APC] ---  [B1. GSK3B::B2. APC}[0m
3098 196 cost: 100
[0;36m		[A1. GSK3B::A2. APC] ---  [B1. GSK3B::B2. APC}[0m
[0;36m		[A1. APC::A2. KRAS] ---  [B1. APC::B2. KRAS}[0m
3098 391 cost: 100
[0;36m		[A1. GSK3B::A2. APC] ---  [B1. GSK3B::B2. APC}[0m
[0;36m		[A1. APC::A2. SMAD4] ---  [B1. APC::B2. SMAD4}[0m
3098 489 cost: 100
[0;36m		[A1. GSK3B::A2. APC] ---  [B1. GSK3B::B2. APC}[0m
[0;36m		[A1. APC::A2. TCF7L2] ---  [B1. APC::B2. TCF7L2}[0m
196 4551 cost: 100
[0;36m		[A1. APC::A2. KRAS] ---  [B1. APC::B2. KRAS}[0m
[0;36m		[A1. KRAS::A2. BCL2] ---  [B1. KRAS::B2. BCL2}[0m
4551 780 cost: 100
[0;36m		[A1. KRAS::A2. BCL2] ---  [B1. KRAS::B2. BCL2}[0m
[0;36m		[A1. BCL2::A2. SMAD4] ---  [B1. BCL2::B2. SMAD4}[0m
3098 5134 cost: 100
[0;36m		[A1. GSK3B::A2. APC] ---  [B1. GSK3B::B2. APC}[0m
[0;36m		[A1. MAPK1::A2. GSK3B] ---  [B1. MAPK1::B2. GSK3B}[0m
5134 4157 cost: 100
[0;36m		[A1. MAPK1::A2. GSK3B] ---  [B1. MAPK1::B2. GSK3B}[0m
[0;36m		[A1. GSK3B::A2. PTEN] ---  [B1. GSK3B::B2. PTEN}[0m
4157 7444 cost: 100
[0;36m		[A1. GSK3B::A2. PTEN] ---  [B1. GSK3B::B2. PTEN}[0m
[0;36m		[A1. PTEN::A2. SMAD4] ---  [B1. PTEN::B2. SMAD4}[0m
4157 7541 cost: 100
[0;36m		[A1. GSK3B::A2. PTEN] ---  [B1. GSK3B::B2. PTEN}[0m
[0;36m		[A1. PTEN::A2. TCF7L2] ---  [B1. PTEN::B2. TCF7L2}[0m
391 8037 cost: 100
[0;36m		[A1. APC::A2. SMAD4] ---  [B1. APC::B2. SMAD4}[0m
[0;36m		[A1. SMAD4::A2. CDC42] ---  [B1. SMAD4::B2. CDC42}[0m
5134 4064 cost: 196
[0;36m		[A1. MAPK1::A2. GSK3B] ---  [B1. MAPK1::B2. GSK3B}[0m
[0;36m		[A1. GSK3B::A2. PRKCA] ---  [B1. GSK3B::B2. SMURF2}[0m
3098 897 cost: 217
[0;36m		[A1. GSK3B::A2. APC] ---  [B1. GSK3B::B2. APC}[0m
[0;36m		[A1. BRAF::A2. GSK3B] ---  [B1. HIF1A::B2. GSK3B}[0m
8037 1267 cost: 217
[0;36m		[A1. SMAD4::A2. CDC42] ---  [B1. SMAD4::B2. CDC42}[0m
[0;36m		[A1. CDC42::A2. PIK3CA] ---  [B1. CDC42::B2. MAP2K1}[0m
5134 4254 cost: 217
[0;36m		[A1. MAPK1::A2. GSK3B] ---  [B1. MAPK1::B2. GSK3B}[0m
[0;36m		[A1. GSK3B::A2. PTK2] ---  [B1. GSK3B::B2. SMAD1}[0m
391 8233 cost: 217
[0;36m		[A1. APC::A2. SMAD4] ---  [B1. APC::B2. SMAD4}[0m
[0;36m		[A1. SMAD4::A2. STAT3] ---  [B1. SMAD4::B2. NCOR1}[0m
3098 293 cost: 227
[0;36m		[A1. GSK3B::A2. APC] ---  [B1. GSK3B::B2. APC}[0m
[0;36m		[A1. APC::A2. LRP6] ---  [B1. APC::B2. LRRK2}[0m
3098 1121 cost: 227
[0;36m		[A1. GSK3B::A2. APC] ---  [B1. GSK3B::B2. APC}[0m
[0;36m		[A1. BRCA1::A2. GSK3B] ---  [B1. SMAD2::B2. GSK3B}[0m
8037 5707 cost: 465
[0;36m		[A1. SMAD4::A2. CDC42] ---  [B1. SMAD4::B2. CDC42}[0m
[0;36m		[A1. PIK3CA::A2. CREBBP] ---  [B1. MAP2K1::B2. BTRC}[0m
196 1688 cost: 1538
[0;36m		[A1. APC::A2. KRAS] ---  [B1. APC::B2. KRAS}[0m
[0;36m		[A1. EGFR::A2. ERBIN] ---  [B1. RBPJ::B2. TBL1XR1}[0m

Displayed tree score: 0.185533

2th run results (2) [new minumum]:0.192359
2 3098 cost: 100
[0;36m		[A1. APC::A2. ERBIN] ---  [B1. APC::B2. ERBIN}[0m
[0;36m		[A1. GSK3B::A2. APC] ---  [B1. GSK3B::B2. APC}[0m
3098 196 cost: 100
[0;36m		[A1. GSK3B::A2. APC] ---  [B1. GSK3B::B2. APC}[0m
[0;36m		[A1. APC::A2. KRAS] ---  [B1. APC::B2. KRAS}[0m
3098 391 cost: 100
[0;36m		[A1. GSK3B::A2. APC] ---  [B1. GSK3B::B2. APC}[0m
[0;36m		[A1. APC::A2. SMAD4] ---  [B1. APC::B2. SMAD4}[0m
3098 489 cost: 100
[0;36m		[A1. GSK3B::A2. APC] ---  [B1. GSK3B::B2. APC}[0m
[0;36m		[A1. APC::A2. TCF7L2] ---  [B1. APC::B2. TCF7L2}[0m
196 4551 cost: 100
[0;36m		[A1. APC::A2. KRAS] ---  [B1. APC::B2. KRAS}[0m
[0;36m		[A1. KRAS::A2. BCL2] ---  [B1. KRAS::B2. BCL2}[0m
4551 780 cost: 100
[0;36m		[A1. KRAS::A2. BCL2] ---  [B1. KRAS::B2. BCL2}[0m
[0;36m		[A1. BCL2::A2. SMAD4] ---  [B1. BCL2::B2. SMAD4}[0m
3098 5134 cost: 100
[0;36m		[A1. GSK3B::A2. APC] ---  [B1. GSK3B::B2. APC}[0m
[0;36m		[A1. MAPK1::A2. GSK3B] ---  [B1. MAPK1::B2. GSK3B}[0m
5134 4157 cost: 100
[0;36m		[A1. MAPK1::A2. GSK3B] ---  [B1. MAPK1::B2. GSK3B}[0m
[0;36m		[A1. GSK3B::A2. PTEN] ---  [B1. GSK3B::B2. PTEN}[0m
4157 7444 cost: 100
[0;36m		[A1. GSK3B::A2. PTEN] ---  [B1. GSK3B::B2. PTEN}[0m
[0;36m		[A1. PTEN::A2. SMAD4] ---  [B1. PTEN::B2. SMAD4}[0m
4157 7541 cost: 100
[0;36m		[A1. GSK3B::A2. PTEN] ---  [B1. GSK3B::B2. PTEN}[0m
[0;36m		[A1. PTEN::A2. TCF7L2] ---  [B1. PTEN::B2. TCF7L2}[0m
391 8037 cost: 100
[0;36m		[A1. APC::A2. SMAD4] ---  [B1. APC::B2. SMAD4}[0m
[0;36m		[A1. SMAD4::A2. CDC42] ---  [B1. SMAD4::B2. CDC42}[0m
5134 4064 cost: 196
[0;36m		[A1. MAPK1::A2. GSK3B] ---  [B1. MAPK1::B2. GSK3B}[0m
[0;36m		[A1. GSK3B::A2. PRKCA] ---  [B1. GSK3B::B2. SMURF2}[0m
3098 897 cost: 217
[0;36m		[A1. GSK3B::A2. APC] ---  [B1. GSK3B::B2. APC}[0m
[0;36m		[A1. BRAF::A2. GSK3B] ---  [B1. HIF1A::B2. GSK3B}[0m
8037 1267 cost: 217
[0;36m		[A1. SMAD4::A2. CDC42] ---  [B1. SMAD4::B2. CDC42}[0m
[0;36m		[A1. CDC42::A2. PIK3CA] ---  [B1. CDC42::B2. MAP2K1}[0m
5134 4254 cost: 217
[0;36m		[A1. MAPK1::A2. GSK3B] ---  [B1. MAPK1::B2. GSK3B}[0m
[0;36m		[A1. GSK3B::A2. PTK2] ---  [B1. GSK3B::B2. SMAD1}[0m
391 8233 cost: 217
[0;36m		[A1. APC::A2. SMAD4] ---  [B1. APC::B2. SMAD4}[0m
[0;36m		[A1. SMAD4::A2. STAT3] ---  [B1. SMAD4::B2. NCOR1}[0m
3098 293 cost: 227
[0;36m		[A1. GSK3B::A2. APC] ---  [B1. GSK3B::B2. APC}[0m
[0;36m		[A1. APC::A2. LRP6] ---  [B1. APC::B2. LRRK2}[0m
3098 1121 cost: 227
[0;36m		[A1. GSK3B::A2. APC] ---  [B1. GSK3B::B2. APC}[0m
[0;36m		[A1. BRCA1::A2. GSK3B] ---  [B1. SMAD2::B2. GSK3B}[0m
8037 5707 cost: 465
[0;36m		[A1. SMAD4::A2. CDC42] ---  [B1. SMAD4::B2. CDC42}[0m
[0;36m		[A1. PIK3CA::A2. CREBBP] ---  [B1. MAP2K1::B2. BTRC}[0m
196 1688 cost: 1538
[0;36m		[A1. APC::A2. KRAS] ---  [B1. APC::B2. KRAS}[0m
[0;36m		[A1. EGFR::A2. ERBIN] ---  [B1. RBPJ::B2. TBL1XR1}[0m

Displayed tree score: 0.192359

14th run results (3) [new minumum]:0.199806
14 3098 cost: 588
[0;36m		[A1. APC::A2. ERBIN] ---  [B1. BTRC::B2. MAP2K1}[0m
[0;36m		[A1. GSK3B::A2. APC] ---  [B1. GSK3B::B2. APC}[0m
3098 196 cost: 100
[0;36m		[A1. GSK3B::A2. APC] ---  [B1. GSK3B::B2. APC}[0m
[0;36m		[A1. APC::A2. KRAS] ---  [B1. APC::B2. KRAS}[0m
3098 391 cost: 100
[0;36m		[A1. GSK3B::A2. APC] ---  [B1. GSK3B::B2. APC}[0m
[0;36m		[A1. APC::A2. SMAD4] ---  [B1. APC::B2. SMAD4}[0m
3098 489 cost: 100
[0;36m		[A1. GSK3B::A2. APC] ---  [B1. GSK3B::B2. APC}[0m
[0;36m		[A1. APC::A2. TCF7L2] ---  [B1. APC::B2. TCF7L2}[0m
196 4551 cost: 100
[0;36m		[A1. APC::A2. KRAS] ---  [B1. APC::B2. KRAS}[0m
[0;36m		[A1. KRAS::A2. BCL2] ---  [B1. KRAS::B2. BCL2}[0m
4551 780 cost: 100
[0;36m		[A1. KRAS::A2. BCL2] ---  [B1. KRAS::B2. BCL2}[0m
[0;36m		[A1. BCL2::A2. SMAD4] ---  [B1. BCL2::B2. SMAD4}[0m
3098 5134 cost: 100
[0;36m		[A1. GSK3B::A2. APC] ---  [B1. GSK3B::B2. APC}[0m
[0;36m		[A1. MAPK1::A2. GSK3B] ---  [B1. MAPK1::B2. GSK3B}[0m
5134 4157 cost: 100
[0;36m		[A1. MAPK1::A2. GSK3B] ---  [B1. MAPK1::B2. GSK3B}[0m
[0;36m		[A1. GSK3B::A2. PTEN] ---  [B1. GSK3B::B2. PTEN}[0m
4157 7444 cost: 100
[0;36m		[A1. GSK3B::A2. PTEN] ---  [B1. GSK3B::B2. PTEN}[0m
[0;36m		[A1. PTEN::A2. SMAD4] ---  [B1. PTEN::B2. SMAD4}[0m
4157 7541 cost: 100
[0;36m		[A1. GSK3B::A2. PTEN] ---  [B1. GSK3B::B2. PTEN}[0m
[0;36m		[A1. PTEN::A2. TCF7L2] ---  [B1. PTEN::B2. TCF7L2}[0m
391 8037 cost: 100
[0;36m		[A1. APC::A2. SMAD4] ---  [B1. APC::B2. SMAD4}[0m
[0;36m		[A1. SMAD4::A2. CDC42] ---  [B1. SMAD4::B2. CDC42}[0m
5134 4064 cost: 196
[0;36m		[A1. MAPK1::A2. GSK3B] ---  [B1. MAPK1::B2. GSK3B}[0m
[0;36m		[A1. GSK3B::A2. PRKCA] ---  [B1. GSK3B::B2. SMURF2}[0m
3098 897 cost: 217
[0;36m		[A1. GSK3B::A2. APC] ---  [B1. GSK3B::B2. APC}[0m
[0;36m		[A1. BRAF::A2. GSK3B] ---  [B1. HIF1A::B2. GSK3B}[0m
8037 1267 cost: 217
[0;36m		[A1. SMAD4::A2. CDC42] ---  [B1. SMAD4::B2. CDC42}[0m
[0;36m		[A1. CDC42::A2. PIK3CA] ---  [B1. CDC42::B2. MAP2K1}[0m
5134 4254 cost: 217
[0;36m		[A1. MAPK1::A2. GSK3B] ---  [B1. MAPK1::B2. GSK3B}[0m
[0;36m		[A1. GSK3B::A2. PTK2] ---  [B1. GSK3B::B2. SMAD1}[0m
391 8233 cost: 217
[0;36m		[A1. APC::A2. SMAD4] ---  [B1. APC::B2. SMAD4}[0m
[0;36m		[A1. SMAD4::A2. STAT3] ---  [B1. SMAD4::B2. NCOR1}[0m
3098 293 cost: 227
[0;36m		[A1. GSK3B::A2. APC] ---  [B1. GSK3B::B2. APC}[0m
[0;36m		[A1. APC::A2. LRP6] ---  [B1. APC::B2. LRRK2}[0m
3098 1121 cost: 227
[0;36m		[A1. GSK3B::A2. APC] ---  [B1. GSK3B::B2. APC}[0m
[0;36m		[A1. BRCA1::A2. GSK3B] ---  [B1. SMAD2::B2. GSK3B}[0m
196 1726 cost: 909
[0;36m		[A1. APC::A2. KRAS] ---  [B1. APC::B2. KRAS}[0m
[0;36m		[A1. EGFR::A2. ERBIN] ---  [B1. WWTR1::B2. BTRC}[0m

Displayed tree score: 0.199806

31th run results (4) [new minumum]:0.208099
31 4454 cost: 645
[0;36m		[A1. APC::A2. ERBIN] ---  [B1. GSK3B::B2. SMAD2}[0m
[0;36m		[A1. KRAS::A2. APC] ---  [B1. KRAS::B2. APC}[0m
4454 99 cost: 100
[0;36m		[A1. KRAS::A2. APC] ---  [B1. KRAS::B2. APC}[0m
[0;36m		[A1. APC::A2. GSK3B] ---  [B1. APC::B2. GSK3B}[0m
4454 391 cost: 100
[0;36m		[A1. KRAS::A2. APC] ---  [B1. KRAS::B2. APC}[0m
[0;36m		[A1. APC::A2. SMAD4] ---  [B1. APC::B2. SMAD4}[0m
4454 489 cost: 100
[0;36m		[A1. KRAS::A2. APC] ---  [B1. KRAS::B2. APC}[0m
[0;36m		[A1. APC::A2. TCF7L2] ---  [B1. APC::B2. TCF7L2}[0m
4454 587 cost: 100
[0;36m		[A1. KRAS::A2. APC] ---  [B1. KRAS::B2. APC}[0m
[0;36m		[A1. BCL2::A2. KRAS] ---  [B1. BCL2::B2. KRAS}[0m
99 3868 cost: 100
[0;36m		[A1. APC::A2. GSK3B] ---  [B1. APC::B2. GSK3B}[0m
[0;36m		[A1. GSK3B::A2. MAPK1] ---  [B1. GSK3B::B2. MAPK1}[0m
99 4157 cost: 100
[0;36m		[A1. APC::A2. GSK3B] ---  [B1. APC::B2. GSK3B}[0m
[0;36m		[A1. GSK3B::A2. PTEN] ---  [B1. GSK3B::B2. PTEN}[0m
4157 7444 cost: 100
[0;36m		[A1. GSK3B::A2. PTEN] ---  [B1. GSK3B::B2. PTEN}[0m
[0;36m		[A1. PTEN::A2. SMAD4] ---  [B1. PTEN::B2. SMAD4}[0m
4157 7541 cost: 100
[0;36m		[A1. GSK3B::A2. PTEN] ---  [B1. GSK3B::B2. PTEN}[0m
[0;36m		[A1. PTEN::A2. TCF7L2] ---  [B1. PTEN::B2. TCF7L2}[0m
391 7940 cost: 100
[0;36m		[A1. APC::A2. SMAD4] ---  [B1. APC::B2. SMAD4}[0m
[0;36m		[A1. SMAD4::A2. BCL2] ---  [B1. SMAD4::B2. BCL2}[0m
7940 1366 cost: 100
[0;36m		[A1. SMAD4::A2. BCL2] ---  [B1. SMAD4::B2. BCL2}[0m
[0;36m		[A1. CDC42::A2. SMAD4] ---  [B1. CDC42::B2. SMAD4}[0m
99 4064 cost: 196
[0;36m		[A1. APC::A2. GSK3B] ---  [B1. APC::B2. GSK3B}[0m
[0;36m		[A1. GSK3B::A2. PRKCA] ---  [B1. GSK3B::B2. SMURF2}[0m
3868 897 cost: 217
[0;36m		[A1. GSK3B::A2. MAPK1] ---  [B1. GSK3B::B2. MAPK1}[0m
[0;36m		[A1. BRAF::A2. GSK3B] ---  [B1. HIF1A::B2. GSK3B}[0m
99 4254 cost: 217
[0;36m		[A1. APC::A2. GSK3B] ---  [B1. APC::B2. GSK3B}[0m
[0;36m		[A1. GSK3B::A2. PTK2] ---  [B1. GSK3B::B2. SMAD1}[0m
1366 5612 cost: 217
[0;36m		[A1. CDC42::A2. SMAD4] ---  [B1. CDC42::B2. SMAD4}[0m
[0;36m		[A1. PIK3CA::A2. CDC42] ---  [B1. MAP2K1::B2. CDC42}[0m
391 8233 cost: 217
[0;36m		[A1. APC::A2. SMAD4] ---  [B1. APC::B2. SMAD4}[0m
[0;36m		[A1. SMAD4::A2. STAT3] ---  [B1. SMAD4::B2. NCOR1}[0m
4454 293 cost: 227
[0;36m		[A1. KRAS::A2. APC] ---  [B1. KRAS::B2. APC}[0m
[0;36m		[A1. APC::A2. LRP6] ---  [B1. APC::B2. LRRK2}[0m
99 1696 cost: 454
[0;36m		[A1. APC::A2. GSK3B] ---  [B1. APC::B2. GSK3B}[0m
[0;36m		[A1. EGFR::A2. ERBIN] ---  [B1. SMAD2::B2. ERBIN}[0m
1366 1166 cost: 465
[0;36m		[A1. CDC42::A2. SMAD4] ---  [B1. CDC42::B2. SMAD4}[0m
[0;36m		[A1. BRCA1::A2. PIK3CA] ---  [B1. BTRC::B2. MAP2K1}[0m

Displayed tree score: 0.208099

65th run results (5) [new minumum]:0.216993
65 780 cost: 487
[0;36m		[A1. APC::A2. ERBIN] ---  [B1. SMAD2::B2. GSK3B}[0m
[0;36m		[A1. BCL2::A2. SMAD4] ---  [B1. BCL2::B2. SMAD4}[0m
780 4551 cost: 100
[0;36m		[A1. BCL2::A2. SMAD4] ---  [B1. BCL2::B2. SMAD4}[0m
[0;36m		[A1. KRAS::A2. BCL2] ---  [B1. KRAS::B2. BCL2}[0m
4551 196 cost: 100
[0;36m		[A1. KRAS::A2. BCL2] ---  [B1. KRAS::B2. BCL2}[0m
[0;36m		[A1. APC::A2. KRAS] ---  [B1. APC::B2. KRAS}[0m
196 3098 cost: 100
[0;36m		[A1. APC::A2. KRAS] ---  [B1. APC::B2. KRAS}[0m
[0;36m		[A1. GSK3B::A2. APC] ---  [B1. GSK3B::B2. APC}[0m
3098 391 cost: 100
[0;36m		[A1. GSK3B::A2. APC] ---  [B1. GSK3B::B2. APC}[0m
[0;36m		[A1. APC::A2. SMAD4] ---  [B1. APC::B2. SMAD4}[0m
3098 489 cost: 100
[0;36m		[A1. GSK3B::A2. APC] ---  [B1. GSK3B::B2. APC}[0m
[0;36m		[A1. APC::A2. TCF7L2] ---  [B1. APC::B2. TCF7L2}[0m
3098 5134 cost: 100
[0;36m		[A1. GSK3B::A2. APC] ---  [B1. GSK3B::B2. APC}[0m
[0;36m		[A1. MAPK1::A2. GSK3B] ---  [B1. MAPK1::B2. GSK3B}[0m
5134 4157 cost: 100
[0;36m		[A1. MAPK1::A2. GSK3B] ---  [B1. MAPK1::B2. GSK3B}[0m
[0;36m		[A1. GSK3B::A2. PTEN] ---  [B1. GSK3B::B2. PTEN}[0m
4157 7444 cost: 100
[0;36m		[A1. GSK3B::A2. PTEN] ---  [B1. GSK3B::B2. PTEN}[0m
[0;36m		[A1. PTEN::A2. SMAD4] ---  [B1. PTEN::B2. SMAD4}[0m
4157 7541 cost: 100
[0;36m		[A1. GSK3B::A2. PTEN] ---  [B1. GSK3B::B2. PTEN}[0m
[0;36m		[A1. PTEN::A2. TCF7L2] ---  [B1. PTEN::B2. TCF7L2}[0m
780 8037 cost: 100
[0;36m		[A1. BCL2::A2. SMAD4] ---  [B1. BCL2::B2. SMAD4}[0m
[0;36m		[A1. SMAD4::A2. CDC42] ---  [B1. SMAD4::B2. CDC42}[0m
5134 4064 cost: 196
[0;36m		[A1. MAPK1::A2. GSK3B] ---  [B1. MAPK1::B2. GSK3B}[0m
[0;36m		[A1. GSK3B::A2. PRKCA] ---  [B1. GSK3B::B2. SMURF2}[0m
3098 897 cost: 217
[0;36m		[A1. GSK3B::A2. APC] ---  [B1. GSK3B::B2. APC}[0m
[0;36m		[A1. BRAF::A2. GSK3B] ---  [B1. HIF1A::B2. GSK3B}[0m
8037 1267 cost: 217
[0;36m		[A1. SMAD4::A2. CDC42] ---  [B1. SMAD4::B2. CDC42}[0m
[0;36m		[A1. CDC42::A2. PIK3CA] ---  [B1. CDC42::B2. MAP2K1}[0m
5134 4254 cost: 217
[0;36m		[A1. MAPK1::A2. GSK3B] ---  [B1. MAPK1::B2. GSK3B}[0m
[0;36m		[A1. GSK3B::A2. PTK2] ---  [B1. GSK3B::B2. SMAD1}[0m
780 8233 cost: 217
[0;36m		[A1. BCL2::A2. SMAD4] ---  [B1. BCL2::B2. SMAD4}[0m
[0;36m		[A1. SMAD4::A2. STAT3] ---  [B1. SMAD4::B2. NCOR1}[0m
3098 293 cost: 227
[0;36m		[A1. GSK3B::A2. APC] ---  [B1. GSK3B::B2. APC}[0m
[0;36m		[A1. APC::A2. LRP6] ---  [B1. APC::B2. LRRK2}[0m
196 1696 cost: 454
[0;36m		[A1. APC::A2. KRAS] ---  [B1. APC::B2. KRAS}[0m
[0;36m		[A1. EGFR::A2. ERBIN] ---  [B1. SMAD2::B2. ERBIN}[0m
8037 5515 cost: 465
[0;36m		[A1. SMAD4::A2. CDC42] ---  [B1. SMAD4::B2. CDC42}[0m
[0;36m		[A1. PIK3CA::A2. BRCA1] ---  [B1. MAP2K1::B2. BTRC}[0m

Displayed tree score: 0.216993

96th run results (6) [new minumum]:0.250694
96 1943 cost: 217
[0;36m		[A1. APC::A2. GSK3B] ---  [B1. APC::B2. BTRC}[0m
[0;36m		[A1. ERBIN::A2. APC] ---  [B1. ERBIN::B2. APC}[0m
1943 196 cost: 100
[0;36m		[A1. ERBIN::A2. APC] ---  [B1. ERBIN::B2. APC}[0m
[0;36m		[A1. APC::A2. KRAS] ---  [B1. APC::B2. KRAS}[0m
1943 391 cost: 100
[0;36m		[A1. ERBIN::A2. APC] ---  [B1. ERBIN::B2. APC}[0m
[0;36m		[A1. APC::A2. SMAD4] ---  [B1. APC::B2. SMAD4}[0m
1943 489 cost: 100
[0;36m		[A1. ERBIN::A2. APC] ---  [B1. ERBIN::B2. APC}[0m
[0;36m		[A1. APC::A2. TCF7L2] ---  [B1. APC::B2. TCF7L2}[0m
196 4551 cost: 100
[0;36m		[A1. APC::A2. KRAS] ---  [B1. APC::B2. KRAS}[0m
[0;36m		[A1. KRAS::A2. BCL2] ---  [B1. KRAS::B2. BCL2}[0m
4551 780 cost: 100
[0;36m		[A1. KRAS::A2. BCL2] ---  [B1. KRAS::B2. BCL2}[0m
[0;36m		[A1. BCL2::A2. SMAD4] ---  [B1. BCL2::B2. SMAD4}[0m
391 8037 cost: 100
[0;36m		[A1. APC::A2. SMAD4] ---  [B1. APC::B2. SMAD4}[0m
[0;36m		[A1. SMAD4::A2. CDC42] ---  [B1. SMAD4::B2. CDC42}[0m
8037 7444 cost: 100
[0;36m		[A1. SMAD4::A2. CDC42] ---  [B1. SMAD4::B2. CDC42}[0m
[0;36m		[A1. PTEN::A2. SMAD4] ---  [B1. PTEN::B2. SMAD4}[0m
7444 4157 cost: 100
[0;36m		[A1. PTEN::A2. SMAD4] ---  [B1. PTEN::B2. SMAD4}[0m
[0;36m		[A1. GSK3B::A2. PTEN] ---  [B1. GSK3B::B2. PTEN}[0m
4157 5134 cost: 100
[0;36m		[A1. GSK3B::A2. PTEN] ---  [B1. GSK3B::B2. PTEN}[0m
[0;36m		[A1. MAPK1::A2. GSK3B] ---  [B1. MAPK1::B2. GSK3B}[0m
4157 7541 cost: 100
[0;36m		[A1. GSK3B::A2. PTEN] ---  [B1. GSK3B::B2. PTEN}[0m
[0;36m		[A1. PTEN::A2. TCF7L2] ---  [B1. PTEN::B2. TCF7L2}[0m
5134 4064 cost: 196
[0;36m		[A1. MAPK1::A2. GSK3B] ---  [B1. MAPK1::B2. GSK3B}[0m
[0;36m		[A1. GSK3B::A2. PRKCA] ---  [B1. GSK3B::B2. SMURF2}[0m
4157 897 cost: 217
[0;36m		[A1. GSK3B::A2. PTEN] ---  [B1. GSK3B::B2. PTEN}[0m
[0;36m		[A1. BRAF::A2. GSK3B] ---  [B1. HIF1A::B2. GSK3B}[0m
8037 1267 cost: 217
[0;36m		[A1. SMAD4::A2. CDC42] ---  [B1. SMAD4::B2. CDC42}[0m
[0;36m		[A1. CDC42::A2. PIK3CA] ---  [B1. CDC42::B2. MAP2K1}[0m
5134 4254 cost: 217
[0;36m		[A1. MAPK1::A2. GSK3B] ---  [B1. MAPK1::B2. GSK3B}[0m
[0;36m		[A1. GSK3B::A2. PTK2] ---  [B1. GSK3B::B2. SMAD1}[0m
391 8233 cost: 217
[0;36m		[A1. APC::A2. SMAD4] ---  [B1. APC::B2. SMAD4}[0m
[0;36m		[A1. SMAD4::A2. STAT3] ---  [B1. SMAD4::B2. NCOR1}[0m
1943 293 cost: 227
[0;36m		[A1. ERBIN::A2. APC] ---  [B1. ERBIN::B2. APC}[0m
[0;36m		[A1. APC::A2. LRP6] ---  [B1. APC::B2. LRRK2}[0m
4157 1121 cost: 227
[0;36m		[A1. GSK3B::A2. PTEN] ---  [B1. GSK3B::B2. PTEN}[0m
[0;36m		[A1. BRCA1::A2. GSK3B] ---  [B1. SMAD2::B2. GSK3B}[0m
8037 5707 cost: 465
[0;36m		[A1. SMAD4::A2. CDC42] ---  [B1. SMAD4::B2. CDC42}[0m
[0;36m		[A1. PIK3CA::A2. CREBBP] ---  [B1. MAP2K1::B2. BTRC}[0m

Displayed tree score: 0.250694

99th run results (7) [new minumum]:0.260208
99 1943 cost: 100
[0;36m		[A1. APC::A2. GSK3B] ---  [B1. APC::B2. GSK3B}[0m
[0;36m		[A1. ERBIN::A2. APC] ---  [B1. ERBIN::B2. APC}[0m
1943 196 cost: 100
[0;36m		[A1. ERBIN::A2. APC] ---  [B1. ERBIN::B2. APC}[0m
[0;36m		[A1. APC::A2. KRAS] ---  [B1. APC::B2. KRAS}[0m
1943 391 cost: 100
[0;36m		[A1. ERBIN::A2. APC] ---  [B1. ERBIN::B2. APC}[0m
[0;36m		[A1. APC::A2. SMAD4] ---  [B1. APC::B2. SMAD4}[0m
1943 489 cost: 100
[0;36m		[A1. ERBIN::A2. APC] ---  [B1. ERBIN::B2. APC}[0m
[0;36m		[A1. APC::A2. TCF7L2] ---  [B1. APC::B2. TCF7L2}[0m
99 3868 cost: 100
[0;36m		[A1. APC::A2. GSK3B] ---  [B1. APC::B2. GSK3B}[0m
[0;36m		[A1. GSK3B::A2. MAPK1] ---  [B1. GSK3B::B2. MAPK1}[0m
99 4157 cost: 100
[0;36m		[A1. APC::A2. GSK3B] ---  [B1. APC::B2. GSK3B}[0m
[0;36m		[A1. GSK3B::A2. PTEN] ---  [B1. GSK3B::B2. PTEN}[0m
196 4551 cost: 100
[0;36m		[A1. APC::A2. KRAS] ---  [B1. APC::B2. KRAS}[0m
[0;36m		[A1. KRAS::A2. BCL2] ---  [B1. KRAS::B2. BCL2}[0m
4551 780 cost: 100
[0;36m		[A1. KRAS::A2. BCL2] ---  [B1. KRAS::B2. BCL2}[0m
[0;36m		[A1. BCL2::A2. SMAD4] ---  [B1. BCL2::B2. SMAD4}[0m
4157 7444 cost: 100
[0;36m		[A1. GSK3B::A2. PTEN] ---  [B1. GSK3B::B2. PTEN}[0m
[0;36m		[A1. PTEN::A2. SMAD4] ---  [B1. PTEN::B2. SMAD4}[0m
4157 7541 cost: 100
[0;36m		[A1. GSK3B::A2. PTEN] ---  [B1. GSK3B::B2. PTEN}[0m
[0;36m		[A1. PTEN::A2. TCF7L2] ---  [B1. PTEN::B2. TCF7L2}[0m
391 8037 cost: 100
[0;36m		[A1. APC::A2. SMAD4] ---  [B1. APC::B2. SMAD4}[0m
[0;36m		[A1. SMAD4::A2. CDC42] ---  [B1. SMAD4::B2. CDC42}[0m
99 4064 cost: 196
[0;36m		[A1. APC::A2. GSK3B] ---  [B1. APC::B2. GSK3B}[0m
[0;36m		[A1. GSK3B::A2. PRKCA] ---  [B1. GSK3B::B2. SMURF2}[0m
3868 897 cost: 217
[0;36m		[A1. GSK3B::A2. MAPK1] ---  [B1. GSK3B::B2. MAPK1}[0m
[0;36m		[A1. BRAF::A2. GSK3B] ---  [B1. HIF1A::B2. GSK3B}[0m
8037 1267 cost: 217
[0;36m		[A1. SMAD4::A2. CDC42] ---  [B1. SMAD4::B2. CDC42}[0m
[0;36m		[A1. CDC42::A2. PIK3CA] ---  [B1. CDC42::B2. MAP2K1}[0m
99 4254 cost: 217
[0;36m		[A1. APC::A2. GSK3B] ---  [B1. APC::B2. GSK3B}[0m
[0;36m		[A1. GSK3B::A2. PTK2] ---  [B1. GSK3B::B2. SMAD1}[0m
391 8233 cost: 217
[0;36m		[A1. APC::A2. SMAD4] ---  [B1. APC::B2. SMAD4}[0m
[0;36m		[A1. SMAD4::A2. STAT3] ---  [B1. SMAD4::B2. NCOR1}[0m
1943 293 cost: 227
[0;36m		[A1. ERBIN::A2. APC] ---  [B1. ERBIN::B2. APC}[0m
[0;36m		[A1. APC::A2. LRP6] ---  [B1. APC::B2. LRRK2}[0m
3868 1121 cost: 227
[0;36m		[A1. GSK3B::A2. MAPK1] ---  [B1. GSK3B::B2. MAPK1}[0m
[0;36m		[A1. BRCA1::A2. GSK3B] ---  [B1. SMAD2::B2. GSK3B}[0m
8037 5707 cost: 465
[0;36m		[A1. SMAD4::A2. CDC42] ---  [B1. SMAD4::B2. CDC42}[0m
[0;36m		[A1. PIK3CA::A2. CREBBP] ---  [B1. MAP2K1::B2. BTRC}[0m

Displayed tree score: 0.260208

897th run results (8) [new minumum]:0.26936
897 3098 cost: 217
[0;36m		[A1. BRAF::A2. GSK3B] ---  [B1. HIF1A::B2. GSK3B}[0m
[0;36m		[A1. GSK3B::A2. APC] ---  [B1. GSK3B::B2. APC}[0m
3098 2 cost: 100
[0;36m		[A1. GSK3B::A2. APC] ---  [B1. GSK3B::B2. APC}[0m
[0;36m		[A1. APC::A2. ERBIN] ---  [B1. APC::B2. ERBIN}[0m
3098 196 cost: 100
[0;36m		[A1. GSK3B::A2. APC] ---  [B1. GSK3B::B2. APC}[0m
[0;36m		[A1. APC::A2. KRAS] ---  [B1. APC::B2. KRAS}[0m
3098 391 cost: 100
[0;36m		[A1. GSK3B::A2. APC] ---  [B1. GSK3B::B2. APC}[0m
[0;36m		[A1. APC::A2. SMAD4] ---  [B1. APC::B2. SMAD4}[0m
3098 489 cost: 100
[0;36m		[A1. GSK3B::A2. APC] ---  [B1. GSK3B::B2. APC}[0m
[0;36m		[A1. APC::A2. TCF7L2] ---  [B1. APC::B2. TCF7L2}[0m
196 4551 cost: 100
[0;36m		[A1. APC::A2. KRAS] ---  [B1. APC::B2. KRAS}[0m
[0;36m		[A1. KRAS::A2. BCL2] ---  [B1. KRAS::B2. BCL2}[0m
4551 780 cost: 100
[0;36m		[A1. KRAS::A2. BCL2] ---  [B1. KRAS::B2. BCL2}[0m
[0;36m		[A1. BCL2::A2. SMAD4] ---  [B1. BCL2::B2. SMAD4}[0m
3098 5134 cost: 100
[0;36m		[A1. GSK3B::A2. APC] ---  [B1. GSK3B::B2. APC}[0m
[0;36m		[A1. MAPK1::A2. GSK3B] ---  [B1. MAPK1::B2. GSK3B}[0m
5134 4157 cost: 100
[0;36m		[A1. MAPK1::A2. GSK3B] ---  [B1. MAPK1::B2. GSK3B}[0m
[0;36m		[A1. GSK3B::A2. PTEN] ---  [B1. GSK3B::B2. PTEN}[0m
4157 7444 cost: 100
[0;36m		[A1. GSK3B::A2. PTEN] ---  [B1. GSK3B::B2. PTEN}[0m
[0;36m		[A1. PTEN::A2. SMAD4] ---  [B1. PTEN::B2. SMAD4}[0m
4157 7541 cost: 100
[0;36m		[A1. GSK3B::A2. PTEN] ---  [B1. GSK3B::B2. PTEN}[0m
[0;36m		[A1. PTEN::A2. TCF7L2] ---  [B1. PTEN::B2. TCF7L2}[0m
391 8037 cost: 100
[0;36m		[A1. APC::A2. SMAD4] ---  [B1. APC::B2. SMAD4}[0m
[0;36m		[A1. SMAD4::A2. CDC42] ---  [B1. SMAD4::B2. CDC42}[0m
5134 4064 cost: 196
[0;36m		[A1. MAPK1::A2. GSK3B] ---  [B1. MAPK1::B2. GSK3B}[0m
[0;36m		[A1. GSK3B::A2. PRKCA] ---  [B1. GSK3B::B2. SMURF2}[0m
8037 1267 cost: 217
[0;36m		[A1. SMAD4::A2. CDC42] ---  [B1. SMAD4::B2. CDC42}[0m
[0;36m		[A1. CDC42::A2. PIK3CA] ---  [B1. CDC42::B2. MAP2K1}[0m
4551 1762 cost: 217
[0;36m		[A1. KRAS::A2. BCL2] ---  [B1. KRAS::B2. BCL2}[0m
[0;36m		[A1. EGFR::A2. KRAS] ---  [B1. HIF1A::B2. KRAS}[0m
5134 4254 cost: 217
[0;36m		[A1. MAPK1::A2. GSK3B] ---  [B1. MAPK1::B2. GSK3B}[0m
[0;36m		[A1. GSK3B::A2. PTK2] ---  [B1. GSK3B::B2. SMAD1}[0m
391 8233 cost: 217
[0;36m		[A1. APC::A2. SMAD4] ---  [B1. APC::B2. SMAD4}[0m
[0;36m		[A1. SMAD4::A2. STAT3] ---  [B1. SMAD4::B2. NCOR1}[0m
3098 293 cost: 227
[0;36m		[A1. GSK3B::A2. APC] ---  [B1. GSK3B::B2. APC}[0m
[0;36m		[A1. APC::A2. LRP6] ---  [B1. APC::B2. LRRK2}[0m
3098 1121 cost: 227
[0;36m		[A1. GSK3B::A2. APC] ---  [B1. GSK3B::B2. APC}[0m
[0;36m		[A1. BRCA1::A2. GSK3B] ---  [B1. SMAD2::B2. GSK3B}[0m
8037 5707 cost: 465
[0;36m		[A1. SMAD4::A2. CDC42] ---  [B1. SMAD4::B2. CDC42}[0m
[0;36m		[A1. PIK3CA::A2. CREBBP] ---  [B1. MAP2K1::B2. BTRC}[0m

Displayed tree score: 0.26936

1265th run results (9) [new minumum]:0.282971
1265 8037 cost: 217
[0;36m		[A1. CDC42::A2. PIK3CA] ---  [B1. CDC42::B2. APC}[0m
[0;36m		[A1. SMAD4::A2. CDC42] ---  [B1. SMAD4::B2. CDC42}[0m
8037 391 cost: 100
[0;36m		[A1. SMAD4::A2. CDC42] ---  [B1. SMAD4::B2. CDC42}[0m
[0;36m		[A1. APC::A2. SMAD4] ---  [B1. APC::B2. SMAD4}[0m
8037 780 cost: 100
[0;36m		[A1. SMAD4::A2. CDC42] ---  [B1. SMAD4::B2. CDC42}[0m
[0;36m		[A1. BCL2::A2. SMAD4] ---  [B1. BCL2::B2. SMAD4}[0m
391 1943 cost: 100
[0;36m		[A1. APC::A2. SMAD4] ---  [B1. APC::B2. SMAD4}[0m
[0;36m		[A1. ERBIN::A2. APC] ---  [B1. ERBIN::B2. APC}[0m
1943 99 cost: 100
[0;36m		[A1. ERBIN::A2. APC] ---  [B1. ERBIN::B2. APC}[0m
[0;36m		[A1. APC::A2. GSK3B] ---  [B1. APC::B2. GSK3B}[0m
1943 196 cost: 100
[0;36m		[A1. ERBIN::A2. APC] ---  [B1. ERBIN::B2. APC}[0m
[0;36m		[A1. APC::A2. KRAS] ---  [B1. APC::B2. KRAS}[0m
1943 489 cost: 100
[0;36m		[A1. ERBIN::A2. APC] ---  [B1. ERBIN::B2. APC}[0m
[0;36m		[A1. APC::A2. TCF7L2] ---  [B1. APC::B2. TCF7L2}[0m
99 3868 cost: 100
[0;36m		[A1. APC::A2. GSK3B] ---  [B1. APC::B2. GSK3B}[0m
[0;36m		[A1. GSK3B::A2. MAPK1] ---  [B1. GSK3B::B2. MAPK1}[0m
99 4157 cost: 100
[0;36m		[A1. APC::A2. GSK3B] ---  [B1. APC::B2. GSK3B}[0m
[0;36m		[A1. GSK3B::A2. PTEN] ---  [B1. GSK3B::B2. PTEN}[0m
780 4551 cost: 100
[0;36m		[A1. BCL2::A2. SMAD4] ---  [B1. BCL2::B2. SMAD4}[0m
[0;36m		[A1. KRAS::A2. BCL2] ---  [B1. KRAS::B2. BCL2}[0m
8037 7444 cost: 100
[0;36m		[A1. SMAD4::A2. CDC42] ---  [B1. SMAD4::B2. CDC42}[0m
[0;36m		[A1. PTEN::A2. SMAD4] ---  [B1. PTEN::B2. SMAD4}[0m
4157 7541 cost: 100
[0;36m		[A1. GSK3B::A2. PTEN] ---  [B1. GSK3B::B2. PTEN}[0m
[0;36m		[A1. PTEN::A2. TCF7L2] ---  [B1. PTEN::B2. TCF7L2}[0m
99 4064 cost: 196
[0;36m		[A1. APC::A2. GSK3B] ---  [B1. APC::B2. GSK3B}[0m
[0;36m		[A1. GSK3B::A2. PRKCA] ---  [B1. GSK3B::B2. SMURF2}[0m
3868 897 cost: 217
[0;36m		[A1. GSK3B::A2. MAPK1] ---  [B1. GSK3B::B2. MAPK1}[0m
[0;36m		[A1. BRAF::A2. GSK3B] ---  [B1. HIF1A::B2. GSK3B}[0m
99 4254 cost: 217
[0;36m		[A1. APC::A2. GSK3B] ---  [B1. APC::B2. GSK3B}[0m
[0;36m		[A1. GSK3B::A2. PTK2] ---  [B1. GSK3B::B2. SMAD1}[0m
7444 6717 cost: 217
[0;36m		[A1. PTEN::A2. SMAD4] ---  [B1. PTEN::B2. SMAD4}[0m
[0;36m		[A1. PIK3CA::A2. PTEN] ---  [B1. TNKS::B2. PTEN}[0m
391 8231 cost: 217
[0;36m		[A1. APC::A2. SMAD4] ---  [B1. APC::B2. SMAD4}[0m
[0;36m		[A1. SMAD4::A2. STAT3] ---  [B1. SMAD4::B2. MAP2K1}[0m
1943 293 cost: 227
[0;36m		[A1. ERBIN::A2. APC] ---  [B1. ERBIN::B2. APC}[0m
[0;36m		[A1. APC::A2. LRP6] ---  [B1. APC::B2. LRRK2}[0m
3868 1121 cost: 227
[0;36m		[A1. GSK3B::A2. MAPK1] ---  [B1. GSK3B::B2. MAPK1}[0m
[0;36m		[A1. BRCA1::A2. GSK3B] ---  [B1. SMAD2::B2. GSK3B}[0m

Displayed tree score: 0.282971

Petal1:46	Petal2:48	treecost: 2835	 tree size:19
$RESULT$	PIK3CA	SMAD4	norm_score:	0.282971
[0m
[0 min 12 sec] All done in 
