COMMAND: /Users/gurkan/Box/Research/INSPIRE/inspire-replication/src/INSPIRE /Users/gurkan/Box/Research/INSPIRE/inspire-replication/database/inspire.sqlite PIK3CA PTEN inspire_legacy_v1

GO normalization for inspire_legacy_v1: 14.1026
GO normalization in use: 14.1026
Loaded 5995 GO pair scores for inspire_legacy_v1
Create two petals
Begin PETAL setup
new petal PIK3CA (25)
# 46 interactions in PIK3CA
Done adding UniProt and Pfam annotations for PIK3CA.
new petal PTEN (43)
# 94 interactions in PTEN
Done adding UniProt and Pfam annotations for PTEN.
Petal Sizes: 25, 43
[1;32mPetal Name: [1;33mPIK3CA
[1;32mPetal Size: [1;33m25[0;31m
APC
BCL2
BRAF
BRCA1
CDC42
CREBBP
EGFR
ERBIN
ETV6
FBXW7
FGF2
FOXO1
FOXO3
GSK3B
KRAS
LRP6
MAPK1
PIK3CA
PRKCA
PTEN
PTK2
SMAD4
STAT3
TCF7L2
TRAF6
[0m---- 
[1;36mPetal Interactions[0;32m
1 ERBIN	pp	APC
2 ERBIN	pp	EGFR
3 GSK3B	pp	APC
4 GSK3B	pp	BRAF
5 GSK3B	pp	BRCA1
6 GSK3B	pp	CREBBP
7 GSK3B	pp	FBXW7
8 GSK3B	pp	FOXO1
9 GSK3B	pp	FOXO3
10 KRAS	pp	APC
11 KRAS	pp	BCL2
12 KRAS	pp	EGFR
13 KRAS	pp	FGF2
14 LRP6	pp	APC
15 LRP6	pp	ETV6
16 LRP6	pp	GSK3B
17 MAPK1	pp	GSK3B
18 PIK3CA	pp	BCL2
19 PIK3CA	pp	BRAF
20 PIK3CA	pp	BRCA1
21 PIK3CA	pp	CDC42
22 PIK3CA	pp	CREBBP
23 PIK3CA	pp	EGFR
24 PIK3CA	pp	ETV6
25 PIK3CA	pp	FBXW7
26 PIK3CA	pp	FGF2
27 PIK3CA	pp	FOXO1
28 PIK3CA	pp	FOXO3
29 PIK3CA	pp	GSK3B
30 PIK3CA	pp	MAPK1
31 PRKCA	pp	GSK3B
32 PRKCA	pp	PIK3CA
33 PTEN	pp	GSK3B
34 PTEN	pp	PIK3CA
35 PTK2	pp	GSK3B
36 PTK2	pp	PIK3CA
37 SMAD4	pp	APC
38 SMAD4	pp	BCL2
39 SMAD4	pp	CDC42
40 SMAD4	pp	PTEN
41 STAT3	pp	PIK3CA
42 STAT3	pp	SMAD4
43 TCF7L2	pp	APC
44 TCF7L2	pp	PTEN
45 TRAF6	pp	GSK3B
46 TRAF6	pp	PIK3CA
[0m
[1;32mPetal Name: [1;33mPTEN
[1;32mPetal Size: [1;33m43[0;31m
AGO1
APC
ATM
ATRX
BCL2
BMPR1A
BRAF
BTRC
CCDC6
CDC42
CDKN1B
CHUK
CREB1
EGFR
ERBIN
FBXW11
FBXW7
FOXO1
FOXO3
GSK3B
HIF1A
IQGAP1
ITGB1
JAK2
KRAS
LRP6
LRRK2
MAPK1
MDM2
NFE2L2
PDPK1
PIK3CB
PIK3R1
PTEN
RBPJ
SIRT1
SMAD2
SMAD4
TBL1XR1
TCF7L2
TNKS
YAP1
ZEB1
[0m---- 
[1;36mPetal Interactions[0;32m
1 BTRC	pp	APC
2 CCDC6	pp	APC
3 CCDC6	pp	BRAF
4 CDC42	pp	APC
5 CHUK	pp	BTRC
6 ERBIN	pp	APC
7 ERBIN	pp	CDC42
8 ERBIN	pp	EGFR
9 FBXW11	pp	APC
10 FBXW7	pp	BTRC
11 FBXW7	pp	CCDC6
12 GSK3B	pp	APC
13 GSK3B	pp	BRAF
14 GSK3B	pp	BTRC
15 GSK3B	pp	CDKN1B
16 GSK3B	pp	CREB1
17 GSK3B	pp	FBXW11
18 GSK3B	pp	FBXW7
19 GSK3B	pp	FOXO1
20 GSK3B	pp	FOXO3
21 HIF1A	pp	GSK3B
22 IQGAP1	pp	APC
23 IQGAP1	pp	EGFR
24 ITGB1	pp	CDC42
25 KRAS	pp	APC
26 KRAS	pp	BCL2
27 KRAS	pp	CDC42
28 KRAS	pp	EGFR
29 KRAS	pp	HIF1A
30 KRAS	pp	JAK2
31 LRP6	pp	APC
32 LRP6	pp	GSK3B
33 LRRK2	pp	AGO1
34 LRRK2	pp	APC
35 LRRK2	pp	HIF1A
36 MAPK1	pp	GSK3B
37 MDM2	pp	GSK3B
38 NFE2L2	pp	GSK3B
39 PDPK1	pp	GSK3B
40 PIK3CB	pp	CDC42
41 PIK3R1	pp	KRAS
42 PTEN	pp	AGO1
43 PTEN	pp	ATM
44 PTEN	pp	ATRX
45 PTEN	pp	BCL2
46 PTEN	pp	BMPR1A
47 PTEN	pp	BRAF
48 PTEN	pp	CDC42
49 PTEN	pp	CDKN1B
50 PTEN	pp	CHUK
51 PTEN	pp	CREB1
52 PTEN	pp	EGFR
53 PTEN	pp	FBXW7
54 PTEN	pp	FOXO1
55 PTEN	pp	FOXO3
56 PTEN	pp	GSK3B
57 PTEN	pp	HIF1A
58 PTEN	pp	ITGB1
59 PTEN	pp	JAK2
60 PTEN	pp	MAPK1
61 PTEN	pp	MDM2
62 PTEN	pp	NFE2L2
63 PTEN	pp	PDPK1
64 PTEN	pp	PIK3CB
65 PTEN	pp	PIK3R1
66 RBPJ	pp	PTEN
67 SIRT1	pp	GSK3B
68 SIRT1	pp	PTEN
69 SMAD2	pp	CDC42
70 SMAD2	pp	ERBIN
71 SMAD2	pp	GSK3B
72 SMAD2	pp	PTEN
73 SMAD4	pp	APC
74 SMAD4	pp	ATM
75 SMAD4	pp	BCL2
76 SMAD4	pp	BMPR1A
77 SMAD4	pp	CDC42
78 SMAD4	pp	HIF1A
79 SMAD4	pp	MAPK1
80 SMAD4	pp	PTEN
81 SMAD4	pp	RBPJ
82 SMAD4	pp	SMAD2
83 TBL1XR1	pp	APC
84 TBL1XR1	pp	RBPJ
85 TCF7L2	pp	APC
86 TCF7L2	pp	CREB1
87 TCF7L2	pp	PTEN
88 TNKS	pp	APC
89 TNKS	pp	ATRX
90 TNKS	pp	PTEN
91 YAP1	pp	GSK3B
92 YAP1	pp	PTEN
93 ZEB1	pp	PTEN
94 ZEB1	pp	SMAD4
[0m
Done creating Petals.
petals are loaded
[1;32mAGE for [0;36mPIK3CA - PTEN[0m
[0;35minitial size for AGE: 0[0m
counterPetal1 92
counterPetal2 188
counterPetal1*counterPetal2 17296
(*AGE).size()=17296
[0m---- 
[1;33mAGE nodes: 17296[0m
Allocate AGEgraph :  17296 x 17296	299151616 bytes

[0 min 0 sec] Nodes are done in 

[0 min 14 sec] Edges are done in 
0th run results (0) [new minumum]:0.281442
0 4056 cost: 800
[0;36m		[A1. APC::A2. ERBIN] ---  [B1. AGO1::B2. LRRK2}[0m
[0;36m		[A1. ERBIN::A2. EGFR] ---  [B1. LRRK2::B2. APC}[0m
4056 8935 cost: 526
[0;36m		[A1. ERBIN::A2. EGFR] ---  [B1. LRRK2::B2. APC}[0m
[0;36m		[A1. KRAS::A2. BCL2] ---  [B1. KRAS::B2. BCL2}[0m
8935 1526 cost: 100
[0;36m		[A1. KRAS::A2. BCL2] ---  [B1. KRAS::B2. BCL2}[0m
[0;36m		[A1. BCL2::A2. SMAD4] ---  [B1. BCL2::B2. SMAD4}[0m
1526 15773 cost: 100
[0;36m		[A1. BCL2::A2. SMAD4] ---  [B1. BCL2::B2. SMAD4}[0m
[0;36m		[A1. SMAD4::A2. CDC42] ---  [B1. SMAD4::B2. CDC42}[0m
15773 14626 cost: 100
[0;36m		[A1. SMAD4::A2. CDC42] ---  [B1. SMAD4::B2. CDC42}[0m
[0;36m		[A1. PTEN::A2. SMAD4] ---  [B1. PTEN::B2. SMAD4}[0m
14626 8167 cost: 100
[0;36m		[A1. PTEN::A2. SMAD4] ---  [B1. PTEN::B2. SMAD4}[0m
[0;36m		[A1. GSK3B::A2. PTEN] ---  [B1. GSK3B::B2. PTEN}[0m
8167 1718 cost: 100
[0;36m		[A1. GSK3B::A2. PTEN] ---  [B1. GSK3B::B2. PTEN}[0m
[0;36m		[A1. BRAF::A2. GSK3B] ---  [B1. BRAF::B2. GSK3B}[0m
8167 4574 cost: 100
[0;36m		[A1. GSK3B::A2. PTEN] ---  [B1. GSK3B::B2. PTEN}[0m
[0;36m		[A1. FBXW7::A2. GSK3B] ---  [B1. FBXW7::B2. GSK3B}[0m
8167 5328 cost: 100
[0;36m		[A1. GSK3B::A2. PTEN] ---  [B1. GSK3B::B2. PTEN}[0m
[0;36m		[A1. FOXO1::A2. GSK3B] ---  [B1. FOXO1::B2. GSK3B}[0m
8167 5706 cost: 100
[0;36m		[A1. GSK3B::A2. PTEN] ---  [B1. GSK3B::B2. PTEN}[0m
[0;36m		[A1. FOXO3::A2. GSK3B] ---  [B1. FOXO3::B2. GSK3B}[0m
1718 7410 cost: 100
[0;36m		[A1. BRAF::A2. GSK3B] ---  [B1. BRAF::B2. GSK3B}[0m
[0;36m		[A1. GSK3B::A2. LRP6] ---  [B1. GSK3B::B2. LRP6}[0m
1718 7599 cost: 100
[0;36m		[A1. BRAF::A2. GSK3B] ---  [B1. BRAF::B2. GSK3B}[0m
[0;36m		[A1. GSK3B::A2. MAPK1] ---  [B1. GSK3B::B2. MAPK1}[0m
8167 14815 cost: 100
[0;36m		[A1. GSK3B::A2. PTEN] ---  [B1. GSK3B::B2. PTEN}[0m
[0;36m		[A1. PTEN::A2. TCF7L2] ---  [B1. PTEN::B2. TCF7L2}[0m
15773 2483 cost: 104
[0;36m		[A1. SMAD4::A2. CDC42] ---  [B1. SMAD4::B2. CDC42}[0m
[0;36m		[A1. CDC42::A2. PIK3CA] ---  [B1. CDC42::B2. PIK3CB}[0m
14626 13092 cost: 104
[0;36m		[A1. PTEN::A2. SMAD4] ---  [B1. PTEN::B2. SMAD4}[0m
[0;36m		[A1. PIK3CA::A2. PTEN] ---  [B1. PIK3CB::B2. PTEN}[0m
1718 7978 cost: 178
[0;36m		[A1. BRAF::A2. GSK3B] ---  [B1. BRAF::B2. GSK3B}[0m
[0;36m		[A1. GSK3B::A2. PRKCA] ---  [B1. GSK3B::B2. PDPK1}[0m
8167 219 cost: 217
[0;36m		[A1. GSK3B::A2. PTEN] ---  [B1. GSK3B::B2. PTEN}[0m
[0;36m		[A1. APC::A2. GSK3B] ---  [B1. BTRC::B2. GSK3B}[0m
8167 2111 cost: 217
[0;36m		[A1. GSK3B::A2. PTEN] ---  [B1. GSK3B::B2. PTEN}[0m
[0;36m		[A1. BRCA1::A2. GSK3B] ---  [B1. CDKN1B::B2. GSK3B}[0m
8167 2867 cost: 217
[0;36m		[A1. GSK3B::A2. PTEN] ---  [B1. GSK3B::B2. PTEN}[0m
[0;36m		[A1. CREBBP::A2. GSK3B] ---  [B1. CREB1::B2. GSK3B}[0m
8935 3393 cost: 217
[0;36m		[A1. KRAS::A2. BCL2] ---  [B1. KRAS::B2. BCL2}[0m
[0;36m		[A1. EGFR::A2. KRAS] ---  [B1. APC::B2. KRAS}[0m
8935 4940 cost: 217
[0;36m		[A1. KRAS::A2. BCL2] ---  [B1. KRAS::B2. BCL2}[0m
[0;36m		[A1. FGF2::A2. KRAS] ---  [B1. EGFR::B2. KRAS}[0m
1718 8349 cost: 217
[0;36m		[A1. BRAF::A2. GSK3B] ---  [B1. BRAF::B2. GSK3B}[0m
[0;36m		[A1. GSK3B::A2. PTK2] ---  [B1. GSK3B::B2. HIF1A}[0m
1718 8540 cost: 217
[0;36m		[A1. BRAF::A2. GSK3B] ---  [B1. BRAF::B2. GSK3B}[0m
[0;36m		[A1. GSK3B::A2. TRAF6] ---  [B1. GSK3B::B2. MDM2}[0m
1526 16146 cost: 217
[0;36m		[A1. BCL2::A2. SMAD4] ---  [B1. BCL2::B2. SMAD4}[0m
[0;36m		[A1. SMAD4::A2. STAT3] ---  [B1. SMAD4::B2. ATM}[0m

Displayed tree score: 0.281442

1th run results (1) [new minumum]:0.429224
1 3436 cost: 571
[0;36m		[A1. APC::A2. ERBIN] ---  [B1. AGO1::B2. PTEN}[0m
[0;36m		[A1. EGFR::A2. KRAS] ---  [B1. EGFR::B2. KRAS}[0m
3436 4004 cost: 100
[0;36m		[A1. EGFR::A2. KRAS] ---  [B1. EGFR::B2. KRAS}[0m
[0;36m		[A1. ERBIN::A2. EGFR] ---  [B1. ERBIN::B2. EGFR}[0m
3436 8746 cost: 100
[0;36m		[A1. EGFR::A2. KRAS] ---  [B1. EGFR::B2. KRAS}[0m
[0;36m		[A1. KRAS::A2. APC] ---  [B1. KRAS::B2. APC}[0m
8746 195 cost: 100
[0;36m		[A1. KRAS::A2. APC] ---  [B1. KRAS::B2. APC}[0m
[0;36m		[A1. APC::A2. GSK3B] ---  [B1. APC::B2. GSK3B}[0m
8746 574 cost: 100
[0;36m		[A1. KRAS::A2. APC] ---  [B1. KRAS::B2. APC}[0m
[0;36m		[A1. APC::A2. LRP6] ---  [B1. APC::B2. LRP6}[0m
8746 764 cost: 100
[0;36m		[A1. KRAS::A2. APC] ---  [B1. KRAS::B2. APC}[0m
[0;36m		[A1. APC::A2. SMAD4] ---  [B1. APC::B2. SMAD4}[0m
8746 954 cost: 100
[0;36m		[A1. KRAS::A2. APC] ---  [B1. KRAS::B2. APC}[0m
[0;36m		[A1. APC::A2. TCF7L2] ---  [B1. APC::B2. TCF7L2}[0m
8746 1148 cost: 100
[0;36m		[A1. KRAS::A2. APC] ---  [B1. KRAS::B2. APC}[0m
[0;36m		[A1. BCL2::A2. KRAS] ---  [B1. BCL2::B2. KRAS}[0m
195 6273 cost: 100
[0;36m		[A1. APC::A2. GSK3B] ---  [B1. APC::B2. GSK3B}[0m
[0;36m		[A1. GSK3B::A2. BRAF] ---  [B1. GSK3B::B2. BRAF}[0m
6273 4574 cost: 100
[0;36m		[A1. GSK3B::A2. BRAF] ---  [B1. GSK3B::B2. BRAF}[0m
[0;36m		[A1. FBXW7::A2. GSK3B] ---  [B1. FBXW7::B2. GSK3B}[0m
6273 5328 cost: 100
[0;36m		[A1. GSK3B::A2. BRAF] ---  [B1. GSK3B::B2. BRAF}[0m
[0;36m		[A1. FOXO1::A2. GSK3B] ---  [B1. FOXO1::B2. GSK3B}[0m
6273 5706 cost: 100
[0;36m		[A1. GSK3B::A2. BRAF] ---  [B1. GSK3B::B2. BRAF}[0m
[0;36m		[A1. FOXO3::A2. GSK3B] ---  [B1. FOXO3::B2. GSK3B}[0m
195 7410 cost: 100
[0;36m		[A1. APC::A2. GSK3B] ---  [B1. APC::B2. GSK3B}[0m
[0;36m		[A1. GSK3B::A2. LRP6] ---  [B1. GSK3B::B2. LRP6}[0m
195 7599 cost: 100
[0;36m		[A1. APC::A2. GSK3B] ---  [B1. APC::B2. GSK3B}[0m
[0;36m		[A1. GSK3B::A2. MAPK1] ---  [B1. GSK3B::B2. MAPK1}[0m
195 8167 cost: 100
[0;36m		[A1. APC::A2. GSK3B] ---  [B1. APC::B2. GSK3B}[0m
[0;36m		[A1. GSK3B::A2. PTEN] ---  [B1. GSK3B::B2. PTEN}[0m
8167 14626 cost: 100
[0;36m		[A1. GSK3B::A2. PTEN] ---  [B1. GSK3B::B2. PTEN}[0m
[0;36m		[A1. PTEN::A2. SMAD4] ---  [B1. PTEN::B2. SMAD4}[0m
8167 14815 cost: 100
[0;36m		[A1. GSK3B::A2. PTEN] ---  [B1. GSK3B::B2. PTEN}[0m
[0;36m		[A1. PTEN::A2. TCF7L2] ---  [B1. PTEN::B2. TCF7L2}[0m
764 15583 cost: 100
[0;36m		[A1. APC::A2. SMAD4] ---  [B1. APC::B2. SMAD4}[0m
[0;36m		[A1. SMAD4::A2. BCL2] ---  [B1. SMAD4::B2. BCL2}[0m
15583 2674 cost: 100
[0;36m		[A1. SMAD4::A2. BCL2] ---  [B1. SMAD4::B2. BCL2}[0m
[0;36m		[A1. CDC42::A2. SMAD4] ---  [B1. CDC42::B2. SMAD4}[0m
2674 11023 cost: 104
[0;36m		[A1. CDC42::A2. SMAD4] ---  [B1. CDC42::B2. SMAD4}[0m
[0;36m		[A1. PIK3CA::A2. CDC42] ---  [B1. PIK3CB::B2. CDC42}[0m
14626 13092 cost: 104
[0;36m		[A1. PTEN::A2. SMAD4] ---  [B1. PTEN::B2. SMAD4}[0m
[0;36m		[A1. PIK3CA::A2. PTEN] ---  [B1. PIK3CB::B2. PTEN}[0m
195 7978 cost: 178
[0;36m		[A1. APC::A2. GSK3B] ---  [B1. APC::B2. GSK3B}[0m
[0;36m		[A1. GSK3B::A2. PRKCA] ---  [B1. GSK3B::B2. PDPK1}[0m
6273 2099 cost: 217
[0;36m		[A1. GSK3B::A2. BRAF] ---  [B1. GSK3B::B2. BRAF}[0m
[0;36m		[A1. BRCA1::A2. GSK3B] ---  [B1. BTRC::B2. GSK3B}[0m
6273 2867 cost: 217
[0;36m		[A1. GSK3B::A2. BRAF] ---  [B1. GSK3B::B2. BRAF}[0m
[0;36m		[A1. CREBBP::A2. GSK3B] ---  [B1. CREB1::B2. GSK3B}[0m
8746 4976 cost: 217
[0;36m		[A1. KRAS::A2. APC] ---  [B1. KRAS::B2. APC}[0m
[0;36m		[A1. FGF2::A2. KRAS] ---  [B1. HIF1A::B2. KRAS}[0m
195 8352 cost: 217
[0;36m		[A1. APC::A2. GSK3B] ---  [B1. APC::B2. GSK3B}[0m
[0;36m		[A1. GSK3B::A2. PTK2] ---  [B1. GSK3B::B2. MDM2}[0m
195 8541 cost: 217
[0;36m		[A1. APC::A2. GSK3B] ---  [B1. APC::B2. GSK3B}[0m
[0;36m		[A1. GSK3B::A2. TRAF6] ---  [B1. GSK3B::B2. NFE2L2}[0m
764 16146 cost: 217
[0;36m		[A1. APC::A2. SMAD4] ---  [B1. APC::B2. SMAD4}[0m
[0;36m		[A1. SMAD4::A2. STAT3] ---  [B1. SMAD4::B2. ATM}[0m

Displayed tree score: 0.429224

2th run results (2) [new minumum]:0.444218
2 6084 cost: 434
[0;36m		[A1. APC::A2. ERBIN] ---  [B1. APC::B2. BTRC}[0m
[0;36m		[A1. GSK3B::A2. APC] ---  [B1. GSK3B::B2. APC}[0m
6084 385 cost: 100
[0;36m		[A1. GSK3B::A2. APC] ---  [B1. GSK3B::B2. APC}[0m
[0;36m		[A1. APC::A2. KRAS] ---  [B1. APC::B2. KRAS}[0m
6084 574 cost: 100
[0;36m		[A1. GSK3B::A2. APC] ---  [B1. GSK3B::B2. APC}[0m
[0;36m		[A1. APC::A2. LRP6] ---  [B1. APC::B2. LRP6}[0m
6084 764 cost: 100
[0;36m		[A1. GSK3B::A2. APC] ---  [B1. GSK3B::B2. APC}[0m
[0;36m		[A1. APC::A2. SMAD4] ---  [B1. APC::B2. SMAD4}[0m
6084 954 cost: 100
[0;36m		[A1. GSK3B::A2. APC] ---  [B1. GSK3B::B2. APC}[0m
[0;36m		[A1. APC::A2. TCF7L2] ---  [B1. APC::B2. TCF7L2}[0m
6084 1718 cost: 100
[0;36m		[A1. GSK3B::A2. APC] ---  [B1. GSK3B::B2. APC}[0m
[0;36m		[A1. BRAF::A2. GSK3B] ---  [B1. BRAF::B2. GSK3B}[0m
6084 4574 cost: 100
[0;36m		[A1. GSK3B::A2. APC] ---  [B1. GSK3B::B2. APC}[0m
[0;36m		[A1. FBXW7::A2. GSK3B] ---  [B1. FBXW7::B2. GSK3B}[0m
6084 5328 cost: 100
[0;36m		[A1. GSK3B::A2. APC] ---  [B1. GSK3B::B2. APC}[0m
[0;36m		[A1. FOXO1::A2. GSK3B] ---  [B1. FOXO1::B2. GSK3B}[0m
6084 5706 cost: 100
[0;36m		[A1. GSK3B::A2. APC] ---  [B1. GSK3B::B2. APC}[0m
[0;36m		[A1. FOXO3::A2. GSK3B] ---  [B1. FOXO3::B2. GSK3B}[0m
1718 7410 cost: 100
[0;36m		[A1. BRAF::A2. GSK3B] ---  [B1. BRAF::B2. GSK3B}[0m
[0;36m		[A1. GSK3B::A2. LRP6] ---  [B1. GSK3B::B2. LRP6}[0m
1718 7599 cost: 100
[0;36m		[A1. BRAF::A2. GSK3B] ---  [B1. BRAF::B2. GSK3B}[0m
[0;36m		[A1. GSK3B::A2. MAPK1] ---  [B1. GSK3B::B2. MAPK1}[0m
1718 8167 cost: 100
[0;36m		[A1. BRAF::A2. GSK3B] ---  [B1. BRAF::B2. GSK3B}[0m
[0;36m		[A1. GSK3B::A2. PTEN] ---  [B1. GSK3B::B2. PTEN}[0m
385 8935 cost: 100
[0;36m		[A1. APC::A2. KRAS] ---  [B1. APC::B2. KRAS}[0m
[0;36m		[A1. KRAS::A2. BCL2] ---  [B1. KRAS::B2. BCL2}[0m
8935 1526 cost: 100
[0;36m		[A1. KRAS::A2. BCL2] ---  [B1. KRAS::B2. BCL2}[0m
[0;36m		[A1. BCL2::A2. SMAD4] ---  [B1. BCL2::B2. SMAD4}[0m
8935 3436 cost: 100
[0;36m		[A1. KRAS::A2. BCL2] ---  [B1. KRAS::B2. BCL2}[0m
[0;36m		[A1. EGFR::A2. KRAS] ---  [B1. EGFR::B2. KRAS}[0m
3436 4004 cost: 100
[0;36m		[A1. EGFR::A2. KRAS] ---  [B1. EGFR::B2. KRAS}[0m
[0;36m		[A1. ERBIN::A2. EGFR] ---  [B1. ERBIN::B2. EGFR}[0m
8167 14626 cost: 100
[0;36m		[A1. GSK3B::A2. PTEN] ---  [B1. GSK3B::B2. PTEN}[0m
[0;36m		[A1. PTEN::A2. SMAD4] ---  [B1. PTEN::B2. SMAD4}[0m
8167 14815 cost: 100
[0;36m		[A1. GSK3B::A2. PTEN] ---  [B1. GSK3B::B2. PTEN}[0m
[0;36m		[A1. PTEN::A2. TCF7L2] ---  [B1. PTEN::B2. TCF7L2}[0m
764 15773 cost: 100
[0;36m		[A1. APC::A2. SMAD4] ---  [B1. APC::B2. SMAD4}[0m
[0;36m		[A1. SMAD4::A2. CDC42] ---  [B1. SMAD4::B2. CDC42}[0m
15773 2483 cost: 104
[0;36m		[A1. SMAD4::A2. CDC42] ---  [B1. SMAD4::B2. CDC42}[0m
[0;36m		[A1. CDC42::A2. PIK3CA] ---  [B1. CDC42::B2. PIK3CB}[0m
14626 13092 cost: 104
[0;36m		[A1. PTEN::A2. SMAD4] ---  [B1. PTEN::B2. SMAD4}[0m
[0;36m		[A1. PIK3CA::A2. PTEN] ---  [B1. PIK3CB::B2. PTEN}[0m
1718 7978 cost: 178
[0;36m		[A1. BRAF::A2. GSK3B] ---  [B1. BRAF::B2. GSK3B}[0m
[0;36m		[A1. GSK3B::A2. PRKCA] ---  [B1. GSK3B::B2. PDPK1}[0m
6084 2099 cost: 217
[0;36m		[A1. GSK3B::A2. APC] ---  [B1. GSK3B::B2. APC}[0m
[0;36m		[A1. BRCA1::A2. GSK3B] ---  [B1. BTRC::B2. GSK3B}[0m
6084 2867 cost: 217
[0;36m		[A1. GSK3B::A2. APC] ---  [B1. GSK3B::B2. APC}[0m
[0;36m		[A1. CREBBP::A2. GSK3B] ---  [B1. CREB1::B2. GSK3B}[0m
8935 4976 cost: 217
[0;36m		[A1. KRAS::A2. BCL2] ---  [B1. KRAS::B2. BCL2}[0m
[0;36m		[A1. FGF2::A2. KRAS] ---  [B1. HIF1A::B2. KRAS}[0m
1718 8352 cost: 217
[0;36m		[A1. BRAF::A2. GSK3B] ---  [B1. BRAF::B2. GSK3B}[0m
[0;36m		[A1. GSK3B::A2. PTK2] ---  [B1. GSK3B::B2. MDM2}[0m
1718 8541 cost: 217
[0;36m		[A1. BRAF::A2. GSK3B] ---  [B1. BRAF::B2. GSK3B}[0m
[0;36m		[A1. GSK3B::A2. TRAF6] ---  [B1. GSK3B::B2. NFE2L2}[0m
764 16146 cost: 217
[0;36m		[A1. APC::A2. SMAD4] ---  [B1. APC::B2. SMAD4}[0m
[0;36m		[A1. SMAD4::A2. STAT3] ---  [B1. SMAD4::B2. ATM}[0m

Displayed tree score: 0.444218

4th run results (3) [new minumum]:0.463604
4 6084 cost: 270
[0;36m		[A1. APC::A2. ERBIN] ---  [B1. APC::B2. CDC42}[0m
[0;36m		[A1. GSK3B::A2. APC] ---  [B1. GSK3B::B2. APC}[0m
6084 385 cost: 100
[0;36m		[A1. GSK3B::A2. APC] ---  [B1. GSK3B::B2. APC}[0m
[0;36m		[A1. APC::A2. KRAS] ---  [B1. APC::B2. KRAS}[0m
6084 574 cost: 100
[0;36m		[A1. GSK3B::A2. APC] ---  [B1. GSK3B::B2. APC}[0m
[0;36m		[A1. APC::A2. LRP6] ---  [B1. APC::B2. LRP6}[0m
6084 764 cost: 100
[0;36m		[A1. GSK3B::A2. APC] ---  [B1. GSK3B::B2. APC}[0m
[0;36m		[A1. APC::A2. SMAD4] ---  [B1. APC::B2. SMAD4}[0m
6084 954 cost: 100
[0;36m		[A1. GSK3B::A2. APC] ---  [B1. GSK3B::B2. APC}[0m
[0;36m		[A1. APC::A2. TCF7L2] ---  [B1. APC::B2. TCF7L2}[0m
6084 1718 cost: 100
[0;36m		[A1. GSK3B::A2. APC] ---  [B1. GSK3B::B2. APC}[0m
[0;36m		[A1. BRAF::A2. GSK3B] ---  [B1. BRAF::B2. GSK3B}[0m
6084 4574 cost: 100
[0;36m		[A1. GSK3B::A2. APC] ---  [B1. GSK3B::B2. APC}[0m
[0;36m		[A1. FBXW7::A2. GSK3B] ---  [B1. FBXW7::B2. GSK3B}[0m
6084 5328 cost: 100
[0;36m		[A1. GSK3B::A2. APC] ---  [B1. GSK3B::B2. APC}[0m
[0;36m		[A1. FOXO1::A2. GSK3B] ---  [B1. FOXO1::B2. GSK3B}[0m
6084 5706 cost: 100
[0;36m		[A1. GSK3B::A2. APC] ---  [B1. GSK3B::B2. APC}[0m
[0;36m		[A1. FOXO3::A2. GSK3B] ---  [B1. FOXO3::B2. GSK3B}[0m
1718 7410 cost: 100
[0;36m		[A1. BRAF::A2. GSK3B] ---  [B1. BRAF::B2. GSK3B}[0m
[0;36m		[A1. GSK3B::A2. LRP6] ---  [B1. GSK3B::B2. LRP6}[0m
1718 7599 cost: 100
[0;36m		[A1. BRAF::A2. GSK3B] ---  [B1. BRAF::B2. GSK3B}[0m
[0;36m		[A1. GSK3B::A2. MAPK1] ---  [B1. GSK3B::B2. MAPK1}[0m
1718 8167 cost: 100
[0;36m		[A1. BRAF::A2. GSK3B] ---  [B1. BRAF::B2. GSK3B}[0m
[0;36m		[A1. GSK3B::A2. PTEN] ---  [B1. GSK3B::B2. PTEN}[0m
385 8935 cost: 100
[0;36m		[A1. APC::A2. KRAS] ---  [B1. APC::B2. KRAS}[0m
[0;36m		[A1. KRAS::A2. BCL2] ---  [B1. KRAS::B2. BCL2}[0m
8935 1526 cost: 100
[0;36m		[A1. KRAS::A2. BCL2] ---  [B1. KRAS::B2. BCL2}[0m
[0;36m		[A1. BCL2::A2. SMAD4] ---  [B1. BCL2::B2. SMAD4}[0m
8935 3436 cost: 100
[0;36m		[A1. KRAS::A2. BCL2] ---  [B1. KRAS::B2. BCL2}[0m
[0;36m		[A1. EGFR::A2. KRAS] ---  [B1. EGFR::B2. KRAS}[0m
3436 4004 cost: 100
[0;36m		[A1. EGFR::A2. KRAS] ---  [B1. EGFR::B2. KRAS}[0m
[0;36m		[A1. ERBIN::A2. EGFR] ---  [B1. ERBIN::B2. EGFR}[0m
8167 14626 cost: 100
[0;36m		[A1. GSK3B::A2. PTEN] ---  [B1. GSK3B::B2. PTEN}[0m
[0;36m		[A1. PTEN::A2. SMAD4] ---  [B1. PTEN::B2. SMAD4}[0m
8167 14815 cost: 100
[0;36m		[A1. GSK3B::A2. PTEN] ---  [B1. GSK3B::B2. PTEN}[0m
[0;36m		[A1. PTEN::A2. TCF7L2] ---  [B1. PTEN::B2. TCF7L2}[0m
764 15773 cost: 100
[0;36m		[A1. APC::A2. SMAD4] ---  [B1. APC::B2. SMAD4}[0m
[0;36m		[A1. SMAD4::A2. CDC42] ---  [B1. SMAD4::B2. CDC42}[0m
15773 2483 cost: 104
[0;36m		[A1. SMAD4::A2. CDC42] ---  [B1. SMAD4::B2. CDC42}[0m
[0;36m		[A1. CDC42::A2. PIK3CA] ---  [B1. CDC42::B2. PIK3CB}[0m
14626 13092 cost: 104
[0;36m		[A1. PTEN::A2. SMAD4] ---  [B1. PTEN::B2. SMAD4}[0m
[0;36m		[A1. PIK3CA::A2. PTEN] ---  [B1. PIK3CB::B2. PTEN}[0m
1718 7978 cost: 178
[0;36m		[A1. BRAF::A2. GSK3B] ---  [B1. BRAF::B2. GSK3B}[0m
[0;36m		[A1. GSK3B::A2. PRKCA] ---  [B1. GSK3B::B2. PDPK1}[0m
6084 2099 cost: 217
[0;36m		[A1. GSK3B::A2. APC] ---  [B1. GSK3B::B2. APC}[0m
[0;36m		[A1. BRCA1::A2. GSK3B] ---  [B1. BTRC::B2. GSK3B}[0m
6084 2867 cost: 217
[0;36m		[A1. GSK3B::A2. APC] ---  [B1. GSK3B::B2. APC}[0m
[0;36m		[A1. CREBBP::A2. GSK3B] ---  [B1. CREB1::B2. GSK3B}[0m
8935 4976 cost: 217
[0;36m		[A1. KRAS::A2. BCL2] ---  [B1. KRAS::B2. BCL2}[0m
[0;36m		[A1. FGF2::A2. KRAS] ---  [B1. HIF1A::B2. KRAS}[0m
1718 8352 cost: 217
[0;36m		[A1. BRAF::A2. GSK3B] ---  [B1. BRAF::B2. GSK3B}[0m
[0;36m		[A1. GSK3B::A2. PTK2] ---  [B1. GSK3B::B2. MDM2}[0m
1718 8541 cost: 217
[0;36m		[A1. BRAF::A2. GSK3B] ---  [B1. BRAF::B2. GSK3B}[0m
[0;36m		[A1. GSK3B::A2. TRAF6] ---  [B1. GSK3B::B2. NFE2L2}[0m
764 16146 cost: 217
[0;36m		[A1. APC::A2. SMAD4] ---  [B1. APC::B2. SMAD4}[0m
[0;36m		[A1. SMAD4::A2. STAT3] ---  [B1. SMAD4::B2. ATM}[0m

Displayed tree score: 0.463604

5th run results (4) [new minumum]:0.485569
5 4004 cost: 100
[0;36m		[A1. APC::A2. ERBIN] ---  [B1. APC::B2. ERBIN}[0m
[0;36m		[A1. ERBIN::A2. EGFR] ---  [B1. ERBIN::B2. EGFR}[0m
4004 3436 cost: 100
[0;36m		[A1. ERBIN::A2. EGFR] ---  [B1. ERBIN::B2. EGFR}[0m
[0;36m		[A1. EGFR::A2. KRAS] ---  [B1. EGFR::B2. KRAS}[0m
5 6084 cost: 100
[0;36m		[A1. APC::A2. ERBIN] ---  [B1. APC::B2. ERBIN}[0m
[0;36m		[A1. GSK3B::A2. APC] ---  [B1. GSK3B::B2. APC}[0m
6084 385 cost: 100
[0;36m		[A1. GSK3B::A2. APC] ---  [B1. GSK3B::B2. APC}[0m
[0;36m		[A1. APC::A2. KRAS] ---  [B1. APC::B2. KRAS}[0m
6084 574 cost: 100
[0;36m		[A1. GSK3B::A2. APC] ---  [B1. GSK3B::B2. APC}[0m
[0;36m		[A1. APC::A2. LRP6] ---  [B1. APC::B2. LRP6}[0m
6084 764 cost: 100
[0;36m		[A1. GSK3B::A2. APC] ---  [B1. GSK3B::B2. APC}[0m
[0;36m		[A1. APC::A2. SMAD4] ---  [B1. APC::B2. SMAD4}[0m
6084 954 cost: 100
[0;36m		[A1. GSK3B::A2. APC] ---  [B1. GSK3B::B2. APC}[0m
[0;36m		[A1. APC::A2. TCF7L2] ---  [B1. APC::B2. TCF7L2}[0m
6084 1718 cost: 100
[0;36m		[A1. GSK3B::A2. APC] ---  [B1. GSK3B::B2. APC}[0m
[0;36m		[A1. BRAF::A2. GSK3B] ---  [B1. BRAF::B2. GSK3B}[0m
6084 4574 cost: 100
[0;36m		[A1. GSK3B::A2. APC] ---  [B1. GSK3B::B2. APC}[0m
[0;36m		[A1. FBXW7::A2. GSK3B] ---  [B1. FBXW7::B2. GSK3B}[0m
6084 5328 cost: 100
[0;36m		[A1. GSK3B::A2. APC] ---  [B1. GSK3B::B2. APC}[0m
[0;36m		[A1. FOXO1::A2. GSK3B] ---  [B1. FOXO1::B2. GSK3B}[0m
6084 5706 cost: 100
[0;36m		[A1. GSK3B::A2. APC] ---  [B1. GSK3B::B2. APC}[0m
[0;36m		[A1. FOXO3::A2. GSK3B] ---  [B1. FOXO3::B2. GSK3B}[0m
1718 7410 cost: 100
[0;36m		[A1. BRAF::A2. GSK3B] ---  [B1. BRAF::B2. GSK3B}[0m
[0;36m		[A1. GSK3B::A2. LRP6] ---  [B1. GSK3B::B2. LRP6}[0m
1718 7599 cost: 100
[0;36m		[A1. BRAF::A2. GSK3B] ---  [B1. BRAF::B2. GSK3B}[0m
[0;36m		[A1. GSK3B::A2. MAPK1] ---  [B1. GSK3B::B2. MAPK1}[0m
1718 8167 cost: 100
[0;36m		[A1. BRAF::A2. GSK3B] ---  [B1. BRAF::B2. GSK3B}[0m
[0;36m		[A1. GSK3B::A2. PTEN] ---  [B1. GSK3B::B2. PTEN}[0m
3436 8935 cost: 100
[0;36m		[A1. EGFR::A2. KRAS] ---  [B1. EGFR::B2. KRAS}[0m
[0;36m		[A1. KRAS::A2. BCL2] ---  [B1. KRAS::B2. BCL2}[0m
8935 1526 cost: 100
[0;36m		[A1. KRAS::A2. BCL2] ---  [B1. KRAS::B2. BCL2}[0m
[0;36m		[A1. BCL2::A2. SMAD4] ---  [B1. BCL2::B2. SMAD4}[0m
8167 14626 cost: 100
[0;36m		[A1. GSK3B::A2. PTEN] ---  [B1. GSK3B::B2. PTEN}[0m
[0;36m		[A1. PTEN::A2. SMAD4] ---  [B1. PTEN::B2. SMAD4}[0m
8167 14815 cost: 100
[0;36m		[A1. GSK3B::A2. PTEN] ---  [B1. GSK3B::B2. PTEN}[0m
[0;36m		[A1. PTEN::A2. TCF7L2] ---  [B1. PTEN::B2. TCF7L2}[0m
764 15773 cost: 100
[0;36m		[A1. APC::A2. SMAD4] ---  [B1. APC::B2. SMAD4}[0m
[0;36m		[A1. SMAD4::A2. CDC42] ---  [B1. SMAD4::B2. CDC42}[0m
15773 2483 cost: 104
[0;36m		[A1. SMAD4::A2. CDC42] ---  [B1. SMAD4::B2. CDC42}[0m
[0;36m		[A1. CDC42::A2. PIK3CA] ---  [B1. CDC42::B2. PIK3CB}[0m
14626 13092 cost: 104
[0;36m		[A1. PTEN::A2. SMAD4] ---  [B1. PTEN::B2. SMAD4}[0m
[0;36m		[A1. PIK3CA::A2. PTEN] ---  [B1. PIK3CB::B2. PTEN}[0m
1718 7978 cost: 178
[0;36m		[A1. BRAF::A2. GSK3B] ---  [B1. BRAF::B2. GSK3B}[0m
[0;36m		[A1. GSK3B::A2. PRKCA] ---  [B1. GSK3B::B2. PDPK1}[0m
6084 2099 cost: 217
[0;36m		[A1. GSK3B::A2. APC] ---  [B1. GSK3B::B2. APC}[0m
[0;36m		[A1. BRCA1::A2. GSK3B] ---  [B1. BTRC::B2. GSK3B}[0m
6084 2867 cost: 217
[0;36m		[A1. GSK3B::A2. APC] ---  [B1. GSK3B::B2. APC}[0m
[0;36m		[A1. CREBBP::A2. GSK3B] ---  [B1. CREB1::B2. GSK3B}[0m
8935 4976 cost: 217
[0;36m		[A1. KRAS::A2. BCL2] ---  [B1. KRAS::B2. BCL2}[0m
[0;36m		[A1. FGF2::A2. KRAS] ---  [B1. HIF1A::B2. KRAS}[0m
1718 8352 cost: 217
[0;36m		[A1. BRAF::A2. GSK3B] ---  [B1. BRAF::B2. GSK3B}[0m
[0;36m		[A1. GSK3B::A2. PTK2] ---  [B1. GSK3B::B2. MDM2}[0m
1718 8541 cost: 217
[0;36m		[A1. BRAF::A2. GSK3B] ---  [B1. BRAF::B2. GSK3B}[0m
[0;36m		[A1. GSK3B::A2. TRAF6] ---  [B1. GSK3B::B2. NFE2L2}[0m
764 16146 cost: 217
[0;36m		[A1. APC::A2. SMAD4] ---  [B1. APC::B2. SMAD4}[0m
[0;36m		[A1. SMAD4::A2. STAT3] ---  [B1. SMAD4::B2. ATM}[0m

Displayed tree score: 0.485569

1337th run results (5) [new minumum]:0.491167
1337 8935 cost: 217
[0;36m		[A1. BCL2::A2. PIK3CA] ---  [B1. BCL2::B2. PTEN}[0m
[0;36m		[A1. KRAS::A2. BCL2] ---  [B1. KRAS::B2. BCL2}[0m
8935 385 cost: 100
[0;36m		[A1. KRAS::A2. BCL2] ---  [B1. KRAS::B2. BCL2}[0m
[0;36m		[A1. APC::A2. KRAS] ---  [B1. APC::B2. KRAS}[0m
8935 1526 cost: 100
[0;36m		[A1. KRAS::A2. BCL2] ---  [B1. KRAS::B2. BCL2}[0m
[0;36m		[A1. BCL2::A2. SMAD4] ---  [B1. BCL2::B2. SMAD4}[0m
8935 3436 cost: 100
[0;36m		[A1. KRAS::A2. BCL2] ---  [B1. KRAS::B2. BCL2}[0m
[0;36m		[A1. EGFR::A2. KRAS] ---  [B1. EGFR::B2. KRAS}[0m
385 3814 cost: 100
[0;36m		[A1. APC::A2. KRAS] ---  [B1. APC::B2. KRAS}[0m
[0;36m		[A1. ERBIN::A2. APC] ---  [B1. ERBIN::B2. APC}[0m
3814 195 cost: 100
[0;36m		[A1. ERBIN::A2. APC] ---  [B1. ERBIN::B2. APC}[0m
[0;36m		[A1. APC::A2. GSK3B] ---  [B1. APC::B2. GSK3B}[0m
3814 574 cost: 100
[0;36m		[A1. ERBIN::A2. APC] ---  [B1. ERBIN::B2. APC}[0m
[0;36m		[A1. APC::A2. LRP6] ---  [B1. APC::B2. LRP6}[0m
3814 764 cost: 100
[0;36m		[A1. ERBIN::A2. APC] ---  [B1. ERBIN::B2. APC}[0m
[0;36m		[A1. APC::A2. SMAD4] ---  [B1. APC::B2. SMAD4}[0m
3814 954 cost: 100
[0;36m		[A1. ERBIN::A2. APC] ---  [B1. ERBIN::B2. APC}[0m
[0;36m		[A1. APC::A2. TCF7L2] ---  [B1. APC::B2. TCF7L2}[0m
3814 3246 cost: 100
[0;36m		[A1. ERBIN::A2. APC] ---  [B1. ERBIN::B2. APC}[0m
[0;36m		[A1. EGFR::A2. ERBIN] ---  [B1. EGFR::B2. ERBIN}[0m
195 6273 cost: 100
[0;36m		[A1. APC::A2. GSK3B] ---  [B1. APC::B2. GSK3B}[0m
[0;36m		[A1. GSK3B::A2. BRAF] ---  [B1. GSK3B::B2. BRAF}[0m
6273 4574 cost: 100
[0;36m		[A1. GSK3B::A2. BRAF] ---  [B1. GSK3B::B2. BRAF}[0m
[0;36m		[A1. FBXW7::A2. GSK3B] ---  [B1. FBXW7::B2. GSK3B}[0m
6273 5328 cost: 100
[0;36m		[A1. GSK3B::A2. BRAF] ---  [B1. GSK3B::B2. BRAF}[0m
[0;36m		[A1. FOXO1::A2. GSK3B] ---  [B1. FOXO1::B2. GSK3B}[0m
6273 5706 cost: 100
[0;36m		[A1. GSK3B::A2. BRAF] ---  [B1. GSK3B::B2. BRAF}[0m
[0;36m		[A1. FOXO3::A2. GSK3B] ---  [B1. FOXO3::B2. GSK3B}[0m
195 7410 cost: 100
[0;36m		[A1. APC::A2. GSK3B] ---  [B1. APC::B2. GSK3B}[0m
[0;36m		[A1. GSK3B::A2. LRP6] ---  [B1. GSK3B::B2. LRP6}[0m
195 7599 cost: 100
[0;36m		[A1. APC::A2. GSK3B] ---  [B1. APC::B2. GSK3B}[0m
[0;36m		[A1. GSK3B::A2. MAPK1] ---  [B1. GSK3B::B2. MAPK1}[0m
195 8167 cost: 100
[0;36m		[A1. APC::A2. GSK3B] ---  [B1. APC::B2. GSK3B}[0m
[0;36m		[A1. GSK3B::A2. PTEN] ---  [B1. GSK3B::B2. PTEN}[0m
8167 14626 cost: 100
[0;36m		[A1. GSK3B::A2. PTEN] ---  [B1. GSK3B::B2. PTEN}[0m
[0;36m		[A1. PTEN::A2. SMAD4] ---  [B1. PTEN::B2. SMAD4}[0m
8167 14815 cost: 100
[0;36m		[A1. GSK3B::A2. PTEN] ---  [B1. GSK3B::B2. PTEN}[0m
[0;36m		[A1. PTEN::A2. TCF7L2] ---  [B1. PTEN::B2. TCF7L2}[0m
1526 15773 cost: 100
[0;36m		[A1. BCL2::A2. SMAD4] ---  [B1. BCL2::B2. SMAD4}[0m
[0;36m		[A1. SMAD4::A2. CDC42] ---  [B1. SMAD4::B2. CDC42}[0m
15773 2483 cost: 104
[0;36m		[A1. SMAD4::A2. CDC42] ---  [B1. SMAD4::B2. CDC42}[0m
[0;36m		[A1. CDC42::A2. PIK3CA] ---  [B1. CDC42::B2. PIK3CB}[0m
14626 13092 cost: 104
[0;36m		[A1. PTEN::A2. SMAD4] ---  [B1. PTEN::B2. SMAD4}[0m
[0;36m		[A1. PIK3CA::A2. PTEN] ---  [B1. PIK3CB::B2. PTEN}[0m
195 7978 cost: 178
[0;36m		[A1. APC::A2. GSK3B] ---  [B1. APC::B2. GSK3B}[0m
[0;36m		[A1. GSK3B::A2. PRKCA] ---  [B1. GSK3B::B2. PDPK1}[0m
6273 2099 cost: 217
[0;36m		[A1. GSK3B::A2. BRAF] ---  [B1. GSK3B::B2. BRAF}[0m
[0;36m		[A1. BRCA1::A2. GSK3B] ---  [B1. BTRC::B2. GSK3B}[0m
6273 2867 cost: 217
[0;36m		[A1. GSK3B::A2. BRAF] ---  [B1. GSK3B::B2. BRAF}[0m
[0;36m		[A1. CREBBP::A2. GSK3B] ---  [B1. CREB1::B2. GSK3B}[0m
8935 4976 cost: 217
[0;36m		[A1. KRAS::A2. BCL2] ---  [B1. KRAS::B2. BCL2}[0m
[0;36m		[A1. FGF2::A2. KRAS] ---  [B1. HIF1A::B2. KRAS}[0m
195 8352 cost: 217
[0;36m		[A1. APC::A2. GSK3B] ---  [B1. APC::B2. GSK3B}[0m
[0;36m		[A1. GSK3B::A2. PTK2] ---  [B1. GSK3B::B2. MDM2}[0m
195 8541 cost: 217
[0;36m		[A1. APC::A2. GSK3B] ---  [B1. APC::B2. GSK3B}[0m
[0;36m		[A1. GSK3B::A2. TRAF6] ---  [B1. GSK3B::B2. NFE2L2}[0m
1526 16146 cost: 217
[0;36m		[A1. BCL2::A2. SMAD4] ---  [B1. BCL2::B2. SMAD4}[0m
[0;36m		[A1. SMAD4::A2. STAT3] ---  [B1. SMAD4::B2. ATM}[0m

Displayed tree score: 0.491167

Petal1:46	Petal2:94	treecost: 3805	 tree size:29
$RESULT$	PIK3CA	PTEN	norm_score:	0.491167
[0m
[1 min 4 sec] All done in 
