COMMAND: /Users/gurkan/Box/Research/INSPIRE/inspire-replication/src/INSPIRE /Users/gurkan/Box/Research/INSPIRE/inspire-replication/database/inspire.sqlite PIK3CA TAF2 inspire_legacy_v1

GO normalization for inspire_legacy_v1: 14.1026
GO normalization in use: 14.1026
Loaded 5995 GO pair scores for inspire_legacy_v1
Create two petals
Begin PETAL setup
new petal PIK3CA (25)
# 46 interactions in PIK3CA
Done adding UniProt and Pfam annotations for PIK3CA.
new petal TAF2 (6)
# 6 interactions in TAF2
Done adding UniProt and Pfam annotations for TAF2.
Petal Sizes: 25, 6
[1;32mPetal Name: [1;33mPIK3CA
[1;32mPetal Size: [1;33m25[0;31m
APC
BCL2
BRAF
BRCA1
CDC42
CREBBP
EGFR
ERBIN
ETV6
FBXW7
FGF2
FOXO1
FOXO3
GSK3B
KRAS
LRP6
MAPK1
PIK3CA
PRKCA
PTEN
PTK2
SMAD4
STAT3
TCF7L2
TRAF6
[0m---- 
[1;36mPetal Interactions[0;32m
1 ERBIN	pp	APC
2 ERBIN	pp	EGFR
3 GSK3B	pp	APC
4 GSK3B	pp	BRAF
5 GSK3B	pp	BRCA1
6 GSK3B	pp	CREBBP
7 GSK3B	pp	FBXW7
8 GSK3B	pp	FOXO1
9 GSK3B	pp	FOXO3
10 KRAS	pp	APC
11 KRAS	pp	BCL2
12 KRAS	pp	EGFR
13 KRAS	pp	FGF2
14 LRP6	pp	APC
15 LRP6	pp	ETV6
16 LRP6	pp	GSK3B
17 MAPK1	pp	GSK3B
18 PIK3CA	pp	BCL2
19 PIK3CA	pp	BRAF
20 PIK3CA	pp	BRCA1
21 PIK3CA	pp	CDC42
22 PIK3CA	pp	CREBBP
23 PIK3CA	pp	EGFR
24 PIK3CA	pp	ETV6
25 PIK3CA	pp	FBXW7
26 PIK3CA	pp	FGF2
27 PIK3CA	pp	FOXO1
28 PIK3CA	pp	FOXO3
29 PIK3CA	pp	GSK3B
30 PIK3CA	pp	MAPK1
31 PRKCA	pp	GSK3B
32 PRKCA	pp	PIK3CA
33 PTEN	pp	GSK3B
34 PTEN	pp	PIK3CA
35 PTK2	pp	GSK3B
36 PTK2	pp	PIK3CA
37 SMAD4	pp	APC
38 SMAD4	pp	BCL2
39 SMAD4	pp	CDC42
40 SMAD4	pp	PTEN
41 STAT3	pp	PIK3CA
42 STAT3	pp	SMAD4
43 TCF7L2	pp	APC
44 TCF7L2	pp	PTEN
45 TRAF6	pp	GSK3B
46 TRAF6	pp	PIK3CA
[0m
[1;32mPetal Name: [1;33mTAF2
[1;32mPetal Size: [1;33m6[0;31m
APC
GSK3B
MAP3K7
MED1
TAF2
TBL1XR1
[0m---- 
[1;36mPetal Interactions[0;32m
1 GSK3B	pp	APC
2 MAP3K7	pp	GSK3B
3 TAF2	pp	MAP3K7
4 TAF2	pp	MED1
5 TBL1XR1	pp	APC
6 TBL1XR1	pp	MED1
[0m
Done creating Petals.
petals are loaded
[1;32mAGE for [0;36mPIK3CA - TAF2[0m
[0;35minitial size for AGE: 0[0m
counterPetal1 92
counterPetal2 12
counterPetal1*counterPetal2 1104
(*AGE).size()=1104
[0m---- 
[1;33mAGE nodes: 1104[0m
Allocate AGEgraph :  1104 x 1104	1218816 bytes

[0 min 0 sec] Nodes are done in 

[0 min 0 sec] Edges are done in 
0th run results (0) [new minumum]:0.131475
0 255 cost: 540
[0;36m		[A1. APC::A2. ERBIN] ---  [B1. APC::B2. GSK3B}[0m
[0;36m		[A1. ERBIN::A2. EGFR] ---  [B1. GSK3B::B2. MAP3K7}[0m
0 394 cost: 588
[0;36m		[A1. APC::A2. ERBIN] ---  [B1. APC::B2. GSK3B}[0m
[0;36m		[A1. GSK3B::A2. APC] ---  [B1. TBL1XR1::B2. APC}[0m
394 883 cost: 714
[0;36m		[A1. GSK3B::A2. APC] ---  [B1. TBL1XR1::B2. APC}[0m
[0;36m		[A1. PRKCA::A2. GSK3B] ---  [B1. MED1::B2. TBL1XR1}[0m
255 233 cost: 909
[0;36m		[A1. ERBIN::A2. EGFR] ---  [B1. GSK3B::B2. MAP3K7}[0m
[0;36m		[A1. EGFR::A2. PIK3CA] ---  [B1. MAP3K7::B2. TAF2}[0m
883 825 cost: 1052
[0;36m		[A1. PRKCA::A2. GSK3B] ---  [B1. MED1::B2. TBL1XR1}[0m
[0;36m		[A1. PIK3CA::A2. PRKCA] ---  [B1. TAF2::B2. MED1}[0m

Displayed tree score: 0.131475

1th run results (1) [new minumum]:0.146843
1 386 cost: 769
[0;36m		[A1. APC::A2. ERBIN] ---  [B1. APC::B2. TBL1XR1}[0m
[0;36m		[A1. GSK3B::A2. APC] ---  [B1. GSK3B::B2. APC}[0m
386 952 cost: 183
[0;36m		[A1. GSK3B::A2. APC] ---  [B1. GSK3B::B2. APC}[0m
[0;36m		[A1. PTK2::A2. GSK3B] ---  [B1. MAP3K7::B2. GSK3B}[0m
386 1031 cost: 588
[0;36m		[A1. GSK3B::A2. APC] ---  [B1. GSK3B::B2. APC}[0m
[0;36m		[A1. SMAD4::A2. STAT3] ---  [B1. TBL1XR1::B2. MED1}[0m
952 848 cost: 689
[0;36m		[A1. PTK2::A2. GSK3B] ---  [B1. MAP3K7::B2. GSK3B}[0m
[0;36m		[A1. PIK3CA::A2. PTK2] ---  [B1. TAF2::B2. MAP3K7}[0m
1031 1038 cost: 1176
[0;36m		[A1. SMAD4::A2. STAT3] ---  [B1. TBL1XR1::B2. MED1}[0m
[0;36m		[A1. STAT3::A2. PIK3CA] ---  [B1. MED1::B2. TAF2}[0m

Displayed tree score: 0.146843

12th run results (2) [new minumum]:0.172712
12 531 cost: 183
[0;36m		[A1. APC::A2. GSK3B] ---  [B1. APC::B2. GSK3B}[0m
[0;36m		[A1. GSK3B::A2. PTK2] ---  [B1. GSK3B::B2. MAP3K7}[0m
12 982 cost: 259
[0;36m		[A1. APC::A2. GSK3B] ---  [B1. APC::B2. GSK3B}[0m
[0;36m		[A1. SMAD4::A2. APC] ---  [B1. TBL1XR1::B2. APC}[0m
12 1051 cost: 588
[0;36m		[A1. APC::A2. GSK3B] ---  [B1. APC::B2. GSK3B}[0m
[0;36m		[A1. STAT3::A2. SMAD4] ---  [B1. MED1::B2. TBL1XR1}[0m
531 965 cost: 689
[0;36m		[A1. GSK3B::A2. PTK2] ---  [B1. GSK3B::B2. MAP3K7}[0m
[0;36m		[A1. PTK2::A2. PIK3CA] ---  [B1. MAP3K7::B2. TAF2}[0m
1051 861 cost: 1176
[0;36m		[A1. STAT3::A2. SMAD4] ---  [B1. MED1::B2. TBL1XR1}[0m
[0;36m		[A1. PIK3CA::A2. STAT3] ---  [B1. TAF2::B2. MED1}[0m

Displayed tree score: 0.172712

88th run results (3) [new minumum]:0.177877
88 386 cost: 465
[0;36m		[A1. BCL2::A2. PIK3CA] ---  [B1. MAP3K7::B2. GSK3B}[0m
[0;36m		[A1. GSK3B::A2. APC] ---  [B1. GSK3B::B2. APC}[0m
386 49 cost: 259
[0;36m		[A1. GSK3B::A2. APC] ---  [B1. GSK3B::B2. APC}[0m
[0;36m		[A1. APC::A2. SMAD4] ---  [B1. APC::B2. TBL1XR1}[0m
386 152 cost: 487
[0;36m		[A1. GSK3B::A2. APC] ---  [B1. GSK3B::B2. APC}[0m
[0;36m		[A1. BRCA1::A2. PIK3CA] ---  [B1. TAF2::B2. MAP3K7}[0m
386 1031 cost: 588
[0;36m		[A1. GSK3B::A2. APC] ---  [B1. GSK3B::B2. APC}[0m
[0;36m		[A1. SMAD4::A2. STAT3] ---  [B1. TBL1XR1::B2. MED1}[0m

Displayed tree score: 0.177877

112th run results (4) [new minumum]:0.209974
112 386 cost: 190
[0;36m		[A1. BRAF::A2. GSK3B] ---  [B1. MAP3K7::B2. GSK3B}[0m
[0;36m		[A1. GSK3B::A2. APC] ---  [B1. GSK3B::B2. APC}[0m
386 49 cost: 259
[0;36m		[A1. GSK3B::A2. APC] ---  [B1. GSK3B::B2. APC}[0m
[0;36m		[A1. APC::A2. SMAD4] ---  [B1. APC::B2. TBL1XR1}[0m
386 152 cost: 487
[0;36m		[A1. GSK3B::A2. APC] ---  [B1. GSK3B::B2. APC}[0m
[0;36m		[A1. BRCA1::A2. PIK3CA] ---  [B1. TAF2::B2. MAP3K7}[0m
386 1031 cost: 588
[0;36m		[A1. GSK3B::A2. APC] ---  [B1. GSK3B::B2. APC}[0m
[0;36m		[A1. SMAD4::A2. STAT3] ---  [B1. TBL1XR1::B2. MED1}[0m

Displayed tree score: 0.209974

531th run results (5) [new minumum]:0.210943
531 12 cost: 183
[0;36m		[A1. GSK3B::A2. PTK2] ---  [B1. GSK3B::B2. MAP3K7}[0m
[0;36m		[A1. APC::A2. GSK3B] ---  [B1. APC::B2. GSK3B}[0m
12 982 cost: 259
[0;36m		[A1. APC::A2. GSK3B] ---  [B1. APC::B2. GSK3B}[0m
[0;36m		[A1. SMAD4::A2. APC] ---  [B1. TBL1XR1::B2. APC}[0m
12 689 cost: 487
[0;36m		[A1. APC::A2. GSK3B] ---  [B1. APC::B2. GSK3B}[0m
[0;36m		[A1. PIK3CA::A2. BRCA1] ---  [B1. MAP3K7::B2. TAF2}[0m
12 1051 cost: 588
[0;36m		[A1. APC::A2. GSK3B] ---  [B1. APC::B2. GSK3B}[0m
[0;36m		[A1. STAT3::A2. SMAD4] ---  [B1. MED1::B2. TBL1XR1}[0m

Displayed tree score: 0.210943

Petal1:46	Petal2:6	treecost: 1517	 tree size:4
$RESULT$	PIK3CA	TAF2	norm_score:	0.210943
[0m
[0 min 0 sec] All done in 
