COMMAND: /Users/gurkan/Box/Research/INSPIRE/inspire-replication/src/INSPIRE /Users/gurkan/Box/Research/INSPIRE/inspire-replication/database/inspire.sqlite PIK3CA TIAM1 inspire_legacy_v1

GO normalization for inspire_legacy_v1: 14.1026
GO normalization in use: 14.1026
Loaded 5995 GO pair scores for inspire_legacy_v1
Create two petals
Begin PETAL setup
new petal PIK3CA (25)
# 46 interactions in PIK3CA
Done adding UniProt and Pfam annotations for PIK3CA.
new petal TIAM1 (6)
# 7 interactions in TIAM1
Done adding UniProt and Pfam annotations for TIAM1.
Petal Sizes: 25, 6
[1;32mPetal Name: [1;33mPIK3CA
[1;32mPetal Size: [1;33m25[0;31m
APC
BCL2
BRAF
BRCA1
CDC42
CREBBP
EGFR
ERBIN
ETV6
FBXW7
FGF2
FOXO1
FOXO3
GSK3B
KRAS
LRP6
MAPK1
PIK3CA
PRKCA
PTEN
PTK2
SMAD4
STAT3
TCF7L2
TRAF6
[0m---- 
[1;36mPetal Interactions[0;32m
1 ERBIN	pp	APC
2 ERBIN	pp	EGFR
3 GSK3B	pp	APC
4 GSK3B	pp	BRAF
5 GSK3B	pp	BRCA1
6 GSK3B	pp	CREBBP
7 GSK3B	pp	FBXW7
8 GSK3B	pp	FOXO1
9 GSK3B	pp	FOXO3
10 KRAS	pp	APC
11 KRAS	pp	BCL2
12 KRAS	pp	EGFR
13 KRAS	pp	FGF2
14 LRP6	pp	APC
15 LRP6	pp	ETV6
16 LRP6	pp	GSK3B
17 MAPK1	pp	GSK3B
18 PIK3CA	pp	BCL2
19 PIK3CA	pp	BRAF
20 PIK3CA	pp	BRCA1
21 PIK3CA	pp	CDC42
22 PIK3CA	pp	CREBBP
23 PIK3CA	pp	EGFR
24 PIK3CA	pp	ETV6
25 PIK3CA	pp	FBXW7
26 PIK3CA	pp	FGF2
27 PIK3CA	pp	FOXO1
28 PIK3CA	pp	FOXO3
29 PIK3CA	pp	GSK3B
30 PIK3CA	pp	MAPK1
31 PRKCA	pp	GSK3B
32 PRKCA	pp	PIK3CA
33 PTEN	pp	GSK3B
34 PTEN	pp	PIK3CA
35 PTK2	pp	GSK3B
36 PTK2	pp	PIK3CA
37 SMAD4	pp	APC
38 SMAD4	pp	BCL2
39 SMAD4	pp	CDC42
40 SMAD4	pp	PTEN
41 STAT3	pp	PIK3CA
42 STAT3	pp	SMAD4
43 TCF7L2	pp	APC
44 TCF7L2	pp	PTEN
45 TRAF6	pp	GSK3B
46 TRAF6	pp	PIK3CA
[0m
[1;32mPetal Name: [1;33mTIAM1
[1;32mPetal Size: [1;33m6[0;31m
APC
GSK3B
PTEN
SMAD4
TCF7L2
TIAM1
[0m---- 
[1;36mPetal Interactions[0;32m
1 GSK3B	pp	APC
2 PTEN	pp	GSK3B
3 SMAD4	pp	APC
4 SMAD4	pp	PTEN
5 TCF7L2	pp	APC
6 TCF7L2	pp	PTEN
7 TIAM1	pp	PTEN
[0m
Done creating Petals.
petals are loaded
[1;32mAGE for [0;36mPIK3CA - TIAM1[0m
[0;35minitial size for AGE: 0[0m
counterPetal1 92
counterPetal2 14
counterPetal1*counterPetal2 1288
(*AGE).size()=1288
[0m---- 
[1;33mAGE nodes: 1288[0m
Allocate AGEgraph :  1288 x 1288	1658944 bytes

[0 min 0 sec] Nodes are done in 

[0 min 0 sec] Edges are done in 
0th run results (0) [new minumum]:0.679502
0 1143 cost: 227
[0;36m		[A1. APC::A2. ERBIN] ---  [B1. APC::B2. GSK3B}[0m
[0;36m		[A1. SMAD4::A2. APC] ---  [B1. SMAD4::B2. APC}[0m
1143 72 cost: 100
[0;36m		[A1. SMAD4::A2. APC] ---  [B1. SMAD4::B2. APC}[0m
[0;36m		[A1. APC::A2. TCF7L2] ---  [B1. APC::B2. TCF7L2}[0m
1143 1084 cost: 100
[0;36m		[A1. SMAD4::A2. APC] ---  [B1. SMAD4::B2. APC}[0m
[0;36m		[A1. PTEN::A2. SMAD4] ---  [B1. PTEN::B2. SMAD4}[0m
1084 606 cost: 100
[0;36m		[A1. PTEN::A2. SMAD4] ---  [B1. PTEN::B2. SMAD4}[0m
[0;36m		[A1. GSK3B::A2. PTEN] ---  [B1. GSK3B::B2. PTEN}[0m
606 1099 cost: 100
[0;36m		[A1. GSK3B::A2. PTEN] ---  [B1. GSK3B::B2. PTEN}[0m
[0;36m		[A1. PTEN::A2. TCF7L2] ---  [B1. PTEN::B2. TCF7L2}[0m
1084 979 cost: 256
[0;36m		[A1. PTEN::A2. SMAD4] ---  [B1. PTEN::B2. SMAD4}[0m
[0;36m		[A1. PIK3CA::A2. PTEN] ---  [B1. TIAM1::B2. PTEN}[0m

Displayed tree score: 0.679502

14th run results (1) [new minumum]:0.793651
14 606 cost: 100
[0;36m		[A1. APC::A2. GSK3B] ---  [B1. APC::B2. GSK3B}[0m
[0;36m		[A1. GSK3B::A2. PTEN] ---  [B1. GSK3B::B2. PTEN}[0m
606 1084 cost: 100
[0;36m		[A1. GSK3B::A2. PTEN] ---  [B1. GSK3B::B2. PTEN}[0m
[0;36m		[A1. PTEN::A2. SMAD4] ---  [B1. PTEN::B2. SMAD4}[0m
606 1099 cost: 100
[0;36m		[A1. GSK3B::A2. PTEN] ---  [B1. GSK3B::B2. PTEN}[0m
[0;36m		[A1. PTEN::A2. TCF7L2] ---  [B1. PTEN::B2. TCF7L2}[0m
14 1143 cost: 100
[0;36m		[A1. APC::A2. GSK3B] ---  [B1. APC::B2. GSK3B}[0m
[0;36m		[A1. SMAD4::A2. APC] ---  [B1. SMAD4::B2. APC}[0m
1143 72 cost: 100
[0;36m		[A1. SMAD4::A2. APC] ---  [B1. SMAD4::B2. APC}[0m
[0;36m		[A1. APC::A2. TCF7L2] ---  [B1. APC::B2. TCF7L2}[0m
1084 979 cost: 256
[0;36m		[A1. PTEN::A2. SMAD4] ---  [B1. PTEN::B2. SMAD4}[0m
[0;36m		[A1. PIK3CA::A2. PTEN] ---  [B1. TIAM1::B2. PTEN}[0m

Displayed tree score: 0.793651

Petal1:46	Petal2:7	treecost: 756	 tree size:6
$RESULT$	PIK3CA	TIAM1	norm_score:	0.793651
[0m
[0 min 0 sec] All done in 
