COMMAND: /Users/gurkan/Box/Research/INSPIRE/inspire-replication/src/INSPIRE /Users/gurkan/Box/Research/INSPIRE/inspire-replication/database/inspire.sqlite PLCG2 TIAM1 inspire_legacy_v1

GO normalization for inspire_legacy_v1: 14.1026
GO normalization in use: 14.1026
Loaded 5995 GO pair scores for inspire_legacy_v1
Create two petals
Begin PETAL setup
new petal PLCG2 (4)
# 3 interactions in PLCG2
Done adding UniProt and Pfam annotations for PLCG2.
new petal TIAM1 (6)
# 7 interactions in TIAM1
Done adding UniProt and Pfam annotations for TIAM1.
Petal Sizes: 4, 6
[1;32mPetal Name: [1;33mPLCG2
[1;32mPetal Size: [1;33m4[0;31m
APC
JAK2
KRAS
PLCG2
[0m---- 
[1;36mPetal Interactions[0;32m
1 KRAS	pp	APC
2 KRAS	pp	JAK2
3 PLCG2	pp	JAK2
[0m
[1;32mPetal Name: [1;33mTIAM1
[1;32mPetal Size: [1;33m6[0;31m
APC
GSK3B
PTEN
SMAD4
TCF7L2
TIAM1
[0m---- 
[1;36mPetal Interactions[0;32m
1 GSK3B	pp	APC
2 PTEN	pp	GSK3B
3 SMAD4	pp	APC
4 SMAD4	pp	PTEN
5 TCF7L2	pp	APC
6 TCF7L2	pp	PTEN
7 TIAM1	pp	PTEN
[0m
Done creating Petals.
petals are loaded
[1;32mAGE for [0;36mPLCG2 - TIAM1[0m
[0;35minitial size for AGE: 0[0m
counterPetal1 6
counterPetal2 14
counterPetal1*counterPetal2 84
(*AGE).size()=84
[0m---- 
[1;33mAGE nodes: 84[0m
Allocate AGEgraph :  84 x 84	7056 bytes

[0 min 0 sec] Nodes are done in 

[0 min 0 sec] Edges are done in 
0th run results (0) [new minumum]:0.192308
0 60 cost: 500
[0;36m		[A1. APC::A2. KRAS] ---  [B1. APC::B2. GSK3B}[0m
[0;36m		[A1. KRAS::A2. JAK2] ---  [B1. GSK3B::B2. PTEN}[0m
60 34 cost: 540
[0;36m		[A1. KRAS::A2. JAK2] ---  [B1. GSK3B::B2. PTEN}[0m
[0;36m		[A1. JAK2::A2. PLCG2] ---  [B1. PTEN::B2. SMAD4}[0m

Displayed tree score: 0.192308

Petal1:3	Petal2:7	treecost: 1040	 tree size:2
$RESULT$	PLCG2	TIAM1	norm_score:	0.192308
[0m
[0 min 0 sec] All done in 
