COMMAND: /Users/gurkan/Box/Research/INSPIRE/inspire-replication/src/INSPIRE /Users/gurkan/Box/Research/INSPIRE/inspire-replication/database/inspire.sqlite PRKD1 SMAD4 inspire_legacy_v1

GO normalization for inspire_legacy_v1: 14.1026
GO normalization in use: 14.1026
Loaded 5995 GO pair scores for inspire_legacy_v1
Create two petals
Begin PETAL setup
new petal PRKD1 (7)
# 8 interactions in PRKD1
Done adding UniProt and Pfam annotations for PRKD1.
new petal SMAD4 (25)
# 48 interactions in SMAD4
Done adding UniProt and Pfam annotations for SMAD4.
Petal Sizes: 7, 25
[1;32mPetal Name: [1;33mPRKD1
[1;32mPetal Size: [1;33m7[0;31m
APC
ATF2
CREB1
GSK3B
PRKD1
SMAD4
TCF7L2
[0m---- 
[1;36mPetal Interactions[0;32m
1 GSK3B	pp	APC
2 GSK3B	pp	CREB1
3 PRKD1	pp	ATF2
4 PRKD1	pp	CREB1
5 SMAD4	pp	APC
6 SMAD4	pp	ATF2
7 TCF7L2	pp	APC
8 TCF7L2	pp	CREB1
[0m
[1;32mPetal Name: [1;33mSMAD4
[1;32mPetal Size: [1;33m25[0;31m
APC
BCL2
BTRC
CDC42
ERBIN
GSK3B
HIF1A
KRAS
LRRK2
MAP2K1
MAPK1
NCOR1
PTEN
RBPJ
SIAH1
SIN3A
SMAD1
SMAD2
SMAD4
SMURF2
SP1
TBL1XR1
TCF7L2
TNKS
WWTR1
[0m---- 
[1;36mPetal Interactions[0;32m
1 BTRC	pp	APC
2 CDC42	pp	APC
3 ERBIN	pp	APC
4 ERBIN	pp	CDC42
5 GSK3B	pp	APC
6 HIF1A	pp	GSK3B
7 KRAS	pp	APC
8 KRAS	pp	BCL2
9 KRAS	pp	HIF1A
10 LRRK2	pp	APC
11 LRRK2	pp	HIF1A
12 MAP2K1	pp	BTRC
13 MAP2K1	pp	CDC42
14 MAPK1	pp	GSK3B
15 PTEN	pp	CDC42
16 PTEN	pp	GSK3B
17 SIAH1	pp	APC
18 SIAH1	pp	HIF1A
19 SMAD1	pp	GSK3B
20 SMAD2	pp	CDC42
21 SMAD2	pp	ERBIN
22 SMAD2	pp	GSK3B
23 SMAD4	pp	APC
24 SMAD4	pp	BCL2
25 SMAD4	pp	CDC42
26 SMAD4	pp	HIF1A
27 SMAD4	pp	MAP2K1
28 SMAD4	pp	MAPK1
29 SMAD4	pp	NCOR1
30 SMAD4	pp	PTEN
31 SMAD4	pp	RBPJ
32 SMAD4	pp	SIN3A
33 SMAD4	pp	SMAD1
34 SMAD4	pp	SMAD2
35 SMURF2	pp	GSK3B
36 SMURF2	pp	SMAD4
37 SP1	pp	BTRC
38 SP1	pp	SMAD4
39 TBL1XR1	pp	APC
40 TBL1XR1	pp	NCOR1
41 TBL1XR1	pp	RBPJ
42 TBL1XR1	pp	SIN3A
43 TCF7L2	pp	APC
44 TCF7L2	pp	PTEN
45 TNKS	pp	APC
46 TNKS	pp	PTEN
47 WWTR1	pp	BTRC
48 WWTR1	pp	SMAD4
[0m
Done creating Petals.
petals are loaded
[1;32mAGE for [0;36mPRKD1 - SMAD4[0m
[0;35minitial size for AGE: 0[0m
counterPetal1 16
counterPetal2 96
counterPetal1*counterPetal2 1536
(*AGE).size()=1536
[0m---- 
[1;33mAGE nodes: 1536[0m
Allocate AGEgraph :  1536 x 1536	2359296 bytes

[0 min 0 sec] Nodes are done in 

[0 min 0 sec] Edges are done in 
0th run results (0) [new minumum]:0.311688
0 1219 cost: 217
[0;36m		[A1. APC::A2. GSK3B] ---  [B1. APC::B2. BTRC}[0m
[0;36m		[A1. SMAD4::A2. APC] ---  [B1. SMAD4::B2. APC}[0m
1219 201 cost: 100
[0;36m		[A1. SMAD4::A2. APC] ---  [B1. SMAD4::B2. APC}[0m
[0;36m		[A1. APC::A2. TCF7L2] ---  [B1. APC::B2. TCF7L2}[0m
1219 396 cost: 217
[0;36m		[A1. SMAD4::A2. APC] ---  [B1. SMAD4::B2. APC}[0m
[0;36m		[A1. ATF2::A2. SMAD4] ---  [B1. BCL2::B2. SMAD4}[0m
201 1531 cost: 217
[0;36m		[A1. APC::A2. TCF7L2] ---  [B1. APC::B2. TCF7L2}[0m
[0;36m		[A1. TCF7L2::A2. CREB1] ---  [B1. TCF7L2::B2. PTEN}[0m
201 531 cost: 434
[0;36m		[A1. APC::A2. TCF7L2] ---  [B1. APC::B2. TCF7L2}[0m
[0;36m		[A1. CREB1::A2. GSK3B] ---  [B1. PTEN::B2. GSK3B}[0m
201 626 cost: 465
[0;36m		[A1. APC::A2. TCF7L2] ---  [B1. APC::B2. TCF7L2}[0m
[0;36m		[A1. CREB1::A2. PRKD1] ---  [B1. PTEN::B2. CDC42}[0m

Displayed tree score: 0.311688

3th run results (1) [new minumum]:0.324971
3 1219 cost: 100
[0;36m		[A1. APC::A2. GSK3B] ---  [B1. APC::B2. GSK3B}[0m
[0;36m		[A1. SMAD4::A2. APC] ---  [B1. SMAD4::B2. APC}[0m
1219 201 cost: 100
[0;36m		[A1. SMAD4::A2. APC] ---  [B1. SMAD4::B2. APC}[0m
[0;36m		[A1. APC::A2. TCF7L2] ---  [B1. APC::B2. TCF7L2}[0m
1219 396 cost: 217
[0;36m		[A1. SMAD4::A2. APC] ---  [B1. SMAD4::B2. APC}[0m
[0;36m		[A1. ATF2::A2. SMAD4] ---  [B1. BCL2::B2. SMAD4}[0m
3 891 cost: 217
[0;36m		[A1. APC::A2. GSK3B] ---  [B1. APC::B2. GSK3B}[0m
[0;36m		[A1. GSK3B::A2. CREB1] ---  [B1. GSK3B::B2. HIF1A}[0m
3 611 cost: 465
[0;36m		[A1. APC::A2. GSK3B] ---  [B1. APC::B2. GSK3B}[0m
[0;36m		[A1. CREB1::A2. PRKD1] ---  [B1. HIF1A::B2. LRRK2}[0m

Displayed tree score: 0.324971

201th run results (2) [new minumum]:0.32543
201 794 cost: 100
[0;36m		[A1. APC::A2. TCF7L2] ---  [B1. APC::B2. TCF7L2}[0m
[0;36m		[A1. GSK3B::A2. APC] ---  [B1. GSK3B::B2. APC}[0m
794 103 cost: 100
[0;36m		[A1. GSK3B::A2. APC] ---  [B1. GSK3B::B2. APC}[0m
[0;36m		[A1. APC::A2. SMAD4] ---  [B1. APC::B2. SMAD4}[0m
794 513 cost: 217
[0;36m		[A1. GSK3B::A2. APC] ---  [B1. GSK3B::B2. APC}[0m
[0;36m		[A1. CREB1::A2. GSK3B] ---  [B1. HIF1A::B2. GSK3B}[0m
103 1316 cost: 217
[0;36m		[A1. APC::A2. SMAD4] ---  [B1. APC::B2. SMAD4}[0m
[0;36m		[A1. SMAD4::A2. ATF2] ---  [B1. SMAD4::B2. BCL2}[0m
103 707 cost: 465
[0;36m		[A1. APC::A2. SMAD4] ---  [B1. APC::B2. SMAD4}[0m
[0;36m		[A1. CREB1::A2. TCF7L2] ---  [B1. HIF1A::B2. LRRK2}[0m
103 299 cost: 526
[0;36m		[A1. APC::A2. SMAD4] ---  [B1. APC::B2. SMAD4}[0m
[0;36m		[A1. ATF2::A2. PRKD1] ---  [B1. BCL2::B2. KRAS}[0m
794 1096 cost: 526
[0;36m		[A1. GSK3B::A2. APC] ---  [B1. GSK3B::B2. APC}[0m
[0;36m		[A1. PRKD1::A2. CREB1] ---  [B1. KRAS::B2. HIF1A}[0m

Displayed tree score: 0.32543

306th run results (3) [new minumum]:0.328827
306 103 cost: 465
[0;36m		[A1. ATF2::A2. PRKD1] ---  [B1. CDC42::B2. ERBIN}[0m
[0;36m		[A1. APC::A2. SMAD4] ---  [B1. APC::B2. SMAD4}[0m
103 794 cost: 100
[0;36m		[A1. APC::A2. SMAD4] ---  [B1. APC::B2. SMAD4}[0m
[0;36m		[A1. GSK3B::A2. APC] ---  [B1. GSK3B::B2. APC}[0m
794 201 cost: 100
[0;36m		[A1. GSK3B::A2. APC] ---  [B1. GSK3B::B2. APC}[0m
[0;36m		[A1. APC::A2. TCF7L2] ---  [B1. APC::B2. TCF7L2}[0m
794 513 cost: 217
[0;36m		[A1. GSK3B::A2. APC] ---  [B1. GSK3B::B2. APC}[0m
[0;36m		[A1. CREB1::A2. GSK3B] ---  [B1. HIF1A::B2. GSK3B}[0m
103 1316 cost: 217
[0;36m		[A1. APC::A2. SMAD4] ---  [B1. APC::B2. SMAD4}[0m
[0;36m		[A1. SMAD4::A2. ATF2] ---  [B1. SMAD4::B2. BCL2}[0m
794 1098 cost: 465
[0;36m		[A1. GSK3B::A2. APC] ---  [B1. GSK3B::B2. APC}[0m
[0;36m		[A1. PRKD1::A2. CREB1] ---  [B1. LRRK2::B2. HIF1A}[0m

Displayed tree score: 0.328827

513th run results (4) [new minumum]:0.390795
513 794 cost: 217
[0;36m		[A1. CREB1::A2. GSK3B] ---  [B1. HIF1A::B2. GSK3B}[0m
[0;36m		[A1. GSK3B::A2. APC] ---  [B1. GSK3B::B2. APC}[0m
794 103 cost: 100
[0;36m		[A1. GSK3B::A2. APC] ---  [B1. GSK3B::B2. APC}[0m
[0;36m		[A1. APC::A2. SMAD4] ---  [B1. APC::B2. SMAD4}[0m
794 201 cost: 100
[0;36m		[A1. GSK3B::A2. APC] ---  [B1. GSK3B::B2. APC}[0m
[0;36m		[A1. APC::A2. TCF7L2] ---  [B1. APC::B2. TCF7L2}[0m
103 1316 cost: 217
[0;36m		[A1. APC::A2. SMAD4] ---  [B1. APC::B2. SMAD4}[0m
[0;36m		[A1. SMAD4::A2. ATF2] ---  [B1. SMAD4::B2. BCL2}[0m
201 1531 cost: 217
[0;36m		[A1. APC::A2. TCF7L2] ---  [B1. APC::B2. TCF7L2}[0m
[0;36m		[A1. TCF7L2::A2. CREB1] ---  [B1. TCF7L2::B2. PTEN}[0m
201 626 cost: 465
[0;36m		[A1. APC::A2. TCF7L2] ---  [B1. APC::B2. TCF7L2}[0m
[0;36m		[A1. CREB1::A2. PRKD1] ---  [B1. PTEN::B2. CDC42}[0m

Displayed tree score: 0.390795

Petal1:8	Petal2:48	treecost: 1316	 tree size:6
$RESULT$	PRKD1	SMAD4	norm_score:	0.390795
[0m
[0 min 0 sec] All done in 
