COMMAND: /Users/gurkan/Box/Research/INSPIRE/inspire-replication/src/INSPIRE /Users/gurkan/Box/Research/INSPIRE/inspire-replication/database/inspire.sqlite PRKD1 ZNF521 inspire_legacy_v1

GO normalization for inspire_legacy_v1: 14.1026
GO normalization in use: 14.1026
Loaded 5995 GO pair scores for inspire_legacy_v1
Create two petals
Begin PETAL setup
new petal PRKD1 (7)
# 8 interactions in PRKD1
Done adding UniProt and Pfam annotations for PRKD1.
new petal ZNF521 (4)
# 3 interactions in ZNF521
Done adding UniProt and Pfam annotations for ZNF521.
Petal Sizes: 7, 4
[1;32mPetal Name: [1;33mPRKD1
[1;32mPetal Size: [1;33m7[0;31m
APC
ATF2
CREB1
GSK3B
PRKD1
SMAD4
TCF7L2
[0m---- 
[1;36mPetal Interactions[0;32m
1 GSK3B	pp	APC
2 GSK3B	pp	CREB1
3 PRKD1	pp	ATF2
4 PRKD1	pp	CREB1
5 SMAD4	pp	APC
6 SMAD4	pp	ATF2
7 TCF7L2	pp	APC
8 TCF7L2	pp	CREB1
[0m
[1;32mPetal Name: [1;33mZNF521
[1;32mPetal Size: [1;33m4[0;31m
APC
LRP6
RUNX2
ZNF521
[0m---- 
[1;36mPetal Interactions[0;32m
1 LRP6	pp	APC
2 RUNX2	pp	LRP6
3 ZNF521	pp	RUNX2
[0m
Done creating Petals.
petals are loaded
[1;32mAGE for [0;36mPRKD1 - ZNF521[0m
[0;35minitial size for AGE: 0[0m
counterPetal1 16
counterPetal2 6
counterPetal1*counterPetal2 96
(*AGE).size()=96
[0m---- 
[1;33mAGE nodes: 96[0m
Allocate AGEgraph :  96 x 96	9216 bytes

[0 min 0 sec] Nodes are done in 

[0 min 0 sec] Edges are done in 
0th run results (0) [new minumum]:0.0434216
0 56 cost: 606
[0;36m		[A1. APC::A2. GSK3B] ---  [B1. APC::B2. LRP6}[0m
[0;36m		[A1. GSK3B::A2. CREB1] ---  [B1. LRP6::B2. RUNX2}[0m
56 40 cost: 4000
[0;36m		[A1. GSK3B::A2. CREB1] ---  [B1. LRP6::B2. RUNX2}[0m
[0;36m		[A1. CREB1::A2. PRKD1] ---  [B1. RUNX2::B2. ZNF521}[0m

Displayed tree score: 0.0434216

1th run results (1) [new minumum]:0.0574383
1 75 cost: 625
[0;36m		[A1. APC::A2. GSK3B] ---  [B1. LRP6::B2. APC}[0m
[0;36m		[A1. SMAD4::A2. APC] ---  [B1. RUNX2::B2. LRP6}[0m
75 29 cost: 2857
[0;36m		[A1. SMAD4::A2. APC] ---  [B1. RUNX2::B2. LRP6}[0m
[0;36m		[A1. ATF2::A2. SMAD4] ---  [B1. ZNF521::B2. RUNX2}[0m

Displayed tree score: 0.0574383

6th run results (2) [new minumum]:0.0580552
6 80 cost: 588
[0;36m		[A1. APC::A2. SMAD4] ---  [B1. APC::B2. LRP6}[0m
[0;36m		[A1. SMAD4::A2. ATF2] ---  [B1. LRP6::B2. RUNX2}[0m
80 22 cost: 2857
[0;36m		[A1. SMAD4::A2. ATF2] ---  [B1. LRP6::B2. RUNX2}[0m
[0;36m		[A1. ATF2::A2. PRKD1] ---  [B1. RUNX2::B2. ZNF521}[0m

Displayed tree score: 0.0580552

Petal1:8	Petal2:3	treecost: 3445	 tree size:2
$RESULT$	PRKD1	ZNF521	norm_score:	0.0580552
[0m
[0 min 0 sec] All done in 
