COMMAND: /Users/gurkan/Box/Research/INSPIRE/inspire-replication/src/INSPIRE /Users/gurkan/Box/Research/INSPIRE/inspire-replication/database/inspire.sqlite PTEN TGFBR2 inspire_legacy_v1

GO normalization for inspire_legacy_v1: 14.1026
GO normalization in use: 14.1026
Loaded 5995 GO pair scores for inspire_legacy_v1
Create two petals
Begin PETAL setup
new petal PTEN (43)
# 94 interactions in PTEN
Done adding UniProt and Pfam annotations for PTEN.
new petal TGFBR2 (20)
# 32 interactions in TGFBR2
Done adding UniProt and Pfam annotations for TGFBR2.
Petal Sizes: 43, 20
[1;32mPetal Name: [1;33mPTEN
[1;32mPetal Size: [1;33m43[0;31m
AGO1
APC
ATM
ATRX
BCL2
BMPR1A
BRAF
BTRC
CCDC6
CDC42
CDKN1B
CHUK
CREB1
EGFR
ERBIN
FBXW11
FBXW7
FOXO1
FOXO3
GSK3B
HIF1A
IQGAP1
ITGB1
JAK2
KRAS
LRP6
LRRK2
MAPK1
MDM2
NFE2L2
PDPK1
PIK3CB
PIK3R1
PTEN
RBPJ
SIRT1
SMAD2
SMAD4
TBL1XR1
TCF7L2
TNKS
YAP1
ZEB1
[0m---- 
[1;36mPetal Interactions[0;32m
1 BTRC	pp	APC
2 CCDC6	pp	APC
3 CCDC6	pp	BRAF
4 CDC42	pp	APC
5 CHUK	pp	BTRC
6 ERBIN	pp	APC
7 ERBIN	pp	CDC42
8 ERBIN	pp	EGFR
9 FBXW11	pp	APC
10 FBXW7	pp	BTRC
11 FBXW7	pp	CCDC6
12 GSK3B	pp	APC
13 GSK3B	pp	BRAF
14 GSK3B	pp	BTRC
15 GSK3B	pp	CDKN1B
16 GSK3B	pp	CREB1
17 GSK3B	pp	FBXW11
18 GSK3B	pp	FBXW7
19 GSK3B	pp	FOXO1
20 GSK3B	pp	FOXO3
21 HIF1A	pp	GSK3B
22 IQGAP1	pp	APC
23 IQGAP1	pp	EGFR
24 ITGB1	pp	CDC42
25 KRAS	pp	APC
26 KRAS	pp	BCL2
27 KRAS	pp	CDC42
28 KRAS	pp	EGFR
29 KRAS	pp	HIF1A
30 KRAS	pp	JAK2
31 LRP6	pp	APC
32 LRP6	pp	GSK3B
33 LRRK2	pp	AGO1
34 LRRK2	pp	APC
35 LRRK2	pp	HIF1A
36 MAPK1	pp	GSK3B
37 MDM2	pp	GSK3B
38 NFE2L2	pp	GSK3B
39 PDPK1	pp	GSK3B
40 PIK3CB	pp	CDC42
41 PIK3R1	pp	KRAS
42 PTEN	pp	AGO1
43 PTEN	pp	ATM
44 PTEN	pp	ATRX
45 PTEN	pp	BCL2
46 PTEN	pp	BMPR1A
47 PTEN	pp	BRAF
48 PTEN	pp	CDC42
49 PTEN	pp	CDKN1B
50 PTEN	pp	CHUK
51 PTEN	pp	CREB1
52 PTEN	pp	EGFR
53 PTEN	pp	FBXW7
54 PTEN	pp	FOXO1
55 PTEN	pp	FOXO3
56 PTEN	pp	GSK3B
57 PTEN	pp	HIF1A
58 PTEN	pp	ITGB1
59 PTEN	pp	JAK2
60 PTEN	pp	MAPK1
61 PTEN	pp	MDM2
62 PTEN	pp	NFE2L2
63 PTEN	pp	PDPK1
64 PTEN	pp	PIK3CB
65 PTEN	pp	PIK3R1
66 RBPJ	pp	PTEN
67 SIRT1	pp	GSK3B
68 SIRT1	pp	PTEN
69 SMAD2	pp	CDC42
70 SMAD2	pp	ERBIN
71 SMAD2	pp	GSK3B
72 SMAD2	pp	PTEN
73 SMAD4	pp	APC
74 SMAD4	pp	ATM
75 SMAD4	pp	BCL2
76 SMAD4	pp	BMPR1A
77 SMAD4	pp	CDC42
78 SMAD4	pp	HIF1A
79 SMAD4	pp	MAPK1
80 SMAD4	pp	PTEN
81 SMAD4	pp	RBPJ
82 SMAD4	pp	SMAD2
83 TBL1XR1	pp	APC
84 TBL1XR1	pp	RBPJ
85 TCF7L2	pp	APC
86 TCF7L2	pp	CREB1
87 TCF7L2	pp	PTEN
88 TNKS	pp	APC
89 TNKS	pp	ATRX
90 TNKS	pp	PTEN
91 YAP1	pp	GSK3B
92 YAP1	pp	PTEN
93 ZEB1	pp	PTEN
94 ZEB1	pp	SMAD4
[0m
[1;32mPetal Name: [1;33mTGFBR2
[1;32mPetal Size: [1;33m20[0;31m
APC
BMPR1A
BTRC
CDC42
EGFR
EP300
ERBIN
GSK3B
IQGAP1
KRAS
PIK3CB
PIK3R1
SMAD4
SMAD5
SMURF2
TCF7L2
TGFBR1
TGFBR2
TRAF6
YAP1
[0m---- 
[1;36mPetal Interactions[0;32m
1 BTRC	pp	APC
2 CDC42	pp	APC
3 EP300	pp	BTRC
4 ERBIN	pp	APC
5 ERBIN	pp	EGFR
6 GSK3B	pp	APC
7 IQGAP1	pp	APC
8 IQGAP1	pp	EGFR
9 KRAS	pp	APC
10 KRAS	pp	EGFR
11 PIK3CB	pp	CDC42
12 PIK3R1	pp	KRAS
13 SMAD4	pp	APC
14 SMAD4	pp	BMPR1A
15 SMAD5	pp	SMAD4
16 SMURF2	pp	GSK3B
17 SMURF2	pp	SMAD4
18 TCF7L2	pp	APC
19 TCF7L2	pp	EP300
20 TGFBR1	pp	SMAD4
21 TGFBR2	pp	BMPR1A
22 TGFBR2	pp	EGFR
23 TGFBR2	pp	EP300
24 TGFBR2	pp	PIK3CB
25 TGFBR2	pp	PIK3R1
26 TGFBR2	pp	SMAD5
27 TGFBR2	pp	SMURF2
28 TGFBR2	pp	TGFBR1
29 TRAF6	pp	GSK3B
30 TRAF6	pp	TGFBR2
31 YAP1	pp	GSK3B
32 YAP1	pp	TGFBR2
[0m
Done creating Petals.
petals are loaded
[1;32mAGE for [0;36mPTEN - TGFBR2[0m
[0;35minitial size for AGE: 0[0m
counterPetal1 188
counterPetal2 64
counterPetal1*counterPetal2 12032
(*AGE).size()=12032
[0m---- 
[1;33mAGE nodes: 12032[0m
Allocate AGEgraph :  12032 x 12032	144769024 bytes

[0 min 0 sec] Nodes are done in 

[0 min 8 sec] Edges are done in 
0th run results (0) [new minumum]:0.249518
0 6923 cost: 606
[0;36m		[A1. AGO1::A2. LRRK2] ---  [B1. APC::B2. BTRC}[0m
[0;36m		[A1. LRRK2::A2. APC] ---  [B1. BTRC::B2. EP300}[0m
6923 915 cost: 500
[0;36m		[A1. LRRK2::A2. APC] ---  [B1. BTRC::B2. EP300}[0m
[0;36m		[A1. APC::A2. TCF7L2] ---  [B1. EP300::B2. TCF7L2}[0m
915 11502 cost: 465
[0;36m		[A1. APC::A2. TCF7L2] ---  [B1. EP300::B2. TCF7L2}[0m
[0;36m		[A1. TCF7L2::A2. CREB1] ---  [B1. TCF7L2::B2. APC}[0m
11502 5530 cost: 434
[0;36m		[A1. TCF7L2::A2. CREB1] ---  [B1. TCF7L2::B2. APC}[0m
[0;36m		[A1. GSK3B::A2. YAP1] ---  [B1. GSK3B::B2. YAP1}[0m
5530 2027 cost: 217
[0;36m		[A1. GSK3B::A2. YAP1] ---  [B1. GSK3B::B2. YAP1}[0m
[0;36m		[A1. BTRC::A2. GSK3B] ---  [B1. SMURF2::B2. GSK3B}[0m
5530 3011 cost: 217
[0;36m		[A1. GSK3B::A2. YAP1] ---  [B1. GSK3B::B2. YAP1}[0m
[0;36m		[A1. CREB1::A2. GSK3B] ---  [B1. APC::B2. GSK3B}[0m
5530 4028 cost: 217
[0;36m		[A1. GSK3B::A2. YAP1] ---  [B1. GSK3B::B2. YAP1}[0m
[0;36m		[A1. FBXW7::A2. GSK3B] ---  [B1. TRAF6::B2. GSK3B}[0m
5530 11903 cost: 227
[0;36m		[A1. GSK3B::A2. YAP1] ---  [B1. GSK3B::B2. YAP1}[0m
[0;36m		[A1. YAP1::A2. PTEN] ---  [B1. YAP1::B2. TGFBR2}[0m
11903 1544 cost: 454
[0;36m		[A1. YAP1::A2. PTEN] ---  [B1. YAP1::B2. TGFBR2}[0m
[0;36m		[A1. BMPR1A::A2. SMAD4] ---  [B1. BMPR1A::B2. SMAD4}[0m
1544 11174 cost: 104
[0;36m		[A1. BMPR1A::A2. SMAD4] ---  [B1. BMPR1A::B2. SMAD4}[0m
[0;36m		[A1. SMAD4::A2. SMAD2] ---  [B1. SMAD4::B2. SMAD5}[0m
1544 10984 cost: 158
[0;36m		[A1. BMPR1A::A2. SMAD4] ---  [B1. BMPR1A::B2. SMAD4}[0m
[0;36m		[A1. SMAD4::A2. MAPK1] ---  [B1. SMAD4::B2. TGFBR1}[0m
1544 8178 cost: 227
[0;36m		[A1. BMPR1A::A2. SMAD4] ---  [B1. BMPR1A::B2. SMAD4}[0m
[0;36m		[A1. PTEN::A2. BMPR1A] ---  [B1. TGFBR2::B2. BMPR1A}[0m
11174 10474 cost: 253
[0;36m		[A1. SMAD4::A2. SMAD2] ---  [B1. SMAD4::B2. SMAD5}[0m
[0;36m		[A1. SMAD2::A2. PTEN] ---  [B1. SMAD5::B2. TGFBR2}[0m
10984 7153 cost: 384
[0;36m		[A1. SMAD4::A2. MAPK1] ---  [B1. SMAD4::B2. TGFBR1}[0m
[0;36m		[A1. MAPK1::A2. PTEN] ---  [B1. TGFBR1::B2. TGFBR2}[0m
8178 2509 cost: 454
[0;36m		[A1. PTEN::A2. BMPR1A] ---  [B1. TGFBR2::B2. BMPR1A}[0m
[0;36m		[A1. CDC42::A2. PIK3CB] ---  [B1. CDC42::B2. PIK3CB}[0m
2509 7713 cost: 227
[0;36m		[A1. CDC42::A2. PIK3CB] ---  [B1. CDC42::B2. PIK3CB}[0m
[0;36m		[A1. PIK3CB::A2. PTEN] ---  [B1. PIK3CB::B2. TGFBR2}[0m
11903 3214 cost: 454
[0;36m		[A1. YAP1::A2. PTEN] ---  [B1. YAP1::B2. TGFBR2}[0m
[0;36m		[A1. EGFR::A2. ERBIN] ---  [B1. EGFR::B2. ERBIN}[0m
3214 5980 cost: 100
[0;36m		[A1. EGFR::A2. ERBIN] ---  [B1. EGFR::B2. ERBIN}[0m
[0;36m		[A1. IQGAP1::A2. EGFR] ---  [B1. IQGAP1::B2. EGFR}[0m
5980 3344 cost: 100
[0;36m		[A1. IQGAP1::A2. EGFR] ---  [B1. IQGAP1::B2. EGFR}[0m
[0;36m		[A1. EGFR::A2. KRAS] ---  [B1. EGFR::B2. KRAS}[0m
3344 6687 cost: 100
[0;36m		[A1. EGFR::A2. KRAS] ---  [B1. EGFR::B2. KRAS}[0m
[0;36m		[A1. KRAS::A2. PIK3R1] ---  [B1. KRAS::B2. PIK3R1}[0m
5980 3409 cost: 227
[0;36m		[A1. IQGAP1::A2. EGFR] ---  [B1. IQGAP1::B2. EGFR}[0m
[0;36m		[A1. EGFR::A2. PTEN] ---  [B1. EGFR::B2. TGFBR2}[0m
6687 7843 cost: 227
[0;36m		[A1. KRAS::A2. PIK3R1] ---  [B1. KRAS::B2. PIK3R1}[0m
[0;36m		[A1. PIK3R1::A2. PTEN] ---  [B1. PIK3R1::B2. TGFBR2}[0m
1544 4093 cost: 487
[0;36m		[A1. BMPR1A::A2. SMAD4] ---  [B1. BMPR1A::B2. SMAD4}[0m
[0;36m		[A1. FBXW7::A2. PTEN] ---  [B1. TRAF6::B2. TGFBR2}[0m

Displayed tree score: 0.249518

7th run results (1) [new minumum]:0.267995
7 6959 cost: 606
[0;36m		[A1. AGO1::A2. LRRK2] ---  [B1. APC::B2. TCF7L2}[0m
[0;36m		[A1. LRRK2::A2. APC] ---  [B1. TCF7L2::B2. EP300}[0m
6959 146 cost: 500
[0;36m		[A1. LRRK2::A2. APC] ---  [B1. TCF7L2::B2. EP300}[0m
[0;36m		[A1. APC::A2. BTRC] ---  [B1. EP300::B2. BTRC}[0m
146 1930 cost: 465
[0;36m		[A1. APC::A2. BTRC] ---  [B1. EP300::B2. BTRC}[0m
[0;36m		[A1. BTRC::A2. FBXW7] ---  [B1. BTRC::B2. APC}[0m
1930 5530 cost: 434
[0;36m		[A1. BTRC::A2. FBXW7] ---  [B1. BTRC::B2. APC}[0m
[0;36m		[A1. GSK3B::A2. YAP1] ---  [B1. GSK3B::B2. YAP1}[0m
5530 3068 cost: 217
[0;36m		[A1. GSK3B::A2. YAP1] ---  [B1. GSK3B::B2. YAP1}[0m
[0;36m		[A1. CREB1::A2. GSK3B] ---  [B1. TRAF6::B2. GSK3B}[0m
5530 3971 cost: 217
[0;36m		[A1. GSK3B::A2. YAP1] ---  [B1. GSK3B::B2. YAP1}[0m
[0;36m		[A1. FBXW7::A2. GSK3B] ---  [B1. APC::B2. GSK3B}[0m
5530 5611 cost: 217
[0;36m		[A1. GSK3B::A2. YAP1] ---  [B1. GSK3B::B2. YAP1}[0m
[0;36m		[A1. HIF1A::A2. GSK3B] ---  [B1. SMURF2::B2. GSK3B}[0m
5530 11903 cost: 227
[0;36m		[A1. GSK3B::A2. YAP1] ---  [B1. GSK3B::B2. YAP1}[0m
[0;36m		[A1. YAP1::A2. PTEN] ---  [B1. YAP1::B2. TGFBR2}[0m
5611 1544 cost: 434
[0;36m		[A1. HIF1A::A2. GSK3B] ---  [B1. SMURF2::B2. GSK3B}[0m
[0;36m		[A1. BMPR1A::A2. SMAD4] ---  [B1. BMPR1A::B2. SMAD4}[0m
1544 11174 cost: 104
[0;36m		[A1. BMPR1A::A2. SMAD4] ---  [B1. BMPR1A::B2. SMAD4}[0m
[0;36m		[A1. SMAD4::A2. SMAD2] ---  [B1. SMAD4::B2. SMAD5}[0m
1544 10984 cost: 158
[0;36m		[A1. BMPR1A::A2. SMAD4] ---  [B1. BMPR1A::B2. SMAD4}[0m
[0;36m		[A1. SMAD4::A2. MAPK1] ---  [B1. SMAD4::B2. TGFBR1}[0m
1544 10919 cost: 217
[0;36m		[A1. BMPR1A::A2. SMAD4] ---  [B1. BMPR1A::B2. SMAD4}[0m
[0;36m		[A1. SMAD4::A2. HIF1A] ---  [B1. SMAD4::B2. SMURF2}[0m
1544 8178 cost: 227
[0;36m		[A1. BMPR1A::A2. SMAD4] ---  [B1. BMPR1A::B2. SMAD4}[0m
[0;36m		[A1. PTEN::A2. BMPR1A] ---  [B1. TGFBR2::B2. BMPR1A}[0m
11174 10474 cost: 253
[0;36m		[A1. SMAD4::A2. SMAD2] ---  [B1. SMAD4::B2. SMAD5}[0m
[0;36m		[A1. SMAD2::A2. PTEN] ---  [B1. SMAD5::B2. TGFBR2}[0m
10984 7153 cost: 384
[0;36m		[A1. SMAD4::A2. MAPK1] ---  [B1. SMAD4::B2. TGFBR1}[0m
[0;36m		[A1. MAPK1::A2. PTEN] ---  [B1. TGFBR1::B2. TGFBR2}[0m
8178 2509 cost: 454
[0;36m		[A1. PTEN::A2. BMPR1A] ---  [B1. TGFBR2::B2. BMPR1A}[0m
[0;36m		[A1. CDC42::A2. PIK3CB] ---  [B1. CDC42::B2. PIK3CB}[0m
2509 7713 cost: 227
[0;36m		[A1. CDC42::A2. PIK3CB] ---  [B1. CDC42::B2. PIK3CB}[0m
[0;36m		[A1. PIK3CB::A2. PTEN] ---  [B1. PIK3CB::B2. TGFBR2}[0m
11903 3214 cost: 454
[0;36m		[A1. YAP1::A2. PTEN] ---  [B1. YAP1::B2. TGFBR2}[0m
[0;36m		[A1. EGFR::A2. ERBIN] ---  [B1. EGFR::B2. ERBIN}[0m
3214 5980 cost: 100
[0;36m		[A1. EGFR::A2. ERBIN] ---  [B1. EGFR::B2. ERBIN}[0m
[0;36m		[A1. IQGAP1::A2. EGFR] ---  [B1. IQGAP1::B2. EGFR}[0m
5980 3344 cost: 100
[0;36m		[A1. IQGAP1::A2. EGFR] ---  [B1. IQGAP1::B2. EGFR}[0m
[0;36m		[A1. EGFR::A2. KRAS] ---  [B1. EGFR::B2. KRAS}[0m
3344 6687 cost: 100
[0;36m		[A1. EGFR::A2. KRAS] ---  [B1. EGFR::B2. KRAS}[0m
[0;36m		[A1. KRAS::A2. PIK3R1] ---  [B1. KRAS::B2. PIK3R1}[0m
5980 3409 cost: 227
[0;36m		[A1. IQGAP1::A2. EGFR] ---  [B1. IQGAP1::B2. EGFR}[0m
[0;36m		[A1. EGFR::A2. PTEN] ---  [B1. EGFR::B2. TGFBR2}[0m
6687 7843 cost: 227
[0;36m		[A1. KRAS::A2. PIK3R1] ---  [B1. KRAS::B2. PIK3R1}[0m
[0;36m		[A1. PIK3R1::A2. PTEN] ---  [B1. PIK3R1::B2. TGFBR2}[0m
1544 3133 cost: 487
[0;36m		[A1. BMPR1A::A2. SMAD4] ---  [B1. BMPR1A::B2. SMAD4}[0m
[0;36m		[A1. CREB1::A2. PTEN] ---  [B1. TRAF6::B2. TGFBR2}[0m
1544 5805 cost: 487
[0;36m		[A1. BMPR1A::A2. SMAD4] ---  [B1. BMPR1A::B2. SMAD4}[0m
[0;36m		[A1. HIF1A::A2. PTEN] ---  [B1. SMURF2::B2. TGFBR2}[0m

Displayed tree score: 0.267995

8th run results (2) [new minumum]:0.435458
8 128 cost: 588
[0;36m		[A1. AGO1::A2. LRRK2] ---  [B1. BMPR1A::B2. SMAD4}[0m
[0;36m		[A1. APC::A2. BTRC] ---  [B1. APC::B2. BTRC}[0m
128 2252 cost: 100
[0;36m		[A1. APC::A2. BTRC] ---  [B1. APC::B2. BTRC}[0m
[0;36m		[A1. CDC42::A2. APC] ---  [B1. CDC42::B2. APC}[0m
2252 322 cost: 100
[0;36m		[A1. CDC42::A2. APC] ---  [B1. CDC42::B2. APC}[0m
[0;36m		[A1. APC::A2. ERBIN] ---  [B1. APC::B2. ERBIN}[0m
2252 451 cost: 100
[0;36m		[A1. CDC42::A2. APC] ---  [B1. CDC42::B2. APC}[0m
[0;36m		[A1. APC::A2. GSK3B] ---  [B1. APC::B2. GSK3B}[0m
2252 516 cost: 100
[0;36m		[A1. CDC42::A2. APC] ---  [B1. CDC42::B2. APC}[0m
[0;36m		[A1. APC::A2. IQGAP1] ---  [B1. APC::B2. IQGAP1}[0m
2252 581 cost: 100
[0;36m		[A1. CDC42::A2. APC] ---  [B1. CDC42::B2. APC}[0m
[0;36m		[A1. APC::A2. KRAS] ---  [B1. APC::B2. KRAS}[0m
2252 774 cost: 100
[0;36m		[A1. CDC42::A2. APC] ---  [B1. CDC42::B2. APC}[0m
[0;36m		[A1. APC::A2. SMAD4] ---  [B1. APC::B2. SMAD4}[0m
2252 903 cost: 100
[0;36m		[A1. CDC42::A2. APC] ---  [B1. CDC42::B2. APC}[0m
[0;36m		[A1. APC::A2. TCF7L2] ---  [B1. APC::B2. TCF7L2}[0m
322 3606 cost: 100
[0;36m		[A1. APC::A2. ERBIN] ---  [B1. APC::B2. ERBIN}[0m
[0;36m		[A1. ERBIN::A2. EGFR] ---  [B1. ERBIN::B2. EGFR}[0m
3606 3279 cost: 100
[0;36m		[A1. ERBIN::A2. EGFR] ---  [B1. ERBIN::B2. EGFR}[0m
[0;36m		[A1. EGFR::A2. IQGAP1] ---  [B1. EGFR::B2. IQGAP1}[0m
3606 3344 cost: 100
[0;36m		[A1. ERBIN::A2. EGFR] ---  [B1. ERBIN::B2. EGFR}[0m
[0;36m		[A1. EGFR::A2. KRAS] ---  [B1. EGFR::B2. KRAS}[0m
451 5530 cost: 100
[0;36m		[A1. APC::A2. GSK3B] ---  [B1. APC::B2. GSK3B}[0m
[0;36m		[A1. GSK3B::A2. YAP1] ---  [B1. GSK3B::B2. YAP1}[0m
581 6687 cost: 100
[0;36m		[A1. APC::A2. KRAS] ---  [B1. APC::B2. KRAS}[0m
[0;36m		[A1. KRAS::A2. PIK3R1] ---  [B1. KRAS::B2. PIK3R1}[0m
2252 7648 cost: 100
[0;36m		[A1. CDC42::A2. APC] ---  [B1. CDC42::B2. APC}[0m
[0;36m		[A1. PIK3CB::A2. CDC42] ---  [B1. PIK3CB::B2. CDC42}[0m
774 11174 cost: 104
[0;36m		[A1. APC::A2. SMAD4] ---  [B1. APC::B2. SMAD4}[0m
[0;36m		[A1. SMAD4::A2. SMAD2] ---  [B1. SMAD4::B2. SMAD5}[0m
774 10792 cost: 140
[0;36m		[A1. APC::A2. SMAD4] ---  [B1. APC::B2. SMAD4}[0m
[0;36m		[A1. SMAD4::A2. BMPR1A] ---  [B1. SMAD4::B2. TGFBR1}[0m
128 1867 cost: 217
[0;36m		[A1. APC::A2. BTRC] ---  [B1. APC::B2. BTRC}[0m
[0;36m		[A1. BTRC::A2. CHUK] ---  [B1. BTRC::B2. EP300}[0m
5530 3068 cost: 217
[0;36m		[A1. GSK3B::A2. YAP1] ---  [B1. GSK3B::B2. YAP1}[0m
[0;36m		[A1. CREB1::A2. GSK3B] ---  [B1. TRAF6::B2. GSK3B}[0m
5530 4011 cost: 217
[0;36m		[A1. GSK3B::A2. YAP1] ---  [B1. GSK3B::B2. YAP1}[0m
[0;36m		[A1. FBXW7::A2. GSK3B] ---  [B1. SMURF2::B2. GSK3B}[0m
3606 3409 cost: 227
[0;36m		[A1. ERBIN::A2. EGFR] ---  [B1. ERBIN::B2. EGFR}[0m
[0;36m		[A1. EGFR::A2. PTEN] ---  [B1. EGFR::B2. TGFBR2}[0m
6687 7843 cost: 227
[0;36m		[A1. KRAS::A2. PIK3R1] ---  [B1. KRAS::B2. PIK3R1}[0m
[0;36m		[A1. PIK3R1::A2. PTEN] ---  [B1. PIK3R1::B2. TGFBR2}[0m
7648 9333 cost: 227
[0;36m		[A1. PIK3CB::A2. CDC42] ---  [B1. PIK3CB::B2. CDC42}[0m
[0;36m		[A1. PTEN::A2. PIK3CB] ---  [B1. TGFBR2::B2. PIK3CB}[0m
5530 11903 cost: 227
[0;36m		[A1. GSK3B::A2. YAP1] ---  [B1. GSK3B::B2. YAP1}[0m
[0;36m		[A1. YAP1::A2. PTEN] ---  [B1. YAP1::B2. TGFBR2}[0m
11174 10474 cost: 253
[0;36m		[A1. SMAD4::A2. SMAD2] ---  [B1. SMAD4::B2. SMAD5}[0m
[0;36m		[A1. SMAD2::A2. PTEN] ---  [B1. SMAD5::B2. TGFBR2}[0m
10792 1521 cost: 338
[0;36m		[A1. SMAD4::A2. BMPR1A] ---  [B1. SMAD4::B2. TGFBR1}[0m
[0;36m		[A1. BMPR1A::A2. PTEN] ---  [B1. TGFBR1::B2. TGFBR2}[0m
128 2964 cost: 487
[0;36m		[A1. APC::A2. BTRC] ---  [B1. APC::B2. BTRC}[0m
[0;36m		[A1. CHUK::A2. PTEN] ---  [B1. EP300::B2. TGFBR2}[0m
451 3133 cost: 487
[0;36m		[A1. APC::A2. GSK3B] ---  [B1. APC::B2. GSK3B}[0m
[0;36m		[A1. CREB1::A2. PTEN] ---  [B1. TRAF6::B2. TGFBR2}[0m
451 4077 cost: 487
[0;36m		[A1. APC::A2. GSK3B] ---  [B1. APC::B2. GSK3B}[0m
[0;36m		[A1. FBXW7::A2. PTEN] ---  [B1. SMURF2::B2. TGFBR2}[0m
3279 4297 cost: 487
[0;36m		[A1. EGFR::A2. IQGAP1] ---  [B1. EGFR::B2. IQGAP1}[0m
[0;36m		[A1. FOXO3::A2. PTEN] ---  [B1. BMPR1A::B2. TGFBR2}[0m

Displayed tree score: 0.435458

10th run results (3) [new minumum]:0.459908
10 257 cost: 540
[0;36m		[A1. AGO1::A2. LRRK2] ---  [B1. BTRC::B2. APC}[0m
[0;36m		[A1. APC::A2. CDC42] ---  [B1. APC::B2. CDC42}[0m
257 2509 cost: 100
[0;36m		[A1. APC::A2. CDC42] ---  [B1. APC::B2. CDC42}[0m
[0;36m		[A1. CDC42::A2. PIK3CB] ---  [B1. CDC42::B2. PIK3CB}[0m
257 3477 cost: 100
[0;36m		[A1. APC::A2. CDC42] ---  [B1. APC::B2. CDC42}[0m
[0;36m		[A1. ERBIN::A2. APC] ---  [B1. ERBIN::B2. APC}[0m
3477 451 cost: 100
[0;36m		[A1. ERBIN::A2. APC] ---  [B1. ERBIN::B2. APC}[0m
[0;36m		[A1. APC::A2. GSK3B] ---  [B1. APC::B2. GSK3B}[0m
3477 516 cost: 100
[0;36m		[A1. ERBIN::A2. APC] ---  [B1. ERBIN::B2. APC}[0m
[0;36m		[A1. APC::A2. IQGAP1] ---  [B1. APC::B2. IQGAP1}[0m
3477 581 cost: 100
[0;36m		[A1. ERBIN::A2. APC] ---  [B1. ERBIN::B2. APC}[0m
[0;36m		[A1. APC::A2. KRAS] ---  [B1. APC::B2. KRAS}[0m
3477 774 cost: 100
[0;36m		[A1. ERBIN::A2. APC] ---  [B1. ERBIN::B2. APC}[0m
[0;36m		[A1. APC::A2. SMAD4] ---  [B1. APC::B2. SMAD4}[0m
3477 903 cost: 100
[0;36m		[A1. ERBIN::A2. APC] ---  [B1. ERBIN::B2. APC}[0m
[0;36m		[A1. APC::A2. TCF7L2] ---  [B1. APC::B2. TCF7L2}[0m
3477 3214 cost: 100
[0;36m		[A1. ERBIN::A2. APC] ---  [B1. ERBIN::B2. APC}[0m
[0;36m		[A1. EGFR::A2. ERBIN] ---  [B1. EGFR::B2. ERBIN}[0m
451 5530 cost: 100
[0;36m		[A1. APC::A2. GSK3B] ---  [B1. APC::B2. GSK3B}[0m
[0;36m		[A1. GSK3B::A2. YAP1] ---  [B1. GSK3B::B2. YAP1}[0m
516 5980 cost: 100
[0;36m		[A1. APC::A2. IQGAP1] ---  [B1. APC::B2. IQGAP1}[0m
[0;36m		[A1. IQGAP1::A2. EGFR] ---  [B1. IQGAP1::B2. EGFR}[0m
5980 3344 cost: 100
[0;36m		[A1. IQGAP1::A2. EGFR] ---  [B1. IQGAP1::B2. EGFR}[0m
[0;36m		[A1. EGFR::A2. KRAS] ---  [B1. EGFR::B2. KRAS}[0m
581 6687 cost: 100
[0;36m		[A1. APC::A2. KRAS] ---  [B1. APC::B2. KRAS}[0m
[0;36m		[A1. KRAS::A2. PIK3R1] ---  [B1. KRAS::B2. PIK3R1}[0m
774 10789 cost: 100
[0;36m		[A1. APC::A2. SMAD4] ---  [B1. APC::B2. SMAD4}[0m
[0;36m		[A1. SMAD4::A2. BMPR1A] ---  [B1. SMAD4::B2. BMPR1A}[0m
10789 10537 cost: 104
[0;36m		[A1. SMAD4::A2. BMPR1A] ---  [B1. SMAD4::B2. BMPR1A}[0m
[0;36m		[A1. SMAD2::A2. SMAD4] ---  [B1. SMAD5::B2. SMAD4}[0m
10789 7216 cost: 158
[0;36m		[A1. SMAD4::A2. BMPR1A] ---  [B1. SMAD4::B2. BMPR1A}[0m
[0;36m		[A1. MAPK1::A2. SMAD4] ---  [B1. TGFBR1::B2. SMAD4}[0m
10789 1132 cost: 217
[0;36m		[A1. SMAD4::A2. BMPR1A] ---  [B1. SMAD4::B2. BMPR1A}[0m
[0;36m		[A1. ATM::A2. SMAD4] ---  [B1. SMURF2::B2. SMAD4}[0m
5530 2044 cost: 217
[0;36m		[A1. GSK3B::A2. YAP1] ---  [B1. GSK3B::B2. YAP1}[0m
[0;36m		[A1. BTRC::A2. GSK3B] ---  [B1. TRAF6::B2. GSK3B}[0m
903 11503 cost: 217
[0;36m		[A1. APC::A2. TCF7L2] ---  [B1. APC::B2. TCF7L2}[0m
[0;36m		[A1. TCF7L2::A2. CREB1] ---  [B1. TCF7L2::B2. EP300}[0m
10789 1481 cost: 227
[0;36m		[A1. SMAD4::A2. BMPR1A] ---  [B1. SMAD4::B2. BMPR1A}[0m
[0;36m		[A1. BMPR1A::A2. PTEN] ---  [B1. BMPR1A::B2. TGFBR2}[0m
5980 3409 cost: 227
[0;36m		[A1. IQGAP1::A2. EGFR] ---  [B1. IQGAP1::B2. EGFR}[0m
[0;36m		[A1. EGFR::A2. PTEN] ---  [B1. EGFR::B2. TGFBR2}[0m
2509 7713 cost: 227
[0;36m		[A1. CDC42::A2. PIK3CB] ---  [B1. CDC42::B2. PIK3CB}[0m
[0;36m		[A1. PIK3CB::A2. PTEN] ---  [B1. PIK3CB::B2. TGFBR2}[0m
6687 7843 cost: 227
[0;36m		[A1. KRAS::A2. PIK3R1] ---  [B1. KRAS::B2. PIK3R1}[0m
[0;36m		[A1. PIK3R1::A2. PTEN] ---  [B1. PIK3R1::B2. TGFBR2}[0m
5530 11903 cost: 227
[0;36m		[A1. GSK3B::A2. YAP1] ---  [B1. GSK3B::B2. YAP1}[0m
[0;36m		[A1. YAP1::A2. PTEN] ---  [B1. YAP1::B2. TGFBR2}[0m
10537 9591 cost: 253
[0;36m		[A1. SMAD2::A2. SMAD4] ---  [B1. SMAD5::B2. SMAD4}[0m
[0;36m		[A1. PTEN::A2. SMAD2] ---  [B1. TGFBR2::B2. SMAD5}[0m
7216 9081 cost: 384
[0;36m		[A1. MAPK1::A2. SMAD4] ---  [B1. TGFBR1::B2. SMAD4}[0m
[0;36m		[A1. PTEN::A2. MAPK1] ---  [B1. TGFBR2::B2. TGFBR1}[0m
774 1069 cost: 487
[0;36m		[A1. APC::A2. SMAD4] ---  [B1. APC::B2. SMAD4}[0m
[0;36m		[A1. ATM::A2. PTEN] ---  [B1. SMURF2::B2. TGFBR2}[0m
903 3092 cost: 487
[0;36m		[A1. APC::A2. TCF7L2] ---  [B1. APC::B2. TCF7L2}[0m
[0;36m		[A1. CREB1::A2. PTEN] ---  [B1. EP300::B2. TGFBR2}[0m

Displayed tree score: 0.459908

19th run results (4) [new minumum]:0.481224
19 128 cost: 487
[0;36m		[A1. AGO1::A2. LRRK2] ---  [B1. EP300::B2. TCF7L2}[0m
[0;36m		[A1. APC::A2. BTRC] ---  [B1. APC::B2. BTRC}[0m
128 2252 cost: 100
[0;36m		[A1. APC::A2. BTRC] ---  [B1. APC::B2. BTRC}[0m
[0;36m		[A1. CDC42::A2. APC] ---  [B1. CDC42::B2. APC}[0m
2252 322 cost: 100
[0;36m		[A1. CDC42::A2. APC] ---  [B1. CDC42::B2. APC}[0m
[0;36m		[A1. APC::A2. ERBIN] ---  [B1. APC::B2. ERBIN}[0m
2252 451 cost: 100
[0;36m		[A1. CDC42::A2. APC] ---  [B1. CDC42::B2. APC}[0m
[0;36m		[A1. APC::A2. GSK3B] ---  [B1. APC::B2. GSK3B}[0m
2252 516 cost: 100
[0;36m		[A1. CDC42::A2. APC] ---  [B1. CDC42::B2. APC}[0m
[0;36m		[A1. APC::A2. IQGAP1] ---  [B1. APC::B2. IQGAP1}[0m
2252 581 cost: 100
[0;36m		[A1. CDC42::A2. APC] ---  [B1. CDC42::B2. APC}[0m
[0;36m		[A1. APC::A2. KRAS] ---  [B1. APC::B2. KRAS}[0m
2252 774 cost: 100
[0;36m		[A1. CDC42::A2. APC] ---  [B1. CDC42::B2. APC}[0m
[0;36m		[A1. APC::A2. SMAD4] ---  [B1. APC::B2. SMAD4}[0m
2252 903 cost: 100
[0;36m		[A1. CDC42::A2. APC] ---  [B1. CDC42::B2. APC}[0m
[0;36m		[A1. APC::A2. TCF7L2] ---  [B1. APC::B2. TCF7L2}[0m
322 3606 cost: 100
[0;36m		[A1. APC::A2. ERBIN] ---  [B1. APC::B2. ERBIN}[0m
[0;36m		[A1. ERBIN::A2. EGFR] ---  [B1. ERBIN::B2. EGFR}[0m
3606 3279 cost: 100
[0;36m		[A1. ERBIN::A2. EGFR] ---  [B1. ERBIN::B2. EGFR}[0m
[0;36m		[A1. EGFR::A2. IQGAP1] ---  [B1. EGFR::B2. IQGAP1}[0m
3606 3344 cost: 100
[0;36m		[A1. ERBIN::A2. EGFR] ---  [B1. ERBIN::B2. EGFR}[0m
[0;36m		[A1. EGFR::A2. KRAS] ---  [B1. EGFR::B2. KRAS}[0m
451 5530 cost: 100
[0;36m		[A1. APC::A2. GSK3B] ---  [B1. APC::B2. GSK3B}[0m
[0;36m		[A1. GSK3B::A2. YAP1] ---  [B1. GSK3B::B2. YAP1}[0m
581 6687 cost: 100
[0;36m		[A1. APC::A2. KRAS] ---  [B1. APC::B2. KRAS}[0m
[0;36m		[A1. KRAS::A2. PIK3R1] ---  [B1. KRAS::B2. PIK3R1}[0m
2252 7648 cost: 100
[0;36m		[A1. CDC42::A2. APC] ---  [B1. CDC42::B2. APC}[0m
[0;36m		[A1. PIK3CB::A2. CDC42] ---  [B1. PIK3CB::B2. CDC42}[0m
774 10789 cost: 100
[0;36m		[A1. APC::A2. SMAD4] ---  [B1. APC::B2. SMAD4}[0m
[0;36m		[A1. SMAD4::A2. BMPR1A] ---  [B1. SMAD4::B2. BMPR1A}[0m
10789 10537 cost: 104
[0;36m		[A1. SMAD4::A2. BMPR1A] ---  [B1. SMAD4::B2. BMPR1A}[0m
[0;36m		[A1. SMAD2::A2. SMAD4] ---  [B1. SMAD5::B2. SMAD4}[0m
10789 7216 cost: 158
[0;36m		[A1. SMAD4::A2. BMPR1A] ---  [B1. SMAD4::B2. BMPR1A}[0m
[0;36m		[A1. MAPK1::A2. SMAD4] ---  [B1. TGFBR1::B2. SMAD4}[0m
10789 1132 cost: 217
[0;36m		[A1. SMAD4::A2. BMPR1A] ---  [B1. SMAD4::B2. BMPR1A}[0m
[0;36m		[A1. ATM::A2. SMAD4] ---  [B1. SMURF2::B2. SMAD4}[0m
128 1867 cost: 217
[0;36m		[A1. APC::A2. BTRC] ---  [B1. APC::B2. BTRC}[0m
[0;36m		[A1. BTRC::A2. CHUK] ---  [B1. BTRC::B2. EP300}[0m
5530 3068 cost: 217
[0;36m		[A1. GSK3B::A2. YAP1] ---  [B1. GSK3B::B2. YAP1}[0m
[0;36m		[A1. CREB1::A2. GSK3B] ---  [B1. TRAF6::B2. GSK3B}[0m
10789 1481 cost: 227
[0;36m		[A1. SMAD4::A2. BMPR1A] ---  [B1. SMAD4::B2. BMPR1A}[0m
[0;36m		[A1. BMPR1A::A2. PTEN] ---  [B1. BMPR1A::B2. TGFBR2}[0m
3606 3409 cost: 227
[0;36m		[A1. ERBIN::A2. EGFR] ---  [B1. ERBIN::B2. EGFR}[0m
[0;36m		[A1. EGFR::A2. PTEN] ---  [B1. EGFR::B2. TGFBR2}[0m
6687 7843 cost: 227
[0;36m		[A1. KRAS::A2. PIK3R1] ---  [B1. KRAS::B2. PIK3R1}[0m
[0;36m		[A1. PIK3R1::A2. PTEN] ---  [B1. PIK3R1::B2. TGFBR2}[0m
7648 9333 cost: 227
[0;36m		[A1. PIK3CB::A2. CDC42] ---  [B1. PIK3CB::B2. CDC42}[0m
[0;36m		[A1. PTEN::A2. PIK3CB] ---  [B1. TGFBR2::B2. PIK3CB}[0m
5530 11903 cost: 227
[0;36m		[A1. GSK3B::A2. YAP1] ---  [B1. GSK3B::B2. YAP1}[0m
[0;36m		[A1. YAP1::A2. PTEN] ---  [B1. YAP1::B2. TGFBR2}[0m
10537 9591 cost: 253
[0;36m		[A1. SMAD2::A2. SMAD4] ---  [B1. SMAD5::B2. SMAD4}[0m
[0;36m		[A1. PTEN::A2. SMAD2] ---  [B1. TGFBR2::B2. SMAD5}[0m
7216 9081 cost: 384
[0;36m		[A1. MAPK1::A2. SMAD4] ---  [B1. TGFBR1::B2. SMAD4}[0m
[0;36m		[A1. PTEN::A2. MAPK1] ---  [B1. TGFBR2::B2. TGFBR1}[0m
774 1069 cost: 487
[0;36m		[A1. APC::A2. SMAD4] ---  [B1. APC::B2. SMAD4}[0m
[0;36m		[A1. ATM::A2. PTEN] ---  [B1. SMURF2::B2. TGFBR2}[0m
128 2964 cost: 487
[0;36m		[A1. APC::A2. BTRC] ---  [B1. APC::B2. BTRC}[0m
[0;36m		[A1. CHUK::A2. PTEN] ---  [B1. EP300::B2. TGFBR2}[0m
451 3133 cost: 487
[0;36m		[A1. APC::A2. GSK3B] ---  [B1. APC::B2. GSK3B}[0m
[0;36m		[A1. CREB1::A2. PTEN] ---  [B1. TRAF6::B2. TGFBR2}[0m

Displayed tree score: 0.481224

84th run results (5) [new minumum]:0.486969
84 1544 cost: 512
[0;36m		[A1. AGO1::A2. PTEN] ---  [B1. EP300::B2. TGFBR2}[0m
[0;36m		[A1. BMPR1A::A2. SMAD4] ---  [B1. BMPR1A::B2. SMAD4}[0m
1544 10596 cost: 100
[0;36m		[A1. BMPR1A::A2. SMAD4] ---  [B1. BMPR1A::B2. SMAD4}[0m
[0;36m		[A1. SMAD4::A2. APC] ---  [B1. SMAD4::B2. APC}[0m
10596 128 cost: 100
[0;36m		[A1. SMAD4::A2. APC] ---  [B1. SMAD4::B2. APC}[0m
[0;36m		[A1. APC::A2. BTRC] ---  [B1. APC::B2. BTRC}[0m
10596 257 cost: 100
[0;36m		[A1. SMAD4::A2. APC] ---  [B1. SMAD4::B2. APC}[0m
[0;36m		[A1. APC::A2. CDC42] ---  [B1. APC::B2. CDC42}[0m
10596 322 cost: 100
[0;36m		[A1. SMAD4::A2. APC] ---  [B1. SMAD4::B2. APC}[0m
[0;36m		[A1. APC::A2. ERBIN] ---  [B1. APC::B2. ERBIN}[0m
10596 451 cost: 100
[0;36m		[A1. SMAD4::A2. APC] ---  [B1. SMAD4::B2. APC}[0m
[0;36m		[A1. APC::A2. GSK3B] ---  [B1. APC::B2. GSK3B}[0m
10596 516 cost: 100
[0;36m		[A1. SMAD4::A2. APC] ---  [B1. SMAD4::B2. APC}[0m
[0;36m		[A1. APC::A2. IQGAP1] ---  [B1. APC::B2. IQGAP1}[0m
10596 581 cost: 100
[0;36m		[A1. SMAD4::A2. APC] ---  [B1. SMAD4::B2. APC}[0m
[0;36m		[A1. APC::A2. KRAS] ---  [B1. APC::B2. KRAS}[0m
10596 903 cost: 100
[0;36m		[A1. SMAD4::A2. APC] ---  [B1. SMAD4::B2. APC}[0m
[0;36m		[A1. APC::A2. TCF7L2] ---  [B1. APC::B2. TCF7L2}[0m
257 2509 cost: 100
[0;36m		[A1. APC::A2. CDC42] ---  [B1. APC::B2. CDC42}[0m
[0;36m		[A1. CDC42::A2. PIK3CB] ---  [B1. CDC42::B2. PIK3CB}[0m
322 3606 cost: 100
[0;36m		[A1. APC::A2. ERBIN] ---  [B1. APC::B2. ERBIN}[0m
[0;36m		[A1. ERBIN::A2. EGFR] ---  [B1. ERBIN::B2. EGFR}[0m
3606 3279 cost: 100
[0;36m		[A1. ERBIN::A2. EGFR] ---  [B1. ERBIN::B2. EGFR}[0m
[0;36m		[A1. EGFR::A2. IQGAP1] ---  [B1. EGFR::B2. IQGAP1}[0m
3606 3344 cost: 100
[0;36m		[A1. ERBIN::A2. EGFR] ---  [B1. ERBIN::B2. EGFR}[0m
[0;36m		[A1. EGFR::A2. KRAS] ---  [B1. EGFR::B2. KRAS}[0m
451 5530 cost: 100
[0;36m		[A1. APC::A2. GSK3B] ---  [B1. APC::B2. GSK3B}[0m
[0;36m		[A1. GSK3B::A2. YAP1] ---  [B1. GSK3B::B2. YAP1}[0m
581 6687 cost: 100
[0;36m		[A1. APC::A2. KRAS] ---  [B1. APC::B2. KRAS}[0m
[0;36m		[A1. KRAS::A2. PIK3R1] ---  [B1. KRAS::B2. PIK3R1}[0m
10596 10537 cost: 104
[0;36m		[A1. SMAD4::A2. APC] ---  [B1. SMAD4::B2. APC}[0m
[0;36m		[A1. SMAD2::A2. SMAD4] ---  [B1. SMAD5::B2. SMAD4}[0m
10596 7216 cost: 158
[0;36m		[A1. SMAD4::A2. APC] ---  [B1. SMAD4::B2. APC}[0m
[0;36m		[A1. MAPK1::A2. SMAD4] ---  [B1. TGFBR1::B2. SMAD4}[0m
10596 1132 cost: 217
[0;36m		[A1. SMAD4::A2. APC] ---  [B1. SMAD4::B2. APC}[0m
[0;36m		[A1. ATM::A2. SMAD4] ---  [B1. SMURF2::B2. SMAD4}[0m
128 1867 cost: 217
[0;36m		[A1. APC::A2. BTRC] ---  [B1. APC::B2. BTRC}[0m
[0;36m		[A1. BTRC::A2. CHUK] ---  [B1. BTRC::B2. EP300}[0m
5530 3068 cost: 217
[0;36m		[A1. GSK3B::A2. YAP1] ---  [B1. GSK3B::B2. YAP1}[0m
[0;36m		[A1. CREB1::A2. GSK3B] ---  [B1. TRAF6::B2. GSK3B}[0m
3606 3409 cost: 227
[0;36m		[A1. ERBIN::A2. EGFR] ---  [B1. ERBIN::B2. EGFR}[0m
[0;36m		[A1. EGFR::A2. PTEN] ---  [B1. EGFR::B2. TGFBR2}[0m
2509 7713 cost: 227
[0;36m		[A1. CDC42::A2. PIK3CB] ---  [B1. CDC42::B2. PIK3CB}[0m
[0;36m		[A1. PIK3CB::A2. PTEN] ---  [B1. PIK3CB::B2. TGFBR2}[0m
6687 7843 cost: 227
[0;36m		[A1. KRAS::A2. PIK3R1] ---  [B1. KRAS::B2. PIK3R1}[0m
[0;36m		[A1. PIK3R1::A2. PTEN] ---  [B1. PIK3R1::B2. TGFBR2}[0m
1544 8178 cost: 227
[0;36m		[A1. BMPR1A::A2. SMAD4] ---  [B1. BMPR1A::B2. SMAD4}[0m
[0;36m		[A1. PTEN::A2. BMPR1A] ---  [B1. TGFBR2::B2. BMPR1A}[0m
5530 11903 cost: 227
[0;36m		[A1. GSK3B::A2. YAP1] ---  [B1. GSK3B::B2. YAP1}[0m
[0;36m		[A1. YAP1::A2. PTEN] ---  [B1. YAP1::B2. TGFBR2}[0m
10537 9591 cost: 253
[0;36m		[A1. SMAD2::A2. SMAD4] ---  [B1. SMAD5::B2. SMAD4}[0m
[0;36m		[A1. PTEN::A2. SMAD2] ---  [B1. TGFBR2::B2. SMAD5}[0m
7216 9081 cost: 384
[0;36m		[A1. MAPK1::A2. SMAD4] ---  [B1. TGFBR1::B2. SMAD4}[0m
[0;36m		[A1. PTEN::A2. MAPK1] ---  [B1. TGFBR2::B2. TGFBR1}[0m
1544 1069 cost: 487
[0;36m		[A1. BMPR1A::A2. SMAD4] ---  [B1. BMPR1A::B2. SMAD4}[0m
[0;36m		[A1. ATM::A2. PTEN] ---  [B1. SMURF2::B2. TGFBR2}[0m
1544 3133 cost: 487
[0;36m		[A1. BMPR1A::A2. SMAD4] ---  [B1. BMPR1A::B2. SMAD4}[0m
[0;36m		[A1. CREB1::A2. PTEN] ---  [B1. TRAF6::B2. TGFBR2}[0m

Displayed tree score: 0.486969

128th run results (6) [new minumum]:0.489164
128 2252 cost: 100
[0;36m		[A1. APC::A2. BTRC] ---  [B1. APC::B2. BTRC}[0m
[0;36m		[A1. CDC42::A2. APC] ---  [B1. CDC42::B2. APC}[0m
2252 322 cost: 100
[0;36m		[A1. CDC42::A2. APC] ---  [B1. CDC42::B2. APC}[0m
[0;36m		[A1. APC::A2. ERBIN] ---  [B1. APC::B2. ERBIN}[0m
2252 451 cost: 100
[0;36m		[A1. CDC42::A2. APC] ---  [B1. CDC42::B2. APC}[0m
[0;36m		[A1. APC::A2. GSK3B] ---  [B1. APC::B2. GSK3B}[0m
2252 516 cost: 100
[0;36m		[A1. CDC42::A2. APC] ---  [B1. CDC42::B2. APC}[0m
[0;36m		[A1. APC::A2. IQGAP1] ---  [B1. APC::B2. IQGAP1}[0m
2252 581 cost: 100
[0;36m		[A1. CDC42::A2. APC] ---  [B1. CDC42::B2. APC}[0m
[0;36m		[A1. APC::A2. KRAS] ---  [B1. APC::B2. KRAS}[0m
2252 774 cost: 100
[0;36m		[A1. CDC42::A2. APC] ---  [B1. CDC42::B2. APC}[0m
[0;36m		[A1. APC::A2. SMAD4] ---  [B1. APC::B2. SMAD4}[0m
2252 903 cost: 100
[0;36m		[A1. CDC42::A2. APC] ---  [B1. CDC42::B2. APC}[0m
[0;36m		[A1. APC::A2. TCF7L2] ---  [B1. APC::B2. TCF7L2}[0m
322 3606 cost: 100
[0;36m		[A1. APC::A2. ERBIN] ---  [B1. APC::B2. ERBIN}[0m
[0;36m		[A1. ERBIN::A2. EGFR] ---  [B1. ERBIN::B2. EGFR}[0m
3606 3279 cost: 100
[0;36m		[A1. ERBIN::A2. EGFR] ---  [B1. ERBIN::B2. EGFR}[0m
[0;36m		[A1. EGFR::A2. IQGAP1] ---  [B1. EGFR::B2. IQGAP1}[0m
3606 3344 cost: 100
[0;36m		[A1. ERBIN::A2. EGFR] ---  [B1. ERBIN::B2. EGFR}[0m
[0;36m		[A1. EGFR::A2. KRAS] ---  [B1. EGFR::B2. KRAS}[0m
451 5530 cost: 100
[0;36m		[A1. APC::A2. GSK3B] ---  [B1. APC::B2. GSK3B}[0m
[0;36m		[A1. GSK3B::A2. YAP1] ---  [B1. GSK3B::B2. YAP1}[0m
581 6687 cost: 100
[0;36m		[A1. APC::A2. KRAS] ---  [B1. APC::B2. KRAS}[0m
[0;36m		[A1. KRAS::A2. PIK3R1] ---  [B1. KRAS::B2. PIK3R1}[0m
2252 7648 cost: 100
[0;36m		[A1. CDC42::A2. APC] ---  [B1. CDC42::B2. APC}[0m
[0;36m		[A1. PIK3CB::A2. CDC42] ---  [B1. PIK3CB::B2. CDC42}[0m
774 10789 cost: 100
[0;36m		[A1. APC::A2. SMAD4] ---  [B1. APC::B2. SMAD4}[0m
[0;36m		[A1. SMAD4::A2. BMPR1A] ---  [B1. SMAD4::B2. BMPR1A}[0m
10789 10537 cost: 104
[0;36m		[A1. SMAD4::A2. BMPR1A] ---  [B1. SMAD4::B2. BMPR1A}[0m
[0;36m		[A1. SMAD2::A2. SMAD4] ---  [B1. SMAD5::B2. SMAD4}[0m
10789 7216 cost: 158
[0;36m		[A1. SMAD4::A2. BMPR1A] ---  [B1. SMAD4::B2. BMPR1A}[0m
[0;36m		[A1. MAPK1::A2. SMAD4] ---  [B1. TGFBR1::B2. SMAD4}[0m
10789 1132 cost: 217
[0;36m		[A1. SMAD4::A2. BMPR1A] ---  [B1. SMAD4::B2. BMPR1A}[0m
[0;36m		[A1. ATM::A2. SMAD4] ---  [B1. SMURF2::B2. SMAD4}[0m
128 1867 cost: 217
[0;36m		[A1. APC::A2. BTRC] ---  [B1. APC::B2. BTRC}[0m
[0;36m		[A1. BTRC::A2. CHUK] ---  [B1. BTRC::B2. EP300}[0m
5530 3068 cost: 217
[0;36m		[A1. GSK3B::A2. YAP1] ---  [B1. GSK3B::B2. YAP1}[0m
[0;36m		[A1. CREB1::A2. GSK3B] ---  [B1. TRAF6::B2. GSK3B}[0m
10789 1481 cost: 227
[0;36m		[A1. SMAD4::A2. BMPR1A] ---  [B1. SMAD4::B2. BMPR1A}[0m
[0;36m		[A1. BMPR1A::A2. PTEN] ---  [B1. BMPR1A::B2. TGFBR2}[0m
3606 3409 cost: 227
[0;36m		[A1. ERBIN::A2. EGFR] ---  [B1. ERBIN::B2. EGFR}[0m
[0;36m		[A1. EGFR::A2. PTEN] ---  [B1. EGFR::B2. TGFBR2}[0m
6687 7843 cost: 227
[0;36m		[A1. KRAS::A2. PIK3R1] ---  [B1. KRAS::B2. PIK3R1}[0m
[0;36m		[A1. PIK3R1::A2. PTEN] ---  [B1. PIK3R1::B2. TGFBR2}[0m
7648 9333 cost: 227
[0;36m		[A1. PIK3CB::A2. CDC42] ---  [B1. PIK3CB::B2. CDC42}[0m
[0;36m		[A1. PTEN::A2. PIK3CB] ---  [B1. TGFBR2::B2. PIK3CB}[0m
5530 11903 cost: 227
[0;36m		[A1. GSK3B::A2. YAP1] ---  [B1. GSK3B::B2. YAP1}[0m
[0;36m		[A1. YAP1::A2. PTEN] ---  [B1. YAP1::B2. TGFBR2}[0m
10537 9591 cost: 253
[0;36m		[A1. SMAD2::A2. SMAD4] ---  [B1. SMAD5::B2. SMAD4}[0m
[0;36m		[A1. PTEN::A2. SMAD2] ---  [B1. TGFBR2::B2. SMAD5}[0m
7216 9081 cost: 384
[0;36m		[A1. MAPK1::A2. SMAD4] ---  [B1. TGFBR1::B2. SMAD4}[0m
[0;36m		[A1. PTEN::A2. MAPK1] ---  [B1. TGFBR2::B2. TGFBR1}[0m
774 1069 cost: 487
[0;36m		[A1. APC::A2. SMAD4] ---  [B1. APC::B2. SMAD4}[0m
[0;36m		[A1. ATM::A2. PTEN] ---  [B1. SMURF2::B2. TGFBR2}[0m
128 2964 cost: 487
[0;36m		[A1. APC::A2. BTRC] ---  [B1. APC::B2. BTRC}[0m
[0;36m		[A1. CHUK::A2. PTEN] ---  [B1. EP300::B2. TGFBR2}[0m
451 3133 cost: 487
[0;36m		[A1. APC::A2. GSK3B] ---  [B1. APC::B2. GSK3B}[0m
[0;36m		[A1. CREB1::A2. PTEN] ---  [B1. TRAF6::B2. TGFBR2}[0m

Displayed tree score: 0.489164

139th run results (7) [new minumum]:0.490757
139 2252 cost: 465
[0;36m		[A1. APC::A2. BTRC] ---  [B1. BTRC::B2. EP300}[0m
[0;36m		[A1. CDC42::A2. APC] ---  [B1. CDC42::B2. APC}[0m
2252 322 cost: 100
[0;36m		[A1. CDC42::A2. APC] ---  [B1. CDC42::B2. APC}[0m
[0;36m		[A1. APC::A2. ERBIN] ---  [B1. APC::B2. ERBIN}[0m
2252 451 cost: 100
[0;36m		[A1. CDC42::A2. APC] ---  [B1. CDC42::B2. APC}[0m
[0;36m		[A1. APC::A2. GSK3B] ---  [B1. APC::B2. GSK3B}[0m
2252 516 cost: 100
[0;36m		[A1. CDC42::A2. APC] ---  [B1. CDC42::B2. APC}[0m
[0;36m		[A1. APC::A2. IQGAP1] ---  [B1. APC::B2. IQGAP1}[0m
2252 581 cost: 100
[0;36m		[A1. CDC42::A2. APC] ---  [B1. CDC42::B2. APC}[0m
[0;36m		[A1. APC::A2. KRAS] ---  [B1. APC::B2. KRAS}[0m
2252 774 cost: 100
[0;36m		[A1. CDC42::A2. APC] ---  [B1. CDC42::B2. APC}[0m
[0;36m		[A1. APC::A2. SMAD4] ---  [B1. APC::B2. SMAD4}[0m
2252 903 cost: 100
[0;36m		[A1. CDC42::A2. APC] ---  [B1. CDC42::B2. APC}[0m
[0;36m		[A1. APC::A2. TCF7L2] ---  [B1. APC::B2. TCF7L2}[0m
322 3606 cost: 100
[0;36m		[A1. APC::A2. ERBIN] ---  [B1. APC::B2. ERBIN}[0m
[0;36m		[A1. ERBIN::A2. EGFR] ---  [B1. ERBIN::B2. EGFR}[0m
3606 3279 cost: 100
[0;36m		[A1. ERBIN::A2. EGFR] ---  [B1. ERBIN::B2. EGFR}[0m
[0;36m		[A1. EGFR::A2. IQGAP1] ---  [B1. EGFR::B2. IQGAP1}[0m
3606 3344 cost: 100
[0;36m		[A1. ERBIN::A2. EGFR] ---  [B1. ERBIN::B2. EGFR}[0m
[0;36m		[A1. EGFR::A2. KRAS] ---  [B1. EGFR::B2. KRAS}[0m
451 5530 cost: 100
[0;36m		[A1. APC::A2. GSK3B] ---  [B1. APC::B2. GSK3B}[0m
[0;36m		[A1. GSK3B::A2. YAP1] ---  [B1. GSK3B::B2. YAP1}[0m
581 6687 cost: 100
[0;36m		[A1. APC::A2. KRAS] ---  [B1. APC::B2. KRAS}[0m
[0;36m		[A1. KRAS::A2. PIK3R1] ---  [B1. KRAS::B2. PIK3R1}[0m
2252 7648 cost: 100
[0;36m		[A1. CDC42::A2. APC] ---  [B1. CDC42::B2. APC}[0m
[0;36m		[A1. PIK3CB::A2. CDC42] ---  [B1. PIK3CB::B2. CDC42}[0m
774 10789 cost: 100
[0;36m		[A1. APC::A2. SMAD4] ---  [B1. APC::B2. SMAD4}[0m
[0;36m		[A1. SMAD4::A2. BMPR1A] ---  [B1. SMAD4::B2. BMPR1A}[0m
2252 384 cost: 104
[0;36m		[A1. CDC42::A2. APC] ---  [B1. CDC42::B2. APC}[0m
[0;36m		[A1. APC::A2. FBXW11] ---  [B1. APC::B2. BTRC}[0m
10789 10537 cost: 104
[0;36m		[A1. SMAD4::A2. BMPR1A] ---  [B1. SMAD4::B2. BMPR1A}[0m
[0;36m		[A1. SMAD2::A2. SMAD4] ---  [B1. SMAD5::B2. SMAD4}[0m
10789 7216 cost: 158
[0;36m		[A1. SMAD4::A2. BMPR1A] ---  [B1. SMAD4::B2. BMPR1A}[0m
[0;36m		[A1. MAPK1::A2. SMAD4] ---  [B1. TGFBR1::B2. SMAD4}[0m
10789 1132 cost: 217
[0;36m		[A1. SMAD4::A2. BMPR1A] ---  [B1. SMAD4::B2. BMPR1A}[0m
[0;36m		[A1. ATM::A2. SMAD4] ---  [B1. SMURF2::B2. SMAD4}[0m
5530 2044 cost: 217
[0;36m		[A1. GSK3B::A2. YAP1] ---  [B1. GSK3B::B2. YAP1}[0m
[0;36m		[A1. BTRC::A2. GSK3B] ---  [B1. TRAF6::B2. GSK3B}[0m
903 11503 cost: 217
[0;36m		[A1. APC::A2. TCF7L2] ---  [B1. APC::B2. TCF7L2}[0m
[0;36m		[A1. TCF7L2::A2. CREB1] ---  [B1. TCF7L2::B2. EP300}[0m
10789 1481 cost: 227
[0;36m		[A1. SMAD4::A2. BMPR1A] ---  [B1. SMAD4::B2. BMPR1A}[0m
[0;36m		[A1. BMPR1A::A2. PTEN] ---  [B1. BMPR1A::B2. TGFBR2}[0m
3606 3409 cost: 227
[0;36m		[A1. ERBIN::A2. EGFR] ---  [B1. ERBIN::B2. EGFR}[0m
[0;36m		[A1. EGFR::A2. PTEN] ---  [B1. EGFR::B2. TGFBR2}[0m
6687 7843 cost: 227
[0;36m		[A1. KRAS::A2. PIK3R1] ---  [B1. KRAS::B2. PIK3R1}[0m
[0;36m		[A1. PIK3R1::A2. PTEN] ---  [B1. PIK3R1::B2. TGFBR2}[0m
7648 9333 cost: 227
[0;36m		[A1. PIK3CB::A2. CDC42] ---  [B1. PIK3CB::B2. CDC42}[0m
[0;36m		[A1. PTEN::A2. PIK3CB] ---  [B1. TGFBR2::B2. PIK3CB}[0m
5530 11903 cost: 227
[0;36m		[A1. GSK3B::A2. YAP1] ---  [B1. GSK3B::B2. YAP1}[0m
[0;36m		[A1. YAP1::A2. PTEN] ---  [B1. YAP1::B2. TGFBR2}[0m
10537 9591 cost: 253
[0;36m		[A1. SMAD2::A2. SMAD4] ---  [B1. SMAD5::B2. SMAD4}[0m
[0;36m		[A1. PTEN::A2. SMAD2] ---  [B1. TGFBR2::B2. SMAD5}[0m
7216 9081 cost: 384
[0;36m		[A1. MAPK1::A2. SMAD4] ---  [B1. TGFBR1::B2. SMAD4}[0m
[0;36m		[A1. PTEN::A2. MAPK1] ---  [B1. TGFBR2::B2. TGFBR1}[0m
774 1069 cost: 487
[0;36m		[A1. APC::A2. SMAD4] ---  [B1. APC::B2. SMAD4}[0m
[0;36m		[A1. ATM::A2. PTEN] ---  [B1. SMURF2::B2. TGFBR2}[0m
903 3092 cost: 487
[0;36m		[A1. APC::A2. TCF7L2] ---  [B1. APC::B2. TCF7L2}[0m
[0;36m		[A1. CREB1::A2. PTEN] ---  [B1. EP300::B2. TGFBR2}[0m

Displayed tree score: 0.490757

184th run results (8) [new minumum]:0.499513
184 5530 cost: 487
[0;36m		[A1. APC::A2. BTRC] ---  [B1. TGFBR2::B2. SMURF2}[0m
[0;36m		[A1. GSK3B::A2. YAP1] ---  [B1. GSK3B::B2. YAP1}[0m
5530 451 cost: 100
[0;36m		[A1. GSK3B::A2. YAP1] ---  [B1. GSK3B::B2. YAP1}[0m
[0;36m		[A1. APC::A2. GSK3B] ---  [B1. APC::B2. GSK3B}[0m
451 2252 cost: 100
[0;36m		[A1. APC::A2. GSK3B] ---  [B1. APC::B2. GSK3B}[0m
[0;36m		[A1. CDC42::A2. APC] ---  [B1. CDC42::B2. APC}[0m
2252 322 cost: 100
[0;36m		[A1. CDC42::A2. APC] ---  [B1. CDC42::B2. APC}[0m
[0;36m		[A1. APC::A2. ERBIN] ---  [B1. APC::B2. ERBIN}[0m
2252 516 cost: 100
[0;36m		[A1. CDC42::A2. APC] ---  [B1. CDC42::B2. APC}[0m
[0;36m		[A1. APC::A2. IQGAP1] ---  [B1. APC::B2. IQGAP1}[0m
2252 581 cost: 100
[0;36m		[A1. CDC42::A2. APC] ---  [B1. CDC42::B2. APC}[0m
[0;36m		[A1. APC::A2. KRAS] ---  [B1. APC::B2. KRAS}[0m
2252 774 cost: 100
[0;36m		[A1. CDC42::A2. APC] ---  [B1. CDC42::B2. APC}[0m
[0;36m		[A1. APC::A2. SMAD4] ---  [B1. APC::B2. SMAD4}[0m
2252 903 cost: 100
[0;36m		[A1. CDC42::A2. APC] ---  [B1. CDC42::B2. APC}[0m
[0;36m		[A1. APC::A2. TCF7L2] ---  [B1. APC::B2. TCF7L2}[0m
322 3606 cost: 100
[0;36m		[A1. APC::A2. ERBIN] ---  [B1. APC::B2. ERBIN}[0m
[0;36m		[A1. ERBIN::A2. EGFR] ---  [B1. ERBIN::B2. EGFR}[0m
3606 3279 cost: 100
[0;36m		[A1. ERBIN::A2. EGFR] ---  [B1. ERBIN::B2. EGFR}[0m
[0;36m		[A1. EGFR::A2. IQGAP1] ---  [B1. EGFR::B2. IQGAP1}[0m
3606 3344 cost: 100
[0;36m		[A1. ERBIN::A2. EGFR] ---  [B1. ERBIN::B2. EGFR}[0m
[0;36m		[A1. EGFR::A2. KRAS] ---  [B1. EGFR::B2. KRAS}[0m
581 6687 cost: 100
[0;36m		[A1. APC::A2. KRAS] ---  [B1. APC::B2. KRAS}[0m
[0;36m		[A1. KRAS::A2. PIK3R1] ---  [B1. KRAS::B2. PIK3R1}[0m
2252 7648 cost: 100
[0;36m		[A1. CDC42::A2. APC] ---  [B1. CDC42::B2. APC}[0m
[0;36m		[A1. PIK3CB::A2. CDC42] ---  [B1. PIK3CB::B2. CDC42}[0m
774 10789 cost: 100
[0;36m		[A1. APC::A2. SMAD4] ---  [B1. APC::B2. SMAD4}[0m
[0;36m		[A1. SMAD4::A2. BMPR1A] ---  [B1. SMAD4::B2. BMPR1A}[0m
2252 384 cost: 104
[0;36m		[A1. CDC42::A2. APC] ---  [B1. CDC42::B2. APC}[0m
[0;36m		[A1. APC::A2. FBXW11] ---  [B1. APC::B2. BTRC}[0m
10789 10537 cost: 104
[0;36m		[A1. SMAD4::A2. BMPR1A] ---  [B1. SMAD4::B2. BMPR1A}[0m
[0;36m		[A1. SMAD2::A2. SMAD4] ---  [B1. SMAD5::B2. SMAD4}[0m
10789 7216 cost: 158
[0;36m		[A1. SMAD4::A2. BMPR1A] ---  [B1. SMAD4::B2. BMPR1A}[0m
[0;36m		[A1. MAPK1::A2. SMAD4] ---  [B1. TGFBR1::B2. SMAD4}[0m
10789 1132 cost: 217
[0;36m		[A1. SMAD4::A2. BMPR1A] ---  [B1. SMAD4::B2. BMPR1A}[0m
[0;36m		[A1. ATM::A2. SMAD4] ---  [B1. SMURF2::B2. SMAD4}[0m
5530 2044 cost: 217
[0;36m		[A1. GSK3B::A2. YAP1] ---  [B1. GSK3B::B2. YAP1}[0m
[0;36m		[A1. BTRC::A2. GSK3B] ---  [B1. TRAF6::B2. GSK3B}[0m
903 11503 cost: 217
[0;36m		[A1. APC::A2. TCF7L2] ---  [B1. APC::B2. TCF7L2}[0m
[0;36m		[A1. TCF7L2::A2. CREB1] ---  [B1. TCF7L2::B2. EP300}[0m
10789 1481 cost: 227
[0;36m		[A1. SMAD4::A2. BMPR1A] ---  [B1. SMAD4::B2. BMPR1A}[0m
[0;36m		[A1. BMPR1A::A2. PTEN] ---  [B1. BMPR1A::B2. TGFBR2}[0m
3606 3409 cost: 227
[0;36m		[A1. ERBIN::A2. EGFR] ---  [B1. ERBIN::B2. EGFR}[0m
[0;36m		[A1. EGFR::A2. PTEN] ---  [B1. EGFR::B2. TGFBR2}[0m
6687 7843 cost: 227
[0;36m		[A1. KRAS::A2. PIK3R1] ---  [B1. KRAS::B2. PIK3R1}[0m
[0;36m		[A1. PIK3R1::A2. PTEN] ---  [B1. PIK3R1::B2. TGFBR2}[0m
7648 9333 cost: 227
[0;36m		[A1. PIK3CB::A2. CDC42] ---  [B1. PIK3CB::B2. CDC42}[0m
[0;36m		[A1. PTEN::A2. PIK3CB] ---  [B1. TGFBR2::B2. PIK3CB}[0m
5530 11903 cost: 227
[0;36m		[A1. GSK3B::A2. YAP1] ---  [B1. GSK3B::B2. YAP1}[0m
[0;36m		[A1. YAP1::A2. PTEN] ---  [B1. YAP1::B2. TGFBR2}[0m
10537 9591 cost: 253
[0;36m		[A1. SMAD2::A2. SMAD4] ---  [B1. SMAD5::B2. SMAD4}[0m
[0;36m		[A1. PTEN::A2. SMAD2] ---  [B1. TGFBR2::B2. SMAD5}[0m
7216 9081 cost: 384
[0;36m		[A1. MAPK1::A2. SMAD4] ---  [B1. TGFBR1::B2. SMAD4}[0m
[0;36m		[A1. PTEN::A2. MAPK1] ---  [B1. TGFBR2::B2. TGFBR1}[0m
903 3092 cost: 487
[0;36m		[A1. APC::A2. TCF7L2] ---  [B1. APC::B2. TCF7L2}[0m
[0;36m		[A1. CREB1::A2. PTEN] ---  [B1. EP300::B2. TGFBR2}[0m

Displayed tree score: 0.499513

1044th run results (9) [new minumum]:0.499908
1044 1544 cost: 487
[0;36m		[A1. ATM::A2. PTEN] ---  [B1. EP300::B2. TGFBR2}[0m
[0;36m		[A1. BMPR1A::A2. SMAD4] ---  [B1. BMPR1A::B2. SMAD4}[0m
1544 10596 cost: 100
[0;36m		[A1. BMPR1A::A2. SMAD4] ---  [B1. BMPR1A::B2. SMAD4}[0m
[0;36m		[A1. SMAD4::A2. APC] ---  [B1. SMAD4::B2. APC}[0m
10596 128 cost: 100
[0;36m		[A1. SMAD4::A2. APC] ---  [B1. SMAD4::B2. APC}[0m
[0;36m		[A1. APC::A2. BTRC] ---  [B1. APC::B2. BTRC}[0m
10596 257 cost: 100
[0;36m		[A1. SMAD4::A2. APC] ---  [B1. SMAD4::B2. APC}[0m
[0;36m		[A1. APC::A2. CDC42] ---  [B1. APC::B2. CDC42}[0m
10596 322 cost: 100
[0;36m		[A1. SMAD4::A2. APC] ---  [B1. SMAD4::B2. APC}[0m
[0;36m		[A1. APC::A2. ERBIN] ---  [B1. APC::B2. ERBIN}[0m
10596 451 cost: 100
[0;36m		[A1. SMAD4::A2. APC] ---  [B1. SMAD4::B2. APC}[0m
[0;36m		[A1. APC::A2. GSK3B] ---  [B1. APC::B2. GSK3B}[0m
10596 516 cost: 100
[0;36m		[A1. SMAD4::A2. APC] ---  [B1. SMAD4::B2. APC}[0m
[0;36m		[A1. APC::A2. IQGAP1] ---  [B1. APC::B2. IQGAP1}[0m
10596 581 cost: 100
[0;36m		[A1. SMAD4::A2. APC] ---  [B1. SMAD4::B2. APC}[0m
[0;36m		[A1. APC::A2. KRAS] ---  [B1. APC::B2. KRAS}[0m
10596 903 cost: 100
[0;36m		[A1. SMAD4::A2. APC] ---  [B1. SMAD4::B2. APC}[0m
[0;36m		[A1. APC::A2. TCF7L2] ---  [B1. APC::B2. TCF7L2}[0m
257 2509 cost: 100
[0;36m		[A1. APC::A2. CDC42] ---  [B1. APC::B2. CDC42}[0m
[0;36m		[A1. CDC42::A2. PIK3CB] ---  [B1. CDC42::B2. PIK3CB}[0m
322 3606 cost: 100
[0;36m		[A1. APC::A2. ERBIN] ---  [B1. APC::B2. ERBIN}[0m
[0;36m		[A1. ERBIN::A2. EGFR] ---  [B1. ERBIN::B2. EGFR}[0m
3606 3279 cost: 100
[0;36m		[A1. ERBIN::A2. EGFR] ---  [B1. ERBIN::B2. EGFR}[0m
[0;36m		[A1. EGFR::A2. IQGAP1] ---  [B1. EGFR::B2. IQGAP1}[0m
3606 3344 cost: 100
[0;36m		[A1. ERBIN::A2. EGFR] ---  [B1. ERBIN::B2. EGFR}[0m
[0;36m		[A1. EGFR::A2. KRAS] ---  [B1. EGFR::B2. KRAS}[0m
451 5530 cost: 100
[0;36m		[A1. APC::A2. GSK3B] ---  [B1. APC::B2. GSK3B}[0m
[0;36m		[A1. GSK3B::A2. YAP1] ---  [B1. GSK3B::B2. YAP1}[0m
581 6687 cost: 100
[0;36m		[A1. APC::A2. KRAS] ---  [B1. APC::B2. KRAS}[0m
[0;36m		[A1. KRAS::A2. PIK3R1] ---  [B1. KRAS::B2. PIK3R1}[0m
10596 10537 cost: 104
[0;36m		[A1. SMAD4::A2. APC] ---  [B1. SMAD4::B2. APC}[0m
[0;36m		[A1. SMAD2::A2. SMAD4] ---  [B1. SMAD5::B2. SMAD4}[0m
10596 7216 cost: 158
[0;36m		[A1. SMAD4::A2. APC] ---  [B1. SMAD4::B2. APC}[0m
[0;36m		[A1. MAPK1::A2. SMAD4] ---  [B1. TGFBR1::B2. SMAD4}[0m
10596 1132 cost: 217
[0;36m		[A1. SMAD4::A2. APC] ---  [B1. SMAD4::B2. APC}[0m
[0;36m		[A1. ATM::A2. SMAD4] ---  [B1. SMURF2::B2. SMAD4}[0m
128 1867 cost: 217
[0;36m		[A1. APC::A2. BTRC] ---  [B1. APC::B2. BTRC}[0m
[0;36m		[A1. BTRC::A2. CHUK] ---  [B1. BTRC::B2. EP300}[0m
5530 3068 cost: 217
[0;36m		[A1. GSK3B::A2. YAP1] ---  [B1. GSK3B::B2. YAP1}[0m
[0;36m		[A1. CREB1::A2. GSK3B] ---  [B1. TRAF6::B2. GSK3B}[0m
3606 3409 cost: 227
[0;36m		[A1. ERBIN::A2. EGFR] ---  [B1. ERBIN::B2. EGFR}[0m
[0;36m		[A1. EGFR::A2. PTEN] ---  [B1. EGFR::B2. TGFBR2}[0m
2509 7713 cost: 227
[0;36m		[A1. CDC42::A2. PIK3CB] ---  [B1. CDC42::B2. PIK3CB}[0m
[0;36m		[A1. PIK3CB::A2. PTEN] ---  [B1. PIK3CB::B2. TGFBR2}[0m
6687 7843 cost: 227
[0;36m		[A1. KRAS::A2. PIK3R1] ---  [B1. KRAS::B2. PIK3R1}[0m
[0;36m		[A1. PIK3R1::A2. PTEN] ---  [B1. PIK3R1::B2. TGFBR2}[0m
1544 8178 cost: 227
[0;36m		[A1. BMPR1A::A2. SMAD4] ---  [B1. BMPR1A::B2. SMAD4}[0m
[0;36m		[A1. PTEN::A2. BMPR1A] ---  [B1. TGFBR2::B2. BMPR1A}[0m
5530 11903 cost: 227
[0;36m		[A1. GSK3B::A2. YAP1] ---  [B1. GSK3B::B2. YAP1}[0m
[0;36m		[A1. YAP1::A2. PTEN] ---  [B1. YAP1::B2. TGFBR2}[0m
10537 9591 cost: 253
[0;36m		[A1. SMAD2::A2. SMAD4] ---  [B1. SMAD5::B2. SMAD4}[0m
[0;36m		[A1. PTEN::A2. SMAD2] ---  [B1. TGFBR2::B2. SMAD5}[0m
7216 9081 cost: 384
[0;36m		[A1. MAPK1::A2. SMAD4] ---  [B1. TGFBR1::B2. SMAD4}[0m
[0;36m		[A1. PTEN::A2. MAPK1] ---  [B1. TGFBR2::B2. TGFBR1}[0m
1544 3133 cost: 487
[0;36m		[A1. BMPR1A::A2. SMAD4] ---  [B1. BMPR1A::B2. SMAD4}[0m
[0;36m		[A1. CREB1::A2. PTEN] ---  [B1. TRAF6::B2. TGFBR2}[0m

Displayed tree score: 0.499908

1076th run results (10) [new minumum]:0.502091
1076 11438 cost: 465
[0;36m		[A1. ATM::A2. PTEN] ---  [B1. TGFBR2::B2. EP300}[0m
[0;36m		[A1. TCF7L2::A2. APC] ---  [B1. TCF7L2::B2. APC}[0m
11438 128 cost: 100
[0;36m		[A1. TCF7L2::A2. APC] ---  [B1. TCF7L2::B2. APC}[0m
[0;36m		[A1. APC::A2. BTRC] ---  [B1. APC::B2. BTRC}[0m
11438 257 cost: 100
[0;36m		[A1. TCF7L2::A2. APC] ---  [B1. TCF7L2::B2. APC}[0m
[0;36m		[A1. APC::A2. CDC42] ---  [B1. APC::B2. CDC42}[0m
11438 322 cost: 100
[0;36m		[A1. TCF7L2::A2. APC] ---  [B1. TCF7L2::B2. APC}[0m
[0;36m		[A1. APC::A2. ERBIN] ---  [B1. APC::B2. ERBIN}[0m
11438 451 cost: 100
[0;36m		[A1. TCF7L2::A2. APC] ---  [B1. TCF7L2::B2. APC}[0m
[0;36m		[A1. APC::A2. GSK3B] ---  [B1. APC::B2. GSK3B}[0m
11438 516 cost: 100
[0;36m		[A1. TCF7L2::A2. APC] ---  [B1. TCF7L2::B2. APC}[0m
[0;36m		[A1. APC::A2. IQGAP1] ---  [B1. APC::B2. IQGAP1}[0m
11438 581 cost: 100
[0;36m		[A1. TCF7L2::A2. APC] ---  [B1. TCF7L2::B2. APC}[0m
[0;36m		[A1. APC::A2. KRAS] ---  [B1. APC::B2. KRAS}[0m
11438 774 cost: 100
[0;36m		[A1. TCF7L2::A2. APC] ---  [B1. TCF7L2::B2. APC}[0m
[0;36m		[A1. APC::A2. SMAD4] ---  [B1. APC::B2. SMAD4}[0m
257 2509 cost: 100
[0;36m		[A1. APC::A2. CDC42] ---  [B1. APC::B2. CDC42}[0m
[0;36m		[A1. CDC42::A2. PIK3CB] ---  [B1. CDC42::B2. PIK3CB}[0m
322 3606 cost: 100
[0;36m		[A1. APC::A2. ERBIN] ---  [B1. APC::B2. ERBIN}[0m
[0;36m		[A1. ERBIN::A2. EGFR] ---  [B1. ERBIN::B2. EGFR}[0m
3606 3279 cost: 100
[0;36m		[A1. ERBIN::A2. EGFR] ---  [B1. ERBIN::B2. EGFR}[0m
[0;36m		[A1. EGFR::A2. IQGAP1] ---  [B1. EGFR::B2. IQGAP1}[0m
3606 3344 cost: 100
[0;36m		[A1. ERBIN::A2. EGFR] ---  [B1. ERBIN::B2. EGFR}[0m
[0;36m		[A1. EGFR::A2. KRAS] ---  [B1. EGFR::B2. KRAS}[0m
451 5530 cost: 100
[0;36m		[A1. APC::A2. GSK3B] ---  [B1. APC::B2. GSK3B}[0m
[0;36m		[A1. GSK3B::A2. YAP1] ---  [B1. GSK3B::B2. YAP1}[0m
581 6687 cost: 100
[0;36m		[A1. APC::A2. KRAS] ---  [B1. APC::B2. KRAS}[0m
[0;36m		[A1. KRAS::A2. PIK3R1] ---  [B1. KRAS::B2. PIK3R1}[0m
774 10789 cost: 100
[0;36m		[A1. APC::A2. SMAD4] ---  [B1. APC::B2. SMAD4}[0m
[0;36m		[A1. SMAD4::A2. BMPR1A] ---  [B1. SMAD4::B2. BMPR1A}[0m
10789 10537 cost: 104
[0;36m		[A1. SMAD4::A2. BMPR1A] ---  [B1. SMAD4::B2. BMPR1A}[0m
[0;36m		[A1. SMAD2::A2. SMAD4] ---  [B1. SMAD5::B2. SMAD4}[0m
10789 7216 cost: 158
[0;36m		[A1. SMAD4::A2. BMPR1A] ---  [B1. SMAD4::B2. BMPR1A}[0m
[0;36m		[A1. MAPK1::A2. SMAD4] ---  [B1. TGFBR1::B2. SMAD4}[0m
10789 1132 cost: 217
[0;36m		[A1. SMAD4::A2. BMPR1A] ---  [B1. SMAD4::B2. BMPR1A}[0m
[0;36m		[A1. ATM::A2. SMAD4] ---  [B1. SMURF2::B2. SMAD4}[0m
128 1867 cost: 217
[0;36m		[A1. APC::A2. BTRC] ---  [B1. APC::B2. BTRC}[0m
[0;36m		[A1. BTRC::A2. CHUK] ---  [B1. BTRC::B2. EP300}[0m
5530 3068 cost: 217
[0;36m		[A1. GSK3B::A2. YAP1] ---  [B1. GSK3B::B2. YAP1}[0m
[0;36m		[A1. CREB1::A2. GSK3B] ---  [B1. TRAF6::B2. GSK3B}[0m
10789 1481 cost: 227
[0;36m		[A1. SMAD4::A2. BMPR1A] ---  [B1. SMAD4::B2. BMPR1A}[0m
[0;36m		[A1. BMPR1A::A2. PTEN] ---  [B1. BMPR1A::B2. TGFBR2}[0m
3606 3409 cost: 227
[0;36m		[A1. ERBIN::A2. EGFR] ---  [B1. ERBIN::B2. EGFR}[0m
[0;36m		[A1. EGFR::A2. PTEN] ---  [B1. EGFR::B2. TGFBR2}[0m
2509 7713 cost: 227
[0;36m		[A1. CDC42::A2. PIK3CB] ---  [B1. CDC42::B2. PIK3CB}[0m
[0;36m		[A1. PIK3CB::A2. PTEN] ---  [B1. PIK3CB::B2. TGFBR2}[0m
6687 7843 cost: 227
[0;36m		[A1. KRAS::A2. PIK3R1] ---  [B1. KRAS::B2. PIK3R1}[0m
[0;36m		[A1. PIK3R1::A2. PTEN] ---  [B1. PIK3R1::B2. TGFBR2}[0m
5530 11903 cost: 227
[0;36m		[A1. GSK3B::A2. YAP1] ---  [B1. GSK3B::B2. YAP1}[0m
[0;36m		[A1. YAP1::A2. PTEN] ---  [B1. YAP1::B2. TGFBR2}[0m
10537 9591 cost: 253
[0;36m		[A1. SMAD2::A2. SMAD4] ---  [B1. SMAD5::B2. SMAD4}[0m
[0;36m		[A1. PTEN::A2. SMAD2] ---  [B1. TGFBR2::B2. SMAD5}[0m
7216 9081 cost: 384
[0;36m		[A1. MAPK1::A2. SMAD4] ---  [B1. TGFBR1::B2. SMAD4}[0m
[0;36m		[A1. PTEN::A2. MAPK1] ---  [B1. TGFBR2::B2. TGFBR1}[0m
451 3133 cost: 487
[0;36m		[A1. APC::A2. GSK3B] ---  [B1. APC::B2. GSK3B}[0m
[0;36m		[A1. CREB1::A2. PTEN] ---  [B1. TRAF6::B2. TGFBR2}[0m

Displayed tree score: 0.502091

1132th run results (11) [new minumum]:0.50377
1132 10596 cost: 217
[0;36m		[A1. ATM::A2. SMAD4] ---  [B1. SMURF2::B2. SMAD4}[0m
[0;36m		[A1. SMAD4::A2. APC] ---  [B1. SMAD4::B2. APC}[0m
10596 128 cost: 100
[0;36m		[A1. SMAD4::A2. APC] ---  [B1. SMAD4::B2. APC}[0m
[0;36m		[A1. APC::A2. BTRC] ---  [B1. APC::B2. BTRC}[0m
10596 257 cost: 100
[0;36m		[A1. SMAD4::A2. APC] ---  [B1. SMAD4::B2. APC}[0m
[0;36m		[A1. APC::A2. CDC42] ---  [B1. APC::B2. CDC42}[0m
10596 322 cost: 100
[0;36m		[A1. SMAD4::A2. APC] ---  [B1. SMAD4::B2. APC}[0m
[0;36m		[A1. APC::A2. ERBIN] ---  [B1. APC::B2. ERBIN}[0m
10596 451 cost: 100
[0;36m		[A1. SMAD4::A2. APC] ---  [B1. SMAD4::B2. APC}[0m
[0;36m		[A1. APC::A2. GSK3B] ---  [B1. APC::B2. GSK3B}[0m
10596 516 cost: 100
[0;36m		[A1. SMAD4::A2. APC] ---  [B1. SMAD4::B2. APC}[0m
[0;36m		[A1. APC::A2. IQGAP1] ---  [B1. APC::B2. IQGAP1}[0m
10596 581 cost: 100
[0;36m		[A1. SMAD4::A2. APC] ---  [B1. SMAD4::B2. APC}[0m
[0;36m		[A1. APC::A2. KRAS] ---  [B1. APC::B2. KRAS}[0m
10596 903 cost: 100
[0;36m		[A1. SMAD4::A2. APC] ---  [B1. SMAD4::B2. APC}[0m
[0;36m		[A1. APC::A2. TCF7L2] ---  [B1. APC::B2. TCF7L2}[0m
10596 1544 cost: 100
[0;36m		[A1. SMAD4::A2. APC] ---  [B1. SMAD4::B2. APC}[0m
[0;36m		[A1. BMPR1A::A2. SMAD4] ---  [B1. BMPR1A::B2. SMAD4}[0m
257 2509 cost: 100
[0;36m		[A1. APC::A2. CDC42] ---  [B1. APC::B2. CDC42}[0m
[0;36m		[A1. CDC42::A2. PIK3CB] ---  [B1. CDC42::B2. PIK3CB}[0m
322 3606 cost: 100
[0;36m		[A1. APC::A2. ERBIN] ---  [B1. APC::B2. ERBIN}[0m
[0;36m		[A1. ERBIN::A2. EGFR] ---  [B1. ERBIN::B2. EGFR}[0m
3606 3279 cost: 100
[0;36m		[A1. ERBIN::A2. EGFR] ---  [B1. ERBIN::B2. EGFR}[0m
[0;36m		[A1. EGFR::A2. IQGAP1] ---  [B1. EGFR::B2. IQGAP1}[0m
3606 3344 cost: 100
[0;36m		[A1. ERBIN::A2. EGFR] ---  [B1. ERBIN::B2. EGFR}[0m
[0;36m		[A1. EGFR::A2. KRAS] ---  [B1. EGFR::B2. KRAS}[0m
451 5530 cost: 100
[0;36m		[A1. APC::A2. GSK3B] ---  [B1. APC::B2. GSK3B}[0m
[0;36m		[A1. GSK3B::A2. YAP1] ---  [B1. GSK3B::B2. YAP1}[0m
581 6687 cost: 100
[0;36m		[A1. APC::A2. KRAS] ---  [B1. APC::B2. KRAS}[0m
[0;36m		[A1. KRAS::A2. PIK3R1] ---  [B1. KRAS::B2. PIK3R1}[0m
10596 10537 cost: 104
[0;36m		[A1. SMAD4::A2. APC] ---  [B1. SMAD4::B2. APC}[0m
[0;36m		[A1. SMAD2::A2. SMAD4] ---  [B1. SMAD5::B2. SMAD4}[0m
10596 7216 cost: 158
[0;36m		[A1. SMAD4::A2. APC] ---  [B1. SMAD4::B2. APC}[0m
[0;36m		[A1. MAPK1::A2. SMAD4] ---  [B1. TGFBR1::B2. SMAD4}[0m
128 1867 cost: 217
[0;36m		[A1. APC::A2. BTRC] ---  [B1. APC::B2. BTRC}[0m
[0;36m		[A1. BTRC::A2. CHUK] ---  [B1. BTRC::B2. EP300}[0m
5530 3068 cost: 217
[0;36m		[A1. GSK3B::A2. YAP1] ---  [B1. GSK3B::B2. YAP1}[0m
[0;36m		[A1. CREB1::A2. GSK3B] ---  [B1. TRAF6::B2. GSK3B}[0m
5530 4011 cost: 217
[0;36m		[A1. GSK3B::A2. YAP1] ---  [B1. GSK3B::B2. YAP1}[0m
[0;36m		[A1. FBXW7::A2. GSK3B] ---  [B1. SMURF2::B2. GSK3B}[0m
3606 3409 cost: 227
[0;36m		[A1. ERBIN::A2. EGFR] ---  [B1. ERBIN::B2. EGFR}[0m
[0;36m		[A1. EGFR::A2. PTEN] ---  [B1. EGFR::B2. TGFBR2}[0m
2509 7713 cost: 227
[0;36m		[A1. CDC42::A2. PIK3CB] ---  [B1. CDC42::B2. PIK3CB}[0m
[0;36m		[A1. PIK3CB::A2. PTEN] ---  [B1. PIK3CB::B2. TGFBR2}[0m
6687 7843 cost: 227
[0;36m		[A1. KRAS::A2. PIK3R1] ---  [B1. KRAS::B2. PIK3R1}[0m
[0;36m		[A1. PIK3R1::A2. PTEN] ---  [B1. PIK3R1::B2. TGFBR2}[0m
1544 8178 cost: 227
[0;36m		[A1. BMPR1A::A2. SMAD4] ---  [B1. BMPR1A::B2. SMAD4}[0m
[0;36m		[A1. PTEN::A2. BMPR1A] ---  [B1. TGFBR2::B2. BMPR1A}[0m
5530 11903 cost: 227
[0;36m		[A1. GSK3B::A2. YAP1] ---  [B1. GSK3B::B2. YAP1}[0m
[0;36m		[A1. YAP1::A2. PTEN] ---  [B1. YAP1::B2. TGFBR2}[0m
10537 9591 cost: 253
[0;36m		[A1. SMAD2::A2. SMAD4] ---  [B1. SMAD5::B2. SMAD4}[0m
[0;36m		[A1. PTEN::A2. SMAD2] ---  [B1. TGFBR2::B2. SMAD5}[0m
7216 9081 cost: 384
[0;36m		[A1. MAPK1::A2. SMAD4] ---  [B1. TGFBR1::B2. SMAD4}[0m
[0;36m		[A1. PTEN::A2. MAPK1] ---  [B1. TGFBR2::B2. TGFBR1}[0m
128 2964 cost: 487
[0;36m		[A1. APC::A2. BTRC] ---  [B1. APC::B2. BTRC}[0m
[0;36m		[A1. CHUK::A2. PTEN] ---  [B1. EP300::B2. TGFBR2}[0m
451 3133 cost: 487
[0;36m		[A1. APC::A2. GSK3B] ---  [B1. APC::B2. GSK3B}[0m
[0;36m		[A1. CREB1::A2. PTEN] ---  [B1. TRAF6::B2. TGFBR2}[0m
451 4077 cost: 487
[0;36m		[A1. APC::A2. GSK3B] ---  [B1. APC::B2. GSK3B}[0m
[0;36m		[A1. FBXW7::A2. PTEN] ---  [B1. SMURF2::B2. TGFBR2}[0m

Displayed tree score: 0.50377

3787th run results (12) [new minumum]:0.511579
3787 384 cost: 240
[0;36m		[A1. FBXW11::A2. GSK3B] ---  [B1. BTRC::B2. EP300}[0m
[0;36m		[A1. APC::A2. FBXW11] ---  [B1. APC::B2. BTRC}[0m
384 2252 cost: 104
[0;36m		[A1. APC::A2. FBXW11] ---  [B1. APC::B2. BTRC}[0m
[0;36m		[A1. CDC42::A2. APC] ---  [B1. CDC42::B2. APC}[0m
2252 322 cost: 100
[0;36m		[A1. CDC42::A2. APC] ---  [B1. CDC42::B2. APC}[0m
[0;36m		[A1. APC::A2. ERBIN] ---  [B1. APC::B2. ERBIN}[0m
2252 451 cost: 100
[0;36m		[A1. CDC42::A2. APC] ---  [B1. CDC42::B2. APC}[0m
[0;36m		[A1. APC::A2. GSK3B] ---  [B1. APC::B2. GSK3B}[0m
2252 516 cost: 100
[0;36m		[A1. CDC42::A2. APC] ---  [B1. CDC42::B2. APC}[0m
[0;36m		[A1. APC::A2. IQGAP1] ---  [B1. APC::B2. IQGAP1}[0m
2252 581 cost: 100
[0;36m		[A1. CDC42::A2. APC] ---  [B1. CDC42::B2. APC}[0m
[0;36m		[A1. APC::A2. KRAS] ---  [B1. APC::B2. KRAS}[0m
2252 774 cost: 100
[0;36m		[A1. CDC42::A2. APC] ---  [B1. CDC42::B2. APC}[0m
[0;36m		[A1. APC::A2. SMAD4] ---  [B1. APC::B2. SMAD4}[0m
2252 903 cost: 100
[0;36m		[A1. CDC42::A2. APC] ---  [B1. CDC42::B2. APC}[0m
[0;36m		[A1. APC::A2. TCF7L2] ---  [B1. APC::B2. TCF7L2}[0m
322 3606 cost: 100
[0;36m		[A1. APC::A2. ERBIN] ---  [B1. APC::B2. ERBIN}[0m
[0;36m		[A1. ERBIN::A2. EGFR] ---  [B1. ERBIN::B2. EGFR}[0m
3606 3279 cost: 100
[0;36m		[A1. ERBIN::A2. EGFR] ---  [B1. ERBIN::B2. EGFR}[0m
[0;36m		[A1. EGFR::A2. IQGAP1] ---  [B1. EGFR::B2. IQGAP1}[0m
3606 3344 cost: 100
[0;36m		[A1. ERBIN::A2. EGFR] ---  [B1. ERBIN::B2. EGFR}[0m
[0;36m		[A1. EGFR::A2. KRAS] ---  [B1. EGFR::B2. KRAS}[0m
451 5530 cost: 100
[0;36m		[A1. APC::A2. GSK3B] ---  [B1. APC::B2. GSK3B}[0m
[0;36m		[A1. GSK3B::A2. YAP1] ---  [B1. GSK3B::B2. YAP1}[0m
581 6687 cost: 100
[0;36m		[A1. APC::A2. KRAS] ---  [B1. APC::B2. KRAS}[0m
[0;36m		[A1. KRAS::A2. PIK3R1] ---  [B1. KRAS::B2. PIK3R1}[0m
2252 7648 cost: 100
[0;36m		[A1. CDC42::A2. APC] ---  [B1. CDC42::B2. APC}[0m
[0;36m		[A1. PIK3CB::A2. CDC42] ---  [B1. PIK3CB::B2. CDC42}[0m
774 10789 cost: 100
[0;36m		[A1. APC::A2. SMAD4] ---  [B1. APC::B2. SMAD4}[0m
[0;36m		[A1. SMAD4::A2. BMPR1A] ---  [B1. SMAD4::B2. BMPR1A}[0m
10789 10537 cost: 104
[0;36m		[A1. SMAD4::A2. BMPR1A] ---  [B1. SMAD4::B2. BMPR1A}[0m
[0;36m		[A1. SMAD2::A2. SMAD4] ---  [B1. SMAD5::B2. SMAD4}[0m
10789 7216 cost: 158
[0;36m		[A1. SMAD4::A2. BMPR1A] ---  [B1. SMAD4::B2. BMPR1A}[0m
[0;36m		[A1. MAPK1::A2. SMAD4] ---  [B1. TGFBR1::B2. SMAD4}[0m
10789 1132 cost: 217
[0;36m		[A1. SMAD4::A2. BMPR1A] ---  [B1. SMAD4::B2. BMPR1A}[0m
[0;36m		[A1. ATM::A2. SMAD4] ---  [B1. SMURF2::B2. SMAD4}[0m
5530 2044 cost: 217
[0;36m		[A1. GSK3B::A2. YAP1] ---  [B1. GSK3B::B2. YAP1}[0m
[0;36m		[A1. BTRC::A2. GSK3B] ---  [B1. TRAF6::B2. GSK3B}[0m
903 11503 cost: 217
[0;36m		[A1. APC::A2. TCF7L2] ---  [B1. APC::B2. TCF7L2}[0m
[0;36m		[A1. TCF7L2::A2. CREB1] ---  [B1. TCF7L2::B2. EP300}[0m
10789 1481 cost: 227
[0;36m		[A1. SMAD4::A2. BMPR1A] ---  [B1. SMAD4::B2. BMPR1A}[0m
[0;36m		[A1. BMPR1A::A2. PTEN] ---  [B1. BMPR1A::B2. TGFBR2}[0m
3606 3409 cost: 227
[0;36m		[A1. ERBIN::A2. EGFR] ---  [B1. ERBIN::B2. EGFR}[0m
[0;36m		[A1. EGFR::A2. PTEN] ---  [B1. EGFR::B2. TGFBR2}[0m
6687 7843 cost: 227
[0;36m		[A1. KRAS::A2. PIK3R1] ---  [B1. KRAS::B2. PIK3R1}[0m
[0;36m		[A1. PIK3R1::A2. PTEN] ---  [B1. PIK3R1::B2. TGFBR2}[0m
7648 9333 cost: 227
[0;36m		[A1. PIK3CB::A2. CDC42] ---  [B1. PIK3CB::B2. CDC42}[0m
[0;36m		[A1. PTEN::A2. PIK3CB] ---  [B1. TGFBR2::B2. PIK3CB}[0m
5530 11903 cost: 227
[0;36m		[A1. GSK3B::A2. YAP1] ---  [B1. GSK3B::B2. YAP1}[0m
[0;36m		[A1. YAP1::A2. PTEN] ---  [B1. YAP1::B2. TGFBR2}[0m
10537 9591 cost: 253
[0;36m		[A1. SMAD2::A2. SMAD4] ---  [B1. SMAD5::B2. SMAD4}[0m
[0;36m		[A1. PTEN::A2. SMAD2] ---  [B1. TGFBR2::B2. SMAD5}[0m
7216 9081 cost: 384
[0;36m		[A1. MAPK1::A2. SMAD4] ---  [B1. TGFBR1::B2. SMAD4}[0m
[0;36m		[A1. PTEN::A2. MAPK1] ---  [B1. TGFBR2::B2. TGFBR1}[0m
774 1069 cost: 487
[0;36m		[A1. APC::A2. SMAD4] ---  [B1. APC::B2. SMAD4}[0m
[0;36m		[A1. ATM::A2. PTEN] ---  [B1. SMURF2::B2. TGFBR2}[0m
903 3092 cost: 487
[0;36m		[A1. APC::A2. TCF7L2] ---  [B1. APC::B2. TCF7L2}[0m
[0;36m		[A1. CREB1::A2. PTEN] ---  [B1. EP300::B2. TGFBR2}[0m

Displayed tree score: 0.511579

Petal1:94	Petal2:32	treecost: 5303	 tree size:29
$RESULT$	PTEN	TGFBR2	norm_score:	0.511579
[0m
[0 min 30 sec] All done in 
