COMMAND: /Users/gurkan/Box/Research/INSPIRE/inspire-replication/src/INSPIRE /Users/gurkan/Box/Research/INSPIRE/inspire-replication/database/inspire.sqlite PTEN TAF2 inspire_legacy_v1

GO normalization for inspire_legacy_v1: 14.1026
GO normalization in use: 14.1026
Loaded 5995 GO pair scores for inspire_legacy_v1
Create two petals
Begin PETAL setup
new petal PTEN (43)
# 94 interactions in PTEN
Done adding UniProt and Pfam annotations for PTEN.
new petal TAF2 (6)
# 6 interactions in TAF2
Done adding UniProt and Pfam annotations for TAF2.
Petal Sizes: 43, 6
[1;32mPetal Name: [1;33mPTEN
[1;32mPetal Size: [1;33m43[0;31m
AGO1
APC
ATM
ATRX
BCL2
BMPR1A
BRAF
BTRC
CCDC6
CDC42
CDKN1B
CHUK
CREB1
EGFR
ERBIN
FBXW11
FBXW7
FOXO1
FOXO3
GSK3B
HIF1A
IQGAP1
ITGB1
JAK2
KRAS
LRP6
LRRK2
MAPK1
MDM2
NFE2L2
PDPK1
PIK3CB
PIK3R1
PTEN
RBPJ
SIRT1
SMAD2
SMAD4
TBL1XR1
TCF7L2
TNKS
YAP1
ZEB1
[0m---- 
[1;36mPetal Interactions[0;32m
1 BTRC	pp	APC
2 CCDC6	pp	APC
3 CCDC6	pp	BRAF
4 CDC42	pp	APC
5 CHUK	pp	BTRC
6 ERBIN	pp	APC
7 ERBIN	pp	CDC42
8 ERBIN	pp	EGFR
9 FBXW11	pp	APC
10 FBXW7	pp	BTRC
11 FBXW7	pp	CCDC6
12 GSK3B	pp	APC
13 GSK3B	pp	BRAF
14 GSK3B	pp	BTRC
15 GSK3B	pp	CDKN1B
16 GSK3B	pp	CREB1
17 GSK3B	pp	FBXW11
18 GSK3B	pp	FBXW7
19 GSK3B	pp	FOXO1
20 GSK3B	pp	FOXO3
21 HIF1A	pp	GSK3B
22 IQGAP1	pp	APC
23 IQGAP1	pp	EGFR
24 ITGB1	pp	CDC42
25 KRAS	pp	APC
26 KRAS	pp	BCL2
27 KRAS	pp	CDC42
28 KRAS	pp	EGFR
29 KRAS	pp	HIF1A
30 KRAS	pp	JAK2
31 LRP6	pp	APC
32 LRP6	pp	GSK3B
33 LRRK2	pp	AGO1
34 LRRK2	pp	APC
35 LRRK2	pp	HIF1A
36 MAPK1	pp	GSK3B
37 MDM2	pp	GSK3B
38 NFE2L2	pp	GSK3B
39 PDPK1	pp	GSK3B
40 PIK3CB	pp	CDC42
41 PIK3R1	pp	KRAS
42 PTEN	pp	AGO1
43 PTEN	pp	ATM
44 PTEN	pp	ATRX
45 PTEN	pp	BCL2
46 PTEN	pp	BMPR1A
47 PTEN	pp	BRAF
48 PTEN	pp	CDC42
49 PTEN	pp	CDKN1B
50 PTEN	pp	CHUK
51 PTEN	pp	CREB1
52 PTEN	pp	EGFR
53 PTEN	pp	FBXW7
54 PTEN	pp	FOXO1
55 PTEN	pp	FOXO3
56 PTEN	pp	GSK3B
57 PTEN	pp	HIF1A
58 PTEN	pp	ITGB1
59 PTEN	pp	JAK2
60 PTEN	pp	MAPK1
61 PTEN	pp	MDM2
62 PTEN	pp	NFE2L2
63 PTEN	pp	PDPK1
64 PTEN	pp	PIK3CB
65 PTEN	pp	PIK3R1
66 RBPJ	pp	PTEN
67 SIRT1	pp	GSK3B
68 SIRT1	pp	PTEN
69 SMAD2	pp	CDC42
70 SMAD2	pp	ERBIN
71 SMAD2	pp	GSK3B
72 SMAD2	pp	PTEN
73 SMAD4	pp	APC
74 SMAD4	pp	ATM
75 SMAD4	pp	BCL2
76 SMAD4	pp	BMPR1A
77 SMAD4	pp	CDC42
78 SMAD4	pp	HIF1A
79 SMAD4	pp	MAPK1
80 SMAD4	pp	PTEN
81 SMAD4	pp	RBPJ
82 SMAD4	pp	SMAD2
83 TBL1XR1	pp	APC
84 TBL1XR1	pp	RBPJ
85 TCF7L2	pp	APC
86 TCF7L2	pp	CREB1
87 TCF7L2	pp	PTEN
88 TNKS	pp	APC
89 TNKS	pp	ATRX
90 TNKS	pp	PTEN
91 YAP1	pp	GSK3B
92 YAP1	pp	PTEN
93 ZEB1	pp	PTEN
94 ZEB1	pp	SMAD4
[0m
[1;32mPetal Name: [1;33mTAF2
[1;32mPetal Size: [1;33m6[0;31m
APC
GSK3B
MAP3K7
MED1
TAF2
TBL1XR1
[0m---- 
[1;36mPetal Interactions[0;32m
1 GSK3B	pp	APC
2 MAP3K7	pp	GSK3B
3 TAF2	pp	MAP3K7
4 TAF2	pp	MED1
5 TBL1XR1	pp	APC
6 TBL1XR1	pp	MED1
[0m
Done creating Petals.
petals are loaded
[1;32mAGE for [0;36mPTEN - TAF2[0m
[0;35minitial size for AGE: 0[0m
counterPetal1 188
counterPetal2 12
counterPetal1*counterPetal2 2256
(*AGE).size()=2256
[0m---- 
[1;33mAGE nodes: 2256[0m
Allocate AGEgraph :  2256 x 2256	5089536 bytes

[0 min 0 sec] Nodes are done in 

[0 min 0 sec] Edges are done in 
0th run results (0) [new minumum]:0.125
0 1311 cost: 606
[0;36m		[A1. AGO1::A2. LRRK2] ---  [B1. APC::B2. GSK3B}[0m
[0;36m		[A1. LRRK2::A2. HIF1A] ---  [B1. GSK3B::B2. MAP3K7}[0m
1311 2122 cost: 476
[0;36m		[A1. LRRK2::A2. HIF1A] ---  [B1. GSK3B::B2. MAP3K7}[0m
[0;36m		[A1. TBL1XR1::A2. APC] ---  [B1. TBL1XR1::B2. APC}[0m
1311 1049 cost: 645
[0;36m		[A1. LRRK2::A2. HIF1A] ---  [B1. GSK3B::B2. MAP3K7}[0m
[0;36m		[A1. HIF1A::A2. GSK3B] ---  [B1. MAP3K7::B2. TAF2}[0m
1049 1017 cost: 833
[0;36m		[A1. HIF1A::A2. GSK3B] ---  [B1. MAP3K7::B2. TAF2}[0m
[0;36m		[A1. GSK3B::A2. SIRT1] ---  [B1. TAF2::B2. MED1}[0m

Displayed tree score: 0.125

2th run results (1) [new minumum]:0.127237
2 157 cost: 526
[0;36m		[A1. AGO1::A2. LRRK2] ---  [B1. GSK3B::B2. APC}[0m
[0;36m		[A1. APC::A2. TBL1XR1] ---  [B1. APC::B2. TBL1XR1}[0m
157 316 cost: 392
[0;36m		[A1. APC::A2. TBL1XR1] ---  [B1. APC::B2. TBL1XR1}[0m
[0;36m		[A1. BRAF::A2. GSK3B] ---  [B1. MAP3K7::B2. GSK3B}[0m
316 1544 cost: 645
[0;36m		[A1. BRAF::A2. GSK3B] ---  [B1. MAP3K7::B2. GSK3B}[0m
[0;36m		[A1. PTEN::A2. BRAF] ---  [B1. TAF2::B2. MAP3K7}[0m
1544 642 cost: 952
[0;36m		[A1. PTEN::A2. BRAF] ---  [B1. TAF2::B2. MAP3K7}[0m
[0;36m		[A1. EGFR::A2. PTEN] ---  [B1. MED1::B2. TAF2}[0m

Displayed tree score: 0.127237

7th run results (2) [new minumum]:0.172951
7 84 cost: 1000
[0;36m		[A1. AGO1::A2. LRRK2] ---  [B1. MED1::B2. TBL1XR1}[0m
[0;36m		[A1. APC::A2. GSK3B] ---  [B1. APC::B2. GSK3B}[0m
84 2122 cost: 104
[0;36m		[A1. APC::A2. GSK3B] ---  [B1. APC::B2. GSK3B}[0m
[0;36m		[A1. TBL1XR1::A2. APC] ---  [B1. TBL1XR1::B2. APC}[0m
84 831 cost: 190
[0;36m		[A1. APC::A2. GSK3B] ---  [B1. APC::B2. GSK3B}[0m
[0;36m		[A1. GSK3B::A2. BRAF] ---  [B1. GSK3B::B2. MAP3K7}[0m
831 329 cost: 645
[0;36m		[A1. GSK3B::A2. BRAF] ---  [B1. GSK3B::B2. MAP3K7}[0m
[0;36m		[A1. BRAF::A2. PTEN] ---  [B1. MAP3K7::B2. TAF2}[0m
329 1605 cost: 952
[0;36m		[A1. BRAF::A2. PTEN] ---  [B1. MAP3K7::B2. TAF2}[0m
[0;36m		[A1. PTEN::A2. EGFR] ---  [B1. TAF2::B2. MED1}[0m

Displayed tree score: 0.172951

25th run results (3) [new minumum]:0.191498
25 818 cost: 188
[0;36m		[A1. APC::A2. BTRC] ---  [B1. APC::B2. TBL1XR1}[0m
[0;36m		[A1. GSK3B::A2. APC] ---  [B1. GSK3B::B2. APC}[0m
818 316 cost: 190
[0;36m		[A1. GSK3B::A2. APC] ---  [B1. GSK3B::B2. APC}[0m
[0;36m		[A1. BRAF::A2. GSK3B] ---  [B1. MAP3K7::B2. GSK3B}[0m
818 1319 cost: 588
[0;36m		[A1. GSK3B::A2. APC] ---  [B1. GSK3B::B2. APC}[0m
[0;36m		[A1. LRRK2::A2. HIF1A] ---  [B1. TBL1XR1::B2. MED1}[0m
316 1544 cost: 645
[0;36m		[A1. BRAF::A2. GSK3B] ---  [B1. MAP3K7::B2. GSK3B}[0m
[0;36m		[A1. PTEN::A2. BRAF] ---  [B1. TAF2::B2. MAP3K7}[0m
1319 1086 cost: 1000
[0;36m		[A1. LRRK2::A2. HIF1A] ---  [B1. TBL1XR1::B2. MED1}[0m
[0;36m		[A1. HIF1A::A2. PTEN] ---  [B1. MED1::B2. TAF2}[0m

Displayed tree score: 0.191498

157th run results (4) [new minumum]:0.197863
157 818 cost: 104
[0;36m		[A1. APC::A2. TBL1XR1] ---  [B1. APC::B2. TBL1XR1}[0m
[0;36m		[A1. GSK3B::A2. APC] ---  [B1. GSK3B::B2. APC}[0m
818 316 cost: 190
[0;36m		[A1. GSK3B::A2. APC] ---  [B1. GSK3B::B2. APC}[0m
[0;36m		[A1. BRAF::A2. GSK3B] ---  [B1. MAP3K7::B2. GSK3B}[0m
818 1319 cost: 588
[0;36m		[A1. GSK3B::A2. APC] ---  [B1. GSK3B::B2. APC}[0m
[0;36m		[A1. LRRK2::A2. HIF1A] ---  [B1. TBL1XR1::B2. MED1}[0m
316 1544 cost: 645
[0;36m		[A1. BRAF::A2. GSK3B] ---  [B1. MAP3K7::B2. GSK3B}[0m
[0;36m		[A1. PTEN::A2. BRAF] ---  [B1. TAF2::B2. MAP3K7}[0m
1319 1086 cost: 1000
[0;36m		[A1. LRRK2::A2. HIF1A] ---  [B1. TBL1XR1::B2. MED1}[0m
[0;36m		[A1. HIF1A::A2. PTEN] ---  [B1. MED1::B2. TAF2}[0m

Displayed tree score: 0.197863

211th run results (5) [new minumum]:0.203749
211 84 cost: 606
[0;36m		[A1. ATM::A2. SMAD4] ---  [B1. MED1::B2. TBL1XR1}[0m
[0;36m		[A1. APC::A2. GSK3B] ---  [B1. APC::B2. GSK3B}[0m
84 2122 cost: 104
[0;36m		[A1. APC::A2. GSK3B] ---  [B1. APC::B2. GSK3B}[0m
[0;36m		[A1. TBL1XR1::A2. APC] ---  [B1. TBL1XR1::B2. APC}[0m
84 831 cost: 190
[0;36m		[A1. APC::A2. GSK3B] ---  [B1. APC::B2. GSK3B}[0m
[0;36m		[A1. GSK3B::A2. BRAF] ---  [B1. GSK3B::B2. MAP3K7}[0m
831 329 cost: 645
[0;36m		[A1. GSK3B::A2. BRAF] ---  [B1. GSK3B::B2. MAP3K7}[0m
[0;36m		[A1. BRAF::A2. PTEN] ---  [B1. MAP3K7::B2. TAF2}[0m
211 1497 cost: 909
[0;36m		[A1. ATM::A2. SMAD4] ---  [B1. MED1::B2. TBL1XR1}[0m
[0;36m		[A1. PTEN::A2. ATM] ---  [B1. TAF2::B2. MED1}[0m

Displayed tree score: 0.203749

572th run results (6) [new minumum]:0.212202
572 818 cost: 500
[0;36m		[A1. CREB1::A2. GSK3B] ---  [B1. TAF2::B2. MAP3K7}[0m
[0;36m		[A1. GSK3B::A2. APC] ---  [B1. GSK3B::B2. APC}[0m
818 157 cost: 104
[0;36m		[A1. GSK3B::A2. APC] ---  [B1. GSK3B::B2. APC}[0m
[0;36m		[A1. APC::A2. TBL1XR1] ---  [B1. APC::B2. TBL1XR1}[0m
818 316 cost: 190
[0;36m		[A1. GSK3B::A2. APC] ---  [B1. GSK3B::B2. APC}[0m
[0;36m		[A1. BRAF::A2. GSK3B] ---  [B1. MAP3K7::B2. GSK3B}[0m
572 2154 cost: 714
[0;36m		[A1. CREB1::A2. GSK3B] ---  [B1. TAF2::B2. MAP3K7}[0m
[0;36m		[A1. TCF7L2::A2. CREB1] ---  [B1. MED1::B2. TAF2}[0m

Displayed tree score: 0.212202

Petal1:94	Petal2:6	treecost: 1508	 tree size:4
$RESULT$	PTEN	TAF2	norm_score:	0.212202
[0m
[0 min 0 sec] All done in 
