COMMAND: /Users/gurkan/Box/Research/INSPIRE/inspire-replication/src/INSPIRE /Users/gurkan/Box/Research/INSPIRE/inspire-replication/database/inspire.sqlite RUNX1T1 TAF2 inspire_legacy_v1

GO normalization for inspire_legacy_v1: 14.1026
GO normalization in use: 14.1026
Loaded 5995 GO pair scores for inspire_legacy_v1
Create two petals
Begin PETAL setup
new petal RUNX1T1 (4)
# 3 interactions in RUNX1T1
Done adding UniProt and Pfam annotations for RUNX1T1.
new petal TAF2 (6)
# 6 interactions in TAF2
Done adding UniProt and Pfam annotations for TAF2.
Petal Sizes: 4, 6
[1;32mPetal Name: [1;33mRUNX1T1
[1;32mPetal Size: [1;33m4[0;31m
APC
RUNX1T1
SMAD4
SP1
[0m---- 
[1;36mPetal Interactions[0;32m
1 SMAD4	pp	APC
2 SP1	pp	RUNX1T1
3 SP1	pp	SMAD4
[0m
[1;32mPetal Name: [1;33mTAF2
[1;32mPetal Size: [1;33m6[0;31m
APC
GSK3B
MAP3K7
MED1
TAF2
TBL1XR1
[0m---- 
[1;36mPetal Interactions[0;32m
1 GSK3B	pp	APC
2 MAP3K7	pp	GSK3B
3 TAF2	pp	MAP3K7
4 TAF2	pp	MED1
5 TBL1XR1	pp	APC
6 TBL1XR1	pp	MED1
[0m
Done creating Petals.
petals are loaded
[1;32mAGE for [0;36mRUNX1T1 - TAF2[0m
[0;35minitial size for AGE: 0[0m
counterPetal1 6
counterPetal2 12
counterPetal1*counterPetal2 72
(*AGE).size()=72
[0m---- 
[1;33mAGE nodes: 72[0m
Allocate AGEgraph :  72 x 72	5184 bytes

[0 min 0 sec] Nodes are done in 

[0 min 0 sec] Edges are done in 
0th run results (0) [new minumum]:0.0512295
0 39 cost: 571
[0;36m		[A1. APC::A2. SMAD4] ---  [B1. APC::B2. GSK3B}[0m
[0;36m		[A1. SMAD4::A2. SP1] ---  [B1. GSK3B::B2. MAP3K7}[0m
39 53 cost: 3333
[0;36m		[A1. SMAD4::A2. SP1] ---  [B1. GSK3B::B2. MAP3K7}[0m
[0;36m		[A1. SP1::A2. RUNX1T1] ---  [B1. MAP3K7::B2. TAF2}[0m

Displayed tree score: 0.0512295

4th run results (1) [new minumum]:0.0707214
4 38 cost: 606
[0;36m		[A1. APC::A2. SMAD4] ---  [B1. MAP3K7::B2. GSK3B}[0m
[0;36m		[A1. SMAD4::A2. SP1] ---  [B1. GSK3B::B2. APC}[0m
38 49 cost: 2222
[0;36m		[A1. SMAD4::A2. SP1] ---  [B1. GSK3B::B2. APC}[0m
[0;36m		[A1. SP1::A2. RUNX1T1] ---  [B1. APC::B2. TBL1XR1}[0m

Displayed tree score: 0.0707214

7th run results (2) [new minumum]:0.073692
7 46 cost: 1176
[0;36m		[A1. APC::A2. SMAD4] ---  [B1. MED1::B2. TBL1XR1}[0m
[0;36m		[A1. SMAD4::A2. SP1] ---  [B1. TBL1XR1::B2. APC}[0m
46 48 cost: 1538
[0;36m		[A1. SMAD4::A2. SP1] ---  [B1. TBL1XR1::B2. APC}[0m
[0;36m		[A1. SP1::A2. RUNX1T1] ---  [B1. APC::B2. GSK3B}[0m

Displayed tree score: 0.073692

8th run results (3) [new minumum]:0.0849257
8 40 cost: 689
[0;36m		[A1. APC::A2. SMAD4] ---  [B1. TAF2::B2. MAP3K7}[0m
[0;36m		[A1. SMAD4::A2. SP1] ---  [B1. MAP3K7::B2. GSK3B}[0m
40 50 cost: 1666
[0;36m		[A1. SMAD4::A2. SP1] ---  [B1. MAP3K7::B2. GSK3B}[0m
[0;36m		[A1. SP1::A2. RUNX1T1] ---  [B1. GSK3B::B2. APC}[0m

Displayed tree score: 0.0849257

Petal1:3	Petal2:6	treecost: 2355	 tree size:2
$RESULT$	RUNX1T1	TAF2	norm_score:	0.0849257
[0m
[0 min 0 sec] All done in 
