COMMAND: /Users/gurkan/Box/Research/INSPIRE/inspire-replication/src/INSPIRE /Users/gurkan/Box/Research/INSPIRE/inspire-replication/database/inspire.sqlite RUNX1T1 SMAD3 inspire_legacy_v1

GO normalization for inspire_legacy_v1: 14.1026
GO normalization in use: 14.1026
Loaded 5995 GO pair scores for inspire_legacy_v1
Create two petals
Begin PETAL setup
new petal RUNX1T1 (4)
# 3 interactions in RUNX1T1
Done adding UniProt and Pfam annotations for RUNX1T1.
new petal SMAD3 (18)
# 29 interactions in SMAD3
Done adding UniProt and Pfam annotations for SMAD3.
Petal Sizes: 4, 18
[1;32mPetal Name: [1;33mRUNX1T1
[1;32mPetal Size: [1;33m4[0;31m
APC
RUNX1T1
SMAD4
SP1
[0m---- 
[1;36mPetal Interactions[0;32m
1 SMAD4	pp	APC
2 SP1	pp	RUNX1T1
3 SP1	pp	SMAD4
[0m
[1;32mPetal Name: [1;33mSMAD3
[1;32mPetal Size: [1;33m18[0;31m
APC
BTRC
CDC42
CREBBP
EP300
ETS1
FOXO3
GSK3B
ITGB1
MAP2K1
NCOR1
NFATC2
RNF111
SMAD3
SMAD4
SP1
TBL1XR1
TCF7L2
[0m---- 
[1;36mPetal Interactions[0;32m
1 BTRC	pp	APC
2 CDC42	pp	APC
3 EP300	pp	BTRC
4 GSK3B	pp	APC
5 GSK3B	pp	CREBBP
6 GSK3B	pp	FOXO3
7 ITGB1	pp	CDC42
8 MAP2K1	pp	CDC42
9 NFATC2	pp	GSK3B
10 SMAD3	pp	CREBBP
11 SMAD3	pp	EP300
12 SMAD3	pp	ETS1
13 SMAD3	pp	FOXO3
14 SMAD3	pp	ITGB1
15 SMAD3	pp	MAP2K1
16 SMAD3	pp	NCOR1
17 SMAD3	pp	NFATC2
18 SMAD3	pp	RNF111
19 SMAD4	pp	APC
20 SMAD4	pp	ETS1
21 SMAD4	pp	MAP2K1
22 SMAD4	pp	NCOR1
23 SMAD4	pp	RNF111
24 SP1	pp	SMAD3
25 SP1	pp	SMAD4
26 TBL1XR1	pp	APC
27 TBL1XR1	pp	NCOR1
28 TCF7L2	pp	APC
29 TCF7L2	pp	EP300
[0m
Done creating Petals.
petals are loaded
[1;32mAGE for [0;36mRUNX1T1 - SMAD3[0m
[0;35minitial size for AGE: 0[0m
counterPetal1 6
counterPetal2 58
counterPetal1*counterPetal2 348
(*AGE).size()=348
[0m---- 
[1;33mAGE nodes: 348[0m
Allocate AGEgraph :  348 x 348	121104 bytes

[0 min 0 sec] Nodes are done in 

[0 min 0 sec] Edges are done in 
0th run results (0) [new minumum]:0.12837
0 181 cost: 689
[0;36m		[A1. APC::A2. SMAD4] ---  [B1. APC::B2. BTRC}[0m
[0;36m		[A1. SMAD4::A2. SP1] ---  [B1. BTRC::B2. EP300}[0m
181 246 cost: 869
[0;36m		[A1. SMAD4::A2. SP1] ---  [B1. BTRC::B2. EP300}[0m
[0;36m		[A1. SP1::A2. RUNX1T1] ---  [B1. EP300::B2. SMAD3}[0m

Displayed tree score: 0.12837

1th run results (1) [new minumum]:0.136612
1 184 cost: 555
[0;36m		[A1. APC::A2. SMAD4] ---  [B1. APC::B2. CDC42}[0m
[0;36m		[A1. SMAD4::A2. SP1] ---  [B1. CDC42::B2. MAP2K1}[0m
184 259 cost: 909
[0;36m		[A1. SMAD4::A2. SP1] ---  [B1. CDC42::B2. MAP2K1}[0m
[0;36m		[A1. SP1::A2. RUNX1T1] ---  [B1. MAP2K1::B2. SMAD3}[0m

Displayed tree score: 0.136612

2th run results (2) [new minumum]:0.15083
2 196 cost: 526
[0;36m		[A1. APC::A2. SMAD4] ---  [B1. APC::B2. GSK3B}[0m
[0;36m		[A1. SMAD4::A2. SP1] ---  [B1. GSK3B::B2. FOXO3}[0m
196 251 cost: 800
[0;36m		[A1. SMAD4::A2. SP1] ---  [B1. GSK3B::B2. FOXO3}[0m
[0;36m		[A1. SP1::A2. RUNX1T1] ---  [B1. FOXO3::B2. SMAD3}[0m

Displayed tree score: 0.15083

3th run results (3) [new minumum]:0.502513
3 225 cost: 100
[0;36m		[A1. APC::A2. SMAD4] ---  [B1. APC::B2. SMAD4}[0m
[0;36m		[A1. SMAD4::A2. SP1] ---  [B1. SMAD4::B2. SP1}[0m
225 284 cost: 298
[0;36m		[A1. SMAD4::A2. SP1] ---  [B1. SMAD4::B2. SP1}[0m
[0;36m		[A1. SP1::A2. RUNX1T1] ---  [B1. SP1::B2. SMAD3}[0m

Displayed tree score: 0.502513

Petal1:3	Petal2:29	treecost: 398	 tree size:2
$RESULT$	RUNX1T1	SMAD3	norm_score:	0.502513
[0m
[0 min 0 sec] All done in 
