COMMAND: /Users/gurkan/Box/Research/INSPIRE/inspire-replication/src/INSPIRE /Users/gurkan/Box/Research/INSPIRE/inspire-replication/database/inspire.sqlite SMAD3 TIAM1 inspire_legacy_v1

GO normalization for inspire_legacy_v1: 14.1026
GO normalization in use: 14.1026
Loaded 5995 GO pair scores for inspire_legacy_v1
Create two petals
Begin PETAL setup
new petal SMAD3 (18)
# 29 interactions in SMAD3
Done adding UniProt and Pfam annotations for SMAD3.
new petal TIAM1 (6)
# 7 interactions in TIAM1
Done adding UniProt and Pfam annotations for TIAM1.
Petal Sizes: 18, 6
[1;32mPetal Name: [1;33mSMAD3
[1;32mPetal Size: [1;33m18[0;31m
APC
BTRC
CDC42
CREBBP
EP300
ETS1
FOXO3
GSK3B
ITGB1
MAP2K1
NCOR1
NFATC2
RNF111
SMAD3
SMAD4
SP1
TBL1XR1
TCF7L2
[0m---- 
[1;36mPetal Interactions[0;32m
1 BTRC	pp	APC
2 CDC42	pp	APC
3 EP300	pp	BTRC
4 GSK3B	pp	APC
5 GSK3B	pp	CREBBP
6 GSK3B	pp	FOXO3
7 ITGB1	pp	CDC42
8 MAP2K1	pp	CDC42
9 NFATC2	pp	GSK3B
10 SMAD3	pp	CREBBP
11 SMAD3	pp	EP300
12 SMAD3	pp	ETS1
13 SMAD3	pp	FOXO3
14 SMAD3	pp	ITGB1
15 SMAD3	pp	MAP2K1
16 SMAD3	pp	NCOR1
17 SMAD3	pp	NFATC2
18 SMAD3	pp	RNF111
19 SMAD4	pp	APC
20 SMAD4	pp	ETS1
21 SMAD4	pp	MAP2K1
22 SMAD4	pp	NCOR1
23 SMAD4	pp	RNF111
24 SP1	pp	SMAD3
25 SP1	pp	SMAD4
26 TBL1XR1	pp	APC
27 TBL1XR1	pp	NCOR1
28 TCF7L2	pp	APC
29 TCF7L2	pp	EP300
[0m
[1;32mPetal Name: [1;33mTIAM1
[1;32mPetal Size: [1;33m6[0;31m
APC
GSK3B
PTEN
SMAD4
TCF7L2
TIAM1
[0m---- 
[1;36mPetal Interactions[0;32m
1 GSK3B	pp	APC
2 PTEN	pp	GSK3B
3 SMAD4	pp	APC
4 SMAD4	pp	PTEN
5 TCF7L2	pp	APC
6 TCF7L2	pp	PTEN
7 TIAM1	pp	PTEN
[0m
Done creating Petals.
petals are loaded
[1;32mAGE for [0;36mSMAD3 - TIAM1[0m
[0;35minitial size for AGE: 0[0m
counterPetal1 58
counterPetal2 14
counterPetal1*counterPetal2 812
(*AGE).size()=812
[0m---- 
[1;33mAGE nodes: 812[0m
Allocate AGEgraph :  812 x 812	659344 bytes

[0 min 0 sec] Nodes are done in 

[0 min 0 sec] Edges are done in 
0th run results (0) [new minumum]:0.284608
0 653 cost: 217
[0;36m		[A1. APC::A2. BTRC] ---  [B1. APC::B2. GSK3B}[0m
[0;36m		[A1. SMAD4::A2. APC] ---  [B1. SMAD4::B2. APC}[0m
653 72 cost: 100
[0;36m		[A1. SMAD4::A2. APC] ---  [B1. SMAD4::B2. APC}[0m
[0;36m		[A1. APC::A2. TCF7L2] ---  [B1. APC::B2. TCF7L2}[0m
653 398 cost: 217
[0;36m		[A1. SMAD4::A2. APC] ---  [B1. SMAD4::B2. APC}[0m
[0;36m		[A1. MAP2K1::A2. SMAD4] ---  [B1. PTEN::B2. SMAD4}[0m
653 144 cost: 465
[0;36m		[A1. SMAD4::A2. APC] ---  [B1. SMAD4::B2. APC}[0m
[0;36m		[A1. CDC42::A2. MAP2K1] ---  [B1. GSK3B::B2. PTEN}[0m
653 587 cost: 465
[0;36m		[A1. SMAD4::A2. APC] ---  [B1. SMAD4::B2. APC}[0m
[0;36m		[A1. SMAD3::A2. MAP2K1] ---  [B1. TIAM1::B2. PTEN}[0m

Displayed tree score: 0.284608

4th run results (1) [new minumum]:0.309329
4 653 cost: 465
[0;36m		[A1. APC::A2. BTRC] ---  [B1. GSK3B::B2. PTEN}[0m
[0;36m		[A1. SMAD4::A2. APC] ---  [B1. SMAD4::B2. APC}[0m
653 28 cost: 100
[0;36m		[A1. SMAD4::A2. APC] ---  [B1. SMAD4::B2. APC}[0m
[0;36m		[A1. APC::A2. GSK3B] ---  [B1. APC::B2. GSK3B}[0m
653 72 cost: 100
[0;36m		[A1. SMAD4::A2. APC] ---  [B1. SMAD4::B2. APC}[0m
[0;36m		[A1. APC::A2. TCF7L2] ---  [B1. APC::B2. TCF7L2}[0m
653 398 cost: 217
[0;36m		[A1. SMAD4::A2. APC] ---  [B1. SMAD4::B2. APC}[0m
[0;36m		[A1. MAP2K1::A2. SMAD4] ---  [B1. PTEN::B2. SMAD4}[0m
653 153 cost: 465
[0;36m		[A1. SMAD4::A2. APC] ---  [B1. SMAD4::B2. APC}[0m
[0;36m		[A1. CDC42::A2. MAP2K1] ---  [B1. TIAM1::B2. PTEN}[0m

Displayed tree score: 0.309329

38th run results (2) [new minumum]:0.311042
38 795 cost: 465
[0;36m		[A1. APC::A2. GSK3B] ---  [B1. SMAD4::B2. PTEN}[0m
[0;36m		[A1. TCF7L2::A2. APC] ---  [B1. TCF7L2::B2. APC}[0m
795 43 cost: 100
[0;36m		[A1. TCF7L2::A2. APC] ---  [B1. TCF7L2::B2. APC}[0m
[0;36m		[A1. APC::A2. SMAD4] ---  [B1. APC::B2. SMAD4}[0m
795 0 cost: 217
[0;36m		[A1. TCF7L2::A2. APC] ---  [B1. TCF7L2::B2. APC}[0m
[0;36m		[A1. APC::A2. BTRC] ---  [B1. APC::B2. GSK3B}[0m
795 217 cost: 217
[0;36m		[A1. TCF7L2::A2. APC] ---  [B1. TCF7L2::B2. APC}[0m
[0;36m		[A1. EP300::A2. TCF7L2] ---  [B1. PTEN::B2. TCF7L2}[0m
795 102 cost: 465
[0;36m		[A1. TCF7L2::A2. APC] ---  [B1. TCF7L2::B2. APC}[0m
[0;36m		[A1. BTRC::A2. EP300] ---  [B1. GSK3B::B2. PTEN}[0m
795 531 cost: 465
[0;36m		[A1. TCF7L2::A2. APC] ---  [B1. TCF7L2::B2. APC}[0m
[0;36m		[A1. SMAD3::A2. EP300] ---  [B1. TIAM1::B2. PTEN}[0m

Displayed tree score: 0.311042

159th run results (3) [new minumum]:0.365177
159 283 cost: 259
[0;36m		[A1. CREBBP::A2. GSK3B] ---  [B1. PTEN::B2. GSK3B}[0m
[0;36m		[A1. GSK3B::A2. APC] ---  [B1. GSK3B::B2. APC}[0m
283 43 cost: 100
[0;36m		[A1. GSK3B::A2. APC] ---  [B1. GSK3B::B2. APC}[0m
[0;36m		[A1. APC::A2. SMAD4] ---  [B1. APC::B2. SMAD4}[0m
283 72 cost: 100
[0;36m		[A1. GSK3B::A2. APC] ---  [B1. GSK3B::B2. APC}[0m
[0;36m		[A1. APC::A2. TCF7L2] ---  [B1. APC::B2. TCF7L2}[0m
43 682 cost: 217
[0;36m		[A1. APC::A2. SMAD4] ---  [B1. APC::B2. SMAD4}[0m
[0;36m		[A1. SMAD4::A2. MAP2K1] ---  [B1. SMAD4::B2. PTEN}[0m
43 372 cost: 465
[0;36m		[A1. APC::A2. SMAD4] ---  [B1. APC::B2. SMAD4}[0m
[0;36m		[A1. MAP2K1::A2. CDC42] ---  [B1. PTEN::B2. TIAM1}[0m

Displayed tree score: 0.365177

217th run results (4) [new minumum]:0.379133
217 795 cost: 217
[0;36m		[A1. EP300::A2. TCF7L2] ---  [B1. PTEN::B2. TCF7L2}[0m
[0;36m		[A1. TCF7L2::A2. APC] ---  [B1. TCF7L2::B2. APC}[0m
795 28 cost: 100
[0;36m		[A1. TCF7L2::A2. APC] ---  [B1. TCF7L2::B2. APC}[0m
[0;36m		[A1. APC::A2. GSK3B] ---  [B1. APC::B2. GSK3B}[0m
795 43 cost: 100
[0;36m		[A1. TCF7L2::A2. APC] ---  [B1. TCF7L2::B2. APC}[0m
[0;36m		[A1. APC::A2. SMAD4] ---  [B1. APC::B2. SMAD4}[0m
28 312 cost: 217
[0;36m		[A1. APC::A2. GSK3B] ---  [B1. APC::B2. GSK3B}[0m
[0;36m		[A1. GSK3B::A2. FOXO3] ---  [B1. GSK3B::B2. PTEN}[0m
28 274 cost: 465
[0;36m		[A1. APC::A2. GSK3B] ---  [B1. APC::B2. GSK3B}[0m
[0;36m		[A1. FOXO3::A2. SMAD3] ---  [B1. PTEN::B2. TIAM1}[0m

Displayed tree score: 0.379133

Petal1:29	Petal2:7	treecost: 1099	 tree size:5
$RESULT$	SMAD3	TIAM1	norm_score:	0.379133
[0m
[0 min 0 sec] All done in 
