COMMAND: /Users/gurkan/Box/Research/INSPIRE/inspire-replication/src/INSPIRE /Users/gurkan/Box/Research/INSPIRE/inspire-replication/database/inspire.sqlite SMAD3 TAF2 inspire_legacy_v1

GO normalization for inspire_legacy_v1: 14.1026
GO normalization in use: 14.1026
Loaded 5995 GO pair scores for inspire_legacy_v1
Create two petals
Begin PETAL setup
new petal SMAD3 (18)
# 29 interactions in SMAD3
Done adding UniProt and Pfam annotations for SMAD3.
new petal TAF2 (6)
# 6 interactions in TAF2
Done adding UniProt and Pfam annotations for TAF2.
Petal Sizes: 18, 6
[1;32mPetal Name: [1;33mSMAD3
[1;32mPetal Size: [1;33m18[0;31m
APC
BTRC
CDC42
CREBBP
EP300
ETS1
FOXO3
GSK3B
ITGB1
MAP2K1
NCOR1
NFATC2
RNF111
SMAD3
SMAD4
SP1
TBL1XR1
TCF7L2
[0m---- 
[1;36mPetal Interactions[0;32m
1 BTRC	pp	APC
2 CDC42	pp	APC
3 EP300	pp	BTRC
4 GSK3B	pp	APC
5 GSK3B	pp	CREBBP
6 GSK3B	pp	FOXO3
7 ITGB1	pp	CDC42
8 MAP2K1	pp	CDC42
9 NFATC2	pp	GSK3B
10 SMAD3	pp	CREBBP
11 SMAD3	pp	EP300
12 SMAD3	pp	ETS1
13 SMAD3	pp	FOXO3
14 SMAD3	pp	ITGB1
15 SMAD3	pp	MAP2K1
16 SMAD3	pp	NCOR1
17 SMAD3	pp	NFATC2
18 SMAD3	pp	RNF111
19 SMAD4	pp	APC
20 SMAD4	pp	ETS1
21 SMAD4	pp	MAP2K1
22 SMAD4	pp	NCOR1
23 SMAD4	pp	RNF111
24 SP1	pp	SMAD3
25 SP1	pp	SMAD4
26 TBL1XR1	pp	APC
27 TBL1XR1	pp	NCOR1
28 TCF7L2	pp	APC
29 TCF7L2	pp	EP300
[0m
[1;32mPetal Name: [1;33mTAF2
[1;32mPetal Size: [1;33m6[0;31m
APC
GSK3B
MAP3K7
MED1
TAF2
TBL1XR1
[0m---- 
[1;36mPetal Interactions[0;32m
1 GSK3B	pp	APC
2 MAP3K7	pp	GSK3B
3 TAF2	pp	MAP3K7
4 TAF2	pp	MED1
5 TBL1XR1	pp	APC
6 TBL1XR1	pp	MED1
[0m
Done creating Petals.
petals are loaded
[1;32mAGE for [0;36mSMAD3 - TAF2[0m
[0;35minitial size for AGE: 0[0m
counterPetal1 58
counterPetal2 12
counterPetal1*counterPetal2 696
(*AGE).size()=696
[0m---- 
[1;33mAGE nodes: 696[0m
Allocate AGEgraph :  696 x 696	484416 bytes

[0 min 0 sec] Nodes are done in 

[0 min 0 sec] Edges are done in 
0th run results (0) [new minumum]:0.191278
0 658 cost: 224
[0;36m		[A1. APC::A2. BTRC] ---  [B1. APC::B2. GSK3B}[0m
[0;36m		[A1. TBL1XR1::A2. APC] ---  [B1. TBL1XR1::B2. APC}[0m
658 379 cost: 277
[0;36m		[A1. TBL1XR1::A2. APC] ---  [B1. TBL1XR1::B2. APC}[0m
[0;36m		[A1. NCOR1::A2. TBL1XR1] ---  [B1. MED1::B2. TBL1XR1}[0m
658 279 cost: 444
[0;36m		[A1. TBL1XR1::A2. APC] ---  [B1. TBL1XR1::B2. APC}[0m
[0;36m		[A1. GSK3B::A2. NFATC2] ---  [B1. GSK3B::B2. MAP3K7}[0m
279 401 cost: 800
[0;36m		[A1. GSK3B::A2. NFATC2] ---  [B1. GSK3B::B2. MAP3K7}[0m
[0;36m		[A1. NFATC2::A2. SMAD3] ---  [B1. MAP3K7::B2. TAF2}[0m
658 513 cost: 869
[0;36m		[A1. TBL1XR1::A2. APC] ---  [B1. TBL1XR1::B2. APC}[0m
[0;36m		[A1. SMAD3::A2. NCOR1] ---  [B1. TAF2::B2. MED1}[0m

Displayed tree score: 0.191278

3th run results (1) [new minumum]:0.218729
3 658 cost: 476
[0;36m		[A1. APC::A2. BTRC] ---  [B1. GSK3B::B2. MAP3K7}[0m
[0;36m		[A1. TBL1XR1::A2. APC] ---  [B1. TBL1XR1::B2. APC}[0m
658 24 cost: 104
[0;36m		[A1. TBL1XR1::A2. APC] ---  [B1. TBL1XR1::B2. APC}[0m
[0;36m		[A1. APC::A2. GSK3B] ---  [B1. APC::B2. GSK3B}[0m
658 379 cost: 277
[0;36m		[A1. TBL1XR1::A2. APC] ---  [B1. TBL1XR1::B2. APC}[0m
[0;36m		[A1. NCOR1::A2. TBL1XR1] ---  [B1. MED1::B2. TBL1XR1}[0m
3 89 cost: 606
[0;36m		[A1. APC::A2. BTRC] ---  [B1. GSK3B::B2. MAP3K7}[0m
[0;36m		[A1. BTRC::A2. EP300] ---  [B1. MAP3K7::B2. TAF2}[0m

Displayed tree score: 0.218729

24th run results (2) [new minumum]:0.226552
24 658 cost: 104
[0;36m		[A1. APC::A2. GSK3B] ---  [B1. APC::B2. GSK3B}[0m
[0;36m		[A1. TBL1XR1::A2. APC] ---  [B1. TBL1XR1::B2. APC}[0m
24 279 cost: 217
[0;36m		[A1. APC::A2. GSK3B] ---  [B1. APC::B2. GSK3B}[0m
[0;36m		[A1. GSK3B::A2. NFATC2] ---  [B1. GSK3B::B2. MAP3K7}[0m
658 379 cost: 277
[0;36m		[A1. TBL1XR1::A2. APC] ---  [B1. TBL1XR1::B2. APC}[0m
[0;36m		[A1. NCOR1::A2. TBL1XR1] ---  [B1. MED1::B2. TBL1XR1}[0m
24 401 cost: 740
[0;36m		[A1. APC::A2. GSK3B] ---  [B1. APC::B2. GSK3B}[0m
[0;36m		[A1. NFATC2::A2. SMAD3] ---  [B1. MAP3K7::B2. TAF2}[0m
658 513 cost: 869
[0;36m		[A1. TBL1XR1::A2. APC] ---  [B1. TBL1XR1::B2. APC}[0m
[0;36m		[A1. SMAD3::A2. NCOR1] ---  [B1. TAF2::B2. MED1}[0m

Displayed tree score: 0.226552

140th run results (3) [new minumum]:0.239006
140 242 cost: 625
[0;36m		[A1. CREBBP::A2. GSK3B] ---  [B1. TAF2::B2. MAP3K7}[0m
[0;36m		[A1. GSK3B::A2. APC] ---  [B1. GSK3B::B2. APC}[0m
242 49 cost: 104
[0;36m		[A1. GSK3B::A2. APC] ---  [B1. GSK3B::B2. APC}[0m
[0;36m		[A1. APC::A2. TBL1XR1] ---  [B1. APC::B2. TBL1XR1}[0m
242 388 cost: 217
[0;36m		[A1. GSK3B::A2. APC] ---  [B1. GSK3B::B2. APC}[0m
[0;36m		[A1. NFATC2::A2. GSK3B] ---  [B1. MAP3K7::B2. GSK3B}[0m
49 671 cost: 277
[0;36m		[A1. APC::A2. TBL1XR1] ---  [B1. APC::B2. TBL1XR1}[0m
[0;36m		[A1. TBL1XR1::A2. NCOR1] ---  [B1. TBL1XR1::B2. MED1}[0m
49 354 cost: 869
[0;36m		[A1. APC::A2. TBL1XR1] ---  [B1. APC::B2. TBL1XR1}[0m
[0;36m		[A1. NCOR1::A2. SMAD3] ---  [B1. MED1::B2. TAF2}[0m

Displayed tree score: 0.239006

Petal1:29	Petal2:6	treecost: 2092	 tree size:5
$RESULT$	SMAD3	TAF2	norm_score:	0.239006
[0m
[0 min 0 sec] All done in 
