COMMAND: /Users/gurkan/Box/Research/INSPIRE/inspire-replication/src/INSPIRE /Users/gurkan/Box/Research/INSPIRE/inspire-replication/database/inspire.sqlite TAF2 UHRF2 inspire_legacy_v1

GO normalization for inspire_legacy_v1: 14.1026
GO normalization in use: 14.1026
Loaded 5995 GO pair scores for inspire_legacy_v1
Create two petals
Begin PETAL setup
new petal TAF2 (6)
# 6 interactions in TAF2
Done adding UniProt and Pfam annotations for TAF2.
new petal UHRF2 (5)
# 5 interactions in UHRF2
Done adding UniProt and Pfam annotations for UHRF2.
Petal Sizes: 6, 5
[1;32mPetal Name: [1;33mTAF2
[1;32mPetal Size: [1;33m6[0;31m
APC
GSK3B
MAP3K7
MED1
TAF2
TBL1XR1
[0m---- 
[1;36mPetal Interactions[0;32m
1 GSK3B	pp	APC
2 MAP3K7	pp	GSK3B
3 TAF2	pp	MAP3K7
4 TAF2	pp	MED1
5 TBL1XR1	pp	APC
6 TBL1XR1	pp	MED1
[0m
[1;32mPetal Name: [1;33mUHRF2
[1;32mPetal Size: [1;33m5[0;31m
APC
CCND1
GSK3B
LRP6
UHRF2
[0m---- 
[1;36mPetal Interactions[0;32m
1 GSK3B	pp	APC
2 GSK3B	pp	CCND1
3 LRP6	pp	APC
4 LRP6	pp	CCND1
5 UHRF2	pp	CCND1
[0m
Done creating Petals.
petals are loaded
[1;32mAGE for [0;36mTAF2 - UHRF2[0m
[0;35minitial size for AGE: 0[0m
counterPetal1 12
counterPetal2 10
counterPetal1*counterPetal2 120
(*AGE).size()=120
[0m---- 
[1;33mAGE nodes: 120[0m
Allocate AGEgraph :  120 x 120	14400 bytes

[0 min 0 sec] Nodes are done in 

[0 min 0 sec] Edges are done in 
0th run results (0) [new minumum]:0.138975
0 36 cost: 217
[0;36m		[A1. APC::A2. GSK3B] ---  [B1. APC::B2. GSK3B}[0m
[0;36m		[A1. GSK3B::A2. MAP3K7] ---  [B1. GSK3B::B2. CCND1}[0m
0 107 cost: 350
[0;36m		[A1. APC::A2. GSK3B] ---  [B1. APC::B2. GSK3B}[0m
[0;36m		[A1. TBL1XR1::A2. APC] ---  [B1. LRP6::B2. APC}[0m
0 54 cost: 1052
[0;36m		[A1. APC::A2. GSK3B] ---  [B1. APC::B2. GSK3B}[0m
[0;36m		[A1. MAP3K7::A2. TAF2] ---  [B1. CCND1::B2. UHRF2}[0m

Displayed tree score: 0.138975

11th run results (1) [new minumum]:0.164594
11 25 cost: 350
[0;36m		[A1. APC::A2. TBL1XR1] ---  [B1. APC::B2. LRP6}[0m
[0;36m		[A1. GSK3B::A2. APC] ---  [B1. GSK3B::B2. APC}[0m
25 42 cost: 217
[0;36m		[A1. GSK3B::A2. APC] ---  [B1. GSK3B::B2. APC}[0m
[0;36m		[A1. MAP3K7::A2. GSK3B] ---  [B1. CCND1::B2. GSK3B}[0m
25 88 cost: 800
[0;36m		[A1. GSK3B::A2. APC] ---  [B1. GSK3B::B2. APC}[0m
[0;36m		[A1. TAF2::A2. MAP3K7] ---  [B1. LRP6::B2. CCND1}[0m

Displayed tree score: 0.164594

Petal1:6	Petal2:5	treecost: 1367	 tree size:3
$RESULT$	TAF2	UHRF2	norm_score:	0.164594
[0m
[0 min 0 sec] All done in 
