COMMAND: /Users/gurkan/Box/Research/INSPIRE/inspire-replication/src/INSPIRE /Users/gurkan/Box/Research/INSPIRE/inspire-replication/database/inspire.sqlite TAF2 TIAM1 inspire_legacy_v1

GO normalization for inspire_legacy_v1: 14.1026
GO normalization in use: 14.1026
Loaded 5995 GO pair scores for inspire_legacy_v1
Create two petals
Begin PETAL setup
new petal TAF2 (6)
# 6 interactions in TAF2
Done adding UniProt and Pfam annotations for TAF2.
new petal TIAM1 (6)
# 7 interactions in TIAM1
Done adding UniProt and Pfam annotations for TIAM1.
Petal Sizes: 6, 6
[1;32mPetal Name: [1;33mTAF2
[1;32mPetal Size: [1;33m6[0;31m
APC
GSK3B
MAP3K7
MED1
TAF2
TBL1XR1
[0m---- 
[1;36mPetal Interactions[0;32m
1 GSK3B	pp	APC
2 MAP3K7	pp	GSK3B
3 TAF2	pp	MAP3K7
4 TAF2	pp	MED1
5 TBL1XR1	pp	APC
6 TBL1XR1	pp	MED1
[0m
[1;32mPetal Name: [1;33mTIAM1
[1;32mPetal Size: [1;33m6[0;31m
APC
GSK3B
PTEN
SMAD4
TCF7L2
TIAM1
[0m---- 
[1;36mPetal Interactions[0;32m
1 GSK3B	pp	APC
2 PTEN	pp	GSK3B
3 SMAD4	pp	APC
4 SMAD4	pp	PTEN
5 TCF7L2	pp	APC
6 TCF7L2	pp	PTEN
7 TIAM1	pp	PTEN
[0m
Done creating Petals.
petals are loaded
[1;32mAGE for [0;36mTAF2 - TIAM1[0m
[0;35minitial size for AGE: 0[0m
counterPetal1 12
counterPetal2 14
counterPetal1*counterPetal2 168
(*AGE).size()=168
[0m---- 
[1;33mAGE nodes: 168[0m
Allocate AGEgraph :  168 x 168	28224 bytes

[0 min 0 sec] Nodes are done in 

[0 min 0 sec] Edges are done in 
0th run results (0) [new minumum]:0.148026
0 46 cost: 217
[0;36m		[A1. APC::A2. GSK3B] ---  [B1. APC::B2. GSK3B}[0m
[0;36m		[A1. GSK3B::A2. MAP3K7] ---  [B1. GSK3B::B2. PTEN}[0m
0 149 cost: 259
[0;36m		[A1. APC::A2. GSK3B] ---  [B1. APC::B2. GSK3B}[0m
[0;36m		[A1. TBL1XR1::A2. APC] ---  [B1. SMAD4::B2. APC}[0m
0 77 cost: 740
[0;36m		[A1. APC::A2. GSK3B] ---  [B1. APC::B2. GSK3B}[0m
[0;36m		[A1. MAP3K7::A2. TAF2] ---  [B1. PTEN::B2. TCF7L2}[0m

Displayed tree score: 0.148026

104th run results (1) [new minumum]:0.15873
104 0 cost: 800
[0;36m		[A1. MED1::A2. TBL1XR1] ---  [B1. PTEN::B2. SMAD4}[0m
[0;36m		[A1. APC::A2. GSK3B] ---  [B1. APC::B2. GSK3B}[0m
0 46 cost: 217
[0;36m		[A1. APC::A2. GSK3B] ---  [B1. APC::B2. GSK3B}[0m
[0;36m		[A1. GSK3B::A2. MAP3K7] ---  [B1. GSK3B::B2. PTEN}[0m
0 149 cost: 259
[0;36m		[A1. APC::A2. GSK3B] ---  [B1. APC::B2. GSK3B}[0m
[0;36m		[A1. TBL1XR1::A2. APC] ---  [B1. SMAD4::B2. APC}[0m
0 77 cost: 740
[0;36m		[A1. APC::A2. GSK3B] ---  [B1. APC::B2. GSK3B}[0m
[0;36m		[A1. MAP3K7::A2. TAF2] ---  [B1. PTEN::B2. TCF7L2}[0m

Displayed tree score: 0.15873

109th run results (2) [new minumum]:0.167979
109 0 cost: 689
[0;36m		[A1. MED1::A2. TBL1XR1] ---  [B1. TCF7L2::B2. APC}[0m
[0;36m		[A1. APC::A2. GSK3B] ---  [B1. APC::B2. GSK3B}[0m
0 46 cost: 217
[0;36m		[A1. APC::A2. GSK3B] ---  [B1. APC::B2. GSK3B}[0m
[0;36m		[A1. GSK3B::A2. MAP3K7] ---  [B1. GSK3B::B2. PTEN}[0m
0 149 cost: 259
[0;36m		[A1. APC::A2. GSK3B] ---  [B1. APC::B2. GSK3B}[0m
[0;36m		[A1. TBL1XR1::A2. APC] ---  [B1. SMAD4::B2. APC}[0m
0 77 cost: 740
[0;36m		[A1. APC::A2. GSK3B] ---  [B1. APC::B2. GSK3B}[0m
[0;36m		[A1. MAP3K7::A2. TAF2] ---  [B1. PTEN::B2. TCF7L2}[0m

Displayed tree score: 0.167979

Petal1:6	Petal2:7	treecost: 1905	 tree size:4
$RESULT$	TAF2	TIAM1	norm_score:	0.167979
[0m
[0 min 0 sec] All done in 
