COMMAND: /Users/gurkan/Box/Research/INSPIRE/inspire-replication/src/INSPIRE /Users/gurkan/Box/Research/INSPIRE/inspire-replication/database/inspire.sqlite TAF2 TCF7L2 inspire_legacy_v1

GO normalization for inspire_legacy_v1: 14.1026
GO normalization in use: 14.1026
Loaded 5995 GO pair scores for inspire_legacy_v1
Create two petals
Begin PETAL setup
new petal TAF2 (6)
# 6 interactions in TAF2
Done adding UniProt and Pfam annotations for TAF2.
new petal TCF7L2 (11)
# 17 interactions in TCF7L2
Done adding UniProt and Pfam annotations for TCF7L2.
Petal Sizes: 6, 11
[1;32mPetal Name: [1;33mTAF2
[1;32mPetal Size: [1;33m6[0;31m
APC
GSK3B
MAP3K7
MED1
TAF2
TBL1XR1
[0m---- 
[1;36mPetal Interactions[0;32m
1 GSK3B	pp	APC
2 MAP3K7	pp	GSK3B
3 TAF2	pp	MAP3K7
4 TAF2	pp	MED1
5 TBL1XR1	pp	APC
6 TBL1XR1	pp	MED1
[0m
[1;32mPetal Name: [1;33mTCF7L2
[1;32mPetal Size: [1;33m11[0;31m
APC
BTRC
CDC42
CREB1
DLG1
EP300
GSK3B
PTEN
SMAD4
TCF7L2
TNKS
[0m---- 
[1;36mPetal Interactions[0;32m
1 BTRC	pp	APC
2 CDC42	pp	APC
3 DLG1	pp	APC
4 EP300	pp	BTRC
5 GSK3B	pp	APC
6 GSK3B	pp	CREB1
7 PTEN	pp	CDC42
8 PTEN	pp	DLG1
9 PTEN	pp	GSK3B
10 SMAD4	pp	APC
11 SMAD4	pp	PTEN
12 TCF7L2	pp	APC
13 TCF7L2	pp	CREB1
14 TCF7L2	pp	EP300
15 TCF7L2	pp	PTEN
16 TNKS	pp	APC
17 TNKS	pp	PTEN
[0m
Done creating Petals.
petals are loaded
[1;32mAGE for [0;36mTAF2 - TCF7L2[0m
[0;35minitial size for AGE: 0[0m
counterPetal1 12
counterPetal2 34
counterPetal1*counterPetal2 408
(*AGE).size()=408
[0m---- 
[1;33mAGE nodes: 408[0m
Allocate AGEgraph :  408 x 408	166464 bytes

[0 min 0 sec] Nodes are done in 

[0 min 0 sec] Edges are done in 
0th run results (0) [new minumum]:0.112032
0 110 cost: 500
[0;36m		[A1. APC::A2. GSK3B] ---  [B1. APC::B2. BTRC}[0m
[0;36m		[A1. GSK3B::A2. MAP3K7] ---  [B1. BTRC::B2. EP300}[0m
0 357 cost: 555
[0;36m		[A1. APC::A2. GSK3B] ---  [B1. APC::B2. BTRC}[0m
[0;36m		[A1. TBL1XR1::A2. APC] ---  [B1. GSK3B::B2. APC}[0m
110 186 cost: 833
[0;36m		[A1. GSK3B::A2. MAP3K7] ---  [B1. BTRC::B2. EP300}[0m
[0;36m		[A1. MAP3K7::A2. TAF2] ---  [B1. EP300::B2. TCF7L2}[0m
357 249 cost: 909
[0;36m		[A1. TBL1XR1::A2. APC] ---  [B1. GSK3B::B2. APC}[0m
[0;36m		[A1. MED1::A2. TBL1XR1] ---  [B1. CREB1::B2. GSK3B}[0m
186 335 cost: 1666
[0;36m		[A1. MAP3K7::A2. TAF2] ---  [B1. EP300::B2. TCF7L2}[0m
[0;36m		[A1. TAF2::A2. MED1] ---  [B1. TCF7L2::B2. CREB1}[0m

Displayed tree score: 0.112032

1th run results (1) [new minumum]:0.155869
1 347 cost: 408
[0;36m		[A1. APC::A2. GSK3B] ---  [B1. APC::B2. CDC42}[0m
[0;36m		[A1. TBL1XR1::A2. APC] ---  [B1. BTRC::B2. APC}[0m
1 112 cost: 500
[0;36m		[A1. APC::A2. GSK3B] ---  [B1. APC::B2. CDC42}[0m
[0;36m		[A1. GSK3B::A2. MAP3K7] ---  [B1. CDC42::B2. PTEN}[0m
347 253 cost: 500
[0;36m		[A1. TBL1XR1::A2. APC] ---  [B1. BTRC::B2. APC}[0m
[0;36m		[A1. MED1::A2. TBL1XR1] ---  [B1. EP300::B2. BTRC}[0m
112 192 cost: 645
[0;36m		[A1. GSK3B::A2. MAP3K7] ---  [B1. CDC42::B2. PTEN}[0m
[0;36m		[A1. MAP3K7::A2. TAF2] ---  [B1. PTEN::B2. GSK3B}[0m

Displayed tree score: 0.155869

3th run results (2) [new minumum]:0.19253
3 347 cost: 188
[0;36m		[A1. APC::A2. GSK3B] ---  [B1. APC::B2. GSK3B}[0m
[0;36m		[A1. TBL1XR1::A2. APC] ---  [B1. BTRC::B2. APC}[0m
3 120 cost: 217
[0;36m		[A1. APC::A2. GSK3B] ---  [B1. APC::B2. GSK3B}[0m
[0;36m		[A1. GSK3B::A2. MAP3K7] ---  [B1. GSK3B::B2. CREB1}[0m
347 253 cost: 500
[0;36m		[A1. TBL1XR1::A2. APC] ---  [B1. BTRC::B2. APC}[0m
[0;36m		[A1. MED1::A2. TBL1XR1] ---  [B1. EP300::B2. BTRC}[0m
3 182 cost: 740
[0;36m		[A1. APC::A2. GSK3B] ---  [B1. APC::B2. GSK3B}[0m
[0;36m		[A1. MAP3K7::A2. TAF2] ---  [B1. CREB1::B2. TCF7L2}[0m
253 336 cost: 952
[0;36m		[A1. MED1::A2. TBL1XR1] ---  [B1. EP300::B2. BTRC}[0m
[0;36m		[A1. TAF2::A2. MED1] ---  [B1. TCF7L2::B2. EP300}[0m

Displayed tree score: 0.19253

120th run results (3) [new minumum]:0.214334
120 3 cost: 217
[0;36m		[A1. GSK3B::A2. MAP3K7] ---  [B1. GSK3B::B2. CREB1}[0m
[0;36m		[A1. APC::A2. GSK3B] ---  [B1. APC::B2. GSK3B}[0m
3 347 cost: 188
[0;36m		[A1. APC::A2. GSK3B] ---  [B1. APC::B2. GSK3B}[0m
[0;36m		[A1. TBL1XR1::A2. APC] ---  [B1. BTRC::B2. APC}[0m
347 253 cost: 500
[0;36m		[A1. TBL1XR1::A2. APC] ---  [B1. BTRC::B2. APC}[0m
[0;36m		[A1. MED1::A2. TBL1XR1] ---  [B1. EP300::B2. BTRC}[0m
3 195 cost: 588
[0;36m		[A1. APC::A2. GSK3B] ---  [B1. APC::B2. GSK3B}[0m
[0;36m		[A1. MAP3K7::A2. TAF2] ---  [B1. PTEN::B2. TNKS}[0m

Displayed tree score: 0.214334

Petal1:6	Petal2:17	treecost: 1493	 tree size:4
$RESULT$	TAF2	TCF7L2	norm_score:	0.214334
[0m
[0 min 0 sec] All done in 
