COMMAND: /Users/gurkan/Box/Research/INSPIRE/inspire-replication/src/INSPIRE /Users/gurkan/Box/Research/INSPIRE/inspire-replication/database/inspire.sqlite TAF2 ZNF521 inspire_legacy_v1

GO normalization for inspire_legacy_v1: 14.1026
GO normalization in use: 14.1026
Loaded 5995 GO pair scores for inspire_legacy_v1
Create two petals
Begin PETAL setup
new petal TAF2 (6)
# 6 interactions in TAF2
Done adding UniProt and Pfam annotations for TAF2.
new petal ZNF521 (4)
# 3 interactions in ZNF521
Done adding UniProt and Pfam annotations for ZNF521.
Petal Sizes: 6, 4
[1;32mPetal Name: [1;33mTAF2
[1;32mPetal Size: [1;33m6[0;31m
APC
GSK3B
MAP3K7
MED1
TAF2
TBL1XR1
[0m---- 
[1;36mPetal Interactions[0;32m
1 GSK3B	pp	APC
2 MAP3K7	pp	GSK3B
3 TAF2	pp	MAP3K7
4 TAF2	pp	MED1
5 TBL1XR1	pp	APC
6 TBL1XR1	pp	MED1
[0m
[1;32mPetal Name: [1;33mZNF521
[1;32mPetal Size: [1;33m4[0;31m
APC
LRP6
RUNX2
ZNF521
[0m---- 
[1;36mPetal Interactions[0;32m
1 LRP6	pp	APC
2 RUNX2	pp	LRP6
3 ZNF521	pp	RUNX2
[0m
Done creating Petals.
petals are loaded
[1;32mAGE for [0;36mTAF2 - ZNF521[0m
[0;35minitial size for AGE: 0[0m
counterPetal1 12
counterPetal2 6
counterPetal1*counterPetal2 72
(*AGE).size()=72
[0m---- 
[1;33mAGE nodes: 72[0m
Allocate AGEgraph :  72 x 72	5184 bytes

[0 min 0 sec] Nodes are done in 

[0 min 0 sec] Edges are done in 
0th run results (0) [new minumum]:0.0434216
0 20 cost: 606
[0;36m		[A1. APC::A2. GSK3B] ---  [B1. APC::B2. LRP6}[0m
[0;36m		[A1. GSK3B::A2. MAP3K7] ---  [B1. LRP6::B2. RUNX2}[0m
20 34 cost: 4000
[0;36m		[A1. GSK3B::A2. MAP3K7] ---  [B1. LRP6::B2. RUNX2}[0m
[0;36m		[A1. MAP3K7::A2. TAF2] ---  [B1. RUNX2::B2. ZNF521}[0m

Displayed tree score: 0.0434216

Petal1:6	Petal2:3	treecost: 4606	 tree size:2
$RESULT$	TAF2	ZNF521	norm_score:	0.0434216
[0m
[0 min 0 sec] All done in 
