COMMAND: /Users/gurkan/Box/Research/INSPIRE/inspire-replication/src/INSPIRE /Users/gurkan/Box/Research/INSPIRE/inspire-replication/database/inspire.sqlite TCF7L2 ZNF521 inspire_legacy_v1

GO normalization for inspire_legacy_v1: 14.1026
GO normalization in use: 14.1026
Loaded 5995 GO pair scores for inspire_legacy_v1
Create two petals
Begin PETAL setup
new petal TCF7L2 (11)
# 17 interactions in TCF7L2
Done adding UniProt and Pfam annotations for TCF7L2.
new petal ZNF521 (4)
# 3 interactions in ZNF521
Done adding UniProt and Pfam annotations for ZNF521.
Petal Sizes: 11, 4
[1;32mPetal Name: [1;33mTCF7L2
[1;32mPetal Size: [1;33m11[0;31m
APC
BTRC
CDC42
CREB1
DLG1
EP300
GSK3B
PTEN
SMAD4
TCF7L2
TNKS
[0m---- 
[1;36mPetal Interactions[0;32m
1 BTRC	pp	APC
2 CDC42	pp	APC
3 DLG1	pp	APC
4 EP300	pp	BTRC
5 GSK3B	pp	APC
6 GSK3B	pp	CREB1
7 PTEN	pp	CDC42
8 PTEN	pp	DLG1
9 PTEN	pp	GSK3B
10 SMAD4	pp	APC
11 SMAD4	pp	PTEN
12 TCF7L2	pp	APC
13 TCF7L2	pp	CREB1
14 TCF7L2	pp	EP300
15 TCF7L2	pp	PTEN
16 TNKS	pp	APC
17 TNKS	pp	PTEN
[0m
[1;32mPetal Name: [1;33mZNF521
[1;32mPetal Size: [1;33m4[0;31m
APC
LRP6
RUNX2
ZNF521
[0m---- 
[1;36mPetal Interactions[0;32m
1 LRP6	pp	APC
2 RUNX2	pp	LRP6
3 ZNF521	pp	RUNX2
[0m
Done creating Petals.
petals are loaded
[1;32mAGE for [0;36mTCF7L2 - ZNF521[0m
[0;35minitial size for AGE: 0[0m
counterPetal1 34
counterPetal2 6
counterPetal1*counterPetal2 204
(*AGE).size()=204
[0m---- 
[1;33mAGE nodes: 204[0m
Allocate AGEgraph :  204 x 204	41616 bytes

[0 min 0 sec] Nodes are done in 

[0 min 0 sec] Edges are done in 
0th run results (0) [new minumum]:0.0395883
0 50 cost: 1052
[0;36m		[A1. APC::A2. BTRC] ---  [B1. APC::B2. LRP6}[0m
[0;36m		[A1. BTRC::A2. EP300] ---  [B1. LRP6::B2. RUNX2}[0m
50 100 cost: 4000
[0;36m		[A1. BTRC::A2. EP300] ---  [B1. LRP6::B2. RUNX2}[0m
[0;36m		[A1. EP300::A2. TCF7L2] ---  [B1. RUNX2::B2. ZNF521}[0m

Displayed tree score: 0.0395883

1th run results (1) [new minumum]:0.0574383
1 159 cost: 625
[0;36m		[A1. APC::A2. BTRC] ---  [B1. LRP6::B2. APC}[0m
[0;36m		[A1. SMAD4::A2. APC] ---  [B1. RUNX2::B2. LRP6}[0m
159 143 cost: 2857
[0;36m		[A1. SMAD4::A2. APC] ---  [B1. RUNX2::B2. LRP6}[0m
[0;36m		[A1. PTEN::A2. SMAD4] ---  [B1. ZNF521::B2. RUNX2}[0m

Displayed tree score: 0.0574383

Petal1:17	Petal2:3	treecost: 3482	 tree size:2
$RESULT$	TCF7L2	ZNF521	norm_score:	0.0574383
[0m
[0 min 0 sec] All done in 
