COMMAND: /Users/gurkan/Box/Research/INSPIRE/inspire-replication/src/INSPIRE /Users/gurkan/Box/Research/INSPIRE/inspire-replication/database/inspire.sqlite TCF7L2 UHRF2 inspire_legacy_v1

GO normalization for inspire_legacy_v1: 14.1026
GO normalization in use: 14.1026
Loaded 5995 GO pair scores for inspire_legacy_v1
Create two petals
Begin PETAL setup
new petal TCF7L2 (11)
# 17 interactions in TCF7L2
Done adding UniProt and Pfam annotations for TCF7L2.
new petal UHRF2 (5)
# 5 interactions in UHRF2
Done adding UniProt and Pfam annotations for UHRF2.
Petal Sizes: 11, 5
[1;32mPetal Name: [1;33mTCF7L2
[1;32mPetal Size: [1;33m11[0;31m
APC
BTRC
CDC42
CREB1
DLG1
EP300
GSK3B
PTEN
SMAD4
TCF7L2
TNKS
[0m---- 
[1;36mPetal Interactions[0;32m
1 BTRC	pp	APC
2 CDC42	pp	APC
3 DLG1	pp	APC
4 EP300	pp	BTRC
5 GSK3B	pp	APC
6 GSK3B	pp	CREB1
7 PTEN	pp	CDC42
8 PTEN	pp	DLG1
9 PTEN	pp	GSK3B
10 SMAD4	pp	APC
11 SMAD4	pp	PTEN
12 TCF7L2	pp	APC
13 TCF7L2	pp	CREB1
14 TCF7L2	pp	EP300
15 TCF7L2	pp	PTEN
16 TNKS	pp	APC
17 TNKS	pp	PTEN
[0m
[1;32mPetal Name: [1;33mUHRF2
[1;32mPetal Size: [1;33m5[0;31m
APC
CCND1
GSK3B
LRP6
UHRF2
[0m---- 
[1;36mPetal Interactions[0;32m
1 GSK3B	pp	APC
2 GSK3B	pp	CCND1
3 LRP6	pp	APC
4 LRP6	pp	CCND1
5 UHRF2	pp	CCND1
[0m
Done creating Petals.
petals are loaded
[1;32mAGE for [0;36mTCF7L2 - UHRF2[0m
[0;35minitial size for AGE: 0[0m
counterPetal1 34
counterPetal2 10
counterPetal1*counterPetal2 340
(*AGE).size()=340
[0m---- 
[1;33mAGE nodes: 340[0m
Allocate AGEgraph :  340 x 340	115600 bytes

[0 min 0 sec] Nodes are done in 

[0 min 0 sec] Edges are done in 
0th run results (0) [new minumum]:0.194837
0 97 cost: 465
[0;36m		[A1. APC::A2. BTRC] ---  [B1. APC::B2. GSK3B}[0m
[0;36m		[A1. CDC42::A2. APC] ---  [B1. LRP6::B2. APC}[0m
97 203 cost: 500
[0;36m		[A1. CDC42::A2. APC] ---  [B1. LRP6::B2. APC}[0m
[0;36m		[A1. PTEN::A2. CDC42] ---  [B1. CCND1::B2. LRP6}[0m
203 196 cost: 500
[0;36m		[A1. PTEN::A2. CDC42] ---  [B1. CCND1::B2. LRP6}[0m
[0;36m		[A1. GSK3B::A2. PTEN] ---  [B1. GSK3B::B2. CCND1}[0m
196 254 cost: 588
[0;36m		[A1. GSK3B::A2. PTEN] ---  [B1. GSK3B::B2. CCND1}[0m
[0;36m		[A1. PTEN::A2. TNKS] ---  [B1. CCND1::B2. UHRF2}[0m

Displayed tree score: 0.194837

1th run results (1) [new minumum]:0.224551
1 175 cost: 298
[0;36m		[A1. APC::A2. BTRC] ---  [B1. APC::B2. LRP6}[0m
[0;36m		[A1. GSK3B::A2. APC] ---  [B1. GSK3B::B2. APC}[0m
175 112 cost: 217
[0;36m		[A1. GSK3B::A2. APC] ---  [B1. GSK3B::B2. APC}[0m
[0;36m		[A1. CREB1::A2. GSK3B] ---  [B1. CCND1::B2. GSK3B}[0m
175 298 cost: 487
[0;36m		[A1. GSK3B::A2. APC] ---  [B1. GSK3B::B2. APC}[0m
[0;36m		[A1. TCF7L2::A2. CREB1] ---  [B1. LRP6::B2. CCND1}[0m

Displayed tree score: 0.224551

11th run results (2) [new minumum]:0.2443
11 175 cost: 217
[0;36m		[A1. APC::A2. CDC42] ---  [B1. APC::B2. LRP6}[0m
[0;36m		[A1. GSK3B::A2. APC] ---  [B1. GSK3B::B2. APC}[0m
175 112 cost: 217
[0;36m		[A1. GSK3B::A2. APC] ---  [B1. GSK3B::B2. APC}[0m
[0;36m		[A1. CREB1::A2. GSK3B] ---  [B1. CCND1::B2. GSK3B}[0m
175 298 cost: 487
[0;36m		[A1. GSK3B::A2. APC] ---  [B1. GSK3B::B2. APC}[0m
[0;36m		[A1. TCF7L2::A2. CREB1] ---  [B1. LRP6::B2. CCND1}[0m

Displayed tree score: 0.2443

112th run results (3) [new minumum]:0.275103
112 175 cost: 217
[0;36m		[A1. CREB1::A2. GSK3B] ---  [B1. CCND1::B2. GSK3B}[0m
[0;36m		[A1. GSK3B::A2. APC] ---  [B1. GSK3B::B2. APC}[0m
175 11 cost: 217
[0;36m		[A1. GSK3B::A2. APC] ---  [B1. GSK3B::B2. APC}[0m
[0;36m		[A1. APC::A2. CDC42] ---  [B1. APC::B2. LRP6}[0m
175 108 cost: 465
[0;36m		[A1. GSK3B::A2. APC] ---  [B1. GSK3B::B2. APC}[0m
[0;36m		[A1. CDC42::A2. PTEN] ---  [B1. LRP6::B2. CCND1}[0m
175 339 cost: 555
[0;36m		[A1. GSK3B::A2. APC] ---  [B1. GSK3B::B2. APC}[0m
[0;36m		[A1. TNKS::A2. PTEN] ---  [B1. UHRF2::B2. CCND1}[0m

Displayed tree score: 0.275103

Petal1:17	Petal2:5	treecost: 1454	 tree size:4
$RESULT$	TCF7L2	UHRF2	norm_score:	0.275103
[0m
[0 min 0 sec] All done in 
