COMMAND: /Users/gurkan/Box/Research/INSPIRE/inspire-replication/src/INSPIRE /Users/gurkan/Box/Research/INSPIRE/inspire-replication/database/inspire.sqlite TIAM1 UHRF2 inspire_legacy_v1

GO normalization for inspire_legacy_v1: 14.1026
GO normalization in use: 14.1026
Loaded 5995 GO pair scores for inspire_legacy_v1
Create two petals
Begin PETAL setup
new petal TIAM1 (6)
# 7 interactions in TIAM1
Done adding UniProt and Pfam annotations for TIAM1.
new petal UHRF2 (5)
# 5 interactions in UHRF2
Done adding UniProt and Pfam annotations for UHRF2.
Petal Sizes: 6, 5
[1;32mPetal Name: [1;33mTIAM1
[1;32mPetal Size: [1;33m6[0;31m
APC
GSK3B
PTEN
SMAD4
TCF7L2
TIAM1
[0m---- 
[1;36mPetal Interactions[0;32m
1 GSK3B	pp	APC
2 PTEN	pp	GSK3B
3 SMAD4	pp	APC
4 SMAD4	pp	PTEN
5 TCF7L2	pp	APC
6 TCF7L2	pp	PTEN
7 TIAM1	pp	PTEN
[0m
[1;32mPetal Name: [1;33mUHRF2
[1;32mPetal Size: [1;33m5[0;31m
APC
CCND1
GSK3B
LRP6
UHRF2
[0m---- 
[1;36mPetal Interactions[0;32m
1 GSK3B	pp	APC
2 GSK3B	pp	CCND1
3 LRP6	pp	APC
4 LRP6	pp	CCND1
5 UHRF2	pp	CCND1
[0m
Done creating Petals.
petals are loaded
[1;32mAGE for [0;36mTIAM1 - UHRF2[0m
[0;35minitial size for AGE: 0[0m
counterPetal1 14
counterPetal2 10
counterPetal1*counterPetal2 140
(*AGE).size()=140
[0m---- 
[1;33mAGE nodes: 140[0m
Allocate AGEgraph :  140 x 140	19600 bytes

[0 min 0 sec] Nodes are done in 

[0 min 0 sec] Edges are done in 
0th run results (0) [new minumum]:0.222222
0 46 cost: 217
[0;36m		[A1. APC::A2. GSK3B] ---  [B1. APC::B2. GSK3B}[0m
[0;36m		[A1. GSK3B::A2. PTEN] ---  [B1. GSK3B::B2. CCND1}[0m
0 97 cost: 227
[0;36m		[A1. APC::A2. GSK3B] ---  [B1. APC::B2. GSK3B}[0m
[0;36m		[A1. SMAD4::A2. APC] ---  [B1. LRP6::B2. APC}[0m
0 63 cost: 487
[0;36m		[A1. APC::A2. GSK3B] ---  [B1. APC::B2. GSK3B}[0m
[0;36m		[A1. PTEN::A2. SMAD4] ---  [B1. CCND1::B2. LRP6}[0m
0 74 cost: 869
[0;36m		[A1. APC::A2. GSK3B] ---  [B1. APC::B2. GSK3B}[0m
[0;36m		[A1. PTEN::A2. TCF7L2] ---  [B1. CCND1::B2. UHRF2}[0m

Displayed tree score: 0.222222

Petal1:7	Petal2:5	treecost: 1800	 tree size:4
$RESULT$	TIAM1	UHRF2	norm_score:	0.222222
[0m
[0 min 0 sec] All done in 
