COMMAND: /Users/gurkan/Box/Research/INSPIRE/inspire-replication/src/INSPIRE /Users/gurkan/Box/Research/INSPIRE/inspire-replication/database/inspire.sqlite TIAM1 ZNF521 inspire_legacy_v1

GO normalization for inspire_legacy_v1: 14.1026
GO normalization in use: 14.1026
Loaded 5995 GO pair scores for inspire_legacy_v1
Create two petals
Begin PETAL setup
new petal TIAM1 (6)
# 7 interactions in TIAM1
Done adding UniProt and Pfam annotations for TIAM1.
new petal ZNF521 (4)
# 3 interactions in ZNF521
Done adding UniProt and Pfam annotations for ZNF521.
Petal Sizes: 6, 4
[1;32mPetal Name: [1;33mTIAM1
[1;32mPetal Size: [1;33m6[0;31m
APC
GSK3B
PTEN
SMAD4
TCF7L2
TIAM1
[0m---- 
[1;36mPetal Interactions[0;32m
1 GSK3B	pp	APC
2 PTEN	pp	GSK3B
3 SMAD4	pp	APC
4 SMAD4	pp	PTEN
5 TCF7L2	pp	APC
6 TCF7L2	pp	PTEN
7 TIAM1	pp	PTEN
[0m
[1;32mPetal Name: [1;33mZNF521
[1;32mPetal Size: [1;33m4[0;31m
APC
LRP6
RUNX2
ZNF521
[0m---- 
[1;36mPetal Interactions[0;32m
1 LRP6	pp	APC
2 RUNX2	pp	LRP6
3 ZNF521	pp	RUNX2
[0m
Done creating Petals.
petals are loaded
[1;32mAGE for [0;36mTIAM1 - ZNF521[0m
[0;35minitial size for AGE: 0[0m
counterPetal1 14
counterPetal2 6
counterPetal1*counterPetal2 84
(*AGE).size()=84
[0m---- 
[1;33mAGE nodes: 84[0m
Allocate AGEgraph :  84 x 84	7056 bytes

[0 min 0 sec] Nodes are done in 

[0 min 0 sec] Edges are done in 
0th run results (0) [new minumum]:0.0510074
0 26 cost: 588
[0;36m		[A1. APC::A2. GSK3B] ---  [B1. APC::B2. LRP6}[0m
[0;36m		[A1. GSK3B::A2. PTEN] ---  [B1. LRP6::B2. RUNX2}[0m
26 40 cost: 3333
[0;36m		[A1. GSK3B::A2. PTEN] ---  [B1. LRP6::B2. RUNX2}[0m
[0;36m		[A1. PTEN::A2. SMAD4] ---  [B1. RUNX2::B2. ZNF521}[0m

Displayed tree score: 0.0510074

1th run results (1) [new minumum]:0.0574383
1 57 cost: 625
[0;36m		[A1. APC::A2. GSK3B] ---  [B1. LRP6::B2. APC}[0m
[0;36m		[A1. SMAD4::A2. APC] ---  [B1. RUNX2::B2. LRP6}[0m
57 41 cost: 2857
[0;36m		[A1. SMAD4::A2. APC] ---  [B1. RUNX2::B2. LRP6}[0m
[0;36m		[A1. PTEN::A2. SMAD4] ---  [B1. ZNF521::B2. RUNX2}[0m

Displayed tree score: 0.0574383

Petal1:7	Petal2:3	treecost: 3482	 tree size:2
$RESULT$	TIAM1	ZNF521	norm_score:	0.0574383
[0m
[0 min 0 sec] All done in 
