COMMAND: /Users/gurkan/Box/Research/INSPIRE/inspire-replication/src/INSPIRE /Users/gurkan/Box/Research/INSPIRE/inspire-replication/database/inspire.sqlite ABCA1 TIAM1 inspire_legacy_v1

GO normalization for inspire_legacy_v1: 14.1026
Loaded 5995 GO pair scores for inspire_legacy_v1
Create two petals
Begin PETAL setup
new petal ABCA1 (6)
# 6 interactions in ABCA1
Done adding UniProt and Pfam annotations for ABCA1.
new petal TIAM1 (6)
# 7 interactions in TIAM1
Done adding UniProt and Pfam annotations for TIAM1.
Petal Sizes: 6, 6
[1;32mPetal Name: [1;33mABCA1
[1;32mPetal Size: [1;33m6[0;31m
ABCA1
APC
EP300
SMAD4
STAT3
TCF7L2
[0m---- 
[1;36mPetal Interactions[0;32m
1 EP300	pp	ABCA1
2 SMAD4	pp	APC
3 STAT3	pp	ABCA1
4 STAT3	pp	SMAD4
5 TCF7L2	pp	APC
6 TCF7L2	pp	EP300
[0m
[1;32mPetal Name: [1;33mTIAM1
[1;32mPetal Size: [1;33m6[0;31m
APC
GSK3B
PTEN
SMAD4
TCF7L2
TIAM1
[0m---- 
[1;36mPetal Interactions[0;32m
1 GSK3B	pp	APC
2 PTEN	pp	GSK3B
3 SMAD4	pp	APC
4 SMAD4	pp	PTEN
5 TCF7L2	pp	APC
6 TCF7L2	pp	PTEN
7 TIAM1	pp	PTEN
[0m
Done creating Petals.
petals are loaded
[1;32mAGE for [0;36mABCA1 - TIAM1[0m
[0;35minitial size for AGE: 0[0m
counterPetal1 12
counterPetal2 14
counterPetal1*counterPetal2 168
(*AGE).size()=168
[0m---- 
[1;33mAGE nodes: 168[0m
Allocate AGEgraph :  168 x 168	28224 bytes

[0 min 0 sec] Nodes are done in 

[0 min 0 sec] Edges are done in 
0th run results (0) [new minumum]:0.144928
0 74 cost: 588
[0;36m		[A1. ABCA1::A2. EP300] ---  [B1. APC::B2. GSK3B}[0m
[0;36m		[A1. EP300::A2. TCF7L2] ---  [B1. GSK3B::B2. PTEN}[0m
74 146 cost: 540
[0;36m		[A1. EP300::A2. TCF7L2] ---  [B1. GSK3B::B2. PTEN}[0m
[0;36m		[A1. TCF7L2::A2. APC] ---  [B1. PTEN::B2. SMAD4}[0m
146 37 cost: 540
[0;36m		[A1. TCF7L2::A2. APC] ---  [B1. PTEN::B2. SMAD4}[0m
[0;36m		[A1. APC::A2. SMAD4] ---  [B1. SMAD4::B2. APC}[0m
37 100 cost: 540
[0;36m		[A1. APC::A2. SMAD4] ---  [B1. SMAD4::B2. APC}[0m
[0;36m		[A1. SMAD4::A2. STAT3] ---  [B1. APC::B2. TCF7L2}[0m

Displayed tree score: 0.144928

4th run results (1) [new minumum]:0.230179
4 151 cost: 465
[0;36m		[A1. ABCA1::A2. EP300] ---  [B1. GSK3B::B2. PTEN}[0m
[0;36m		[A1. TCF7L2::A2. APC] ---  [B1. TCF7L2::B2. APC}[0m
151 29 cost: 100
[0;36m		[A1. TCF7L2::A2. APC] ---  [B1. TCF7L2::B2. APC}[0m
[0;36m		[A1. APC::A2. SMAD4] ---  [B1. APC::B2. SMAD4}[0m
151 77 cost: 217
[0;36m		[A1. TCF7L2::A2. APC] ---  [B1. TCF7L2::B2. APC}[0m
[0;36m		[A1. EP300::A2. TCF7L2] ---  [B1. PTEN::B2. TCF7L2}[0m

Displayed tree score: 0.230179

7th run results (2) [new minumum]:0.256616
7 151 cost: 465
[0;36m		[A1. ABCA1::A2. EP300] ---  [B1. PTEN::B2. TCF7L2}[0m
[0;36m		[A1. TCF7L2::A2. APC] ---  [B1. TCF7L2::B2. APC}[0m
151 29 cost: 100
[0;36m		[A1. TCF7L2::A2. APC] ---  [B1. TCF7L2::B2. APC}[0m
[0;36m		[A1. APC::A2. SMAD4] ---  [B1. APC::B2. SMAD4}[0m
29 108 cost: 217
[0;36m		[A1. APC::A2. SMAD4] ---  [B1. APC::B2. SMAD4}[0m
[0;36m		[A1. SMAD4::A2. STAT3] ---  [B1. SMAD4::B2. PTEN}[0m
29 117 cost: 465
[0;36m		[A1. APC::A2. SMAD4] ---  [B1. APC::B2. SMAD4}[0m
[0;36m		[A1. STAT3::A2. ABCA1] ---  [B1. PTEN::B2. GSK3B}[0m

Displayed tree score: 0.256616

77th run results (3) [new minumum]:0.32032
77 151 cost: 217
[0;36m		[A1. EP300::A2. TCF7L2] ---  [B1. PTEN::B2. TCF7L2}[0m
[0;36m		[A1. TCF7L2::A2. APC] ---  [B1. TCF7L2::B2. APC}[0m
151 29 cost: 100
[0;36m		[A1. TCF7L2::A2. APC] ---  [B1. TCF7L2::B2. APC}[0m
[0;36m		[A1. APC::A2. SMAD4] ---  [B1. APC::B2. SMAD4}[0m
29 108 cost: 217
[0;36m		[A1. APC::A2. SMAD4] ---  [B1. APC::B2. SMAD4}[0m
[0;36m		[A1. SMAD4::A2. STAT3] ---  [B1. SMAD4::B2. PTEN}[0m
29 117 cost: 465
[0;36m		[A1. APC::A2. SMAD4] ---  [B1. APC::B2. SMAD4}[0m
[0;36m		[A1. STAT3::A2. ABCA1] ---  [B1. PTEN::B2. GSK3B}[0m

Displayed tree score: 0.32032

Petal1:6	Petal2:7	treecost: 999	 tree size:4
$RESULT$	ABCA1	TIAM1	norm_score:	0.32032
[0m
[0 min 0 sec] All done in 
