COMMAND: /Users/gurkan/Box/Research/INSPIRE/inspire-replication/src/INSPIRE /Users/gurkan/Box/Research/INSPIRE/inspire-replication/database/inspire.sqlite ABCA1 PRKD1 inspire_legacy_v1

GO normalization for inspire_legacy_v1: 14.1026
Loaded 5995 GO pair scores for inspire_legacy_v1
Create two petals
Begin PETAL setup
new petal ABCA1 (6)
# 6 interactions in ABCA1
Done adding UniProt and Pfam annotations for ABCA1.
new petal PRKD1 (7)
# 8 interactions in PRKD1
Done adding UniProt and Pfam annotations for PRKD1.
Petal Sizes: 6, 7
[1;32mPetal Name: [1;33mABCA1
[1;32mPetal Size: [1;33m6[0;31m
ABCA1
APC
EP300
SMAD4
STAT3
TCF7L2
[0m---- 
[1;36mPetal Interactions[0;32m
1 EP300	pp	ABCA1
2 SMAD4	pp	APC
3 STAT3	pp	ABCA1
4 STAT3	pp	SMAD4
5 TCF7L2	pp	APC
6 TCF7L2	pp	EP300
[0m
[1;32mPetal Name: [1;33mPRKD1
[1;32mPetal Size: [1;33m7[0;31m
APC
ATF2
CREB1
GSK3B
PRKD1
SMAD4
TCF7L2
[0m---- 
[1;36mPetal Interactions[0;32m
1 GSK3B	pp	APC
2 GSK3B	pp	CREB1
3 PRKD1	pp	ATF2
4 PRKD1	pp	CREB1
5 SMAD4	pp	APC
6 SMAD4	pp	ATF2
7 TCF7L2	pp	APC
8 TCF7L2	pp	CREB1
[0m
Done creating Petals.
petals are loaded
[1;32mAGE for [0;36mABCA1 - PRKD1[0m
[0;35minitial size for AGE: 0[0m
counterPetal1 12
counterPetal2 16
counterPetal1*counterPetal2 192
(*AGE).size()=192
[0m---- 
[1;33mAGE nodes: 192[0m
Allocate AGEgraph :  192 x 192	36864 bytes

[0 min 0 sec] Nodes are done in 

[0 min 0 sec] Edges are done in 
0th run results (0) [new minumum]:0.178827
0 89 cost: 588
[0;36m		[A1. ABCA1::A2. EP300] ---  [B1. APC::B2. GSK3B}[0m
[0;36m		[A1. EP300::A2. TCF7L2] ---  [B1. GSK3B::B2. CREB1}[0m
89 166 cost: 540
[0;36m		[A1. EP300::A2. TCF7L2] ---  [B1. GSK3B::B2. CREB1}[0m
[0;36m		[A1. TCF7L2::A2. APC] ---  [B1. CREB1::B2. PRKD1}[0m
166 42 cost: 540
[0;36m		[A1. TCF7L2::A2. APC] ---  [B1. CREB1::B2. PRKD1}[0m
[0;36m		[A1. APC::A2. SMAD4] ---  [B1. PRKD1::B2. ATF2}[0m
42 116 cost: 540
[0;36m		[A1. APC::A2. SMAD4] ---  [B1. PRKD1::B2. ATF2}[0m
[0;36m		[A1. SMAD4::A2. STAT3] ---  [B1. ATF2::B2. SMAD4}[0m
116 140 cost: 588
[0;36m		[A1. SMAD4::A2. STAT3] ---  [B1. ATF2::B2. SMAD4}[0m
[0;36m		[A1. STAT3::A2. ABCA1] ---  [B1. SMAD4::B2. APC}[0m

Displayed tree score: 0.178827

2th run results (1) [new minumum]:0.181951
2 95 cost: 588
[0;36m		[A1. ABCA1::A2. EP300] ---  [B1. APC::B2. TCF7L2}[0m
[0;36m		[A1. EP300::A2. TCF7L2] ---  [B1. TCF7L2::B2. CREB1}[0m
95 165 cost: 540
[0;36m		[A1. EP300::A2. TCF7L2] ---  [B1. TCF7L2::B2. CREB1}[0m
[0;36m		[A1. TCF7L2::A2. APC] ---  [B1. CREB1::B2. GSK3B}[0m
165 40 cost: 540
[0;36m		[A1. TCF7L2::A2. APC] ---  [B1. CREB1::B2. GSK3B}[0m
[0;36m		[A1. APC::A2. SMAD4] ---  [B1. GSK3B::B2. APC}[0m
40 113 cost: 540
[0;36m		[A1. APC::A2. SMAD4] ---  [B1. GSK3B::B2. APC}[0m
[0;36m		[A1. SMAD4::A2. STAT3] ---  [B1. APC::B2. SMAD4}[0m
113 141 cost: 540
[0;36m		[A1. SMAD4::A2. STAT3] ---  [B1. APC::B2. SMAD4}[0m
[0;36m		[A1. STAT3::A2. ABCA1] ---  [B1. SMAD4::B2. ATF2}[0m

Displayed tree score: 0.181951

3th run results (2) [new minumum]:0.185185
3 91 cost: 540
[0;36m		[A1. ABCA1::A2. EP300] ---  [B1. ATF2::B2. PRKD1}[0m
[0;36m		[A1. EP300::A2. TCF7L2] ---  [B1. PRKD1::B2. CREB1}[0m
3 141 cost: 540
[0;36m		[A1. ABCA1::A2. EP300] ---  [B1. ATF2::B2. PRKD1}[0m
[0;36m		[A1. STAT3::A2. ABCA1] ---  [B1. SMAD4::B2. ATF2}[0m
141 113 cost: 540
[0;36m		[A1. STAT3::A2. ABCA1] ---  [B1. SMAD4::B2. ATF2}[0m
[0;36m		[A1. SMAD4::A2. STAT3] ---  [B1. APC::B2. SMAD4}[0m
113 40 cost: 540
[0;36m		[A1. SMAD4::A2. STAT3] ---  [B1. APC::B2. SMAD4}[0m
[0;36m		[A1. APC::A2. SMAD4] ---  [B1. GSK3B::B2. APC}[0m
91 165 cost: 540
[0;36m		[A1. EP300::A2. TCF7L2] ---  [B1. PRKD1::B2. CREB1}[0m
[0;36m		[A1. TCF7L2::A2. APC] ---  [B1. CREB1::B2. GSK3B}[0m

Displayed tree score: 0.185185

7th run results (3) [new minumum]:0.256616
7 174 cost: 465
[0;36m		[A1. ABCA1::A2. EP300] ---  [B1. CREB1::B2. TCF7L2}[0m
[0;36m		[A1. TCF7L2::A2. APC] ---  [B1. TCF7L2::B2. APC}[0m
174 33 cost: 100
[0;36m		[A1. TCF7L2::A2. APC] ---  [B1. TCF7L2::B2. APC}[0m
[0;36m		[A1. APC::A2. SMAD4] ---  [B1. APC::B2. SMAD4}[0m
33 125 cost: 217
[0;36m		[A1. APC::A2. SMAD4] ---  [B1. APC::B2. SMAD4}[0m
[0;36m		[A1. SMAD4::A2. STAT3] ---  [B1. SMAD4::B2. ATF2}[0m
33 131 cost: 465
[0;36m		[A1. APC::A2. SMAD4] ---  [B1. APC::B2. SMAD4}[0m
[0;36m		[A1. STAT3::A2. ABCA1] ---  [B1. ATF2::B2. PRKD1}[0m

Displayed tree score: 0.256616

9th run results (4) [new minumum]:0.34153
9 174 cost: 465
[0;36m		[A1. ABCA1::A2. EP300] ---  [B1. GSK3B::B2. CREB1}[0m
[0;36m		[A1. TCF7L2::A2. APC] ---  [B1. TCF7L2::B2. APC}[0m
174 33 cost: 100
[0;36m		[A1. TCF7L2::A2. APC] ---  [B1. TCF7L2::B2. APC}[0m
[0;36m		[A1. APC::A2. SMAD4] ---  [B1. APC::B2. SMAD4}[0m
174 87 cost: 217
[0;36m		[A1. TCF7L2::A2. APC] ---  [B1. TCF7L2::B2. APC}[0m
[0;36m		[A1. EP300::A2. TCF7L2] ---  [B1. CREB1::B2. TCF7L2}[0m
33 125 cost: 217
[0;36m		[A1. APC::A2. SMAD4] ---  [B1. APC::B2. SMAD4}[0m
[0;36m		[A1. SMAD4::A2. STAT3] ---  [B1. SMAD4::B2. ATF2}[0m
33 131 cost: 465
[0;36m		[A1. APC::A2. SMAD4] ---  [B1. APC::B2. SMAD4}[0m
[0;36m		[A1. STAT3::A2. ABCA1] ---  [B1. ATF2::B2. PRKD1}[0m

Displayed tree score: 0.34153

Petal1:6	Petal2:8	treecost: 1464	 tree size:5
$RESULT$	ABCA1	PRKD1	norm_score:	0.34153
[0m
[0 min 0 sec] All done in 
