COMMAND: /Users/gurkan/Box/Research/INSPIRE/inspire-replication/src/INSPIRE /Users/gurkan/Box/Research/INSPIRE/inspire-replication/database/inspire.sqlite ABCA1 TAF2 inspire_legacy_v1

GO normalization for inspire_legacy_v1: 14.1026
Loaded 5995 GO pair scores for inspire_legacy_v1
Create two petals
Begin PETAL setup
new petal ABCA1 (6)
# 6 interactions in ABCA1
Done adding UniProt and Pfam annotations for ABCA1.
new petal TAF2 (6)
# 6 interactions in TAF2
Done adding UniProt and Pfam annotations for TAF2.
Petal Sizes: 6, 6
[1;32mPetal Name: [1;33mABCA1
[1;32mPetal Size: [1;33m6[0;31m
ABCA1
APC
EP300
SMAD4
STAT3
TCF7L2
[0m---- 
[1;36mPetal Interactions[0;32m
1 EP300	pp	ABCA1
2 SMAD4	pp	APC
3 STAT3	pp	ABCA1
4 STAT3	pp	SMAD4
5 TCF7L2	pp	APC
6 TCF7L2	pp	EP300
[0m
[1;32mPetal Name: [1;33mTAF2
[1;32mPetal Size: [1;33m6[0;31m
APC
GSK3B
MAP3K7
MED1
TAF2
TBL1XR1
[0m---- 
[1;36mPetal Interactions[0;32m
1 GSK3B	pp	APC
2 MAP3K7	pp	GSK3B
3 TAF2	pp	MAP3K7
4 TAF2	pp	MED1
5 TBL1XR1	pp	APC
6 TBL1XR1	pp	MED1
[0m
Done creating Petals.
petals are loaded
[1;32mAGE for [0;36mABCA1 - TAF2[0m
[0;35minitial size for AGE: 0[0m
counterPetal1 12
counterPetal2 12
counterPetal1*counterPetal2 144
(*AGE).size()=144
[0m---- 
[1;33mAGE nodes: 144[0m
Allocate AGEgraph :  144 x 144	20736 bytes

[0 min 0 sec] Nodes are done in 

[0 min 0 sec] Edges are done in 
0th run results (0) [new minumum]:0.0843313
0 63 cost: 625
[0;36m		[A1. ABCA1::A2. EP300] ---  [B1. APC::B2. GSK3B}[0m
[0;36m		[A1. EP300::A2. TCF7L2] ---  [B1. GSK3B::B2. MAP3K7}[0m
63 125 cost: 769
[0;36m		[A1. EP300::A2. TCF7L2] ---  [B1. GSK3B::B2. MAP3K7}[0m
[0;36m		[A1. TCF7L2::A2. APC] ---  [B1. MAP3K7::B2. TAF2}[0m
0 106 cost: 869
[0;36m		[A1. ABCA1::A2. EP300] ---  [B1. APC::B2. GSK3B}[0m
[0;36m		[A1. STAT3::A2. ABCA1] ---  [B1. TBL1XR1::B2. APC}[0m
125 33 cost: 1666
[0;36m		[A1. TCF7L2::A2. APC] ---  [B1. MAP3K7::B2. TAF2}[0m
[0;36m		[A1. APC::A2. SMAD4] ---  [B1. TAF2::B2. MED1}[0m
106 91 cost: 2000
[0;36m		[A1. STAT3::A2. ABCA1] ---  [B1. TBL1XR1::B2. APC}[0m
[0;36m		[A1. SMAD4::A2. STAT3] ---  [B1. MED1::B2. TBL1XR1}[0m

Displayed tree score: 0.0843313

1th run results (1) [new minumum]:0.127324
1 98 cost: 769
[0;36m		[A1. ABCA1::A2. EP300] ---  [B1. APC::B2. TBL1XR1}[0m
[0;36m		[A1. STAT3::A2. ABCA1] ---  [B1. GSK3B::B2. APC}[0m
98 88 cost: 588
[0;36m		[A1. STAT3::A2. ABCA1] ---  [B1. GSK3B::B2. APC}[0m
[0;36m		[A1. SMAD4::A2. STAT3] ---  [B1. MAP3K7::B2. GSK3B}[0m
88 32 cost: 666
[0;36m		[A1. SMAD4::A2. STAT3] ---  [B1. MAP3K7::B2. GSK3B}[0m
[0;36m		[A1. APC::A2. SMAD4] ---  [B1. TAF2::B2. MAP3K7}[0m
1 71 cost: 952
[0;36m		[A1. ABCA1::A2. EP300] ---  [B1. APC::B2. TBL1XR1}[0m
[0;36m		[A1. EP300::A2. TCF7L2] ---  [B1. TBL1XR1::B2. MED1}[0m
32 126 cost: 952
[0;36m		[A1. APC::A2. SMAD4] ---  [B1. TAF2::B2. MAP3K7}[0m
[0;36m		[A1. TCF7L2::A2. APC] ---  [B1. MED1::B2. TAF2}[0m

Displayed tree score: 0.127324

Petal1:6	Petal2:6	treecost: 3927	 tree size:5
$RESULT$	ABCA1	TAF2	norm_score:	0.127324
[0m
[0 min 0 sec] All done in 
