COMMAND: /Users/gurkan/Box/Research/INSPIRE/inspire-replication/src/INSPIRE /Users/gurkan/Box/Research/INSPIRE/inspire-replication/database/inspire.sqlite ABCA1 RUNX1T1 inspire_legacy_v1

GO normalization for inspire_legacy_v1: 14.1026
Loaded 5995 GO pair scores for inspire_legacy_v1
Create two petals
Begin PETAL setup
new petal ABCA1 (6)
# 6 interactions in ABCA1
Done adding UniProt and Pfam annotations for ABCA1.
new petal RUNX1T1 (4)
# 3 interactions in RUNX1T1
Done adding UniProt and Pfam annotations for RUNX1T1.
Petal Sizes: 6, 4
[1;32mPetal Name: [1;33mABCA1
[1;32mPetal Size: [1;33m6[0;31m
ABCA1
APC
EP300
SMAD4
STAT3
TCF7L2
[0m---- 
[1;36mPetal Interactions[0;32m
1 EP300	pp	ABCA1
2 SMAD4	pp	APC
3 STAT3	pp	ABCA1
4 STAT3	pp	SMAD4
5 TCF7L2	pp	APC
6 TCF7L2	pp	EP300
[0m
[1;32mPetal Name: [1;33mRUNX1T1
[1;32mPetal Size: [1;33m4[0;31m
APC
RUNX1T1
SMAD4
SP1
[0m---- 
[1;36mPetal Interactions[0;32m
1 SMAD4	pp	APC
2 SP1	pp	RUNX1T1
3 SP1	pp	SMAD4
[0m
Done creating Petals.
petals are loaded
[1;32mAGE for [0;36mABCA1 - RUNX1T1[0m
[0;35minitial size for AGE: 0[0m
counterPetal1 12
counterPetal2 6
counterPetal1*counterPetal2 72
(*AGE).size()=72
[0m---- 
[1;33mAGE nodes: 72[0m
Allocate AGEgraph :  72 x 72	5184 bytes

[0 min 0 sec] Nodes are done in 

[0 min 0 sec] Edges are done in 
0th run results (0) [new minumum]:0.0756144
0 33 cost: 645
[0;36m		[A1. ABCA1::A2. EP300] ---  [B1. APC::B2. SMAD4}[0m
[0;36m		[A1. EP300::A2. TCF7L2] ---  [B1. SMAD4::B2. SP1}[0m
33 64 cost: 2000
[0;36m		[A1. EP300::A2. TCF7L2] ---  [B1. SMAD4::B2. SP1}[0m
[0;36m		[A1. TCF7L2::A2. APC] ---  [B1. SP1::B2. RUNX1T1}[0m

Displayed tree score: 0.0756144

1th run results (1) [new minumum]:0.114286
1 35 cost: 1250
[0;36m		[A1. ABCA1::A2. EP300] ---  [B1. RUNX1T1::B2. SP1}[0m
[0;36m		[A1. EP300::A2. TCF7L2] ---  [B1. SP1::B2. SMAD4}[0m
35 62 cost: 500
[0;36m		[A1. EP300::A2. TCF7L2] ---  [B1. SP1::B2. SMAD4}[0m
[0;36m		[A1. TCF7L2::A2. APC] ---  [B1. SMAD4::B2. APC}[0m

Displayed tree score: 0.114286

3th run results (2) [new minumum]:0.145666
3 48 cost: 540
[0;36m		[A1. ABCA1::A2. EP300] ---  [B1. SMAD4::B2. SP1}[0m
[0;36m		[A1. STAT3::A2. ABCA1] ---  [B1. APC::B2. SMAD4}[0m
3 34 cost: 833
[0;36m		[A1. ABCA1::A2. EP300] ---  [B1. SMAD4::B2. SP1}[0m
[0;36m		[A1. EP300::A2. TCF7L2] ---  [B1. SP1::B2. RUNX1T1}[0m

Displayed tree score: 0.145666

Petal1:6	Petal2:3	treecost: 1373	 tree size:2
$RESULT$	ABCA1	RUNX1T1	norm_score:	0.145666
[0m
[0 min 0 sec] All done in 
