COMMAND: /Users/gurkan/Box/Research/INSPIRE/inspire-replication/src/INSPIRE /Users/gurkan/Box/Research/INSPIRE/inspire-replication/database/inspire.sqlite ABCA1 ABCA1 inspire_legacy_v1

GO normalization for inspire_legacy_v1: 14.1026
Loaded 5995 GO pair scores for inspire_legacy_v1
Create two petals
Begin PETAL setup
new petal ABCA1 (6)
# 6 interactions in ABCA1
Done adding UniProt and Pfam annotations for ABCA1.
new petal ABCA1 (6)
# 6 interactions in ABCA1
Done adding UniProt and Pfam annotations for ABCA1.
Petal Sizes: 6, 6
[1;32mPetal Name: [1;33mABCA1
[1;32mPetal Size: [1;33m6[0;31m
ABCA1
APC
EP300
SMAD4
STAT3
TCF7L2
[0m---- 
[1;36mPetal Interactions[0;32m
1 EP300	pp	ABCA1
2 SMAD4	pp	APC
3 STAT3	pp	ABCA1
4 STAT3	pp	SMAD4
5 TCF7L2	pp	APC
6 TCF7L2	pp	EP300
[0m
[1;32mPetal Name: [1;33mABCA1
[1;32mPetal Size: [1;33m6[0;31m
ABCA1
APC
EP300
SMAD4
STAT3
TCF7L2
[0m---- 
[1;36mPetal Interactions[0;32m
1 EP300	pp	ABCA1
2 SMAD4	pp	APC
3 STAT3	pp	ABCA1
4 STAT3	pp	SMAD4
5 TCF7L2	pp	APC
6 TCF7L2	pp	EP300
[0m
Done creating Petals.
petals are loaded
[1;32mAGE for [0;36mABCA1 - ABCA1[0m
[0;35minitial size for AGE: 0[0m
counterPetal1 12
counterPetal2 12
counterPetal1*counterPetal2 144
(*AGE).size()=144
[0m---- 
[1;33mAGE nodes: 144[0m
Allocate AGEgraph :  144 x 144	20736 bytes

[0 min 0 sec] Nodes are done in 

[0 min 0 sec] Edges are done in 
0th run results (0) [new minumum]:1
0 65 cost: 100
[0;36m		[A1. ABCA1::A2. EP300] ---  [B1. ABCA1::B2. EP300}[0m
[0;36m		[A1. EP300::A2. TCF7L2] ---  [B1. EP300::B2. TCF7L2}[0m
0 104 cost: 100
[0;36m		[A1. ABCA1::A2. EP300] ---  [B1. ABCA1::B2. EP300}[0m
[0;36m		[A1. STAT3::A2. ABCA1] ---  [B1. STAT3::B2. ABCA1}[0m
104 91 cost: 100
[0;36m		[A1. STAT3::A2. ABCA1] ---  [B1. STAT3::B2. ABCA1}[0m
[0;36m		[A1. SMAD4::A2. STAT3] ---  [B1. SMAD4::B2. STAT3}[0m
91 26 cost: 100
[0;36m		[A1. SMAD4::A2. STAT3] ---  [B1. SMAD4::B2. STAT3}[0m
[0;36m		[A1. APC::A2. SMAD4] ---  [B1. APC::B2. SMAD4}[0m
65 130 cost: 100
[0;36m		[A1. EP300::A2. TCF7L2] ---  [B1. EP300::B2. TCF7L2}[0m
[0;36m		[A1. TCF7L2::A2. APC] ---  [B1. TCF7L2::B2. APC}[0m

Displayed tree score: 1

Petal1:6	Petal2:6	treecost: 500	 tree size:5
$RESULT$	ABCA1	ABCA1	norm_score:	1
[0m
[0 min 0 sec] All done in 
