COMMAND: /Users/gurkan/Box/Research/INSPIRE/inspire-replication/src/INSPIRE /Users/gurkan/Box/Research/INSPIRE/inspire-replication/database/inspire.sqlite ABCA1 SMAD4 inspire_legacy_v1

GO normalization for inspire_legacy_v1: 14.1026
Loaded 5995 GO pair scores for inspire_legacy_v1
Create two petals
Begin PETAL setup
new petal ABCA1 (6)
# 6 interactions in ABCA1
Done adding UniProt and Pfam annotations for ABCA1.
new petal SMAD4 (25)
# 48 interactions in SMAD4
Done adding UniProt and Pfam annotations for SMAD4.
Petal Sizes: 6, 25
[1;32mPetal Name: [1;33mABCA1
[1;32mPetal Size: [1;33m6[0;31m
ABCA1
APC
EP300
SMAD4
STAT3
TCF7L2
[0m---- 
[1;36mPetal Interactions[0;32m
1 EP300	pp	ABCA1
2 SMAD4	pp	APC
3 STAT3	pp	ABCA1
4 STAT3	pp	SMAD4
5 TCF7L2	pp	APC
6 TCF7L2	pp	EP300
[0m
[1;32mPetal Name: [1;33mSMAD4
[1;32mPetal Size: [1;33m25[0;31m
APC
BCL2
BTRC
CDC42
ERBIN
GSK3B
HIF1A
KRAS
LRRK2
MAP2K1
MAPK1
NCOR1
PTEN
RBPJ
SIAH1
SIN3A
SMAD1
SMAD2
SMAD4
SMURF2
SP1
TBL1XR1
TCF7L2
TNKS
WWTR1
[0m---- 
[1;36mPetal Interactions[0;32m
1 BTRC	pp	APC
2 CDC42	pp	APC
3 ERBIN	pp	APC
4 ERBIN	pp	CDC42
5 GSK3B	pp	APC
6 HIF1A	pp	GSK3B
7 KRAS	pp	APC
8 KRAS	pp	BCL2
9 KRAS	pp	HIF1A
10 LRRK2	pp	APC
11 LRRK2	pp	HIF1A
12 MAP2K1	pp	BTRC
13 MAP2K1	pp	CDC42
14 MAPK1	pp	GSK3B
15 PTEN	pp	CDC42
16 PTEN	pp	GSK3B
17 SIAH1	pp	APC
18 SIAH1	pp	HIF1A
19 SMAD1	pp	GSK3B
20 SMAD2	pp	CDC42
21 SMAD2	pp	ERBIN
22 SMAD2	pp	GSK3B
23 SMAD4	pp	APC
24 SMAD4	pp	BCL2
25 SMAD4	pp	CDC42
26 SMAD4	pp	HIF1A
27 SMAD4	pp	MAP2K1
28 SMAD4	pp	MAPK1
29 SMAD4	pp	NCOR1
30 SMAD4	pp	PTEN
31 SMAD4	pp	RBPJ
32 SMAD4	pp	SIN3A
33 SMAD4	pp	SMAD1
34 SMAD4	pp	SMAD2
35 SMURF2	pp	GSK3B
36 SMURF2	pp	SMAD4
37 SP1	pp	BTRC
38 SP1	pp	SMAD4
39 TBL1XR1	pp	APC
40 TBL1XR1	pp	NCOR1
41 TBL1XR1	pp	RBPJ
42 TBL1XR1	pp	SIN3A
43 TCF7L2	pp	APC
44 TCF7L2	pp	PTEN
45 TNKS	pp	APC
46 TNKS	pp	PTEN
47 WWTR1	pp	BTRC
48 WWTR1	pp	SMAD4
[0m
Done creating Petals.
petals are loaded
[1;32mAGE for [0;36mABCA1 - SMAD4[0m
[0;35minitial size for AGE: 0[0m
counterPetal1 12
counterPetal2 96
counterPetal1*counterPetal2 1152
(*AGE).size()=1152
[0m---- 
[1;33mAGE nodes: 1152[0m
Allocate AGEgraph :  1152 x 1152	1327104 bytes

[0 min 0 sec] Nodes are done in 

[0 min 0 sec] Edges are done in 
0th run results (0) [new minumum]:0.192827
0 494 cost: 588
[0;36m		[A1. ABCA1::A2. EP300] ---  [B1. APC::B2. BTRC}[0m
[0;36m		[A1. EP300::A2. TCF7L2] ---  [B1. BTRC::B2. MAP2K1}[0m
494 1004 cost: 540
[0;36m		[A1. EP300::A2. TCF7L2] ---  [B1. BTRC::B2. MAP2K1}[0m
[0;36m		[A1. TCF7L2::A2. APC] ---  [B1. MAP2K1::B2. CDC42}[0m
1004 214 cost: 500
[0;36m		[A1. TCF7L2::A2. APC] ---  [B1. MAP2K1::B2. CDC42}[0m
[0;36m		[A1. APC::A2. SMAD4] ---  [B1. CDC42::B2. SMAD4}[0m
214 739 cost: 465
[0;36m		[A1. APC::A2. SMAD4] ---  [B1. CDC42::B2. SMAD4}[0m
[0;36m		[A1. SMAD4::A2. STAT3] ---  [B1. SMAD4::B2. APC}[0m
739 771 cost: 500
[0;36m		[A1. SMAD4::A2. STAT3] ---  [B1. SMAD4::B2. APC}[0m
[0;36m		[A1. STAT3::A2. ABCA1] ---  [B1. APC::B2. GSK3B}[0m

Displayed tree score: 0.192827

17th run results (1) [new minumum]:0.201369
17 489 cost: 500
[0;36m		[A1. ABCA1::A2. EP300] ---  [B1. CDC42::B2. APC}[0m
[0;36m		[A1. EP300::A2. TCF7L2] ---  [B1. APC::B2. TCF7L2}[0m
489 1051 cost: 465
[0;36m		[A1. EP300::A2. TCF7L2] ---  [B1. APC::B2. TCF7L2}[0m
[0;36m		[A1. TCF7L2::A2. APC] ---  [B1. TCF7L2::B2. PTEN}[0m
1051 244 cost: 465
[0;36m		[A1. TCF7L2::A2. APC] ---  [B1. TCF7L2::B2. PTEN}[0m
[0;36m		[A1. APC::A2. SMAD4] ---  [B1. PTEN::B2. SMAD4}[0m
244 740 cost: 465
[0;36m		[A1. APC::A2. SMAD4] ---  [B1. PTEN::B2. SMAD4}[0m
[0;36m		[A1. SMAD4::A2. STAT3] ---  [B1. SMAD4::B2. BCL2}[0m
740 779 cost: 588
[0;36m		[A1. SMAD4::A2. STAT3] ---  [B1. SMAD4::B2. BCL2}[0m
[0;36m		[A1. STAT3::A2. ABCA1] ---  [B1. BCL2::B2. KRAS}[0m

Displayed tree score: 0.201369

20th run results (2) [new minumum]:0.32175
20 1050 cost: 465
[0;36m		[A1. ABCA1::A2. EP300] ---  [B1. CDC42::B2. PTEN}[0m
[0;36m		[A1. TCF7L2::A2. APC] ---  [B1. TCF7L2::B2. APC}[0m
1050 199 cost: 100
[0;36m		[A1. TCF7L2::A2. APC] ---  [B1. TCF7L2::B2. APC}[0m
[0;36m		[A1. APC::A2. SMAD4] ---  [B1. APC::B2. SMAD4}[0m
1050 533 cost: 217
[0;36m		[A1. TCF7L2::A2. APC] ---  [B1. TCF7L2::B2. APC}[0m
[0;36m		[A1. EP300::A2. TCF7L2] ---  [B1. PTEN::B2. TCF7L2}[0m
199 740 cost: 217
[0;36m		[A1. APC::A2. SMAD4] ---  [B1. APC::B2. SMAD4}[0m
[0;36m		[A1. SMAD4::A2. STAT3] ---  [B1. SMAD4::B2. BCL2}[0m
199 779 cost: 555
[0;36m		[A1. APC::A2. SMAD4] ---  [B1. APC::B2. SMAD4}[0m
[0;36m		[A1. STAT3::A2. ABCA1] ---  [B1. BCL2::B2. KRAS}[0m

Displayed tree score: 0.32175

97th run results (3) [new minumum]:0.324886
97 886 cost: 540
[0;36m		[A1. ABCA1::A2. STAT3] ---  [B1. APC::B2. CDC42}[0m
[0;36m		[A1. STAT3::A2. SMAD4] ---  [B1. CDC42::B2. SMAD4}[0m
886 643 cost: 217
[0;36m		[A1. STAT3::A2. SMAD4] ---  [B1. CDC42::B2. SMAD4}[0m
[0;36m		[A1. SMAD4::A2. APC] ---  [B1. SMAD4::B2. APC}[0m
643 297 cost: 100
[0;36m		[A1. SMAD4::A2. APC] ---  [B1. SMAD4::B2. APC}[0m
[0;36m		[A1. APC::A2. TCF7L2] ---  [B1. APC::B2. TCF7L2}[0m
297 1147 cost: 217
[0;36m		[A1. APC::A2. TCF7L2] ---  [B1. APC::B2. TCF7L2}[0m
[0;36m		[A1. TCF7L2::A2. EP300] ---  [B1. TCF7L2::B2. PTEN}[0m
297 435 cost: 465
[0;36m		[A1. APC::A2. TCF7L2] ---  [B1. APC::B2. TCF7L2}[0m
[0;36m		[A1. EP300::A2. ABCA1] ---  [B1. PTEN::B2. GSK3B}[0m

Displayed tree score: 0.324886

108th run results (4) [new minumum]:0.336474
108 643 cost: 487
[0;36m		[A1. ABCA1::A2. STAT3] ---  [B1. BCL2::B2. SMAD4}[0m
[0;36m		[A1. SMAD4::A2. APC] ---  [B1. SMAD4::B2. APC}[0m
643 297 cost: 100
[0;36m		[A1. SMAD4::A2. APC] ---  [B1. SMAD4::B2. APC}[0m
[0;36m		[A1. APC::A2. TCF7L2] ---  [B1. APC::B2. TCF7L2}[0m
643 886 cost: 217
[0;36m		[A1. SMAD4::A2. APC] ---  [B1. SMAD4::B2. APC}[0m
[0;36m		[A1. STAT3::A2. SMAD4] ---  [B1. CDC42::B2. SMAD4}[0m
297 1147 cost: 217
[0;36m		[A1. APC::A2. TCF7L2] ---  [B1. APC::B2. TCF7L2}[0m
[0;36m		[A1. TCF7L2::A2. EP300] ---  [B1. TCF7L2::B2. PTEN}[0m
297 435 cost: 465
[0;36m		[A1. APC::A2. TCF7L2] ---  [B1. APC::B2. TCF7L2}[0m
[0;36m		[A1. EP300::A2. ABCA1] ---  [B1. PTEN::B2. GSK3B}[0m

Displayed tree score: 0.336474

115th run results (5) [new minumum]:0.34153
115 643 cost: 465
[0;36m		[A1. ABCA1::A2. STAT3] ---  [B1. CDC42::B2. MAP2K1}[0m
[0;36m		[A1. SMAD4::A2. APC] ---  [B1. SMAD4::B2. APC}[0m
643 297 cost: 100
[0;36m		[A1. SMAD4::A2. APC] ---  [B1. SMAD4::B2. APC}[0m
[0;36m		[A1. APC::A2. TCF7L2] ---  [B1. APC::B2. TCF7L2}[0m
643 876 cost: 217
[0;36m		[A1. SMAD4::A2. APC] ---  [B1. SMAD4::B2. APC}[0m
[0;36m		[A1. STAT3::A2. SMAD4] ---  [B1. BCL2::B2. SMAD4}[0m
297 1147 cost: 217
[0;36m		[A1. APC::A2. TCF7L2] ---  [B1. APC::B2. TCF7L2}[0m
[0;36m		[A1. TCF7L2::A2. EP300] ---  [B1. TCF7L2::B2. PTEN}[0m
297 434 cost: 465
[0;36m		[A1. APC::A2. TCF7L2] ---  [B1. APC::B2. TCF7L2}[0m
[0;36m		[A1. EP300::A2. ABCA1] ---  [B1. PTEN::B2. CDC42}[0m

Displayed tree score: 0.34153

Petal1:6	Petal2:48	treecost: 1464	 tree size:5
$RESULT$	ABCA1	SMAD4	norm_score:	0.34153
[0m
[0 min 0 sec] All done in 
