COMMAND: /Users/gurkan/Box/Research/INSPIRE/inspire-replication/src/INSPIRE /Users/gurkan/Box/Research/INSPIRE/inspire-replication/database/inspire.sqlite BCL9 TAF2 inspire_legacy_v1

GO normalization for inspire_legacy_v1: 14.1026
Loaded 5995 GO pair scores for inspire_legacy_v1
Create two petals
Begin PETAL setup
new petal BCL9 (4)
# 3 interactions in BCL9
Done adding UniProt and Pfam annotations for BCL9.
new petal TAF2 (6)
# 6 interactions in TAF2
Done adding UniProt and Pfam annotations for TAF2.
Petal Sizes: 4, 6
[1;32mPetal Name: [1;33mBCL9
[1;32mPetal Size: [1;33m4[0;31m
APC
BCL9
CDC73
TCF7L2
[0m---- 
[1;36mPetal Interactions[0;32m
1 CDC73	pp	BCL9
2 TCF7L2	pp	APC
3 TCF7L2	pp	CDC73
[0m
[1;32mPetal Name: [1;33mTAF2
[1;32mPetal Size: [1;33m6[0;31m
APC
GSK3B
MAP3K7
MED1
TAF2
TBL1XR1
[0m---- 
[1;36mPetal Interactions[0;32m
1 GSK3B	pp	APC
2 MAP3K7	pp	GSK3B
3 TAF2	pp	MAP3K7
4 TAF2	pp	MED1
5 TBL1XR1	pp	APC
6 TBL1XR1	pp	MED1
[0m
Done creating Petals.
petals are loaded
[1;32mAGE for [0;36mBCL9 - TAF2[0m
[0;35minitial size for AGE: 0[0m
counterPetal1 6
counterPetal2 12
counterPetal1*counterPetal2 72
(*AGE).size()=72
[0m---- 
[1;33mAGE nodes: 72[0m
Allocate AGEgraph :  72 x 72	5184 bytes

[0 min 0 sec] Nodes are done in 

[0 min 0 sec] Edges are done in 
0th run results (0) [new minumum]:0.0777907
0 63 cost: 571
[0;36m		[A1. APC::A2. TCF7L2] ---  [B1. APC::B2. GSK3B}[0m
[0;36m		[A1. TCF7L2::A2. CDC73] ---  [B1. GSK3B::B2. MAP3K7}[0m
63 29 cost: 2000
[0;36m		[A1. TCF7L2::A2. CDC73] ---  [B1. GSK3B::B2. MAP3K7}[0m
[0;36m		[A1. CDC73::A2. BCL9] ---  [B1. MAP3K7::B2. TAF2}[0m

Displayed tree score: 0.0777907

4th run results (1) [new minumum]:0.140449
4 62 cost: 555
[0;36m		[A1. APC::A2. TCF7L2] ---  [B1. MAP3K7::B2. GSK3B}[0m
[0;36m		[A1. TCF7L2::A2. CDC73] ---  [B1. GSK3B::B2. APC}[0m
62 25 cost: 869
[0;36m		[A1. TCF7L2::A2. CDC73] ---  [B1. GSK3B::B2. APC}[0m
[0;36m		[A1. CDC73::A2. BCL9] ---  [B1. APC::B2. TBL1XR1}[0m

Displayed tree score: 0.140449

Petal1:3	Petal2:6	treecost: 1424	 tree size:2
$RESULT$	BCL9	TAF2	norm_score:	0.140449
[0m
[0 min 0 sec] All done in 
