COMMAND: /Users/gurkan/Box/Research/INSPIRE/inspire-replication/src/INSPIRE /Users/gurkan/Box/Research/INSPIRE/inspire-replication/database/inspire.sqlite BCL9 NAV3 inspire_legacy_v1

GO normalization for inspire_legacy_v1: 14.1026
Loaded 5995 GO pair scores for inspire_legacy_v1
Create two petals
Begin PETAL setup
new petal BCL9 (4)
# 3 interactions in BCL9
Done adding UniProt and Pfam annotations for BCL9.
new petal NAV3 (4)
# 3 interactions in NAV3
Done adding UniProt and Pfam annotations for NAV3.
Petal Sizes: 4, 4
[1;32mPetal Name: [1;33mBCL9
[1;32mPetal Size: [1;33m4[0;31m
APC
BCL9
CDC73
TCF7L2
[0m---- 
[1;36mPetal Interactions[0;32m
1 CDC73	pp	BCL9
2 TCF7L2	pp	APC
3 TCF7L2	pp	CDC73
[0m
[1;32mPetal Name: [1;33mNAV3
[1;32mPetal Size: [1;33m4[0;31m
APC
CDC42
MEF2C
NAV3
[0m---- 
[1;36mPetal Interactions[0;32m
1 CDC42	pp	APC
2 MEF2C	pp	CDC42
3 NAV3	pp	MEF2C
[0m
Done creating Petals.
petals are loaded
[1;32mAGE for [0;36mBCL9 - NAV3[0m
[0;35minitial size for AGE: 0[0m
counterPetal1 6
counterPetal2 6
counterPetal1*counterPetal2 36
(*AGE).size()=36
[0m---- 
[1;33mAGE nodes: 36[0m
Allocate AGEgraph :  36 x 36	1296 bytes

[0 min 0 sec] Nodes are done in 

[0 min 0 sec] Edges are done in 
0th run results (0) [new minumum]:0.0588755
0 32 cost: 540
[0;36m		[A1. APC::A2. TCF7L2] ---  [B1. APC::B2. CDC42}[0m
[0;36m		[A1. TCF7L2::A2. CDC73] ---  [B1. CDC42::B2. MEF2C}[0m
32 16 cost: 2857
[0;36m		[A1. TCF7L2::A2. CDC73] ---  [B1. CDC42::B2. MEF2C}[0m
[0;36m		[A1. CDC73::A2. BCL9] ---  [B1. MEF2C::B2. NAV3}[0m

Displayed tree score: 0.0588755

3th run results (1) [new minumum]:0.085034
3 31 cost: 588
[0;36m		[A1. APC::A2. TCF7L2] ---  [B1. MEF2C::B2. CDC42}[0m
[0;36m		[A1. TCF7L2::A2. CDC73] ---  [B1. CDC42::B2. APC}[0m

Displayed tree score: 0.085034

5th run results (2) [new minumum]:0.124456
5 33 cost: 555
[0;36m		[A1. APC::A2. TCF7L2] ---  [B1. NAV3::B2. MEF2C}[0m
[0;36m		[A1. TCF7L2::A2. CDC73] ---  [B1. MEF2C::B2. CDC42}[0m
33 13 cost: 1052
[0;36m		[A1. TCF7L2::A2. CDC73] ---  [B1. MEF2C::B2. CDC42}[0m
[0;36m		[A1. CDC73::A2. BCL9] ---  [B1. CDC42::B2. APC}[0m

Displayed tree score: 0.124456

Petal1:3	Petal2:3	treecost: 1607	 tree size:2
$RESULT$	BCL9	NAV3	norm_score:	0.124456
[0m
[0 min 0 sec] All done in 
