COMMAND: /Users/gurkan/Box/Research/INSPIRE/inspire-replication/src/INSPIRE /Users/gurkan/Box/Research/INSPIRE/inspire-replication/database/inspire.sqlite BCL9 MCM3AP inspire_legacy_v1

GO normalization for inspire_legacy_v1: 14.1026
Loaded 5995 GO pair scores for inspire_legacy_v1
Create two petals
Begin PETAL setup
new petal BCL9 (4)
# 3 interactions in BCL9
Done adding UniProt and Pfam annotations for BCL9.
new petal MCM3AP (4)
# 3 interactions in MCM3AP
Done adding UniProt and Pfam annotations for MCM3AP.
Petal Sizes: 4, 4
[1;32mPetal Name: [1;33mBCL9
[1;32mPetal Size: [1;33m4[0;31m
APC
BCL9
CDC73
TCF7L2
[0m---- 
[1;36mPetal Interactions[0;32m
1 CDC73	pp	BCL9
2 TCF7L2	pp	APC
3 TCF7L2	pp	CDC73
[0m
[1;32mPetal Name: [1;33mMCM3AP
[1;32mPetal Size: [1;33m4[0;31m
APC
MCM3AP
RANBP2
TPR
[0m---- 
[1;36mPetal Interactions[0;32m
1 RANBP2	pp	APC
2 TPR	pp	MCM3AP
3 TPR	pp	RANBP2
[0m
Done creating Petals.
petals are loaded
[1;32mAGE for [0;36mBCL9 - MCM3AP[0m
[0;35minitial size for AGE: 0[0m
counterPetal1 6
counterPetal2 6
counterPetal1*counterPetal2 36
(*AGE).size()=36
[0m---- 
[1;33mAGE nodes: 36[0m
Allocate AGEgraph :  36 x 36	1296 bytes

[0 min 0 sec] Nodes are done in 

[0 min 0 sec] Edges are done in 
0th run results (0) [new minumum]:0.0593648
0 33 cost: 869
[0;36m		[A1. APC::A2. TCF7L2] ---  [B1. APC::B2. RANBP2}[0m
[0;36m		[A1. TCF7L2::A2. CDC73] ---  [B1. RANBP2::B2. TPR}[0m
33 16 cost: 2500
[0;36m		[A1. TCF7L2::A2. CDC73] ---  [B1. RANBP2::B2. TPR}[0m
[0;36m		[A1. CDC73::A2. BCL9] ---  [B1. TPR::B2. MCM3AP}[0m

Displayed tree score: 0.0593648

Petal1:3	Petal2:3	treecost: 3369	 tree size:2
$RESULT$	BCL9	MCM3AP	norm_score:	0.0593648
[0m
[0 min 0 sec] All done in 
