COMMAND: /Users/gurkan/Box/Research/INSPIRE/inspire-replication/src/INSPIRE /Users/gurkan/Box/Research/INSPIRE/inspire-replication/database/inspire.sqlite BCL9 PRKD1 inspire_legacy_v1

GO normalization for inspire_legacy_v1: 14.1026
Loaded 5995 GO pair scores for inspire_legacy_v1
Create two petals
Begin PETAL setup
new petal BCL9 (4)
# 3 interactions in BCL9
Done adding UniProt and Pfam annotations for BCL9.
new petal PRKD1 (7)
# 8 interactions in PRKD1
Done adding UniProt and Pfam annotations for PRKD1.
Petal Sizes: 4, 7
[1;32mPetal Name: [1;33mBCL9
[1;32mPetal Size: [1;33m4[0;31m
APC
BCL9
CDC73
TCF7L2
[0m---- 
[1;36mPetal Interactions[0;32m
1 CDC73	pp	BCL9
2 TCF7L2	pp	APC
3 TCF7L2	pp	CDC73
[0m
[1;32mPetal Name: [1;33mPRKD1
[1;32mPetal Size: [1;33m7[0;31m
APC
ATF2
CREB1
GSK3B
PRKD1
SMAD4
TCF7L2
[0m---- 
[1;36mPetal Interactions[0;32m
1 GSK3B	pp	APC
2 GSK3B	pp	CREB1
3 PRKD1	pp	ATF2
4 PRKD1	pp	CREB1
5 SMAD4	pp	APC
6 SMAD4	pp	ATF2
7 TCF7L2	pp	APC
8 TCF7L2	pp	CREB1
[0m
Done creating Petals.
petals are loaded
[1;32mAGE for [0;36mBCL9 - PRKD1[0m
[0;35minitial size for AGE: 0[0m
counterPetal1 6
counterPetal2 16
counterPetal1*counterPetal2 96
(*AGE).size()=96
[0m---- 
[1;33mAGE nodes: 96[0m
Allocate AGEgraph :  96 x 96	9216 bytes

[0 min 0 sec] Nodes are done in 

[0 min 0 sec] Edges are done in 
0th run results (0) [new minumum]:0.146092
0 89 cost: 500
[0;36m		[A1. APC::A2. TCF7L2] ---  [B1. APC::B2. GSK3B}[0m
[0;36m		[A1. TCF7L2::A2. CDC73] ---  [B1. GSK3B::B2. CREB1}[0m
89 39 cost: 869
[0;36m		[A1. TCF7L2::A2. CDC73] ---  [B1. GSK3B::B2. CREB1}[0m
[0;36m		[A1. CDC73::A2. BCL9] ---  [B1. CREB1::B2. TCF7L2}[0m

Displayed tree score: 0.146092

2th run results (1) [new minumum]:0.190476
2 95 cost: 217
[0;36m		[A1. APC::A2. TCF7L2] ---  [B1. APC::B2. TCF7L2}[0m
[0;36m		[A1. TCF7L2::A2. CDC73] ---  [B1. TCF7L2::B2. CREB1}[0m
2 37 cost: 833
[0;36m		[A1. APC::A2. TCF7L2] ---  [B1. APC::B2. TCF7L2}[0m
[0;36m		[A1. CDC73::A2. BCL9] ---  [B1. CREB1::B2. GSK3B}[0m

Displayed tree score: 0.190476

Petal1:3	Petal2:8	treecost: 1050	 tree size:2
$RESULT$	BCL9	PRKD1	norm_score:	0.190476
[0m
[0 min 0 sec] All done in 
