COMMAND: /Users/gurkan/Box/Research/INSPIRE/inspire-replication/src/INSPIRE /Users/gurkan/Box/Research/INSPIRE/inspire-replication/database/inspire.sqlite BCL9 PIK3CA inspire_legacy_v1

GO normalization for inspire_legacy_v1: 14.1026
Loaded 5995 GO pair scores for inspire_legacy_v1
Create two petals
Begin PETAL setup
new petal BCL9 (4)
# 3 interactions in BCL9
Done adding UniProt and Pfam annotations for BCL9.
new petal PIK3CA (25)
# 46 interactions in PIK3CA
Done adding UniProt and Pfam annotations for PIK3CA.
Petal Sizes: 4, 25
[1;32mPetal Name: [1;33mBCL9
[1;32mPetal Size: [1;33m4[0;31m
APC
BCL9
CDC73
TCF7L2
[0m---- 
[1;36mPetal Interactions[0;32m
1 CDC73	pp	BCL9
2 TCF7L2	pp	APC
3 TCF7L2	pp	CDC73
[0m
[1;32mPetal Name: [1;33mPIK3CA
[1;32mPetal Size: [1;33m25[0;31m
APC
BCL2
BRAF
BRCA1
CDC42
CREBBP
EGFR
ERBIN
ETV6
FBXW7
FGF2
FOXO1
FOXO3
GSK3B
KRAS
LRP6
MAPK1
PIK3CA
PRKCA
PTEN
PTK2
SMAD4
STAT3
TCF7L2
TRAF6
[0m---- 
[1;36mPetal Interactions[0;32m
1 ERBIN	pp	APC
2 ERBIN	pp	EGFR
3 GSK3B	pp	APC
4 GSK3B	pp	BRAF
5 GSK3B	pp	BRCA1
6 GSK3B	pp	CREBBP
7 GSK3B	pp	FBXW7
8 GSK3B	pp	FOXO1
9 GSK3B	pp	FOXO3
10 KRAS	pp	APC
11 KRAS	pp	BCL2
12 KRAS	pp	EGFR
13 KRAS	pp	FGF2
14 LRP6	pp	APC
15 LRP6	pp	ETV6
16 LRP6	pp	GSK3B
17 MAPK1	pp	GSK3B
18 PIK3CA	pp	BCL2
19 PIK3CA	pp	BRAF
20 PIK3CA	pp	BRCA1
21 PIK3CA	pp	CDC42
22 PIK3CA	pp	CREBBP
23 PIK3CA	pp	EGFR
24 PIK3CA	pp	ETV6
25 PIK3CA	pp	FBXW7
26 PIK3CA	pp	FGF2
27 PIK3CA	pp	FOXO1
28 PIK3CA	pp	FOXO3
29 PIK3CA	pp	GSK3B
30 PIK3CA	pp	MAPK1
31 PRKCA	pp	GSK3B
32 PRKCA	pp	PIK3CA
33 PTEN	pp	GSK3B
34 PTEN	pp	PIK3CA
35 PTK2	pp	GSK3B
36 PTK2	pp	PIK3CA
37 SMAD4	pp	APC
38 SMAD4	pp	BCL2
39 SMAD4	pp	CDC42
40 SMAD4	pp	PTEN
41 STAT3	pp	PIK3CA
42 STAT3	pp	SMAD4
43 TCF7L2	pp	APC
44 TCF7L2	pp	PTEN
45 TRAF6	pp	GSK3B
46 TRAF6	pp	PIK3CA
[0m
Done creating Petals.
petals are loaded
[1;32mAGE for [0;36mBCL9 - PIK3CA[0m
[0;35minitial size for AGE: 0[0m
counterPetal1 6
counterPetal2 92
counterPetal1*counterPetal2 552
(*AGE).size()=552
[0m---- 
[1;33mAGE nodes: 552[0m
Allocate AGEgraph :  552 x 552	304704 bytes

[0 min 0 sec] Nodes are done in 

[0 min 0 sec] Edges are done in 
0th run results (0) [new minumum]:0.0789889
0 481 cost: 714
[0;36m		[A1. APC::A2. TCF7L2] ---  [B1. APC::B2. ERBIN}[0m
[0;36m		[A1. TCF7L2::A2. CDC73] ---  [B1. ERBIN::B2. EGFR}[0m
481 202 cost: 1818
[0;36m		[A1. TCF7L2::A2. CDC73] ---  [B1. ERBIN::B2. EGFR}[0m
[0;36m		[A1. CDC73::A2. BCL9] ---  [B1. EGFR::B2. KRAS}[0m

Displayed tree score: 0.0789889

1th run results (1) [new minumum]:0.0981354
1 494 cost: 500
[0;36m		[A1. APC::A2. TCF7L2] ---  [B1. APC::B2. GSK3B}[0m
[0;36m		[A1. TCF7L2::A2. CDC73] ---  [B1. GSK3B::B2. BRCA1}[0m
494 196 cost: 1538
[0;36m		[A1. TCF7L2::A2. CDC73] ---  [B1. GSK3B::B2. BRCA1}[0m
[0;36m		[A1. CDC73::A2. BCL9] ---  [B1. BRCA1::B2. PIK3CA}[0m

Displayed tree score: 0.0981354

3th run results (2) [new minumum]:0.118906
3 512 cost: 571
[0;36m		[A1. APC::A2. TCF7L2] ---  [B1. APC::B2. LRP6}[0m
[0;36m		[A1. TCF7L2::A2. CDC73] ---  [B1. LRP6::B2. GSK3B}[0m
512 216 cost: 1111
[0;36m		[A1. TCF7L2::A2. CDC73] ---  [B1. LRP6::B2. GSK3B}[0m
[0;36m		[A1. CDC73::A2. BCL9] ---  [B1. GSK3B::B2. APC}[0m

Displayed tree score: 0.118906

4th run results (3) [new minumum]:0.146092
4 544 cost: 500
[0;36m		[A1. APC::A2. TCF7L2] ---  [B1. APC::B2. SMAD4}[0m
[0;36m		[A1. TCF7L2::A2. CDC73] ---  [B1. SMAD4::B2. PTEN}[0m
544 262 cost: 869
[0;36m		[A1. TCF7L2::A2. CDC73] ---  [B1. SMAD4::B2. PTEN}[0m
[0;36m		[A1. CDC73::A2. BCL9] ---  [B1. PTEN::B2. TCF7L2}[0m

Displayed tree score: 0.146092

5th run results (4) [new minumum]:0.20284
5 549 cost: 217
[0;36m		[A1. APC::A2. TCF7L2] ---  [B1. APC::B2. TCF7L2}[0m
[0;36m		[A1. TCF7L2::A2. CDC73] ---  [B1. TCF7L2::B2. PTEN}[0m
5 261 cost: 769
[0;36m		[A1. APC::A2. TCF7L2] ---  [B1. APC::B2. TCF7L2}[0m
[0;36m		[A1. CDC73::A2. BCL9] ---  [B1. PTEN::B2. SMAD4}[0m

Displayed tree score: 0.20284

Petal1:3	Petal2:46	treecost: 986	 tree size:2
$RESULT$	BCL9	PIK3CA	norm_score:	0.20284
[0m
[0 min 0 sec] All done in 
