COMMAND: /Users/gurkan/Box/Research/INSPIRE/inspire-replication/src/INSPIRE /Users/gurkan/Box/Research/INSPIRE/inspire-replication/database/inspire.sqlite BCL9 ERCC6 inspire_legacy_v1

GO normalization for inspire_legacy_v1: 14.1026
Loaded 5995 GO pair scores for inspire_legacy_v1
Create two petals
Begin PETAL setup
new petal BCL9 (4)
# 3 interactions in BCL9
Done adding UniProt and Pfam annotations for BCL9.
new petal ERCC6 (7)
# 8 interactions in ERCC6
Done adding UniProt and Pfam annotations for ERCC6.
Petal Sizes: 4, 7
[1;32mPetal Name: [1;33mBCL9
[1;32mPetal Size: [1;33m4[0;31m
APC
BCL9
CDC73
TCF7L2
[0m---- 
[1;36mPetal Interactions[0;32m
1 CDC73	pp	BCL9
2 TCF7L2	pp	APC
3 TCF7L2	pp	CDC73
[0m
[1;32mPetal Name: [1;33mERCC6
[1;32mPetal Size: [1;33m7[0;31m
APC
BRCA1
CDC73
EP300
ERCC6
GSK3B
TCF7L2
[0m---- 
[1;36mPetal Interactions[0;32m
1 ERCC6	pp	BRCA1
2 ERCC6	pp	CDC73
3 ERCC6	pp	EP300
4 GSK3B	pp	APC
5 GSK3B	pp	BRCA1
6 TCF7L2	pp	APC
7 TCF7L2	pp	CDC73
8 TCF7L2	pp	EP300
[0m
Done creating Petals.
petals are loaded
[1;32mAGE for [0;36mBCL9 - ERCC6[0m
[0;35minitial size for AGE: 0[0m
counterPetal1 6
counterPetal2 16
counterPetal1*counterPetal2 96
(*AGE).size()=96
[0m---- 
[1;33mAGE nodes: 96[0m
Allocate AGEgraph :  96 x 96	9216 bytes

[0 min 0 sec] Nodes are done in 

[0 min 0 sec] Edges are done in 
0th run results (0) [new minumum]:0.0981354
0 92 cost: 500
[0;36m		[A1. APC::A2. TCF7L2] ---  [B1. APC::B2. GSK3B}[0m
[0;36m		[A1. TCF7L2::A2. CDC73] ---  [B1. GSK3B::B2. BRCA1}[0m
92 34 cost: 1538
[0;36m		[A1. TCF7L2::A2. CDC73] ---  [B1. GSK3B::B2. BRCA1}[0m
[0;36m		[A1. CDC73::A2. BCL9] ---  [B1. BRCA1::B2. ERCC6}[0m

Displayed tree score: 0.0981354

1th run results (1) [new minumum]:0.275862
1 94 cost: 100
[0;36m		[A1. APC::A2. TCF7L2] ---  [B1. APC::B2. TCF7L2}[0m
[0;36m		[A1. TCF7L2::A2. CDC73] ---  [B1. TCF7L2::B2. CDC73}[0m
94 36 cost: 625
[0;36m		[A1. TCF7L2::A2. CDC73] ---  [B1. TCF7L2::B2. CDC73}[0m
[0;36m		[A1. CDC73::A2. BCL9] ---  [B1. CDC73::B2. ERCC6}[0m

Displayed tree score: 0.275862

Petal1:3	Petal2:8	treecost: 725	 tree size:2
$RESULT$	BCL9	ERCC6	norm_score:	0.275862
[0m
[0 min 0 sec] All done in 
