COMMAND: /Users/gurkan/Box/Research/INSPIRE/inspire-replication/src/INSPIRE /Users/gurkan/Box/Research/INSPIRE/inspire-replication/database/inspire.sqlite BCL9 FN1 inspire_legacy_v1

GO normalization for inspire_legacy_v1: 14.1026
Loaded 5995 GO pair scores for inspire_legacy_v1
Create two petals
Begin PETAL setup
new petal BCL9 (4)
# 3 interactions in BCL9
Done adding UniProt and Pfam annotations for BCL9.
new petal FN1 (10)
# 15 interactions in FN1
Done adding UniProt and Pfam annotations for FN1.
Petal Sizes: 4, 10
[1;32mPetal Name: [1;33mBCL9
[1;32mPetal Size: [1;33m4[0;31m
APC
BCL9
CDC73
TCF7L2
[0m---- 
[1;36mPetal Interactions[0;32m
1 CDC73	pp	BCL9
2 TCF7L2	pp	APC
3 TCF7L2	pp	CDC73
[0m
[1;32mPetal Name: [1;33mFN1
[1;32mPetal Size: [1;33m10[0;31m
APC
BMPR2
CREB1
FN1
GSK3B
HIF1A
SMAD4
TCF7L2
ZEB1
ZEB2
[0m---- 
[1;36mPetal Interactions[0;32m
1 FN1	pp	BMPR2
2 FN1	pp	CREB1
3 GSK3B	pp	APC
4 GSK3B	pp	CREB1
5 HIF1A	pp	FN1
6 HIF1A	pp	GSK3B
7 SMAD4	pp	APC
8 SMAD4	pp	BMPR2
9 SMAD4	pp	HIF1A
10 TCF7L2	pp	APC
11 TCF7L2	pp	CREB1
12 ZEB1	pp	FN1
13 ZEB1	pp	SMAD4
14 ZEB2	pp	FN1
15 ZEB2	pp	SMAD4
[0m
Done creating Petals.
petals are loaded
[1;32mAGE for [0;36mBCL9 - FN1[0m
[0;35minitial size for AGE: 0[0m
counterPetal1 6
counterPetal2 30
counterPetal1*counterPetal2 180
(*AGE).size()=180
[0m---- 
[1;33mAGE nodes: 180[0m
Allocate AGEgraph :  180 x 180	32400 bytes

[0 min 0 sec] Nodes are done in 

[0 min 0 sec] Edges are done in 
0th run results (0) [new minumum]:0.146092
0 164 cost: 500
[0;36m		[A1. APC::A2. TCF7L2] ---  [B1. APC::B2. GSK3B}[0m
[0;36m		[A1. TCF7L2::A2. CDC73] ---  [B1. GSK3B::B2. CREB1}[0m
164 67 cost: 869
[0;36m		[A1. TCF7L2::A2. CDC73] ---  [B1. GSK3B::B2. CREB1}[0m
[0;36m		[A1. CDC73::A2. BCL9] ---  [B1. CREB1::B2. TCF7L2}[0m

Displayed tree score: 0.146092

2th run results (1) [new minumum]:0.190476
2 175 cost: 217
[0;36m		[A1. APC::A2. TCF7L2] ---  [B1. APC::B2. TCF7L2}[0m
[0;36m		[A1. TCF7L2::A2. CDC73] ---  [B1. TCF7L2::B2. CREB1}[0m
2 66 cost: 833
[0;36m		[A1. APC::A2. TCF7L2] ---  [B1. APC::B2. TCF7L2}[0m
[0;36m		[A1. CDC73::A2. BCL9] ---  [B1. CREB1::B2. GSK3B}[0m

Displayed tree score: 0.190476

Petal1:3	Petal2:15	treecost: 1050	 tree size:2
$RESULT$	BCL9	FN1	norm_score:	0.190476
[0m
[0 min 0 sec] All done in 
