COMMAND: /Users/gurkan/Box/Research/INSPIRE/inspire-replication/src/INSPIRE /Users/gurkan/Box/Research/INSPIRE/inspire-replication/database/inspire.sqlite ERCC6 PLCG2 inspire_legacy_v1

GO normalization for inspire_legacy_v1: 14.1026
Loaded 5995 GO pair scores for inspire_legacy_v1
Create two petals
Begin PETAL setup
new petal ERCC6 (7)
# 8 interactions in ERCC6
Done adding UniProt and Pfam annotations for ERCC6.
new petal PLCG2 (4)
# 3 interactions in PLCG2
Done adding UniProt and Pfam annotations for PLCG2.
Petal Sizes: 7, 4
[1;32mPetal Name: [1;33mERCC6
[1;32mPetal Size: [1;33m7[0;31m
APC
BRCA1
CDC73
EP300
ERCC6
GSK3B
TCF7L2
[0m---- 
[1;36mPetal Interactions[0;32m
1 ERCC6	pp	BRCA1
2 ERCC6	pp	CDC73
3 ERCC6	pp	EP300
4 GSK3B	pp	APC
5 GSK3B	pp	BRCA1
6 TCF7L2	pp	APC
7 TCF7L2	pp	CDC73
8 TCF7L2	pp	EP300
[0m
[1;32mPetal Name: [1;33mPLCG2
[1;32mPetal Size: [1;33m4[0;31m
APC
JAK2
KRAS
PLCG2
[0m---- 
[1;36mPetal Interactions[0;32m
1 KRAS	pp	APC
2 KRAS	pp	JAK2
3 PLCG2	pp	JAK2
[0m
Done creating Petals.
petals are loaded
[1;32mAGE for [0;36mERCC6 - PLCG2[0m
[0;35minitial size for AGE: 0[0m
counterPetal1 16
counterPetal2 6
counterPetal1*counterPetal2 96
(*AGE).size()=96
[0m---- 
[1;33mAGE nodes: 96[0m
Allocate AGEgraph :  96 x 96	9216 bytes

[0 min 0 sec] Nodes are done in 

[0 min 0 sec] Edges are done in 
0th run results (0) [new minumum]:0.141945
0 76 cost: 500
[0;36m		[A1. APC::A2. GSK3B] ---  [B1. APC::B2. KRAS}[0m
[0;36m		[A1. GSK3B::A2. BRCA1] ---  [B1. KRAS::B2. JAK2}[0m
76 14 cost: 909
[0;36m		[A1. GSK3B::A2. BRCA1] ---  [B1. KRAS::B2. JAK2}[0m
[0;36m		[A1. BRCA1::A2. ERCC6] ---  [B1. JAK2::B2. PLCG2}[0m

Displayed tree score: 0.141945

1th run results (1) [new minumum]:0.182648
1 75 cost: 540
[0;36m		[A1. APC::A2. GSK3B] ---  [B1. JAK2::B2. KRAS}[0m
[0;36m		[A1. GSK3B::A2. BRCA1] ---  [B1. KRAS::B2. APC}[0m
1 83 cost: 555
[0;36m		[A1. APC::A2. GSK3B] ---  [B1. JAK2::B2. KRAS}[0m
[0;36m		[A1. TCF7L2::A2. APC] ---  [B1. PLCG2::B2. JAK2}[0m

Displayed tree score: 0.182648

Petal1:8	Petal2:3	treecost: 1095	 tree size:2
$RESULT$	ERCC6	PLCG2	norm_score:	0.182648
[0m
[0 min 0 sec] All done in 
