COMMAND: /Users/gurkan/Box/Research/INSPIRE/inspire-replication/src/INSPIRE /Users/gurkan/Box/Research/INSPIRE/inspire-replication/database/inspire.sqlite ERCC6 UHRF2 inspire_legacy_v1

GO normalization for inspire_legacy_v1: 14.1026
Loaded 5995 GO pair scores for inspire_legacy_v1
Create two petals
Begin PETAL setup
new petal ERCC6 (7)
# 8 interactions in ERCC6
Done adding UniProt and Pfam annotations for ERCC6.
new petal UHRF2 (5)
# 5 interactions in UHRF2
Done adding UniProt and Pfam annotations for UHRF2.
Petal Sizes: 7, 5
[1;32mPetal Name: [1;33mERCC6
[1;32mPetal Size: [1;33m7[0;31m
APC
BRCA1
CDC73
EP300
ERCC6
GSK3B
TCF7L2
[0m---- 
[1;36mPetal Interactions[0;32m
1 ERCC6	pp	BRCA1
2 ERCC6	pp	CDC73
3 ERCC6	pp	EP300
4 GSK3B	pp	APC
5 GSK3B	pp	BRCA1
6 TCF7L2	pp	APC
7 TCF7L2	pp	CDC73
8 TCF7L2	pp	EP300
[0m
[1;32mPetal Name: [1;33mUHRF2
[1;32mPetal Size: [1;33m5[0;31m
APC
CCND1
GSK3B
LRP6
UHRF2
[0m---- 
[1;36mPetal Interactions[0;32m
1 GSK3B	pp	APC
2 GSK3B	pp	CCND1
3 LRP6	pp	APC
4 LRP6	pp	CCND1
5 UHRF2	pp	CCND1
[0m
Done creating Petals.
petals are loaded
[1;32mAGE for [0;36mERCC6 - UHRF2[0m
[0;35minitial size for AGE: 0[0m
counterPetal1 16
counterPetal2 10
counterPetal1*counterPetal2 160
(*AGE).size()=160
[0m---- 
[1;33mAGE nodes: 160[0m
Allocate AGEgraph :  160 x 160	25600 bytes

[0 min 0 sec] Nodes are done in 

[0 min 0 sec] Edges are done in 
0th run results (0) [new minumum]:0.171363
0 126 cost: 217
[0;36m		[A1. APC::A2. GSK3B] ---  [B1. APC::B2. GSK3B}[0m
[0;36m		[A1. GSK3B::A2. BRCA1] ---  [B1. GSK3B::B2. CCND1}[0m
0 137 cost: 227
[0;36m		[A1. APC::A2. GSK3B] ---  [B1. APC::B2. GSK3B}[0m
[0;36m		[A1. TCF7L2::A2. APC] ---  [B1. LRP6::B2. APC}[0m
0 24 cost: 869
[0;36m		[A1. APC::A2. GSK3B] ---  [B1. APC::B2. GSK3B}[0m
[0;36m		[A1. BRCA1::A2. ERCC6] ---  [B1. CCND1::B2. UHRF2}[0m

Displayed tree score: 0.171363

32th run results (1) [new minumum]:0.201715
32 115 cost: 217
[0;36m		[A1. BRCA1::A2. GSK3B] ---  [B1. CCND1::B2. GSK3B}[0m
[0;36m		[A1. GSK3B::A2. APC] ---  [B1. GSK3B::B2. APC}[0m
115 11 cost: 227
[0;36m		[A1. GSK3B::A2. APC] ---  [B1. GSK3B::B2. APC}[0m
[0;36m		[A1. APC::A2. TCF7L2] ---  [B1. APC::B2. LRP6}[0m
115 148 cost: 487
[0;36m		[A1. GSK3B::A2. APC] ---  [B1. GSK3B::B2. APC}[0m
[0;36m		[A1. TCF7L2::A2. CDC73] ---  [B1. LRP6::B2. CCND1}[0m
148 44 cost: 1052
[0;36m		[A1. TCF7L2::A2. CDC73] ---  [B1. LRP6::B2. CCND1}[0m
[0;36m		[A1. CDC73::A2. ERCC6] ---  [B1. CCND1::B2. UHRF2}[0m

Displayed tree score: 0.201715

53th run results (2) [new minumum]:0.222222
53 0 cost: 487
[0;36m		[A1. CDC73::A2. TCF7L2] ---  [B1. CCND1::B2. LRP6}[0m
[0;36m		[A1. APC::A2. GSK3B] ---  [B1. APC::B2. GSK3B}[0m
0 126 cost: 217
[0;36m		[A1. APC::A2. GSK3B] ---  [B1. APC::B2. GSK3B}[0m
[0;36m		[A1. GSK3B::A2. BRCA1] ---  [B1. GSK3B::B2. CCND1}[0m
0 137 cost: 227
[0;36m		[A1. APC::A2. GSK3B] ---  [B1. APC::B2. GSK3B}[0m
[0;36m		[A1. TCF7L2::A2. APC] ---  [B1. LRP6::B2. APC}[0m
0 24 cost: 869
[0;36m		[A1. APC::A2. GSK3B] ---  [B1. APC::B2. GSK3B}[0m
[0;36m		[A1. BRCA1::A2. ERCC6] ---  [B1. CCND1::B2. UHRF2}[0m

Displayed tree score: 0.222222

Petal1:8	Petal2:5	treecost: 1800	 tree size:4
$RESULT$	ERCC6	UHRF2	norm_score:	0.222222
[0m
[0 min 0 sec] All done in 
