COMMAND: /Users/gurkan/Box/Research/INSPIRE/inspire-replication/src/INSPIRE /Users/gurkan/Box/Research/INSPIRE/inspire-replication/database/inspire.sqlite ERCC6 FN1 inspire_legacy_v1

GO normalization for inspire_legacy_v1: 14.1026
Loaded 5995 GO pair scores for inspire_legacy_v1
Create two petals
Begin PETAL setup
new petal ERCC6 (7)
# 8 interactions in ERCC6
Done adding UniProt and Pfam annotations for ERCC6.
new petal FN1 (10)
# 15 interactions in FN1
Done adding UniProt and Pfam annotations for FN1.
Petal Sizes: 7, 10
[1;32mPetal Name: [1;33mERCC6
[1;32mPetal Size: [1;33m7[0;31m
APC
BRCA1
CDC73
EP300
ERCC6
GSK3B
TCF7L2
[0m---- 
[1;36mPetal Interactions[0;32m
1 ERCC6	pp	BRCA1
2 ERCC6	pp	CDC73
3 ERCC6	pp	EP300
4 GSK3B	pp	APC
5 GSK3B	pp	BRCA1
6 TCF7L2	pp	APC
7 TCF7L2	pp	CDC73
8 TCF7L2	pp	EP300
[0m
[1;32mPetal Name: [1;33mFN1
[1;32mPetal Size: [1;33m10[0;31m
APC
BMPR2
CREB1
FN1
GSK3B
HIF1A
SMAD4
TCF7L2
ZEB1
ZEB2
[0m---- 
[1;36mPetal Interactions[0;32m
1 FN1	pp	BMPR2
2 FN1	pp	CREB1
3 GSK3B	pp	APC
4 GSK3B	pp	CREB1
5 HIF1A	pp	FN1
6 HIF1A	pp	GSK3B
7 SMAD4	pp	APC
8 SMAD4	pp	BMPR2
9 SMAD4	pp	HIF1A
10 TCF7L2	pp	APC
11 TCF7L2	pp	CREB1
12 ZEB1	pp	FN1
13 ZEB1	pp	SMAD4
14 ZEB2	pp	FN1
15 ZEB2	pp	SMAD4
[0m
Done creating Petals.
petals are loaded
[1;32mAGE for [0;36mERCC6 - FN1[0m
[0;35minitial size for AGE: 0[0m
counterPetal1 16
counterPetal2 30
counterPetal1*counterPetal2 480
(*AGE).size()=480
[0m---- 
[1;33mAGE nodes: 480[0m
Allocate AGEgraph :  480 x 480	230400 bytes

[0 min 0 sec] Nodes are done in 

[0 min 0 sec] Edges are done in 
0th run results (0) [new minumum]:0.17882
0 414 cost: 100
[0;36m		[A1. APC::A2. GSK3B] ---  [B1. APC::B2. GSK3B}[0m
[0;36m		[A1. TCF7L2::A2. APC] ---  [B1. TCF7L2::B2. APC}[0m
414 157 cost: 217
[0;36m		[A1. TCF7L2::A2. APC] ---  [B1. TCF7L2::B2. APC}[0m
[0;36m		[A1. CDC73::A2. TCF7L2] ---  [B1. CREB1::B2. TCF7L2}[0m
0 375 cost: 217
[0;36m		[A1. APC::A2. GSK3B] ---  [B1. APC::B2. GSK3B}[0m
[0;36m		[A1. GSK3B::A2. BRCA1] ---  [B1. GSK3B::B2. HIF1A}[0m
0 76 cost: 645
[0;36m		[A1. APC::A2. GSK3B] ---  [B1. APC::B2. GSK3B}[0m
[0;36m		[A1. BRCA1::A2. ERCC6] ---  [B1. HIF1A::B2. FN1}[0m
414 279 cost: 645
[0;36m		[A1. TCF7L2::A2. APC] ---  [B1. TCF7L2::B2. APC}[0m
[0;36m		[A1. ERCC6::A2. CDC73] ---  [B1. FN1::B2. CREB1}[0m
279 183 cost: 1052
[0;36m		[A1. ERCC6::A2. CDC73] ---  [B1. FN1::B2. CREB1}[0m
[0;36m		[A1. EP300::A2. ERCC6] ---  [B1. BMPR2::B2. FN1}[0m

Displayed tree score: 0.17882

3th run results (1) [new minumum]:0.183007
3 369 cost: 540
[0;36m		[A1. APC::A2. GSK3B] ---  [B1. BMPR2::B2. FN1}[0m
[0;36m		[A1. GSK3B::A2. BRCA1] ---  [B1. FN1::B2. CREB1}[0m
3 410 cost: 540
[0;36m		[A1. APC::A2. GSK3B] ---  [B1. BMPR2::B2. FN1}[0m
[0;36m		[A1. TCF7L2::A2. APC] ---  [B1. SMAD4::B2. BMPR2}[0m
410 151 cost: 540
[0;36m		[A1. TCF7L2::A2. APC] ---  [B1. SMAD4::B2. BMPR2}[0m
[0;36m		[A1. CDC73::A2. TCF7L2] ---  [B1. APC::B2. SMAD4}[0m
410 228 cost: 540
[0;36m		[A1. TCF7L2::A2. APC] ---  [B1. SMAD4::B2. BMPR2}[0m
[0;36m		[A1. EP300::A2. TCF7L2] ---  [B1. HIF1A::B2. SMAD4}[0m
369 66 cost: 555
[0;36m		[A1. GSK3B::A2. BRCA1] ---  [B1. FN1::B2. CREB1}[0m
[0;36m		[A1. BRCA1::A2. ERCC6] ---  [B1. CREB1::B2. GSK3B}[0m
151 283 cost: 555
[0;36m		[A1. CDC73::A2. TCF7L2] ---  [B1. APC::B2. SMAD4}[0m
[0;36m		[A1. ERCC6::A2. CDC73] ---  [B1. GSK3B::B2. APC}[0m
228 315 cost: 555
[0;36m		[A1. EP300::A2. TCF7L2] ---  [B1. HIF1A::B2. SMAD4}[0m
[0;36m		[A1. ERCC6::A2. EP300] ---  [B1. GSK3B::B2. HIF1A}[0m

Displayed tree score: 0.183007

32th run results (2) [new minumum]:0.190781
32 343 cost: 100
[0;36m		[A1. APC::A2. TCF7L2] ---  [B1. APC::B2. TCF7L2}[0m
[0;36m		[A1. GSK3B::A2. APC] ---  [B1. GSK3B::B2. APC}[0m
343 96 cost: 217
[0;36m		[A1. GSK3B::A2. APC] ---  [B1. GSK3B::B2. APC}[0m
[0;36m		[A1. BRCA1::A2. GSK3B] ---  [B1. CREB1::B2. GSK3B}[0m
343 440 cost: 465
[0;36m		[A1. GSK3B::A2. APC] ---  [B1. GSK3B::B2. APC}[0m
[0;36m		[A1. TCF7L2::A2. CDC73] ---  [B1. SMAD4::B2. BMPR2}[0m
343 471 cost: 465
[0;36m		[A1. GSK3B::A2. APC] ---  [B1. GSK3B::B2. APC}[0m
[0;36m		[A1. TCF7L2::A2. EP300] ---  [B1. SMAD4::B2. HIF1A}[0m
343 265 cost: 625
[0;36m		[A1. GSK3B::A2. APC] ---  [B1. GSK3B::B2. APC}[0m
[0;36m		[A1. ERCC6::A2. BRCA1] ---  [B1. TCF7L2::B2. CREB1}[0m

Displayed tree score: 0.190781

154th run results (3) [new minumum]:0.231099
154 0 cost: 465
[0;36m		[A1. CDC73::A2. TCF7L2] ---  [B1. BMPR2::B2. SMAD4}[0m
[0;36m		[A1. APC::A2. GSK3B] ---  [B1. APC::B2. GSK3B}[0m
0 414 cost: 100
[0;36m		[A1. APC::A2. GSK3B] ---  [B1. APC::B2. GSK3B}[0m
[0;36m		[A1. TCF7L2::A2. APC] ---  [B1. TCF7L2::B2. APC}[0m
414 217 cost: 217
[0;36m		[A1. TCF7L2::A2. APC] ---  [B1. TCF7L2::B2. APC}[0m
[0;36m		[A1. EP300::A2. TCF7L2] ---  [B1. CREB1::B2. TCF7L2}[0m
0 375 cost: 217
[0;36m		[A1. APC::A2. GSK3B] ---  [B1. APC::B2. GSK3B}[0m
[0;36m		[A1. GSK3B::A2. BRCA1] ---  [B1. GSK3B::B2. HIF1A}[0m
0 76 cost: 645
[0;36m		[A1. APC::A2. GSK3B] ---  [B1. APC::B2. GSK3B}[0m
[0;36m		[A1. BRCA1::A2. ERCC6] ---  [B1. HIF1A::B2. FN1}[0m
414 309 cost: 645
[0;36m		[A1. TCF7L2::A2. APC] ---  [B1. TCF7L2::B2. APC}[0m
[0;36m		[A1. ERCC6::A2. EP300] ---  [B1. FN1::B2. CREB1}[0m
154 278 cost: 740
[0;36m		[A1. CDC73::A2. TCF7L2] ---  [B1. BMPR2::B2. SMAD4}[0m
[0;36m		[A1. ERCC6::A2. CDC73] ---  [B1. FN1::B2. BMPR2}[0m

Displayed tree score: 0.231099

Petal1:8	Petal2:15	treecost: 3029	 tree size:7
$RESULT$	ERCC6	FN1	norm_score:	0.231099
[0m
[0 min 0 sec] All done in 
