COMMAND: /Users/gurkan/Box/Research/INSPIRE/inspire-replication/src/INSPIRE /Users/gurkan/Box/Research/INSPIRE/inspire-replication/database/inspire.sqlite ERCC6 ERCC6 inspire_legacy_v1

GO normalization for inspire_legacy_v1: 14.1026
Loaded 5995 GO pair scores for inspire_legacy_v1
Create two petals
Begin PETAL setup
new petal ERCC6 (7)
# 8 interactions in ERCC6
Done adding UniProt and Pfam annotations for ERCC6.
new petal ERCC6 (7)
# 8 interactions in ERCC6
Done adding UniProt and Pfam annotations for ERCC6.
Petal Sizes: 7, 7
[1;32mPetal Name: [1;33mERCC6
[1;32mPetal Size: [1;33m7[0;31m
APC
BRCA1
CDC73
EP300
ERCC6
GSK3B
TCF7L2
[0m---- 
[1;36mPetal Interactions[0;32m
1 ERCC6	pp	BRCA1
2 ERCC6	pp	CDC73
3 ERCC6	pp	EP300
4 GSK3B	pp	APC
5 GSK3B	pp	BRCA1
6 TCF7L2	pp	APC
7 TCF7L2	pp	CDC73
8 TCF7L2	pp	EP300
[0m
[1;32mPetal Name: [1;33mERCC6
[1;32mPetal Size: [1;33m7[0;31m
APC
BRCA1
CDC73
EP300
ERCC6
GSK3B
TCF7L2
[0m---- 
[1;36mPetal Interactions[0;32m
1 ERCC6	pp	BRCA1
2 ERCC6	pp	CDC73
3 ERCC6	pp	EP300
4 GSK3B	pp	APC
5 GSK3B	pp	BRCA1
6 TCF7L2	pp	APC
7 TCF7L2	pp	CDC73
8 TCF7L2	pp	EP300
[0m
Done creating Petals.
petals are loaded
[1;32mAGE for [0;36mERCC6 - ERCC6[0m
[0;35minitial size for AGE: 0[0m
counterPetal1 16
counterPetal2 16
counterPetal1*counterPetal2 256
(*AGE).size()=256
[0m---- 
[1;33mAGE nodes: 256[0m
Allocate AGEgraph :  256 x 256	65536 bytes

[0 min 0 sec] Nodes are done in 

[0 min 0 sec] Edges are done in 
0th run results (0) [new minumum]:1
0 204 cost: 100
[0;36m		[A1. APC::A2. GSK3B] ---  [B1. APC::B2. GSK3B}[0m
[0;36m		[A1. GSK3B::A2. BRCA1] ---  [B1. GSK3B::B2. BRCA1}[0m
204 34 cost: 100
[0;36m		[A1. GSK3B::A2. BRCA1] ---  [B1. GSK3B::B2. BRCA1}[0m
[0;36m		[A1. BRCA1::A2. ERCC6] ---  [B1. BRCA1::B2. ERCC6}[0m
34 153 cost: 100
[0;36m		[A1. BRCA1::A2. ERCC6] ---  [B1. BRCA1::B2. ERCC6}[0m
[0;36m		[A1. ERCC6::A2. CDC73] ---  [B1. ERCC6::B2. CDC73}[0m
153 85 cost: 100
[0;36m		[A1. ERCC6::A2. CDC73] ---  [B1. ERCC6::B2. CDC73}[0m
[0;36m		[A1. CDC73::A2. TCF7L2] ---  [B1. CDC73::B2. TCF7L2}[0m
153 102 cost: 100
[0;36m		[A1. ERCC6::A2. CDC73] ---  [B1. ERCC6::B2. CDC73}[0m
[0;36m		[A1. EP300::A2. ERCC6] ---  [B1. EP300::B2. ERCC6}[0m
0 221 cost: 100
[0;36m		[A1. APC::A2. GSK3B] ---  [B1. APC::B2. GSK3B}[0m
[0;36m		[A1. TCF7L2::A2. APC] ---  [B1. TCF7L2::B2. APC}[0m
221 119 cost: 100
[0;36m		[A1. TCF7L2::A2. APC] ---  [B1. TCF7L2::B2. APC}[0m
[0;36m		[A1. EP300::A2. TCF7L2] ---  [B1. EP300::B2. TCF7L2}[0m

Displayed tree score: 1

Petal1:8	Petal2:8	treecost: 700	 tree size:7
$RESULT$	ERCC6	ERCC6	norm_score:	1
[0m
[0 min 0 sec] All done in 
