COMMAND: /Users/gurkan/Box/Research/INSPIRE/inspire-replication/src/INSPIRE /Users/gurkan/Box/Research/INSPIRE/inspire-replication/database/inspire.sqlite ERCC6 MMP2 inspire_legacy_v1

GO normalization for inspire_legacy_v1: 14.1026
Loaded 5995 GO pair scores for inspire_legacy_v1
Create two petals
Begin PETAL setup
new petal ERCC6 (7)
# 8 interactions in ERCC6
Done adding UniProt and Pfam annotations for ERCC6.
new petal MMP2 (5)
# 5 interactions in MMP2
Done adding UniProt and Pfam annotations for MMP2.
Petal Sizes: 7, 5
[1;32mPetal Name: [1;33mERCC6
[1;32mPetal Size: [1;33m7[0;31m
APC
BRCA1
CDC73
EP300
ERCC6
GSK3B
TCF7L2
[0m---- 
[1;36mPetal Interactions[0;32m
1 ERCC6	pp	BRCA1
2 ERCC6	pp	CDC73
3 ERCC6	pp	EP300
4 GSK3B	pp	APC
5 GSK3B	pp	BRCA1
6 TCF7L2	pp	APC
7 TCF7L2	pp	CDC73
8 TCF7L2	pp	EP300
[0m
[1;32mPetal Name: [1;33mMMP2
[1;32mPetal Size: [1;33m5[0;31m
APC
GSK3B
HIF1A
MMP2
SMAD4
[0m---- 
[1;36mPetal Interactions[0;32m
1 GSK3B	pp	APC
2 HIF1A	pp	GSK3B
3 MMP2	pp	HIF1A
4 SMAD4	pp	APC
5 SMAD4	pp	HIF1A
[0m
Done creating Petals.
petals are loaded
[1;32mAGE for [0;36mERCC6 - MMP2[0m
[0;35minitial size for AGE: 0[0m
counterPetal1 16
counterPetal2 10
counterPetal1*counterPetal2 160
(*AGE).size()=160
[0m---- 
[1;33mAGE nodes: 160[0m
Allocate AGEgraph :  160 x 160	25600 bytes

[0 min 0 sec] Nodes are done in 

[0 min 0 sec] Edges are done in 
0th run results (0) [new minumum]:0.187032
0 123 cost: 217
[0;36m		[A1. APC::A2. GSK3B] ---  [B1. APC::B2. GSK3B}[0m
[0;36m		[A1. GSK3B::A2. BRCA1] ---  [B1. GSK3B::B2. HIF1A}[0m
0 138 cost: 217
[0;36m		[A1. APC::A2. GSK3B] ---  [B1. APC::B2. GSK3B}[0m
[0;36m		[A1. TCF7L2::A2. APC] ---  [B1. SMAD4::B2. APC}[0m
0 25 cost: 769
[0;36m		[A1. APC::A2. GSK3B] ---  [B1. APC::B2. GSK3B}[0m
[0;36m		[A1. BRCA1::A2. ERCC6] ---  [B1. HIF1A::B2. MMP2}[0m

Displayed tree score: 0.187032

11th run results (1) [new minumum]:0.191652
11 112 cost: 217
[0;36m		[A1. APC::A2. TCF7L2] ---  [B1. APC::B2. SMAD4}[0m
[0;36m		[A1. GSK3B::A2. APC] ---  [B1. GSK3B::B2. APC}[0m
112 34 cost: 217
[0;36m		[A1. GSK3B::A2. APC] ---  [B1. GSK3B::B2. APC}[0m
[0;36m		[A1. BRCA1::A2. GSK3B] ---  [B1. HIF1A::B2. GSK3B}[0m
112 89 cost: 740
[0;36m		[A1. GSK3B::A2. APC] ---  [B1. GSK3B::B2. APC}[0m
[0;36m		[A1. ERCC6::A2. BRCA1] ---  [B1. SMAD4::B2. HIF1A}[0m

Displayed tree score: 0.191652

23th run results (2) [new minumum]:0.192585
23 0 cost: 526
[0;36m		[A1. BRCA1::A2. ERCC6] ---  [B1. GSK3B::B2. HIF1A}[0m
[0;36m		[A1. APC::A2. GSK3B] ---  [B1. APC::B2. GSK3B}[0m
0 138 cost: 217
[0;36m		[A1. APC::A2. GSK3B] ---  [B1. APC::B2. GSK3B}[0m
[0;36m		[A1. TCF7L2::A2. APC] ---  [B1. SMAD4::B2. APC}[0m
0 76 cost: 465
[0;36m		[A1. APC::A2. GSK3B] ---  [B1. APC::B2. GSK3B}[0m
[0;36m		[A1. EP300::A2. TCF7L2] ---  [B1. HIF1A::B2. SMAD4}[0m
76 107 cost: 869
[0;36m		[A1. EP300::A2. TCF7L2] ---  [B1. HIF1A::B2. SMAD4}[0m
[0;36m		[A1. ERCC6::A2. EP300] ---  [B1. MMP2::B2. HIF1A}[0m

Displayed tree score: 0.192585

34th run results (3) [new minumum]:0.226244
34 112 cost: 217
[0;36m		[A1. BRCA1::A2. GSK3B] ---  [B1. HIF1A::B2. GSK3B}[0m
[0;36m		[A1. GSK3B::A2. APC] ---  [B1. GSK3B::B2. APC}[0m
112 11 cost: 217
[0;36m		[A1. GSK3B::A2. APC] ---  [B1. GSK3B::B2. APC}[0m
[0;36m		[A1. APC::A2. TCF7L2] ---  [B1. APC::B2. SMAD4}[0m
112 159 cost: 465
[0;36m		[A1. GSK3B::A2. APC] ---  [B1. GSK3B::B2. APC}[0m
[0;36m		[A1. TCF7L2::A2. EP300] ---  [B1. SMAD4::B2. HIF1A}[0m
159 65 cost: 869
[0;36m		[A1. TCF7L2::A2. EP300] ---  [B1. SMAD4::B2. HIF1A}[0m
[0;36m		[A1. EP300::A2. ERCC6] ---  [B1. HIF1A::B2. MMP2}[0m

Displayed tree score: 0.226244

56th run results (4) [new minumum]:0.233236
56 0 cost: 512
[0;36m		[A1. CDC73::A2. TCF7L2] ---  [B1. HIF1A::B2. SMAD4}[0m
[0;36m		[A1. APC::A2. GSK3B] ---  [B1. APC::B2. GSK3B}[0m
0 123 cost: 217
[0;36m		[A1. APC::A2. GSK3B] ---  [B1. APC::B2. GSK3B}[0m
[0;36m		[A1. GSK3B::A2. BRCA1] ---  [B1. GSK3B::B2. HIF1A}[0m
0 138 cost: 217
[0;36m		[A1. APC::A2. GSK3B] ---  [B1. APC::B2. GSK3B}[0m
[0;36m		[A1. TCF7L2::A2. APC] ---  [B1. SMAD4::B2. APC}[0m
0 25 cost: 769
[0;36m		[A1. APC::A2. GSK3B] ---  [B1. APC::B2. GSK3B}[0m
[0;36m		[A1. BRCA1::A2. ERCC6] ---  [B1. HIF1A::B2. MMP2}[0m

Displayed tree score: 0.233236

76th run results (5) [new minumum]:0.239808
76 0 cost: 465
[0;36m		[A1. EP300::A2. TCF7L2] ---  [B1. HIF1A::B2. SMAD4}[0m
[0;36m		[A1. APC::A2. GSK3B] ---  [B1. APC::B2. GSK3B}[0m
0 123 cost: 217
[0;36m		[A1. APC::A2. GSK3B] ---  [B1. APC::B2. GSK3B}[0m
[0;36m		[A1. GSK3B::A2. BRCA1] ---  [B1. GSK3B::B2. HIF1A}[0m
0 138 cost: 217
[0;36m		[A1. APC::A2. GSK3B] ---  [B1. APC::B2. GSK3B}[0m
[0;36m		[A1. TCF7L2::A2. APC] ---  [B1. SMAD4::B2. APC}[0m
0 25 cost: 769
[0;36m		[A1. APC::A2. GSK3B] ---  [B1. APC::B2. GSK3B}[0m
[0;36m		[A1. BRCA1::A2. ERCC6] ---  [B1. HIF1A::B2. MMP2}[0m

Displayed tree score: 0.239808

Petal1:8	Petal2:5	treecost: 1668	 tree size:4
$RESULT$	ERCC6	MMP2	norm_score:	0.239808
[0m
[0 min 0 sec] All done in 
