COMMAND: /Users/gurkan/Box/Research/INSPIRE/inspire-replication/src/INSPIRE /Users/gurkan/Box/Research/INSPIRE/inspire-replication/database/inspire.sqlite FBXW7 FBXW7 inspire_legacy_v1

GO normalization for inspire_legacy_v1: 14.1026
Loaded 5995 GO pair scores for inspire_legacy_v1
Create two petals
Begin PETAL setup
new petal FBXW7 (27)
# 52 interactions in FBXW7
Done adding UniProt and Pfam annotations for FBXW7.
new petal FBXW7 (27)
# 52 interactions in FBXW7
Done adding UniProt and Pfam annotations for FBXW7.
Petal Sizes: 27, 27
[1;32mPetal Name: [1;33mFBXW7
[1;32mPetal Size: [1;33m27[0;31m
APC
ATM
BRAF
BTRC
CDC42
EGFR
EP300
ERBIN
FBXW11
FBXW7
GSK3B
HIF1A
KLF5
KRAS
LRP6
LRRK2
MDM2
NOTCH2
PTEN
RBPJ
SIAH1
SMAD1
SMAD4
TBL1XR1
TCF7L2
TNKS
YAP1
[0m---- 
[1;36mPetal Interactions[0;32m
1 BTRC	pp	APC
2 CDC42	pp	APC
3 ERBIN	pp	APC
4 ERBIN	pp	EGFR
5 FBXW11	pp	APC
6 FBXW7	pp	ATM
7 FBXW7	pp	BRAF
8 FBXW7	pp	EGFR
9 FBXW7	pp	EP300
10 GSK3B	pp	APC
11 GSK3B	pp	BRAF
12 GSK3B	pp	BTRC
13 GSK3B	pp	FBXW11
14 GSK3B	pp	FBXW7
15 HIF1A	pp	FBXW7
16 HIF1A	pp	GSK3B
17 KLF5	pp	FBXW7
18 KLF5	pp	GSK3B
19 KRAS	pp	APC
20 KRAS	pp	EGFR
21 KRAS	pp	HIF1A
22 LRP6	pp	APC
23 LRP6	pp	GSK3B
24 LRRK2	pp	APC
25 LRRK2	pp	HIF1A
26 MDM2	pp	FBXW7
27 MDM2	pp	GSK3B
28 NOTCH2	pp	FBXW7
29 NOTCH2	pp	GSK3B
30 PTEN	pp	CDC42
31 PTEN	pp	FBXW7
32 PTEN	pp	GSK3B
33 RBPJ	pp	FBXW7
34 SIAH1	pp	APC
35 SIAH1	pp	HIF1A
36 SMAD1	pp	FBXW7
37 SMAD1	pp	GSK3B
38 SMAD4	pp	APC
39 SMAD4	pp	ATM
40 SMAD4	pp	HIF1A
41 SMAD4	pp	PTEN
42 SMAD4	pp	RBPJ
43 SMAD4	pp	SMAD1
44 TBL1XR1	pp	APC
45 TBL1XR1	pp	RBPJ
46 TCF7L2	pp	APC
47 TCF7L2	pp	EP300
48 TCF7L2	pp	PTEN
49 TNKS	pp	APC
50 TNKS	pp	PTEN
51 YAP1	pp	FBXW7
52 YAP1	pp	GSK3B
[0m
[1;32mPetal Name: [1;33mFBXW7
[1;32mPetal Size: [1;33m27[0;31m
APC
ATM
BRAF
BTRC
CDC42
EGFR
EP300
ERBIN
FBXW11
FBXW7
GSK3B
HIF1A
KLF5
KRAS
LRP6
LRRK2
MDM2
NOTCH2
PTEN
RBPJ
SIAH1
SMAD1
SMAD4
TBL1XR1
TCF7L2
TNKS
YAP1
[0m---- 
[1;36mPetal Interactions[0;32m
1 BTRC	pp	APC
2 CDC42	pp	APC
3 ERBIN	pp	APC
4 ERBIN	pp	EGFR
5 FBXW11	pp	APC
6 FBXW7	pp	ATM
7 FBXW7	pp	BRAF
8 FBXW7	pp	EGFR
9 FBXW7	pp	EP300
10 GSK3B	pp	APC
11 GSK3B	pp	BRAF
12 GSK3B	pp	BTRC
13 GSK3B	pp	FBXW11
14 GSK3B	pp	FBXW7
15 HIF1A	pp	FBXW7
16 HIF1A	pp	GSK3B
17 KLF5	pp	FBXW7
18 KLF5	pp	GSK3B
19 KRAS	pp	APC
20 KRAS	pp	EGFR
21 KRAS	pp	HIF1A
22 LRP6	pp	APC
23 LRP6	pp	GSK3B
24 LRRK2	pp	APC
25 LRRK2	pp	HIF1A
26 MDM2	pp	FBXW7
27 MDM2	pp	GSK3B
28 NOTCH2	pp	FBXW7
29 NOTCH2	pp	GSK3B
30 PTEN	pp	CDC42
31 PTEN	pp	FBXW7
32 PTEN	pp	GSK3B
33 RBPJ	pp	FBXW7
34 SIAH1	pp	APC
35 SIAH1	pp	HIF1A
36 SMAD1	pp	FBXW7
37 SMAD1	pp	GSK3B
38 SMAD4	pp	APC
39 SMAD4	pp	ATM
40 SMAD4	pp	HIF1A
41 SMAD4	pp	PTEN
42 SMAD4	pp	RBPJ
43 SMAD4	pp	SMAD1
44 TBL1XR1	pp	APC
45 TBL1XR1	pp	RBPJ
46 TCF7L2	pp	APC
47 TCF7L2	pp	EP300
48 TCF7L2	pp	PTEN
49 TNKS	pp	APC
50 TNKS	pp	PTEN
51 YAP1	pp	FBXW7
52 YAP1	pp	GSK3B
[0m
Done creating Petals.
petals are loaded
[1;32mAGE for [0;36mFBXW7 - FBXW7[0m
[0;35minitial size for AGE: 0[0m
counterPetal1 104
counterPetal2 104
counterPetal1*counterPetal2 10816
(*AGE).size()=10816
[0m---- 
[1;33mAGE nodes: 10816[0m
Allocate AGEgraph :  10816 x 10816	116985856 bytes

[0 min 0 sec] Nodes are done in 

[0 min 5 sec] Edges are done in 
0th run results (0) [new minumum]:0.996873
0 1890 cost: 100
[0;36m		[A1. APC::A2. BTRC] ---  [B1. APC::B2. BTRC}[0m
[0;36m		[A1. BTRC::A2. GSK3B] ---  [B1. BTRC::B2. GSK3B}[0m
0 1995 cost: 100
[0;36m		[A1. APC::A2. BTRC] ---  [B1. APC::B2. BTRC}[0m
[0;36m		[A1. CDC42::A2. APC] ---  [B1. CDC42::B2. APC}[0m
1995 210 cost: 100
[0;36m		[A1. CDC42::A2. APC] ---  [B1. CDC42::B2. APC}[0m
[0;36m		[A1. APC::A2. ERBIN] ---  [B1. APC::B2. ERBIN}[0m
1995 315 cost: 100
[0;36m		[A1. CDC42::A2. APC] ---  [B1. CDC42::B2. APC}[0m
[0;36m		[A1. APC::A2. FBXW11] ---  [B1. APC::B2. FBXW11}[0m
1995 420 cost: 100
[0;36m		[A1. CDC42::A2. APC] ---  [B1. CDC42::B2. APC}[0m
[0;36m		[A1. APC::A2. GSK3B] ---  [B1. APC::B2. GSK3B}[0m
1995 525 cost: 100
[0;36m		[A1. CDC42::A2. APC] ---  [B1. CDC42::B2. APC}[0m
[0;36m		[A1. APC::A2. KRAS] ---  [B1. APC::B2. KRAS}[0m
1995 630 cost: 100
[0;36m		[A1. CDC42::A2. APC] ---  [B1. CDC42::B2. APC}[0m
[0;36m		[A1. APC::A2. LRP6] ---  [B1. APC::B2. LRP6}[0m
1995 735 cost: 100
[0;36m		[A1. CDC42::A2. APC] ---  [B1. CDC42::B2. APC}[0m
[0;36m		[A1. APC::A2. LRRK2] ---  [B1. APC::B2. LRRK2}[0m
1995 840 cost: 100
[0;36m		[A1. CDC42::A2. APC] ---  [B1. CDC42::B2. APC}[0m
[0;36m		[A1. APC::A2. SIAH1] ---  [B1. APC::B2. SIAH1}[0m
1995 945 cost: 100
[0;36m		[A1. CDC42::A2. APC] ---  [B1. CDC42::B2. APC}[0m
[0;36m		[A1. APC::A2. SMAD4] ---  [B1. APC::B2. SMAD4}[0m
1995 1155 cost: 100
[0;36m		[A1. CDC42::A2. APC] ---  [B1. CDC42::B2. APC}[0m
[0;36m		[A1. APC::A2. TCF7L2] ---  [B1. APC::B2. TCF7L2}[0m
1995 1260 cost: 100
[0;36m		[A1. CDC42::A2. APC] ---  [B1. CDC42::B2. APC}[0m
[0;36m		[A1. APC::A2. TNKS] ---  [B1. APC::B2. TNKS}[0m
210 2835 cost: 100
[0;36m		[A1. APC::A2. ERBIN] ---  [B1. APC::B2. ERBIN}[0m
[0;36m		[A1. ERBIN::A2. EGFR] ---  [B1. ERBIN::B2. EGFR}[0m
2835 2310 cost: 100
[0;36m		[A1. ERBIN::A2. EGFR] ---  [B1. ERBIN::B2. EGFR}[0m
[0;36m		[A1. EGFR::A2. FBXW7] ---  [B1. EGFR::B2. FBXW7}[0m
2835 2415 cost: 100
[0;36m		[A1. ERBIN::A2. EGFR] ---  [B1. ERBIN::B2. EGFR}[0m
[0;36m		[A1. EGFR::A2. KRAS] ---  [B1. EGFR::B2. KRAS}[0m
315 3045 cost: 100
[0;36m		[A1. APC::A2. FBXW11] ---  [B1. APC::B2. FBXW11}[0m
[0;36m		[A1. FBXW11::A2. GSK3B] ---  [B1. FBXW11::B2. GSK3B}[0m
2310 3150 cost: 100
[0;36m		[A1. EGFR::A2. FBXW7] ---  [B1. EGFR::B2. FBXW7}[0m
[0;36m		[A1. FBXW7::A2. ATM] ---  [B1. FBXW7::B2. ATM}[0m
3150 1470 cost: 100
[0;36m		[A1. FBXW7::A2. ATM] ---  [B1. FBXW7::B2. ATM}[0m
[0;36m		[A1. ATM::A2. SMAD4] ---  [B1. ATM::B2. SMAD4}[0m
3150 1575 cost: 100
[0;36m		[A1. FBXW7::A2. ATM] ---  [B1. FBXW7::B2. ATM}[0m
[0;36m		[A1. BRAF::A2. FBXW7] ---  [B1. BRAF::B2. FBXW7}[0m
3150 2520 cost: 100
[0;36m		[A1. FBXW7::A2. ATM] ---  [B1. FBXW7::B2. ATM}[0m
[0;36m		[A1. EP300::A2. FBXW7] ---  [B1. EP300::B2. FBXW7}[0m
2310 3570 cost: 100
[0;36m		[A1. EGFR::A2. FBXW7] ---  [B1. EGFR::B2. FBXW7}[0m
[0;36m		[A1. FBXW7::A2. GSK3B] ---  [B1. FBXW7::B2. GSK3B}[0m
2310 3675 cost: 100
[0;36m		[A1. EGFR::A2. FBXW7] ---  [B1. EGFR::B2. FBXW7}[0m
[0;36m		[A1. FBXW7::A2. HIF1A] ---  [B1. FBXW7::B2. HIF1A}[0m
2310 3885 cost: 100
[0;36m		[A1. EGFR::A2. FBXW7] ---  [B1. EGFR::B2. FBXW7}[0m
[0;36m		[A1. FBXW7::A2. MDM2] ---  [B1. FBXW7::B2. MDM2}[0m
2310 3990 cost: 100
[0;36m		[A1. EGFR::A2. FBXW7] ---  [B1. EGFR::B2. FBXW7}[0m
[0;36m		[A1. FBXW7::A2. NOTCH2] ---  [B1. FBXW7::B2. NOTCH2}[0m
2310 4095 cost: 100
[0;36m		[A1. EGFR::A2. FBXW7] ---  [B1. EGFR::B2. FBXW7}[0m
[0;36m		[A1. FBXW7::A2. PTEN] ---  [B1. FBXW7::B2. PTEN}[0m
2310 4200 cost: 100
[0;36m		[A1. EGFR::A2. FBXW7] ---  [B1. EGFR::B2. FBXW7}[0m
[0;36m		[A1. FBXW7::A2. RBPJ] ---  [B1. FBXW7::B2. RBPJ}[0m
2310 4305 cost: 100
[0;36m		[A1. EGFR::A2. FBXW7] ---  [B1. EGFR::B2. FBXW7}[0m
[0;36m		[A1. FBXW7::A2. SMAD1] ---  [B1. FBXW7::B2. SMAD1}[0m
2310 4410 cost: 100
[0;36m		[A1. EGFR::A2. FBXW7] ---  [B1. EGFR::B2. FBXW7}[0m
[0;36m		[A1. FBXW7::A2. YAP1] ---  [B1. FBXW7::B2. YAP1}[0m
1890 4620 cost: 100
[0;36m		[A1. BTRC::A2. GSK3B] ---  [B1. BTRC::B2. GSK3B}[0m
[0;36m		[A1. GSK3B::A2. BRAF] ---  [B1. GSK3B::B2. BRAF}[0m
1890 5040 cost: 100
[0;36m		[A1. BTRC::A2. GSK3B] ---  [B1. BTRC::B2. GSK3B}[0m
[0;36m		[A1. GSK3B::A2. HIF1A] ---  [B1. GSK3B::B2. HIF1A}[0m
1890 5250 cost: 100
[0;36m		[A1. BTRC::A2. GSK3B] ---  [B1. BTRC::B2. GSK3B}[0m
[0;36m		[A1. GSK3B::A2. LRP6] ---  [B1. GSK3B::B2. LRP6}[0m
1890 5355 cost: 100
[0;36m		[A1. BTRC::A2. GSK3B] ---  [B1. BTRC::B2. GSK3B}[0m
[0;36m		[A1. GSK3B::A2. MDM2] ---  [B1. GSK3B::B2. MDM2}[0m
1890 5460 cost: 100
[0;36m		[A1. BTRC::A2. GSK3B] ---  [B1. BTRC::B2. GSK3B}[0m
[0;36m		[A1. GSK3B::A2. NOTCH2] ---  [B1. GSK3B::B2. NOTCH2}[0m
1890 5565 cost: 100
[0;36m		[A1. BTRC::A2. GSK3B] ---  [B1. BTRC::B2. GSK3B}[0m
[0;36m		[A1. GSK3B::A2. PTEN] ---  [B1. GSK3B::B2. PTEN}[0m
1890 5670 cost: 100
[0;36m		[A1. BTRC::A2. GSK3B] ---  [B1. BTRC::B2. GSK3B}[0m
[0;36m		[A1. GSK3B::A2. SMAD1] ---  [B1. GSK3B::B2. SMAD1}[0m
1890 5775 cost: 100
[0;36m		[A1. BTRC::A2. GSK3B] ---  [B1. BTRC::B2. GSK3B}[0m
[0;36m		[A1. GSK3B::A2. YAP1] ---  [B1. GSK3B::B2. YAP1}[0m
3675 6090 cost: 100
[0;36m		[A1. FBXW7::A2. HIF1A] ---  [B1. FBXW7::B2. HIF1A}[0m
[0;36m		[A1. HIF1A::A2. KRAS] ---  [B1. HIF1A::B2. KRAS}[0m
3675 6195 cost: 100
[0;36m		[A1. FBXW7::A2. HIF1A] ---  [B1. FBXW7::B2. HIF1A}[0m
[0;36m		[A1. HIF1A::A2. LRRK2] ---  [B1. HIF1A::B2. LRRK2}[0m
3675 6300 cost: 100
[0;36m		[A1. FBXW7::A2. HIF1A] ---  [B1. FBXW7::B2. HIF1A}[0m
[0;36m		[A1. HIF1A::A2. SIAH1] ---  [B1. HIF1A::B2. SIAH1}[0m
3675 6405 cost: 100
[0;36m		[A1. FBXW7::A2. HIF1A] ---  [B1. FBXW7::B2. HIF1A}[0m
[0;36m		[A1. HIF1A::A2. SMAD4] ---  [B1. HIF1A::B2. SMAD4}[0m
1995 7875 cost: 100
[0;36m		[A1. CDC42::A2. APC] ---  [B1. CDC42::B2. APC}[0m
[0;36m		[A1. PTEN::A2. CDC42] ---  [B1. PTEN::B2. CDC42}[0m
4095 8190 cost: 100
[0;36m		[A1. FBXW7::A2. PTEN] ---  [B1. FBXW7::B2. PTEN}[0m
[0;36m		[A1. PTEN::A2. SMAD4] ---  [B1. PTEN::B2. SMAD4}[0m
4095 8295 cost: 100
[0;36m		[A1. FBXW7::A2. PTEN] ---  [B1. FBXW7::B2. PTEN}[0m
[0;36m		[A1. PTEN::A2. TCF7L2] ---  [B1. PTEN::B2. TCF7L2}[0m
4095 8400 cost: 100
[0;36m		[A1. FBXW7::A2. PTEN] ---  [B1. FBXW7::B2. PTEN}[0m
[0;36m		[A1. PTEN::A2. TNKS] ---  [B1. PTEN::B2. TNKS}[0m
4200 8610 cost: 100
[0;36m		[A1. FBXW7::A2. RBPJ] ---  [B1. FBXW7::B2. RBPJ}[0m
[0;36m		[A1. RBPJ::A2. SMAD4] ---  [B1. RBPJ::B2. SMAD4}[0m
4305 9240 cost: 100
[0;36m		[A1. FBXW7::A2. SMAD1] ---  [B1. FBXW7::B2. SMAD1}[0m
[0;36m		[A1. SMAD1::A2. SMAD4] ---  [B1. SMAD1::B2. SMAD4}[0m
1155 10290 cost: 100
[0;36m		[A1. APC::A2. TCF7L2] ---  [B1. APC::B2. TCF7L2}[0m
[0;36m		[A1. TCF7L2::A2. EP300] ---  [B1. TCF7L2::B2. EP300}[0m
1995 1050 cost: 104
[0;36m		[A1. CDC42::A2. APC] ---  [B1. CDC42::B2. APC}[0m
[0;36m		[A1. APC::A2. TBL1XR1] ---  [B1. APC::B2. TBL1XR1}[0m
2310 3780 cost: 104
[0;36m		[A1. EGFR::A2. FBXW7] ---  [B1. EGFR::B2. FBXW7}[0m
[0;36m		[A1. FBXW7::A2. KLF5] ---  [B1. FBXW7::B2. KLF5}[0m
1890 5145 cost: 104
[0;36m		[A1. BTRC::A2. GSK3B] ---  [B1. BTRC::B2. GSK3B}[0m
[0;36m		[A1. GSK3B::A2. KLF5] ---  [B1. GSK3B::B2. KLF5}[0m
4200 8715 cost: 104
[0;36m		[A1. FBXW7::A2. RBPJ] ---  [B1. FBXW7::B2. RBPJ}[0m
[0;36m		[A1. RBPJ::A2. TBL1XR1] ---  [B1. RBPJ::B2. TBL1XR1}[0m

Displayed tree score: 0.996873

Petal1:52	Petal2:52	treecost: 5116	 tree size:51
$RESULT$	FBXW7	FBXW7	norm_score:	0.996873
[0m
[0 min 42 sec] All done in 
