COMMAND: /Users/gurkan/Box/Research/INSPIRE/inspire-replication/src/INSPIRE /Users/gurkan/Box/Research/INSPIRE/inspire-replication/database/inspire.sqlite FBXW7 UHRF2 inspire_legacy_v1

GO normalization for inspire_legacy_v1: 14.1026
Loaded 5995 GO pair scores for inspire_legacy_v1
Create two petals
Begin PETAL setup
new petal FBXW7 (27)
# 52 interactions in FBXW7
Done adding UniProt and Pfam annotations for FBXW7.
new petal UHRF2 (5)
# 5 interactions in UHRF2
Done adding UniProt and Pfam annotations for UHRF2.
Petal Sizes: 27, 5
[1;32mPetal Name: [1;33mFBXW7
[1;32mPetal Size: [1;33m27[0;31m
APC
ATM
BRAF
BTRC
CDC42
EGFR
EP300
ERBIN
FBXW11
FBXW7
GSK3B
HIF1A
KLF5
KRAS
LRP6
LRRK2
MDM2
NOTCH2
PTEN
RBPJ
SIAH1
SMAD1
SMAD4
TBL1XR1
TCF7L2
TNKS
YAP1
[0m---- 
[1;36mPetal Interactions[0;32m
1 BTRC	pp	APC
2 CDC42	pp	APC
3 ERBIN	pp	APC
4 ERBIN	pp	EGFR
5 FBXW11	pp	APC
6 FBXW7	pp	ATM
7 FBXW7	pp	BRAF
8 FBXW7	pp	EGFR
9 FBXW7	pp	EP300
10 GSK3B	pp	APC
11 GSK3B	pp	BRAF
12 GSK3B	pp	BTRC
13 GSK3B	pp	FBXW11
14 GSK3B	pp	FBXW7
15 HIF1A	pp	FBXW7
16 HIF1A	pp	GSK3B
17 KLF5	pp	FBXW7
18 KLF5	pp	GSK3B
19 KRAS	pp	APC
20 KRAS	pp	EGFR
21 KRAS	pp	HIF1A
22 LRP6	pp	APC
23 LRP6	pp	GSK3B
24 LRRK2	pp	APC
25 LRRK2	pp	HIF1A
26 MDM2	pp	FBXW7
27 MDM2	pp	GSK3B
28 NOTCH2	pp	FBXW7
29 NOTCH2	pp	GSK3B
30 PTEN	pp	CDC42
31 PTEN	pp	FBXW7
32 PTEN	pp	GSK3B
33 RBPJ	pp	FBXW7
34 SIAH1	pp	APC
35 SIAH1	pp	HIF1A
36 SMAD1	pp	FBXW7
37 SMAD1	pp	GSK3B
38 SMAD4	pp	APC
39 SMAD4	pp	ATM
40 SMAD4	pp	HIF1A
41 SMAD4	pp	PTEN
42 SMAD4	pp	RBPJ
43 SMAD4	pp	SMAD1
44 TBL1XR1	pp	APC
45 TBL1XR1	pp	RBPJ
46 TCF7L2	pp	APC
47 TCF7L2	pp	EP300
48 TCF7L2	pp	PTEN
49 TNKS	pp	APC
50 TNKS	pp	PTEN
51 YAP1	pp	FBXW7
52 YAP1	pp	GSK3B
[0m
[1;32mPetal Name: [1;33mUHRF2
[1;32mPetal Size: [1;33m5[0;31m
APC
CCND1
GSK3B
LRP6
UHRF2
[0m---- 
[1;36mPetal Interactions[0;32m
1 GSK3B	pp	APC
2 GSK3B	pp	CCND1
3 LRP6	pp	APC
4 LRP6	pp	CCND1
5 UHRF2	pp	CCND1
[0m
Done creating Petals.
petals are loaded
[1;32mAGE for [0;36mFBXW7 - UHRF2[0m
[0;35minitial size for AGE: 0[0m
counterPetal1 104
counterPetal2 10
counterPetal1*counterPetal2 1040
(*AGE).size()=1040
[0m---- 
[1;33mAGE nodes: 1040[0m
Allocate AGEgraph :  1040 x 1040	1081600 bytes

[0 min 0 sec] Nodes are done in 

[0 min 0 sec] Edges are done in 
0th run results (0) [new minumum]:0.275482
0 677 cost: 217
[0;36m		[A1. APC::A2. BTRC] ---  [B1. APC::B2. GSK3B}[0m
[0;36m		[A1. LRP6::A2. APC] ---  [B1. LRP6::B2. APC}[0m
677 503 cost: 235
[0;36m		[A1. LRP6::A2. APC] ---  [B1. LRP6::B2. APC}[0m
[0;36m		[A1. GSK3B::A2. LRP6] ---  [B1. CCND1::B2. LRP6}[0m
677 166 cost: 500
[0;36m		[A1. LRP6::A2. APC] ---  [B1. LRP6::B2. APC}[0m
[0;36m		[A1. BRAF::A2. GSK3B] ---  [B1. GSK3B::B2. CCND1}[0m
677 729 cost: 500
[0;36m		[A1. LRP6::A2. APC] ---  [B1. LRP6::B2. APC}[0m
[0;36m		[A1. MDM2::A2. GSK3B] ---  [B1. UHRF2::B2. CCND1}[0m

Displayed tree score: 0.275482

46th run results (1) [new minumum]:0.280702
46 677 cost: 500
[0;36m		[A1. APC::A2. GSK3B] ---  [B1. GSK3B::B2. CCND1}[0m
[0;36m		[A1. LRP6::A2. APC] ---  [B1. LRP6::B2. APC}[0m
677 70 cost: 190
[0;36m		[A1. LRP6::A2. APC] ---  [B1. LRP6::B2. APC}[0m
[0;36m		[A1. APC::A2. LRRK2] ---  [B1. APC::B2. GSK3B}[0m
677 503 cost: 235
[0;36m		[A1. LRP6::A2. APC] ---  [B1. LRP6::B2. APC}[0m
[0;36m		[A1. GSK3B::A2. LRP6] ---  [B1. CCND1::B2. LRP6}[0m
677 729 cost: 500
[0;36m		[A1. LRP6::A2. APC] ---  [B1. LRP6::B2. APC}[0m
[0;36m		[A1. MDM2::A2. GSK3B] ---  [B1. UHRF2::B2. CCND1}[0m

Displayed tree score: 0.280702

58th run results (2) [new minumum]:0.300752
58 435 cost: 487
[0;36m		[A1. APC::A2. KRAS] ---  [B1. LRP6::B2. CCND1}[0m
[0;36m		[A1. GSK3B::A2. APC] ---  [B1. GSK3B::B2. APC}[0m
435 61 cost: 100
[0;36m		[A1. GSK3B::A2. APC] ---  [B1. GSK3B::B2. APC}[0m
[0;36m		[A1. APC::A2. LRP6] ---  [B1. APC::B2. LRP6}[0m
435 572 cost: 217
[0;36m		[A1. GSK3B::A2. APC] ---  [B1. GSK3B::B2. APC}[0m
[0;36m		[A1. HIF1A::A2. GSK3B] ---  [B1. CCND1::B2. GSK3B}[0m
435 709 cost: 526
[0;36m		[A1. GSK3B::A2. APC] ---  [B1. GSK3B::B2. APC}[0m
[0;36m		[A1. LRRK2::A2. HIF1A] ---  [B1. UHRF2::B2. CCND1}[0m

Displayed tree score: 0.300752

208th run results (3) [new minumum]:0.30581
208 435 cost: 465
[0;36m		[A1. CDC42::A2. PTEN] ---  [B1. LRP6::B2. CCND1}[0m
[0;36m		[A1. GSK3B::A2. APC] ---  [B1. GSK3B::B2. APC}[0m
435 61 cost: 100
[0;36m		[A1. GSK3B::A2. APC] ---  [B1. GSK3B::B2. APC}[0m
[0;36m		[A1. APC::A2. LRP6] ---  [B1. APC::B2. LRP6}[0m
435 572 cost: 217
[0;36m		[A1. GSK3B::A2. APC] ---  [B1. GSK3B::B2. APC}[0m
[0;36m		[A1. HIF1A::A2. GSK3B] ---  [B1. CCND1::B2. GSK3B}[0m
435 709 cost: 526
[0;36m		[A1. GSK3B::A2. APC] ---  [B1. GSK3B::B2. APC}[0m
[0;36m		[A1. LRRK2::A2. HIF1A] ---  [B1. UHRF2::B2. CCND1}[0m

Displayed tree score: 0.30581

503th run results (4) [new minumum]:0.371058
503 677 cost: 235
[0;36m		[A1. GSK3B::A2. LRP6] ---  [B1. CCND1::B2. LRP6}[0m
[0;36m		[A1. LRP6::A2. APC] ---  [B1. LRP6::B2. APC}[0m
677 40 cost: 100
[0;36m		[A1. LRP6::A2. APC] ---  [B1. LRP6::B2. APC}[0m
[0;36m		[A1. APC::A2. GSK3B] ---  [B1. APC::B2. GSK3B}[0m
40 486 cost: 217
[0;36m		[A1. APC::A2. GSK3B] ---  [B1. APC::B2. GSK3B}[0m
[0;36m		[A1. GSK3B::A2. HIF1A] ---  [B1. GSK3B::B2. CCND1}[0m
40 594 cost: 526
[0;36m		[A1. APC::A2. GSK3B] ---  [B1. APC::B2. GSK3B}[0m
[0;36m		[A1. HIF1A::A2. LRRK2] ---  [B1. CCND1::B2. UHRF2}[0m

Displayed tree score: 0.371058

Petal1:52	Petal2:5	treecost: 1078	 tree size:4
$RESULT$	FBXW7	UHRF2	norm_score:	0.371058
[0m
[0 min 0 sec] All done in 
