COMMAND: /Users/gurkan/Box/Research/INSPIRE/inspire-replication/src/INSPIRE /Users/gurkan/Box/Research/INSPIRE/inspire-replication/database/inspire.sqlite FBXW7 MCM3AP inspire_legacy_v1

GO normalization for inspire_legacy_v1: 14.1026
Loaded 5995 GO pair scores for inspire_legacy_v1
Create two petals
Begin PETAL setup
new petal FBXW7 (27)
# 52 interactions in FBXW7
Done adding UniProt and Pfam annotations for FBXW7.
new petal MCM3AP (4)
# 3 interactions in MCM3AP
Done adding UniProt and Pfam annotations for MCM3AP.
Petal Sizes: 27, 4
[1;32mPetal Name: [1;33mFBXW7
[1;32mPetal Size: [1;33m27[0;31m
APC
ATM
BRAF
BTRC
CDC42
EGFR
EP300
ERBIN
FBXW11
FBXW7
GSK3B
HIF1A
KLF5
KRAS
LRP6
LRRK2
MDM2
NOTCH2
PTEN
RBPJ
SIAH1
SMAD1
SMAD4
TBL1XR1
TCF7L2
TNKS
YAP1
[0m---- 
[1;36mPetal Interactions[0;32m
1 BTRC	pp	APC
2 CDC42	pp	APC
3 ERBIN	pp	APC
4 ERBIN	pp	EGFR
5 FBXW11	pp	APC
6 FBXW7	pp	ATM
7 FBXW7	pp	BRAF
8 FBXW7	pp	EGFR
9 FBXW7	pp	EP300
10 GSK3B	pp	APC
11 GSK3B	pp	BRAF
12 GSK3B	pp	BTRC
13 GSK3B	pp	FBXW11
14 GSK3B	pp	FBXW7
15 HIF1A	pp	FBXW7
16 HIF1A	pp	GSK3B
17 KLF5	pp	FBXW7
18 KLF5	pp	GSK3B
19 KRAS	pp	APC
20 KRAS	pp	EGFR
21 KRAS	pp	HIF1A
22 LRP6	pp	APC
23 LRP6	pp	GSK3B
24 LRRK2	pp	APC
25 LRRK2	pp	HIF1A
26 MDM2	pp	FBXW7
27 MDM2	pp	GSK3B
28 NOTCH2	pp	FBXW7
29 NOTCH2	pp	GSK3B
30 PTEN	pp	CDC42
31 PTEN	pp	FBXW7
32 PTEN	pp	GSK3B
33 RBPJ	pp	FBXW7
34 SIAH1	pp	APC
35 SIAH1	pp	HIF1A
36 SMAD1	pp	FBXW7
37 SMAD1	pp	GSK3B
38 SMAD4	pp	APC
39 SMAD4	pp	ATM
40 SMAD4	pp	HIF1A
41 SMAD4	pp	PTEN
42 SMAD4	pp	RBPJ
43 SMAD4	pp	SMAD1
44 TBL1XR1	pp	APC
45 TBL1XR1	pp	RBPJ
46 TCF7L2	pp	APC
47 TCF7L2	pp	EP300
48 TCF7L2	pp	PTEN
49 TNKS	pp	APC
50 TNKS	pp	PTEN
51 YAP1	pp	FBXW7
52 YAP1	pp	GSK3B
[0m
[1;32mPetal Name: [1;33mMCM3AP
[1;32mPetal Size: [1;33m4[0;31m
APC
MCM3AP
RANBP2
TPR
[0m---- 
[1;36mPetal Interactions[0;32m
1 RANBP2	pp	APC
2 TPR	pp	MCM3AP
3 TPR	pp	RANBP2
[0m
Done creating Petals.
petals are loaded
[1;32mAGE for [0;36mFBXW7 - MCM3AP[0m
[0;35minitial size for AGE: 0[0m
counterPetal1 104
counterPetal2 6
counterPetal1*counterPetal2 624
(*AGE).size()=624
[0m---- 
[1;33mAGE nodes: 624[0m
Allocate AGEgraph :  624 x 624	389376 bytes

[0 min 0 sec] Nodes are done in 

[0 min 0 sec] Edges are done in 
0th run results (0) [new minumum]:0.142552
0 111 cost: 689
[0;36m		[A1. APC::A2. BTRC] ---  [B1. APC::B2. RANBP2}[0m
[0;36m		[A1. BTRC::A2. GSK3B] ---  [B1. RANBP2::B2. TPR}[0m
111 310 cost: 714
[0;36m		[A1. BTRC::A2. GSK3B] ---  [B1. RANBP2::B2. TPR}[0m
[0;36m		[A1. GSK3B::A2. MDM2] ---  [B1. TPR::B2. MCM3AP}[0m

Displayed tree score: 0.142552

24th run results (1) [new minumum]:0.182648
24 285 cost: 540
[0;36m		[A1. APC::A2. GSK3B] ---  [B1. APC::B2. RANBP2}[0m
[0;36m		[A1. GSK3B::A2. FBXW7] ---  [B1. RANBP2::B2. TPR}[0m
285 184 cost: 555
[0;36m		[A1. GSK3B::A2. FBXW7] ---  [B1. RANBP2::B2. TPR}[0m
[0;36m		[A1. FBXW7::A2. ATM] ---  [B1. TPR::B2. MCM3AP}[0m

Displayed tree score: 0.182648

79th run results (2) [new minumum]:0.185185
79 203 cost: 540
[0;36m		[A1. ATM::A2. FBXW7] ---  [B1. MCM3AP::B2. TPR}[0m
[0;36m		[A1. FBXW7::A2. EP300] ---  [B1. TPR::B2. RANBP2}[0m
203 152 cost: 540
[0;36m		[A1. FBXW7::A2. EP300] ---  [B1. TPR::B2. RANBP2}[0m
[0;36m		[A1. EP300::A2. TCF7L2] ---  [B1. RANBP2::B2. APC}[0m

Displayed tree score: 0.185185

Petal1:52	Petal2:3	treecost: 1080	 tree size:2
$RESULT$	FBXW7	MCM3AP	norm_score:	0.185185
[0m
[0 min 0 sec] All done in 
