COMMAND: /Users/gurkan/Box/Research/INSPIRE/inspire-replication/src/INSPIRE /Users/gurkan/Box/Research/INSPIRE/inspire-replication/database/inspire.sqlite FN1 ZNF521 inspire_legacy_v1

GO normalization for inspire_legacy_v1: 14.1026
Loaded 5995 GO pair scores for inspire_legacy_v1
Create two petals
Begin PETAL setup
new petal FN1 (10)
# 15 interactions in FN1
Done adding UniProt and Pfam annotations for FN1.
new petal ZNF521 (4)
# 3 interactions in ZNF521
Done adding UniProt and Pfam annotations for ZNF521.
Petal Sizes: 10, 4
[1;32mPetal Name: [1;33mFN1
[1;32mPetal Size: [1;33m10[0;31m
APC
BMPR2
CREB1
FN1
GSK3B
HIF1A
SMAD4
TCF7L2
ZEB1
ZEB2
[0m---- 
[1;36mPetal Interactions[0;32m
1 FN1	pp	BMPR2
2 FN1	pp	CREB1
3 GSK3B	pp	APC
4 GSK3B	pp	CREB1
5 HIF1A	pp	FN1
6 HIF1A	pp	GSK3B
7 SMAD4	pp	APC
8 SMAD4	pp	BMPR2
9 SMAD4	pp	HIF1A
10 TCF7L2	pp	APC
11 TCF7L2	pp	CREB1
12 ZEB1	pp	FN1
13 ZEB1	pp	SMAD4
14 ZEB2	pp	FN1
15 ZEB2	pp	SMAD4
[0m
[1;32mPetal Name: [1;33mZNF521
[1;32mPetal Size: [1;33m4[0;31m
APC
LRP6
RUNX2
ZNF521
[0m---- 
[1;36mPetal Interactions[0;32m
1 LRP6	pp	APC
2 RUNX2	pp	LRP6
3 ZNF521	pp	RUNX2
[0m
Done creating Petals.
petals are loaded
[1;32mAGE for [0;36mFN1 - ZNF521[0m
[0;35minitial size for AGE: 0[0m
counterPetal1 30
counterPetal2 6
counterPetal1*counterPetal2 180
(*AGE).size()=180
[0m---- 
[1;33mAGE nodes: 180[0m
Allocate AGEgraph :  180 x 180	32400 bytes

[0 min 0 sec] Nodes are done in 

[0 min 0 sec] Edges are done in 
0th run results (0) [new minumum]:0.0512295
0 92 cost: 571
[0;36m		[A1. APC::A2. GSK3B] ---  [B1. APC::B2. LRP6}[0m
[0;36m		[A1. GSK3B::A2. HIF1A] ---  [B1. LRP6::B2. RUNX2}[0m
92 112 cost: 3333
[0;36m		[A1. GSK3B::A2. HIF1A] ---  [B1. LRP6::B2. RUNX2}[0m
[0;36m		[A1. HIF1A::A2. SMAD4] ---  [B1. RUNX2::B2. ZNF521}[0m

Displayed tree score: 0.0512295

1th run results (1) [new minumum]:0.0574383
1 117 cost: 625
[0;36m		[A1. APC::A2. GSK3B] ---  [B1. LRP6::B2. APC}[0m
[0;36m		[A1. SMAD4::A2. APC] ---  [B1. RUNX2::B2. LRP6}[0m
117 29 cost: 2857
[0;36m		[A1. SMAD4::A2. APC] ---  [B1. RUNX2::B2. LRP6}[0m
[0;36m		[A1. BMPR2::A2. SMAD4] ---  [B1. ZNF521::B2. RUNX2}[0m

Displayed tree score: 0.0574383

Petal1:15	Petal2:3	treecost: 3482	 tree size:2
$RESULT$	FN1	ZNF521	norm_score:	0.0574383
[0m
[0 min 0 sec] All done in 
