COMMAND: /Users/gurkan/Box/Research/INSPIRE/inspire-replication/src/INSPIRE /Users/gurkan/Box/Research/INSPIRE/inspire-replication/database/inspire.sqlite FN1 TGFBR2 inspire_legacy_v1

GO normalization for inspire_legacy_v1: 14.1026
Loaded 5995 GO pair scores for inspire_legacy_v1
Create two petals
Begin PETAL setup
new petal FN1 (10)
# 15 interactions in FN1
Done adding UniProt and Pfam annotations for FN1.
new petal TGFBR2 (20)
# 32 interactions in TGFBR2
Done adding UniProt and Pfam annotations for TGFBR2.
Petal Sizes: 10, 20
[1;32mPetal Name: [1;33mFN1
[1;32mPetal Size: [1;33m10[0;31m
APC
BMPR2
CREB1
FN1
GSK3B
HIF1A
SMAD4
TCF7L2
ZEB1
ZEB2
[0m---- 
[1;36mPetal Interactions[0;32m
1 FN1	pp	BMPR2
2 FN1	pp	CREB1
3 GSK3B	pp	APC
4 GSK3B	pp	CREB1
5 HIF1A	pp	FN1
6 HIF1A	pp	GSK3B
7 SMAD4	pp	APC
8 SMAD4	pp	BMPR2
9 SMAD4	pp	HIF1A
10 TCF7L2	pp	APC
11 TCF7L2	pp	CREB1
12 ZEB1	pp	FN1
13 ZEB1	pp	SMAD4
14 ZEB2	pp	FN1
15 ZEB2	pp	SMAD4
[0m
[1;32mPetal Name: [1;33mTGFBR2
[1;32mPetal Size: [1;33m20[0;31m
APC
BMPR1A
BTRC
CDC42
EGFR
EP300
ERBIN
GSK3B
IQGAP1
KRAS
PIK3CB
PIK3R1
SMAD4
SMAD5
SMURF2
TCF7L2
TGFBR1
TGFBR2
TRAF6
YAP1
[0m---- 
[1;36mPetal Interactions[0;32m
1 BTRC	pp	APC
2 CDC42	pp	APC
3 EP300	pp	BTRC
4 ERBIN	pp	APC
5 ERBIN	pp	EGFR
6 GSK3B	pp	APC
7 IQGAP1	pp	APC
8 IQGAP1	pp	EGFR
9 KRAS	pp	APC
10 KRAS	pp	EGFR
11 PIK3CB	pp	CDC42
12 PIK3R1	pp	KRAS
13 SMAD4	pp	APC
14 SMAD4	pp	BMPR1A
15 SMAD5	pp	SMAD4
16 SMURF2	pp	GSK3B
17 SMURF2	pp	SMAD4
18 TCF7L2	pp	APC
19 TCF7L2	pp	EP300
20 TGFBR1	pp	SMAD4
21 TGFBR2	pp	BMPR1A
22 TGFBR2	pp	EGFR
23 TGFBR2	pp	EP300
24 TGFBR2	pp	PIK3CB
25 TGFBR2	pp	PIK3R1
26 TGFBR2	pp	SMAD5
27 TGFBR2	pp	SMURF2
28 TGFBR2	pp	TGFBR1
29 TRAF6	pp	GSK3B
30 TRAF6	pp	TGFBR2
31 YAP1	pp	GSK3B
32 YAP1	pp	TGFBR2
[0m
Done creating Petals.
petals are loaded
[1;32mAGE for [0;36mFN1 - TGFBR2[0m
[0;35minitial size for AGE: 0[0m
counterPetal1 30
counterPetal2 64
counterPetal1*counterPetal2 1920
(*AGE).size()=1920
[0m---- 
[1;33mAGE nodes: 1920[0m
Allocate AGEgraph :  1920 x 1920	3686400 bytes

[0 min 0 sec] Nodes are done in 

[0 min 0 sec] Edges are done in 
0th run results (0) [new minumum]:0.279431
0 1252 cost: 217
[0;36m		[A1. APC::A2. GSK3B] ---  [B1. APC::B2. BTRC}[0m
[0;36m		[A1. SMAD4::A2. APC] ---  [B1. SMAD4::B2. APC}[0m
1252 135 cost: 100
[0;36m		[A1. SMAD4::A2. APC] ---  [B1. SMAD4::B2. APC}[0m
[0;36m		[A1. APC::A2. TCF7L2] ---  [B1. APC::B2. TCF7L2}[0m
1252 304 cost: 125
[0;36m		[A1. SMAD4::A2. APC] ---  [B1. SMAD4::B2. APC}[0m
[0;36m		[A1. BMPR2::A2. SMAD4] ---  [B1. TGFBR1::B2. SMAD4}[0m
1252 1160 cost: 217
[0;36m		[A1. SMAD4::A2. APC] ---  [B1. SMAD4::B2. APC}[0m
[0;36m		[A1. HIF1A::A2. SMAD4] ---  [B1. BMPR1A::B2. SMAD4}[0m
135 1647 cost: 217
[0;36m		[A1. APC::A2. TCF7L2] ---  [B1. APC::B2. TCF7L2}[0m
[0;36m		[A1. TCF7L2::A2. CREB1] ---  [B1. TCF7L2::B2. EP300}[0m
1252 1900 cost: 217
[0;36m		[A1. SMAD4::A2. APC] ---  [B1. SMAD4::B2. APC}[0m
[0;36m		[A1. ZEB2::A2. SMAD4] ---  [B1. SMURF2::B2. SMAD4}[0m
304 569 cost: 289
[0;36m		[A1. BMPR2::A2. SMAD4] ---  [B1. TGFBR1::B2. SMAD4}[0m
[0;36m		[A1. FN1::A2. BMPR2] ---  [B1. TGFBR2::B2. TGFBR1}[0m
1252 1769 cost: 338
[0;36m		[A1. SMAD4::A2. APC] ---  [B1. SMAD4::B2. APC}[0m
[0;36m		[A1. ZEB1::A2. SMAD4] ---  [B1. SMAD5::B2. SMAD4}[0m
135 340 cost: 465
[0;36m		[A1. APC::A2. TCF7L2] ---  [B1. APC::B2. TCF7L2}[0m
[0;36m		[A1. CREB1::A2. FN1] ---  [B1. EP300::B2. TGFBR2}[0m
135 402 cost: 465
[0;36m		[A1. APC::A2. TCF7L2] ---  [B1. APC::B2. TCF7L2}[0m
[0;36m		[A1. CREB1::A2. GSK3B] ---  [B1. EP300::B2. BTRC}[0m
1252 690 cost: 465
[0;36m		[A1. SMAD4::A2. APC] ---  [B1. SMAD4::B2. APC}[0m
[0;36m		[A1. FN1::A2. HIF1A] ---  [B1. TGFBR2::B2. BMPR1A}[0m
1252 824 cost: 465
[0;36m		[A1. SMAD4::A2. APC] ---  [B1. SMAD4::B2. APC}[0m
[0;36m		[A1. FN1::A2. ZEB2] ---  [B1. TGFBR2::B2. SMURF2}[0m
1252 759 cost: 740
[0;36m		[A1. SMAD4::A2. APC] ---  [B1. SMAD4::B2. APC}[0m
[0;36m		[A1. FN1::A2. ZEB1] ---  [B1. TGFBR2::B2. SMAD5}[0m

Displayed tree score: 0.279431

3th run results (1) [new minumum]:0.297106
3 1252 cost: 100
[0;36m		[A1. APC::A2. GSK3B] ---  [B1. APC::B2. GSK3B}[0m
[0;36m		[A1. SMAD4::A2. APC] ---  [B1. SMAD4::B2. APC}[0m
1252 135 cost: 100
[0;36m		[A1. SMAD4::A2. APC] ---  [B1. SMAD4::B2. APC}[0m
[0;36m		[A1. APC::A2. TCF7L2] ---  [B1. APC::B2. TCF7L2}[0m
1252 304 cost: 125
[0;36m		[A1. SMAD4::A2. APC] ---  [B1. SMAD4::B2. APC}[0m
[0;36m		[A1. BMPR2::A2. SMAD4] ---  [B1. TGFBR1::B2. SMAD4}[0m
3 921 cost: 217
[0;36m		[A1. APC::A2. GSK3B] ---  [B1. APC::B2. GSK3B}[0m
[0;36m		[A1. GSK3B::A2. CREB1] ---  [B1. GSK3B::B2. TRAF6}[0m
3 984 cost: 217
[0;36m		[A1. APC::A2. GSK3B] ---  [B1. APC::B2. GSK3B}[0m
[0;36m		[A1. GSK3B::A2. HIF1A] ---  [B1. GSK3B::B2. SMURF2}[0m
1252 1196 cost: 217
[0;36m		[A1. SMAD4::A2. APC] ---  [B1. SMAD4::B2. APC}[0m
[0;36m		[A1. HIF1A::A2. SMAD4] ---  [B1. SMURF2::B2. SMAD4}[0m
1252 1864 cost: 250
[0;36m		[A1. SMAD4::A2. APC] ---  [B1. SMAD4::B2. APC}[0m
[0;36m		[A1. ZEB2::A2. SMAD4] ---  [B1. BMPR1A::B2. SMAD4}[0m
304 569 cost: 289
[0;36m		[A1. BMPR2::A2. SMAD4] ---  [B1. TGFBR1::B2. SMAD4}[0m
[0;36m		[A1. FN1::A2. BMPR2] ---  [B1. TGFBR2::B2. TGFBR1}[0m
1252 1769 cost: 338
[0;36m		[A1. SMAD4::A2. APC] ---  [B1. SMAD4::B2. APC}[0m
[0;36m		[A1. ZEB1::A2. SMAD4] ---  [B1. SMAD5::B2. SMAD4}[0m
3 381 cost: 465
[0;36m		[A1. APC::A2. GSK3B] ---  [B1. APC::B2. GSK3B}[0m
[0;36m		[A1. CREB1::A2. FN1] ---  [B1. TRAF6::B2. TGFBR2}[0m
1252 696 cost: 465
[0;36m		[A1. SMAD4::A2. APC] ---  [B1. SMAD4::B2. APC}[0m
[0;36m		[A1. FN1::A2. HIF1A] ---  [B1. TGFBR2::B2. SMURF2}[0m
1252 818 cost: 540
[0;36m		[A1. SMAD4::A2. APC] ---  [B1. SMAD4::B2. APC}[0m
[0;36m		[A1. FN1::A2. ZEB2] ---  [B1. TGFBR2::B2. BMPR1A}[0m
1252 759 cost: 740
[0;36m		[A1. SMAD4::A2. APC] ---  [B1. SMAD4::B2. APC}[0m
[0;36m		[A1. FN1::A2. ZEB1] ---  [B1. TGFBR2::B2. SMAD5}[0m

Displayed tree score: 0.297106

394th run results (2) [new minumum]:0.307692
394 70 cost: 487
[0;36m		[A1. CREB1::A2. GSK3B] ---  [B1. BTRC::B2. APC}[0m
[0;36m		[A1. APC::A2. SMAD4] ---  [B1. APC::B2. SMAD4}[0m
70 855 cost: 100
[0;36m		[A1. APC::A2. SMAD4] ---  [B1. APC::B2. SMAD4}[0m
[0;36m		[A1. GSK3B::A2. APC] ---  [B1. GSK3B::B2. APC}[0m
855 135 cost: 100
[0;36m		[A1. GSK3B::A2. APC] ---  [B1. GSK3B::B2. APC}[0m
[0;36m		[A1. APC::A2. TCF7L2] ---  [B1. APC::B2. TCF7L2}[0m
70 1320 cost: 125
[0;36m		[A1. APC::A2. SMAD4] ---  [B1. APC::B2. SMAD4}[0m
[0;36m		[A1. SMAD4::A2. BMPR2] ---  [B1. SMAD4::B2. TGFBR1}[0m
855 1131 cost: 217
[0;36m		[A1. GSK3B::A2. APC] ---  [B1. GSK3B::B2. APC}[0m
[0;36m		[A1. HIF1A::A2. GSK3B] ---  [B1. SMURF2::B2. GSK3B}[0m
70 1383 cost: 217
[0;36m		[A1. APC::A2. SMAD4] ---  [B1. APC::B2. SMAD4}[0m
[0;36m		[A1. SMAD4::A2. HIF1A] ---  [B1. SMAD4::B2. SMURF2}[0m
135 1647 cost: 217
[0;36m		[A1. APC::A2. TCF7L2] ---  [B1. APC::B2. TCF7L2}[0m
[0;36m		[A1. TCF7L2::A2. CREB1] ---  [B1. TCF7L2::B2. EP300}[0m
70 1509 cost: 250
[0;36m		[A1. APC::A2. SMAD4] ---  [B1. APC::B2. SMAD4}[0m
[0;36m		[A1. SMAD4::A2. ZEB2] ---  [B1. SMAD4::B2. BMPR1A}[0m
1320 241 cost: 289
[0;36m		[A1. SMAD4::A2. BMPR2] ---  [B1. SMAD4::B2. TGFBR1}[0m
[0;36m		[A1. BMPR2::A2. FN1] ---  [B1. TGFBR1::B2. TGFBR2}[0m
70 1446 cost: 338
[0;36m		[A1. APC::A2. SMAD4] ---  [B1. APC::B2. SMAD4}[0m
[0;36m		[A1. SMAD4::A2. ZEB1] ---  [B1. SMAD4::B2. SMAD5}[0m
135 340 cost: 465
[0;36m		[A1. APC::A2. TCF7L2] ---  [B1. APC::B2. TCF7L2}[0m
[0;36m		[A1. CREB1::A2. FN1] ---  [B1. EP300::B2. TGFBR2}[0m
855 696 cost: 465
[0;36m		[A1. GSK3B::A2. APC] ---  [B1. GSK3B::B2. APC}[0m
[0;36m		[A1. FN1::A2. HIF1A] ---  [B1. TGFBR2::B2. SMURF2}[0m
70 1801 cost: 540
[0;36m		[A1. APC::A2. SMAD4] ---  [B1. APC::B2. SMAD4}[0m
[0;36m		[A1. ZEB2::A2. FN1] ---  [B1. BMPR1A::B2. TGFBR2}[0m
70 1706 cost: 740
[0;36m		[A1. APC::A2. SMAD4] ---  [B1. APC::B2. SMAD4}[0m
[0;36m		[A1. ZEB1::A2. FN1] ---  [B1. SMAD5::B2. TGFBR2}[0m

Displayed tree score: 0.307692

399th run results (3) [new minumum]:0.309187
399 70 cost: 465
[0;36m		[A1. CREB1::A2. GSK3B] ---  [B1. EGFR::B2. IQGAP1}[0m
[0;36m		[A1. APC::A2. SMAD4] ---  [B1. APC::B2. SMAD4}[0m
70 855 cost: 100
[0;36m		[A1. APC::A2. SMAD4] ---  [B1. APC::B2. SMAD4}[0m
[0;36m		[A1. GSK3B::A2. APC] ---  [B1. GSK3B::B2. APC}[0m
855 135 cost: 100
[0;36m		[A1. GSK3B::A2. APC] ---  [B1. GSK3B::B2. APC}[0m
[0;36m		[A1. APC::A2. TCF7L2] ---  [B1. APC::B2. TCF7L2}[0m
70 1320 cost: 125
[0;36m		[A1. APC::A2. SMAD4] ---  [B1. APC::B2. SMAD4}[0m
[0;36m		[A1. SMAD4::A2. BMPR2] ---  [B1. SMAD4::B2. TGFBR1}[0m
855 1131 cost: 217
[0;36m		[A1. GSK3B::A2. APC] ---  [B1. GSK3B::B2. APC}[0m
[0;36m		[A1. HIF1A::A2. GSK3B] ---  [B1. SMURF2::B2. GSK3B}[0m
70 1383 cost: 217
[0;36m		[A1. APC::A2. SMAD4] ---  [B1. APC::B2. SMAD4}[0m
[0;36m		[A1. SMAD4::A2. HIF1A] ---  [B1. SMAD4::B2. SMURF2}[0m
135 1647 cost: 217
[0;36m		[A1. APC::A2. TCF7L2] ---  [B1. APC::B2. TCF7L2}[0m
[0;36m		[A1. TCF7L2::A2. CREB1] ---  [B1. TCF7L2::B2. EP300}[0m
70 1509 cost: 250
[0;36m		[A1. APC::A2. SMAD4] ---  [B1. APC::B2. SMAD4}[0m
[0;36m		[A1. SMAD4::A2. ZEB2] ---  [B1. SMAD4::B2. BMPR1A}[0m
1320 241 cost: 289
[0;36m		[A1. SMAD4::A2. BMPR2] ---  [B1. SMAD4::B2. TGFBR1}[0m
[0;36m		[A1. BMPR2::A2. FN1] ---  [B1. TGFBR1::B2. TGFBR2}[0m
70 1446 cost: 338
[0;36m		[A1. APC::A2. SMAD4] ---  [B1. APC::B2. SMAD4}[0m
[0;36m		[A1. SMAD4::A2. ZEB1] ---  [B1. SMAD4::B2. SMAD5}[0m
135 340 cost: 465
[0;36m		[A1. APC::A2. TCF7L2] ---  [B1. APC::B2. TCF7L2}[0m
[0;36m		[A1. CREB1::A2. FN1] ---  [B1. EP300::B2. TGFBR2}[0m
855 696 cost: 465
[0;36m		[A1. GSK3B::A2. APC] ---  [B1. GSK3B::B2. APC}[0m
[0;36m		[A1. FN1::A2. HIF1A] ---  [B1. TGFBR2::B2. SMURF2}[0m
70 1801 cost: 540
[0;36m		[A1. APC::A2. SMAD4] ---  [B1. APC::B2. SMAD4}[0m
[0;36m		[A1. ZEB2::A2. FN1] ---  [B1. BMPR1A::B2. TGFBR2}[0m
70 1706 cost: 740
[0;36m		[A1. APC::A2. SMAD4] ---  [B1. APC::B2. SMAD4}[0m
[0;36m		[A1. ZEB1::A2. FN1] ---  [B1. SMAD5::B2. TGFBR2}[0m

Displayed tree score: 0.309187

444th run results (4) [new minumum]:0.327103
444 855 cost: 217
[0;36m		[A1. CREB1::A2. GSK3B] ---  [B1. TRAF6::B2. GSK3B}[0m
[0;36m		[A1. GSK3B::A2. APC] ---  [B1. GSK3B::B2. APC}[0m
855 70 cost: 100
[0;36m		[A1. GSK3B::A2. APC] ---  [B1. GSK3B::B2. APC}[0m
[0;36m		[A1. APC::A2. SMAD4] ---  [B1. APC::B2. SMAD4}[0m
855 135 cost: 100
[0;36m		[A1. GSK3B::A2. APC] ---  [B1. GSK3B::B2. APC}[0m
[0;36m		[A1. APC::A2. TCF7L2] ---  [B1. APC::B2. TCF7L2}[0m
70 1320 cost: 125
[0;36m		[A1. APC::A2. SMAD4] ---  [B1. APC::B2. SMAD4}[0m
[0;36m		[A1. SMAD4::A2. BMPR2] ---  [B1. SMAD4::B2. TGFBR1}[0m
855 1131 cost: 217
[0;36m		[A1. GSK3B::A2. APC] ---  [B1. GSK3B::B2. APC}[0m
[0;36m		[A1. HIF1A::A2. GSK3B] ---  [B1. SMURF2::B2. GSK3B}[0m
70 1383 cost: 217
[0;36m		[A1. APC::A2. SMAD4] ---  [B1. APC::B2. SMAD4}[0m
[0;36m		[A1. SMAD4::A2. HIF1A] ---  [B1. SMAD4::B2. SMURF2}[0m
135 1647 cost: 217
[0;36m		[A1. APC::A2. TCF7L2] ---  [B1. APC::B2. TCF7L2}[0m
[0;36m		[A1. TCF7L2::A2. CREB1] ---  [B1. TCF7L2::B2. EP300}[0m
70 1509 cost: 250
[0;36m		[A1. APC::A2. SMAD4] ---  [B1. APC::B2. SMAD4}[0m
[0;36m		[A1. SMAD4::A2. ZEB2] ---  [B1. SMAD4::B2. BMPR1A}[0m
1320 241 cost: 289
[0;36m		[A1. SMAD4::A2. BMPR2] ---  [B1. SMAD4::B2. TGFBR1}[0m
[0;36m		[A1. BMPR2::A2. FN1] ---  [B1. TGFBR1::B2. TGFBR2}[0m
70 1446 cost: 338
[0;36m		[A1. APC::A2. SMAD4] ---  [B1. APC::B2. SMAD4}[0m
[0;36m		[A1. SMAD4::A2. ZEB1] ---  [B1. SMAD4::B2. SMAD5}[0m
135 340 cost: 465
[0;36m		[A1. APC::A2. TCF7L2] ---  [B1. APC::B2. TCF7L2}[0m
[0;36m		[A1. CREB1::A2. FN1] ---  [B1. EP300::B2. TGFBR2}[0m
855 696 cost: 465
[0;36m		[A1. GSK3B::A2. APC] ---  [B1. GSK3B::B2. APC}[0m
[0;36m		[A1. FN1::A2. HIF1A] ---  [B1. TGFBR2::B2. SMURF2}[0m
70 1801 cost: 540
[0;36m		[A1. APC::A2. SMAD4] ---  [B1. APC::B2. SMAD4}[0m
[0;36m		[A1. ZEB2::A2. FN1] ---  [B1. BMPR1A::B2. TGFBR2}[0m
70 1706 cost: 740
[0;36m		[A1. APC::A2. SMAD4] ---  [B1. APC::B2. SMAD4}[0m
[0;36m		[A1. ZEB1::A2. FN1] ---  [B1. SMAD5::B2. TGFBR2}[0m

Displayed tree score: 0.327103

Petal1:15	Petal2:32	treecost: 4280	 tree size:14
$RESULT$	FN1	TGFBR2	norm_score:	0.327103
[0m
[0 min 0 sec] All done in 
