COMMAND: /Users/gurkan/Box/Research/INSPIRE/inspire-replication/src/INSPIRE /Users/gurkan/Box/Research/INSPIRE/inspire-replication/database/inspire.sqlite FN1 FN1 inspire_legacy_v1

GO normalization for inspire_legacy_v1: 14.1026
Loaded 5995 GO pair scores for inspire_legacy_v1
Create two petals
Begin PETAL setup
new petal FN1 (10)
# 15 interactions in FN1
Done adding UniProt and Pfam annotations for FN1.
new petal FN1 (10)
# 15 interactions in FN1
Done adding UniProt and Pfam annotations for FN1.
Petal Sizes: 10, 10
[1;32mPetal Name: [1;33mFN1
[1;32mPetal Size: [1;33m10[0;31m
APC
BMPR2
CREB1
FN1
GSK3B
HIF1A
SMAD4
TCF7L2
ZEB1
ZEB2
[0m---- 
[1;36mPetal Interactions[0;32m
1 FN1	pp	BMPR2
2 FN1	pp	CREB1
3 GSK3B	pp	APC
4 GSK3B	pp	CREB1
5 HIF1A	pp	FN1
6 HIF1A	pp	GSK3B
7 SMAD4	pp	APC
8 SMAD4	pp	BMPR2
9 SMAD4	pp	HIF1A
10 TCF7L2	pp	APC
11 TCF7L2	pp	CREB1
12 ZEB1	pp	FN1
13 ZEB1	pp	SMAD4
14 ZEB2	pp	FN1
15 ZEB2	pp	SMAD4
[0m
[1;32mPetal Name: [1;33mFN1
[1;32mPetal Size: [1;33m10[0;31m
APC
BMPR2
CREB1
FN1
GSK3B
HIF1A
SMAD4
TCF7L2
ZEB1
ZEB2
[0m---- 
[1;36mPetal Interactions[0;32m
1 FN1	pp	BMPR2
2 FN1	pp	CREB1
3 GSK3B	pp	APC
4 GSK3B	pp	CREB1
5 HIF1A	pp	FN1
6 HIF1A	pp	GSK3B
7 SMAD4	pp	APC
8 SMAD4	pp	BMPR2
9 SMAD4	pp	HIF1A
10 TCF7L2	pp	APC
11 TCF7L2	pp	CREB1
12 ZEB1	pp	FN1
13 ZEB1	pp	SMAD4
14 ZEB2	pp	FN1
15 ZEB2	pp	SMAD4
[0m
Done creating Petals.
petals are loaded
[1;32mAGE for [0;36mFN1 - FN1[0m
[0;35minitial size for AGE: 0[0m
counterPetal1 30
counterPetal2 30
counterPetal1*counterPetal2 900
(*AGE).size()=900
[0m---- 
[1;33mAGE nodes: 900[0m
Allocate AGEgraph :  900 x 900	810000 bytes

[0 min 0 sec] Nodes are done in 

[0 min 0 sec] Edges are done in 
0th run results (0) [new minumum]:1
0 434 cost: 100
[0;36m		[A1. APC::A2. GSK3B] ---  [B1. APC::B2. GSK3B}[0m
[0;36m		[A1. GSK3B::A2. CREB1] ---  [B1. GSK3B::B2. CREB1}[0m
434 155 cost: 100
[0;36m		[A1. GSK3B::A2. CREB1] ---  [B1. GSK3B::B2. CREB1}[0m
[0;36m		[A1. CREB1::A2. FN1] ---  [B1. CREB1::B2. FN1}[0m
434 217 cost: 100
[0;36m		[A1. GSK3B::A2. CREB1] ---  [B1. GSK3B::B2. CREB1}[0m
[0;36m		[A1. CREB1::A2. TCF7L2] ---  [B1. CREB1::B2. TCF7L2}[0m
155 248 cost: 100
[0;36m		[A1. CREB1::A2. FN1] ---  [B1. CREB1::B2. FN1}[0m
[0;36m		[A1. FN1::A2. BMPR2] ---  [B1. FN1::B2. BMPR2}[0m
248 124 cost: 100
[0;36m		[A1. FN1::A2. BMPR2] ---  [B1. FN1::B2. BMPR2}[0m
[0;36m		[A1. BMPR2::A2. SMAD4] ---  [B1. BMPR2::B2. SMAD4}[0m
155 310 cost: 100
[0;36m		[A1. CREB1::A2. FN1] ---  [B1. CREB1::B2. FN1}[0m
[0;36m		[A1. FN1::A2. HIF1A] ---  [B1. FN1::B2. HIF1A}[0m
155 341 cost: 100
[0;36m		[A1. CREB1::A2. FN1] ---  [B1. CREB1::B2. FN1}[0m
[0;36m		[A1. FN1::A2. ZEB1] ---  [B1. FN1::B2. ZEB1}[0m
155 372 cost: 100
[0;36m		[A1. CREB1::A2. FN1] ---  [B1. CREB1::B2. FN1}[0m
[0;36m		[A1. FN1::A2. ZEB2] ---  [B1. FN1::B2. ZEB2}[0m
0 465 cost: 100
[0;36m		[A1. APC::A2. GSK3B] ---  [B1. APC::B2. GSK3B}[0m
[0;36m		[A1. GSK3B::A2. HIF1A] ---  [B1. GSK3B::B2. HIF1A}[0m
310 558 cost: 100
[0;36m		[A1. FN1::A2. HIF1A] ---  [B1. FN1::B2. HIF1A}[0m
[0;36m		[A1. HIF1A::A2. SMAD4] ---  [B1. HIF1A::B2. SMAD4}[0m
0 589 cost: 100
[0;36m		[A1. APC::A2. GSK3B] ---  [B1. APC::B2. GSK3B}[0m
[0;36m		[A1. SMAD4::A2. APC] ---  [B1. SMAD4::B2. APC}[0m
589 62 cost: 100
[0;36m		[A1. SMAD4::A2. APC] ---  [B1. SMAD4::B2. APC}[0m
[0;36m		[A1. APC::A2. TCF7L2] ---  [B1. APC::B2. TCF7L2}[0m
124 682 cost: 100
[0;36m		[A1. BMPR2::A2. SMAD4] ---  [B1. BMPR2::B2. SMAD4}[0m
[0;36m		[A1. SMAD4::A2. ZEB1] ---  [B1. SMAD4::B2. ZEB1}[0m
124 713 cost: 100
[0;36m		[A1. BMPR2::A2. SMAD4] ---  [B1. BMPR2::B2. SMAD4}[0m
[0;36m		[A1. SMAD4::A2. ZEB2] ---  [B1. SMAD4::B2. ZEB2}[0m

Displayed tree score: 1

Petal1:15	Petal2:15	treecost: 1400	 tree size:14
$RESULT$	FN1	FN1	norm_score:	1
[0m
[0 min 0 sec] All done in 
