COMMAND: /Users/gurkan/Box/Research/INSPIRE/inspire-replication/src/INSPIRE /Users/gurkan/Box/Research/INSPIRE/inspire-replication/database/inspire.sqlite GLI3 PLCG2 inspire_legacy_v1

GO normalization for inspire_legacy_v1: 14.1026
Loaded 5995 GO pair scores for inspire_legacy_v1
Create two petals
Begin PETAL setup
new petal GLI3 (6)
# 7 interactions in GLI3
Done adding UniProt and Pfam annotations for GLI3.
new petal PLCG2 (4)
# 3 interactions in PLCG2
Done adding UniProt and Pfam annotations for PLCG2.
Petal Sizes: 6, 4
[1;32mPetal Name: [1;33mGLI3
[1;32mPetal Size: [1;33m6[0;31m
APC
CREBBP
GLI3
GSK3B
LRP6
RUNX2
[0m---- 
[1;36mPetal Interactions[0;32m
1 GLI3	pp	CREBBP
2 GSK3B	pp	APC
3 GSK3B	pp	CREBBP
4 LRP6	pp	APC
5 RUNX2	pp	GLI3
6 RUNX2	pp	GSK3B
7 RUNX2	pp	LRP6
[0m
[1;32mPetal Name: [1;33mPLCG2
[1;32mPetal Size: [1;33m4[0;31m
APC
JAK2
KRAS
PLCG2
[0m---- 
[1;36mPetal Interactions[0;32m
1 KRAS	pp	APC
2 KRAS	pp	JAK2
3 PLCG2	pp	JAK2
[0m
Done creating Petals.
petals are loaded
[1;32mAGE for [0;36mGLI3 - PLCG2[0m
[0;35minitial size for AGE: 0[0m
counterPetal1 14
counterPetal2 6
counterPetal1*counterPetal2 84
(*AGE).size()=84
[0m---- 
[1;33mAGE nodes: 84[0m
Allocate AGEgraph :  84 x 84	7056 bytes

[0 min 0 sec] Nodes are done in 

[0 min 0 sec] Edges are done in 
0th run results (0) [new minumum]:0.164609
0 46 cost: 526
[0;36m		[A1. APC::A2. GSK3B] ---  [B1. APC::B2. KRAS}[0m
[0;36m		[A1. GSK3B::A2. CREBBP] ---  [B1. KRAS::B2. JAK2}[0m
46 14 cost: 689
[0;36m		[A1. GSK3B::A2. CREBBP] ---  [B1. KRAS::B2. JAK2}[0m
[0;36m		[A1. CREBBP::A2. GLI3] ---  [B1. JAK2::B2. PLCG2}[0m

Displayed tree score: 0.164609

1th run results (1) [new minumum]:0.174978
1 45 cost: 555
[0;36m		[A1. APC::A2. GSK3B] ---  [B1. JAK2::B2. KRAS}[0m
[0;36m		[A1. GSK3B::A2. CREBBP] ---  [B1. KRAS::B2. APC}[0m
1 59 cost: 588
[0;36m		[A1. APC::A2. GSK3B] ---  [B1. JAK2::B2. KRAS}[0m
[0;36m		[A1. LRP6::A2. APC] ---  [B1. PLCG2::B2. JAK2}[0m

Displayed tree score: 0.174978

Petal1:7	Petal2:3	treecost: 1143	 tree size:2
$RESULT$	GLI3	PLCG2	norm_score:	0.174978
[0m
[0 min 0 sec] All done in 
