COMMAND: /Users/gurkan/Box/Research/INSPIRE/inspire-replication/src/INSPIRE /Users/gurkan/Box/Research/INSPIRE/inspire-replication/database/inspire.sqlite GLI3 SMAD4 inspire_legacy_v1

GO normalization for inspire_legacy_v1: 14.1026
Loaded 5995 GO pair scores for inspire_legacy_v1
Create two petals
Begin PETAL setup
new petal GLI3 (6)
# 7 interactions in GLI3
Done adding UniProt and Pfam annotations for GLI3.
new petal SMAD4 (25)
# 48 interactions in SMAD4
Done adding UniProt and Pfam annotations for SMAD4.
Petal Sizes: 6, 25
[1;32mPetal Name: [1;33mGLI3
[1;32mPetal Size: [1;33m6[0;31m
APC
CREBBP
GLI3
GSK3B
LRP6
RUNX2
[0m---- 
[1;36mPetal Interactions[0;32m
1 GLI3	pp	CREBBP
2 GSK3B	pp	APC
3 GSK3B	pp	CREBBP
4 LRP6	pp	APC
5 RUNX2	pp	GLI3
6 RUNX2	pp	GSK3B
7 RUNX2	pp	LRP6
[0m
[1;32mPetal Name: [1;33mSMAD4
[1;32mPetal Size: [1;33m25[0;31m
APC
BCL2
BTRC
CDC42
ERBIN
GSK3B
HIF1A
KRAS
LRRK2
MAP2K1
MAPK1
NCOR1
PTEN
RBPJ
SIAH1
SIN3A
SMAD1
SMAD2
SMAD4
SMURF2
SP1
TBL1XR1
TCF7L2
TNKS
WWTR1
[0m---- 
[1;36mPetal Interactions[0;32m
1 BTRC	pp	APC
2 CDC42	pp	APC
3 ERBIN	pp	APC
4 ERBIN	pp	CDC42
5 GSK3B	pp	APC
6 HIF1A	pp	GSK3B
7 KRAS	pp	APC
8 KRAS	pp	BCL2
9 KRAS	pp	HIF1A
10 LRRK2	pp	APC
11 LRRK2	pp	HIF1A
12 MAP2K1	pp	BTRC
13 MAP2K1	pp	CDC42
14 MAPK1	pp	GSK3B
15 PTEN	pp	CDC42
16 PTEN	pp	GSK3B
17 SIAH1	pp	APC
18 SIAH1	pp	HIF1A
19 SMAD1	pp	GSK3B
20 SMAD2	pp	CDC42
21 SMAD2	pp	ERBIN
22 SMAD2	pp	GSK3B
23 SMAD4	pp	APC
24 SMAD4	pp	BCL2
25 SMAD4	pp	CDC42
26 SMAD4	pp	HIF1A
27 SMAD4	pp	MAP2K1
28 SMAD4	pp	MAPK1
29 SMAD4	pp	NCOR1
30 SMAD4	pp	PTEN
31 SMAD4	pp	RBPJ
32 SMAD4	pp	SIN3A
33 SMAD4	pp	SMAD1
34 SMAD4	pp	SMAD2
35 SMURF2	pp	GSK3B
36 SMURF2	pp	SMAD4
37 SP1	pp	BTRC
38 SP1	pp	SMAD4
39 TBL1XR1	pp	APC
40 TBL1XR1	pp	NCOR1
41 TBL1XR1	pp	RBPJ
42 TBL1XR1	pp	SIN3A
43 TCF7L2	pp	APC
44 TCF7L2	pp	PTEN
45 TNKS	pp	APC
46 TNKS	pp	PTEN
47 WWTR1	pp	BTRC
48 WWTR1	pp	SMAD4
[0m
Done creating Petals.
petals are loaded
[1;32mAGE for [0;36mGLI3 - SMAD4[0m
[0;35minitial size for AGE: 0[0m
counterPetal1 14
counterPetal2 96
counterPetal1*counterPetal2 1344
(*AGE).size()=1344
[0m---- 
[1;33mAGE nodes: 1344[0m
Allocate AGEgraph :  1344 x 1344	1806336 bytes

[0 min 0 sec] Nodes are done in 

[0 min 0 sec] Edges are done in 
0th run results (0) [new minumum]:0.124961
0 881 cost: 465
[0;36m		[A1. APC::A2. GSK3B] ---  [B1. APC::B2. BTRC}[0m
[0;36m		[A1. LRP6::A2. APC] ---  [B1. CDC42::B2. APC}[0m
881 1317 cost: 526
[0;36m		[A1. LRP6::A2. APC] ---  [B1. CDC42::B2. APC}[0m
[0;36m		[A1. RUNX2::A2. LRP6] ---  [B1. SMAD4::B2. CDC42}[0m
0 686 cost: 555
[0;36m		[A1. APC::A2. GSK3B] ---  [B1. APC::B2. BTRC}[0m
[0;36m		[A1. GSK3B::A2. CREBBP] ---  [B1. BTRC::B2. MAP2K1}[0m
1317 563 cost: 588
[0;36m		[A1. RUNX2::A2. LRP6] ---  [B1. SMAD4::B2. CDC42}[0m
[0;36m		[A1. GLI3::A2. RUNX2] ---  [B1. SMURF2::B2. SMAD4}[0m

Displayed tree score: 0.124961

1th run results (1) [new minumum]:0.12945
1 890 cost: 465
[0;36m		[A1. APC::A2. GSK3B] ---  [B1. APC::B2. CDC42}[0m
[0;36m		[A1. LRP6::A2. APC] ---  [B1. GSK3B::B2. APC}[0m
1 694 cost: 500
[0;36m		[A1. APC::A2. GSK3B] ---  [B1. APC::B2. CDC42}[0m
[0;36m		[A1. GSK3B::A2. CREBBP] ---  [B1. CDC42::B2. SMAD4}[0m
694 271 cost: 540
[0;36m		[A1. GSK3B::A2. CREBBP] ---  [B1. CDC42::B2. SMAD4}[0m
[0;36m		[A1. CREBBP::A2. GLI3] ---  [B1. SMAD4::B2. SMURF2}[0m
890 1309 cost: 555
[0;36m		[A1. LRP6::A2. APC] ---  [B1. GSK3B::B2. APC}[0m
[0;36m		[A1. RUNX2::A2. LRP6] ---  [B1. SMAD1::B2. GSK3B}[0m

Displayed tree score: 0.12945

2th run results (2) [new minumum]:0.184559
2 881 cost: 487
[0;36m		[A1. APC::A2. GSK3B] ---  [B1. APC::B2. ERBIN}[0m
[0;36m		[A1. LRP6::A2. APC] ---  [B1. CDC42::B2. APC}[0m
881 1317 cost: 526
[0;36m		[A1. LRP6::A2. APC] ---  [B1. CDC42::B2. APC}[0m
[0;36m		[A1. RUNX2::A2. LRP6] ---  [B1. SMAD4::B2. CDC42}[0m
1317 563 cost: 588
[0;36m		[A1. RUNX2::A2. LRP6] ---  [B1. SMAD4::B2. CDC42}[0m
[0;36m		[A1. GLI3::A2. RUNX2] ---  [B1. SMURF2::B2. SMAD4}[0m
563 224 cost: 555
[0;36m		[A1. GLI3::A2. RUNX2] ---  [B1. SMURF2::B2. SMAD4}[0m
[0;36m		[A1. CREBBP::A2. GLI3] ---  [B1. GSK3B::B2. SMURF2}[0m
224 705 cost: 540
[0;36m		[A1. CREBBP::A2. GLI3] ---  [B1. GSK3B::B2. SMURF2}[0m
[0;36m		[A1. GSK3B::A2. CREBBP] ---  [B1. HIF1A::B2. GSK3B}[0m
705 1222 cost: 555
[0;36m		[A1. GSK3B::A2. CREBBP] ---  [B1. HIF1A::B2. GSK3B}[0m
[0;36m		[A1. RUNX2::A2. GSK3B] ---  [B1. SMAD4::B2. HIF1A}[0m

Displayed tree score: 0.184559

3th run results (3) [new minumum]:0.252372
3 700 cost: 217
[0;36m		[A1. APC::A2. GSK3B] ---  [B1. APC::B2. GSK3B}[0m
[0;36m		[A1. GSK3B::A2. CREBBP] ---  [B1. GSK3B::B2. MAPK1}[0m
3 881 cost: 217
[0;36m		[A1. APC::A2. GSK3B] ---  [B1. APC::B2. GSK3B}[0m
[0;36m		[A1. LRP6::A2. APC] ---  [B1. CDC42::B2. APC}[0m
3 798 cost: 240
[0;36m		[A1. APC::A2. GSK3B] ---  [B1. APC::B2. GSK3B}[0m
[0;36m		[A1. GSK3B::A2. RUNX2] ---  [B1. GSK3B::B2. SMAD1}[0m
3 239 cost: 465
[0;36m		[A1. APC::A2. GSK3B] ---  [B1. APC::B2. GSK3B}[0m
[0;36m		[A1. CREBBP::A2. GLI3] ---  [B1. MAPK1::B2. SMAD4}[0m
3 1118 cost: 512
[0;36m		[A1. APC::A2. GSK3B] ---  [B1. APC::B2. GSK3B}[0m
[0;36m		[A1. RUNX2::A2. GLI3] ---  [B1. SMAD1::B2. SMAD4}[0m

Displayed tree score: 0.252372

961th run results (4) [new minumum]:0.252632
961 602 cost: 714
[0;36m		[A1. LRP6::A2. RUNX2] ---  [B1. APC::B2. CDC42}[0m
[0;36m		[A1. GSK3B::A2. APC] ---  [B1. GSK3B::B2. APC}[0m
602 334 cost: 217
[0;36m		[A1. GSK3B::A2. APC] ---  [B1. GSK3B::B2. APC}[0m
[0;36m		[A1. CREBBP::A2. GSK3B] ---  [B1. MAPK1::B2. GSK3B}[0m
602 101 cost: 227
[0;36m		[A1. GSK3B::A2. APC] ---  [B1. GSK3B::B2. APC}[0m
[0;36m		[A1. APC::A2. LRP6] ---  [B1. APC::B2. LRRK2}[0m
602 1213 cost: 240
[0;36m		[A1. GSK3B::A2. APC] ---  [B1. GSK3B::B2. APC}[0m
[0;36m		[A1. RUNX2::A2. GSK3B] ---  [B1. SMAD1::B2. GSK3B}[0m
602 456 cost: 465
[0;36m		[A1. GSK3B::A2. APC] ---  [B1. GSK3B::B2. APC}[0m
[0;36m		[A1. GLI3::A2. CREBBP] ---  [B1. SMAD4::B2. MAPK1}[0m
602 557 cost: 512
[0;36m		[A1. GSK3B::A2. APC] ---  [B1. GSK3B::B2. APC}[0m
[0;36m		[A1. GLI3::A2. RUNX2] ---  [B1. SMAD4::B2. SMAD1}[0m

Displayed tree score: 0.252632

965th run results (5) [new minumum]:0.258956
965 602 cost: 666
[0;36m		[A1. LRP6::A2. RUNX2] ---  [B1. APC::B2. LRRK2}[0m
[0;36m		[A1. GSK3B::A2. APC] ---  [B1. GSK3B::B2. APC}[0m
602 97 cost: 217
[0;36m		[A1. GSK3B::A2. APC] ---  [B1. GSK3B::B2. APC}[0m
[0;36m		[A1. APC::A2. LRP6] ---  [B1. APC::B2. CDC42}[0m
602 334 cost: 217
[0;36m		[A1. GSK3B::A2. APC] ---  [B1. GSK3B::B2. APC}[0m
[0;36m		[A1. CREBBP::A2. GSK3B] ---  [B1. MAPK1::B2. GSK3B}[0m
602 1213 cost: 240
[0;36m		[A1. GSK3B::A2. APC] ---  [B1. GSK3B::B2. APC}[0m
[0;36m		[A1. RUNX2::A2. GSK3B] ---  [B1. SMAD1::B2. GSK3B}[0m
602 456 cost: 465
[0;36m		[A1. GSK3B::A2. APC] ---  [B1. GSK3B::B2. APC}[0m
[0;36m		[A1. GLI3::A2. CREBBP] ---  [B1. SMAD4::B2. MAPK1}[0m
602 557 cost: 512
[0;36m		[A1. GSK3B::A2. APC] ---  [B1. GSK3B::B2. APC}[0m
[0;36m		[A1. GLI3::A2. RUNX2] ---  [B1. SMAD4::B2. SMAD1}[0m

Displayed tree score: 0.258956

967th run results (6) [new minumum]:0.277393
967 602 cost: 512
[0;36m		[A1. LRP6::A2. RUNX2] ---  [B1. APC::B2. SMAD4}[0m
[0;36m		[A1. GSK3B::A2. APC] ---  [B1. GSK3B::B2. APC}[0m
602 97 cost: 217
[0;36m		[A1. GSK3B::A2. APC] ---  [B1. GSK3B::B2. APC}[0m
[0;36m		[A1. APC::A2. LRP6] ---  [B1. APC::B2. CDC42}[0m
602 334 cost: 217
[0;36m		[A1. GSK3B::A2. APC] ---  [B1. GSK3B::B2. APC}[0m
[0;36m		[A1. CREBBP::A2. GSK3B] ---  [B1. MAPK1::B2. GSK3B}[0m
602 1213 cost: 240
[0;36m		[A1. GSK3B::A2. APC] ---  [B1. GSK3B::B2. APC}[0m
[0;36m		[A1. RUNX2::A2. GSK3B] ---  [B1. SMAD1::B2. GSK3B}[0m
602 456 cost: 465
[0;36m		[A1. GSK3B::A2. APC] ---  [B1. GSK3B::B2. APC}[0m
[0;36m		[A1. GLI3::A2. CREBBP] ---  [B1. SMAD4::B2. MAPK1}[0m
602 557 cost: 512
[0;36m		[A1. GSK3B::A2. APC] ---  [B1. GSK3B::B2. APC}[0m
[0;36m		[A1. GLI3::A2. RUNX2] ---  [B1. SMAD4::B2. SMAD1}[0m

Displayed tree score: 0.277393

982th run results (7) [new minumum]:0.280636
982 602 cost: 487
[0;36m		[A1. LRP6::A2. RUNX2] ---  [B1. CDC42::B2. SMAD4}[0m
[0;36m		[A1. GSK3B::A2. APC] ---  [B1. GSK3B::B2. APC}[0m
602 97 cost: 217
[0;36m		[A1. GSK3B::A2. APC] ---  [B1. GSK3B::B2. APC}[0m
[0;36m		[A1. APC::A2. LRP6] ---  [B1. APC::B2. CDC42}[0m
602 334 cost: 217
[0;36m		[A1. GSK3B::A2. APC] ---  [B1. GSK3B::B2. APC}[0m
[0;36m		[A1. CREBBP::A2. GSK3B] ---  [B1. MAPK1::B2. GSK3B}[0m
602 1213 cost: 240
[0;36m		[A1. GSK3B::A2. APC] ---  [B1. GSK3B::B2. APC}[0m
[0;36m		[A1. RUNX2::A2. GSK3B] ---  [B1. SMAD1::B2. GSK3B}[0m
602 456 cost: 465
[0;36m		[A1. GSK3B::A2. APC] ---  [B1. GSK3B::B2. APC}[0m
[0;36m		[A1. GLI3::A2. CREBBP] ---  [B1. SMAD4::B2. MAPK1}[0m
602 557 cost: 512
[0;36m		[A1. GSK3B::A2. APC] ---  [B1. GSK3B::B2. APC}[0m
[0;36m		[A1. GLI3::A2. RUNX2] ---  [B1. SMAD4::B2. SMAD1}[0m

Displayed tree score: 0.280636

Petal1:7	Petal2:48	treecost: 2138	 tree size:6
$RESULT$	GLI3	SMAD4	norm_score:	0.280636
[0m
[0 min 0 sec] All done in 
