COMMAND: /Users/gurkan/Box/Research/INSPIRE/inspire-replication/src/INSPIRE /Users/gurkan/Box/Research/INSPIRE/inspire-replication/database/inspire.sqlite GLI3 NAV3 inspire_legacy_v1

GO normalization for inspire_legacy_v1: 14.1026
Loaded 5995 GO pair scores for inspire_legacy_v1
Create two petals
Begin PETAL setup
new petal GLI3 (6)
# 7 interactions in GLI3
Done adding UniProt and Pfam annotations for GLI3.
new petal NAV3 (4)
# 3 interactions in NAV3
Done adding UniProt and Pfam annotations for NAV3.
Petal Sizes: 6, 4
[1;32mPetal Name: [1;33mGLI3
[1;32mPetal Size: [1;33m6[0;31m
APC
CREBBP
GLI3
GSK3B
LRP6
RUNX2
[0m---- 
[1;36mPetal Interactions[0;32m
1 GLI3	pp	CREBBP
2 GSK3B	pp	APC
3 GSK3B	pp	CREBBP
4 LRP6	pp	APC
5 RUNX2	pp	GLI3
6 RUNX2	pp	GSK3B
7 RUNX2	pp	LRP6
[0m
[1;32mPetal Name: [1;33mNAV3
[1;32mPetal Size: [1;33m4[0;31m
APC
CDC42
MEF2C
NAV3
[0m---- 
[1;36mPetal Interactions[0;32m
1 CDC42	pp	APC
2 MEF2C	pp	CDC42
3 NAV3	pp	MEF2C
[0m
Done creating Petals.
petals are loaded
[1;32mAGE for [0;36mGLI3 - NAV3[0m
[0;35minitial size for AGE: 0[0m
counterPetal1 14
counterPetal2 6
counterPetal1*counterPetal2 84
(*AGE).size()=84
[0m---- 
[1;33mAGE nodes: 84[0m
Allocate AGEgraph :  84 x 84	7056 bytes

[0 min 0 sec] Nodes are done in 

[0 min 0 sec] Edges are done in 
0th run results (0) [new minumum]:0.124146
0 44 cost: 500
[0;36m		[A1. APC::A2. GSK3B] ---  [B1. APC::B2. CDC42}[0m
[0;36m		[A1. GSK3B::A2. CREBBP] ---  [B1. CDC42::B2. MEF2C}[0m
44 16 cost: 1111
[0;36m		[A1. GSK3B::A2. CREBBP] ---  [B1. CDC42::B2. MEF2C}[0m
[0;36m		[A1. CREBBP::A2. GLI3] ---  [B1. MEF2C::B2. NAV3}[0m

Displayed tree score: 0.124146

2th run results (1) [new minumum]:0.132714
2 54 cost: 555
[0;36m		[A1. APC::A2. GSK3B] ---  [B1. CDC42::B2. MEF2C}[0m
[0;36m		[A1. LRP6::A2. APC] ---  [B1. APC::B2. CDC42}[0m
2 46 cost: 952
[0;36m		[A1. APC::A2. GSK3B] ---  [B1. CDC42::B2. MEF2C}[0m
[0;36m		[A1. GSK3B::A2. CREBBP] ---  [B1. MEF2C::B2. NAV3}[0m

Displayed tree score: 0.132714

4th run results (2) [new minumum]:0.149254
4 56 cost: 540
[0;36m		[A1. APC::A2. GSK3B] ---  [B1. MEF2C::B2. NAV3}[0m
[0;36m		[A1. LRP6::A2. APC] ---  [B1. CDC42::B2. MEF2C}[0m
56 78 cost: 800
[0;36m		[A1. LRP6::A2. APC] ---  [B1. CDC42::B2. MEF2C}[0m
[0;36m		[A1. RUNX2::A2. LRP6] ---  [B1. APC::B2. CDC42}[0m

Displayed tree score: 0.149254

5th run results (3) [new minumum]:0.150602
5 45 cost: 588
[0;36m		[A1. APC::A2. GSK3B] ---  [B1. NAV3::B2. MEF2C}[0m
[0;36m		[A1. GSK3B::A2. CREBBP] ---  [B1. MEF2C::B2. CDC42}[0m
45 13 cost: 740
[0;36m		[A1. GSK3B::A2. CREBBP] ---  [B1. MEF2C::B2. CDC42}[0m
[0;36m		[A1. CREBBP::A2. GLI3] ---  [B1. CDC42::B2. APC}[0m

Displayed tree score: 0.150602

6th run results (4) [new minumum]:0.192308
6 62 cost: 500
[0;36m		[A1. APC::A2. LRP6] ---  [B1. APC::B2. CDC42}[0m
[0;36m		[A1. LRP6::A2. RUNX2] ---  [B1. CDC42::B2. MEF2C}[0m
62 76 cost: 540
[0;36m		[A1. LRP6::A2. RUNX2] ---  [B1. CDC42::B2. MEF2C}[0m
[0;36m		[A1. RUNX2::A2. GSK3B] ---  [B1. MEF2C::B2. NAV3}[0m

Displayed tree score: 0.192308

Petal1:7	Petal2:3	treecost: 1040	 tree size:2
$RESULT$	GLI3	NAV3	norm_score:	0.192308
[0m
[0 min 0 sec] All done in 
