COMMAND: /Users/gurkan/Box/Research/INSPIRE/inspire-replication/src/INSPIRE /Users/gurkan/Box/Research/INSPIRE/inspire-replication/database/inspire.sqlite GLI3 TAF2 inspire_legacy_v1

GO normalization for inspire_legacy_v1: 14.1026
Loaded 5995 GO pair scores for inspire_legacy_v1
Create two petals
Begin PETAL setup
new petal GLI3 (6)
# 7 interactions in GLI3
Done adding UniProt and Pfam annotations for GLI3.
new petal TAF2 (6)
# 6 interactions in TAF2
Done adding UniProt and Pfam annotations for TAF2.
Petal Sizes: 6, 6
[1;32mPetal Name: [1;33mGLI3
[1;32mPetal Size: [1;33m6[0;31m
APC
CREBBP
GLI3
GSK3B
LRP6
RUNX2
[0m---- 
[1;36mPetal Interactions[0;32m
1 GLI3	pp	CREBBP
2 GSK3B	pp	APC
3 GSK3B	pp	CREBBP
4 LRP6	pp	APC
5 RUNX2	pp	GLI3
6 RUNX2	pp	GSK3B
7 RUNX2	pp	LRP6
[0m
[1;32mPetal Name: [1;33mTAF2
[1;32mPetal Size: [1;33m6[0;31m
APC
GSK3B
MAP3K7
MED1
TAF2
TBL1XR1
[0m---- 
[1;36mPetal Interactions[0;32m
1 GSK3B	pp	APC
2 MAP3K7	pp	GSK3B
3 TAF2	pp	MAP3K7
4 TAF2	pp	MED1
5 TBL1XR1	pp	APC
6 TBL1XR1	pp	MED1
[0m
Done creating Petals.
petals are loaded
[1;32mAGE for [0;36mGLI3 - TAF2[0m
[0;35minitial size for AGE: 0[0m
counterPetal1 14
counterPetal2 12
counterPetal1*counterPetal2 168
(*AGE).size()=168
[0m---- 
[1;33mAGE nodes: 168[0m
Allocate AGEgraph :  168 x 168	28224 bytes

[0 min 0 sec] Nodes are done in 

[0 min 0 sec] Edges are done in 
0th run results (0) [new minumum]:0.0331433
0 87 cost: 227
[0;36m		[A1. APC::A2. GSK3B] ---  [B1. APC::B2. GSK3B}[0m
[0;36m		[A1. GSK3B::A2. CREBBP] ---  [B1. GSK3B::B2. MAP3K7}[0m
0 118 cost: 350
[0;36m		[A1. APC::A2. GSK3B] ---  [B1. APC::B2. GSK3B}[0m
[0;36m		[A1. LRP6::A2. APC] ---  [B1. TBL1XR1::B2. APC}[0m
0 29 cost: 1176
[0;36m		[A1. APC::A2. GSK3B] ---  [B1. APC::B2. GSK3B}[0m
[0;36m		[A1. CREBBP::A2. GLI3] ---  [B1. MAP3K7::B2. TAF2}[0m
0 163 cost: 3333
[0;36m		[A1. APC::A2. GSK3B] ---  [B1. APC::B2. GSK3B}[0m
[0;36m		[A1. RUNX2::A2. LRP6] ---  [B1. MED1::B2. TBL1XR1}[0m
87 69 cost: 10000
[0;36m		[A1. GSK3B::A2. CREBBP] ---  [B1. GSK3B::B2. MAP3K7}[0m
[0;36m		[A1. GLI3::A2. RUNX2] ---  [B1. TAF2::B2. MED1}[0m

Displayed tree score: 0.0331433

1th run results (1) [new minumum]:0.0517545
1 110 cost: 555
[0;36m		[A1. APC::A2. GSK3B] ---  [B1. APC::B2. TBL1XR1}[0m
[0;36m		[A1. LRP6::A2. APC] ---  [B1. GSK3B::B2. APC}[0m
110 160 cost: 606
[0;36m		[A1. LRP6::A2. APC] ---  [B1. GSK3B::B2. APC}[0m
[0;36m		[A1. RUNX2::A2. LRP6] ---  [B1. MAP3K7::B2. GSK3B}[0m
160 104 cost: 1000
[0;36m		[A1. RUNX2::A2. LRP6] ---  [B1. MAP3K7::B2. GSK3B}[0m
[0;36m		[A1. GSK3B::A2. RUNX2] ---  [B1. TAF2::B2. MAP3K7}[0m
104 42 cost: 2500
[0;36m		[A1. GSK3B::A2. RUNX2] ---  [B1. TAF2::B2. MAP3K7}[0m
[0;36m		[A1. CREBBP::A2. GSK3B] ---  [B1. MED1::B2. TAF2}[0m
104 59 cost: 5000
[0;36m		[A1. GSK3B::A2. RUNX2] ---  [B1. TAF2::B2. MAP3K7}[0m
[0;36m		[A1. GLI3::A2. CREBBP] ---  [B1. TBL1XR1::B2. MED1}[0m

Displayed tree score: 0.0517545

6th run results (2) [new minumum]:0.0739754
6 92 cost: 1176
[0;36m		[A1. APC::A2. GSK3B] ---  [B1. MED1::B2. TAF2}[0m
[0;36m		[A1. GSK3B::A2. CREBBP] ---  [B1. TAF2::B2. MAP3K7}[0m
92 28 cost: 714
[0;36m		[A1. GSK3B::A2. CREBBP] ---  [B1. TAF2::B2. MAP3K7}[0m
[0;36m		[A1. CREBBP::A2. GLI3] ---  [B1. MAP3K7::B2. GSK3B}[0m
28 62 cost: 869
[0;36m		[A1. CREBBP::A2. GLI3] ---  [B1. MAP3K7::B2. GSK3B}[0m
[0;36m		[A1. GLI3::A2. RUNX2] ---  [B1. GSK3B::B2. APC}[0m
6 119 cost: 2000
[0;36m		[A1. APC::A2. GSK3B] ---  [B1. MED1::B2. TAF2}[0m
[0;36m		[A1. LRP6::A2. APC] ---  [B1. TBL1XR1::B2. MED1}[0m
62 157 cost: 2000
[0;36m		[A1. GLI3::A2. RUNX2] ---  [B1. GSK3B::B2. APC}[0m
[0;36m		[A1. RUNX2::A2. LRP6] ---  [B1. APC::B2. TBL1XR1}[0m

Displayed tree score: 0.0739754

7th run results (3) [new minumum]:0.0802697
7 94 cost: 1176
[0;36m		[A1. APC::A2. GSK3B] ---  [B1. MED1::B2. TBL1XR1}[0m
[0;36m		[A1. GSK3B::A2. CREBBP] ---  [B1. TBL1XR1::B2. APC}[0m
94 24 cost: 714
[0;36m		[A1. GSK3B::A2. CREBBP] ---  [B1. TBL1XR1::B2. APC}[0m
[0;36m		[A1. CREBBP::A2. GLI3] ---  [B1. APC::B2. GSK3B}[0m
24 63 cost: 689
[0;36m		[A1. CREBBP::A2. GLI3] ---  [B1. APC::B2. GSK3B}[0m
[0;36m		[A1. GLI3::A2. RUNX2] ---  [B1. GSK3B::B2. MAP3K7}[0m
63 161 cost: 1428
[0;36m		[A1. GLI3::A2. RUNX2] ---  [B1. GSK3B::B2. MAP3K7}[0m
[0;36m		[A1. RUNX2::A2. LRP6] ---  [B1. MAP3K7::B2. TAF2}[0m
7 117 cost: 2222
[0;36m		[A1. APC::A2. GSK3B] ---  [B1. MED1::B2. TBL1XR1}[0m
[0;36m		[A1. LRP6::A2. APC] ---  [B1. TAF2::B2. MED1}[0m

Displayed tree score: 0.0802697

37th run results (4) [new minumum]:0.0871688
37 50 cost: 714
[0;36m		[A1. CREBBP::A2. GSK3B] ---  [B1. APC::B2. TBL1XR1}[0m
[0;36m		[A1. GLI3::A2. CREBBP] ---  [B1. GSK3B::B2. APC}[0m
50 136 cost: 689
[0;36m		[A1. GLI3::A2. CREBBP] ---  [B1. GSK3B::B2. APC}[0m
[0;36m		[A1. RUNX2::A2. GLI3] ---  [B1. MAP3K7::B2. GSK3B}[0m
136 104 cost: 1000
[0;36m		[A1. RUNX2::A2. GLI3] ---  [B1. MAP3K7::B2. GSK3B}[0m
[0;36m		[A1. GSK3B::A2. RUNX2] ---  [B1. TAF2::B2. MAP3K7}[0m
104 6 cost: 1333
[0;36m		[A1. GSK3B::A2. RUNX2] ---  [B1. TAF2::B2. MAP3K7}[0m
[0;36m		[A1. APC::A2. GSK3B] ---  [B1. MED1::B2. TAF2}[0m
6 119 cost: 2000
[0;36m		[A1. APC::A2. GSK3B] ---  [B1. MED1::B2. TAF2}[0m
[0;36m		[A1. LRP6::A2. APC] ---  [B1. TBL1XR1::B2. MED1}[0m

Displayed tree score: 0.0871688

Petal1:7	Petal2:6	treecost: 5736	 tree size:5
$RESULT$	GLI3	TAF2	norm_score:	0.0871688
[0m
[0 min 0 sec] All done in 
