COMMAND: /Users/gurkan/Box/Research/INSPIRE/inspire-replication/src/INSPIRE /Users/gurkan/Box/Research/INSPIRE/inspire-replication/database/inspire.sqlite GLI3 GLI3 inspire_legacy_v1

GO normalization for inspire_legacy_v1: 14.1026
Loaded 5995 GO pair scores for inspire_legacy_v1
Create two petals
Begin PETAL setup
new petal GLI3 (6)
# 7 interactions in GLI3
Done adding UniProt and Pfam annotations for GLI3.
new petal GLI3 (6)
# 7 interactions in GLI3
Done adding UniProt and Pfam annotations for GLI3.
Petal Sizes: 6, 6
[1;32mPetal Name: [1;33mGLI3
[1;32mPetal Size: [1;33m6[0;31m
APC
CREBBP
GLI3
GSK3B
LRP6
RUNX2
[0m---- 
[1;36mPetal Interactions[0;32m
1 GLI3	pp	CREBBP
2 GSK3B	pp	APC
3 GSK3B	pp	CREBBP
4 LRP6	pp	APC
5 RUNX2	pp	GLI3
6 RUNX2	pp	GSK3B
7 RUNX2	pp	LRP6
[0m
[1;32mPetal Name: [1;33mGLI3
[1;32mPetal Size: [1;33m6[0;31m
APC
CREBBP
GLI3
GSK3B
LRP6
RUNX2
[0m---- 
[1;36mPetal Interactions[0;32m
1 GLI3	pp	CREBBP
2 GSK3B	pp	APC
3 GSK3B	pp	CREBBP
4 LRP6	pp	APC
5 RUNX2	pp	GLI3
6 RUNX2	pp	GSK3B
7 RUNX2	pp	LRP6
[0m
Done creating Petals.
petals are loaded
[1;32mAGE for [0;36mGLI3 - GLI3[0m
[0;35minitial size for AGE: 0[0m
counterPetal1 14
counterPetal2 14
counterPetal1*counterPetal2 196
(*AGE).size()=196
[0m---- 
[1;33mAGE nodes: 196[0m
Allocate AGEgraph :  196 x 196	38416 bytes

[0 min 0 sec] Nodes are done in 

[0 min 0 sec] Edges are done in 
0th run results (0) [new minumum]:1
0 105 cost: 100
[0;36m		[A1. APC::A2. GSK3B] ---  [B1. APC::B2. GSK3B}[0m
[0;36m		[A1. GSK3B::A2. CREBBP] ---  [B1. GSK3B::B2. CREBBP}[0m
105 30 cost: 100
[0;36m		[A1. GSK3B::A2. CREBBP] ---  [B1. GSK3B::B2. CREBBP}[0m
[0;36m		[A1. CREBBP::A2. GLI3] ---  [B1. CREBBP::B2. GLI3}[0m
30 75 cost: 100
[0;36m		[A1. CREBBP::A2. GLI3] ---  [B1. CREBBP::B2. GLI3}[0m
[0;36m		[A1. GLI3::A2. RUNX2] ---  [B1. GLI3::B2. RUNX2}[0m
0 120 cost: 100
[0;36m		[A1. APC::A2. GSK3B] ---  [B1. APC::B2. GSK3B}[0m
[0;36m		[A1. GSK3B::A2. RUNX2] ---  [B1. GSK3B::B2. RUNX2}[0m
0 135 cost: 100
[0;36m		[A1. APC::A2. GSK3B] ---  [B1. APC::B2. GSK3B}[0m
[0;36m		[A1. LRP6::A2. APC] ---  [B1. LRP6::B2. APC}[0m
75 195 cost: 100
[0;36m		[A1. GLI3::A2. RUNX2] ---  [B1. GLI3::B2. RUNX2}[0m
[0;36m		[A1. RUNX2::A2. LRP6] ---  [B1. RUNX2::B2. LRP6}[0m

Displayed tree score: 1

Petal1:7	Petal2:7	treecost: 600	 tree size:6
$RESULT$	GLI3	GLI3	norm_score:	1
[0m
[0 min 0 sec] All done in 
