COMMAND: /Users/gurkan/Box/Research/INSPIRE/inspire-replication/src/INSPIRE /Users/gurkan/Box/Research/INSPIRE/inspire-replication/database/inspire.sqlite GLI3 IGFBP3 inspire_legacy_v1

GO normalization for inspire_legacy_v1: 14.1026
Loaded 5995 GO pair scores for inspire_legacy_v1
Create two petals
Begin PETAL setup
new petal GLI3 (6)
# 7 interactions in GLI3
Done adding UniProt and Pfam annotations for GLI3.
new petal IGFBP3 (4)
# 3 interactions in IGFBP3
Done adding UniProt and Pfam annotations for IGFBP3.
Petal Sizes: 6, 4
[1;32mPetal Name: [1;33mGLI3
[1;32mPetal Size: [1;33m6[0;31m
APC
CREBBP
GLI3
GSK3B
LRP6
RUNX2
[0m---- 
[1;36mPetal Interactions[0;32m
1 GLI3	pp	CREBBP
2 GSK3B	pp	APC
3 GSK3B	pp	CREBBP
4 LRP6	pp	APC
5 RUNX2	pp	GLI3
6 RUNX2	pp	GSK3B
7 RUNX2	pp	LRP6
[0m
[1;32mPetal Name: [1;33mIGFBP3
[1;32mPetal Size: [1;33m4[0;31m
APC
GSK3B
IGFBP3
WNT5A
[0m---- 
[1;36mPetal Interactions[0;32m
1 GSK3B	pp	APC
2 WNT5A	pp	GSK3B
3 WNT5A	pp	IGFBP3
[0m
Done creating Petals.
petals are loaded
[1;32mAGE for [0;36mGLI3 - IGFBP3[0m
[0;35minitial size for AGE: 0[0m
counterPetal1 14
counterPetal2 6
counterPetal1*counterPetal2 84
(*AGE).size()=84
[0m---- 
[1;33mAGE nodes: 84[0m
Allocate AGEgraph :  84 x 84	7056 bytes

[0 min 0 sec] Nodes are done in 

[0 min 0 sec] Edges are done in 
0th run results (0) [new minumum]:0.194742
0 44 cost: 227
[0;36m		[A1. APC::A2. GSK3B] ---  [B1. APC::B2. GSK3B}[0m
[0;36m		[A1. GSK3B::A2. CREBBP] ---  [B1. GSK3B::B2. WNT5A}[0m
0 17 cost: 800
[0;36m		[A1. APC::A2. GSK3B] ---  [B1. APC::B2. GSK3B}[0m
[0;36m		[A1. CREBBP::A2. GLI3] ---  [B1. WNT5A::B2. IGFBP3}[0m

Displayed tree score: 0.194742

53th run results (1) [new minumum]:0.234742
53 0 cost: 625
[0;36m		[A1. GSK3B::A2. RUNX2] ---  [B1. WNT5A::B2. IGFBP3}[0m
[0;36m		[A1. APC::A2. GSK3B] ---  [B1. APC::B2. GSK3B}[0m
0 44 cost: 227
[0;36m		[A1. APC::A2. GSK3B] ---  [B1. APC::B2. GSK3B}[0m
[0;36m		[A1. GSK3B::A2. CREBBP] ---  [B1. GSK3B::B2. WNT5A}[0m

Displayed tree score: 0.234742

Petal1:7	Petal2:3	treecost: 852	 tree size:2
$RESULT$	GLI3	IGFBP3	norm_score:	0.234742
[0m
[0 min 0 sec] All done in 
