COMMAND: /Users/gurkan/Box/Research/INSPIRE/inspire-replication/src/INSPIRE /Users/gurkan/Box/Research/INSPIRE/inspire-replication/database/inspire.sqlite GLI3 KRAS inspire_legacy_v1

GO normalization for inspire_legacy_v1: 14.1026
Loaded 5995 GO pair scores for inspire_legacy_v1
Create two petals
Begin PETAL setup
new petal GLI3 (6)
# 7 interactions in GLI3
Done adding UniProt and Pfam annotations for GLI3.
new petal KRAS (23)
# 44 interactions in KRAS
Done adding UniProt and Pfam annotations for KRAS.
Petal Sizes: 6, 23
[1;32mPetal Name: [1;33mGLI3
[1;32mPetal Size: [1;33m6[0;31m
APC
CREBBP
GLI3
GSK3B
LRP6
RUNX2
[0m---- 
[1;36mPetal Interactions[0;32m
1 GLI3	pp	CREBBP
2 GSK3B	pp	APC
3 GSK3B	pp	CREBBP
4 LRP6	pp	APC
5 RUNX2	pp	GLI3
6 RUNX2	pp	GSK3B
7 RUNX2	pp	LRP6
[0m
[1;32mPetal Name: [1;33mKRAS
[1;32mPetal Size: [1;33m23[0;31m
APC
BCL2
BRAF
CDC42
EGFR
EP300
ERBIN
ETV6
FBXW7
GSK3B
HIF1A
KRAS
LRP6
MAP2K1
MAPK1
MAPK14
MDM2
PPP2CA
PTEN
SMAD4
TBK1
TCF7L2
TNKS
[0m---- 
[1;36mPetal Interactions[0;32m
1 CDC42	pp	APC
2 ERBIN	pp	APC
3 ERBIN	pp	CDC42
4 ERBIN	pp	EGFR
5 GSK3B	pp	APC
6 GSK3B	pp	BRAF
7 GSK3B	pp	FBXW7
8 HIF1A	pp	GSK3B
9 KRAS	pp	BCL2
10 KRAS	pp	BRAF
11 KRAS	pp	CDC42
12 KRAS	pp	EGFR
13 KRAS	pp	EP300
14 KRAS	pp	ETV6
15 KRAS	pp	FBXW7
16 KRAS	pp	HIF1A
17 LRP6	pp	APC
18 LRP6	pp	ETV6
19 MAP2K1	pp	KRAS
20 MAPK1	pp	GSK3B
21 MAPK1	pp	KRAS
22 MAPK14	pp	GSK3B
23 MAPK14	pp	KRAS
24 MDM2	pp	GSK3B
25 MDM2	pp	KRAS
26 PPP2CA	pp	GSK3B
27 PPP2CA	pp	KRAS
28 PTEN	pp	CDC42
29 PTEN	pp	GSK3B
30 PTEN	pp	KRAS
31 SMAD4	pp	APC
32 SMAD4	pp	BCL2
33 SMAD4	pp	CDC42
34 SMAD4	pp	HIF1A
35 SMAD4	pp	MAP2K1
36 SMAD4	pp	MAPK1
37 SMAD4	pp	PTEN
38 TBK1	pp	GSK3B
39 TBK1	pp	KRAS
40 TCF7L2	pp	APC
41 TCF7L2	pp	EP300
42 TCF7L2	pp	PTEN
43 TNKS	pp	APC
44 TNKS	pp	PTEN
[0m
Done creating Petals.
petals are loaded
[1;32mAGE for [0;36mGLI3 - KRAS[0m
[0;35minitial size for AGE: 0[0m
counterPetal1 14
counterPetal2 88
counterPetal1*counterPetal2 1232
(*AGE).size()=1232
[0m---- 
[1;33mAGE nodes: 1232[0m
Allocate AGEgraph :  1232 x 1232	1517824 bytes

[0 min 0 sec] Nodes are done in 

[0 min 0 sec] Edges are done in 
0th run results (0) [new minumum]:0.173724
0 847 cost: 217
[0;36m		[A1. APC::A2. GSK3B] ---  [B1. APC::B2. CDC42}[0m
[0;36m		[A1. LRP6::A2. APC] ---  [B1. LRP6::B2. APC}[0m
847 1168 cost: 384
[0;36m		[A1. LRP6::A2. APC] ---  [B1. LRP6::B2. APC}[0m
[0;36m		[A1. RUNX2::A2. LRP6] ---  [B1. ETV6::B2. LRP6}[0m
847 647 cost: 434
[0;36m		[A1. LRP6::A2. APC] ---  [B1. LRP6::B2. APC}[0m
[0;36m		[A1. GSK3B::A2. CREBBP] ---  [B1. GSK3B::B2. MAPK1}[0m
647 237 cost: 500
[0;36m		[A1. GSK3B::A2. CREBBP] ---  [B1. GSK3B::B2. MAPK1}[0m
[0;36m		[A1. CREBBP::A2. GLI3] ---  [B1. MAPK1::B2. SMAD4}[0m

Displayed tree score: 0.173724

2th run results (1) [new minumum]:0.268125
2 847 cost: 100
[0;36m		[A1. APC::A2. GSK3B] ---  [B1. APC::B2. GSK3B}[0m
[0;36m		[A1. LRP6::A2. APC] ---  [B1. LRP6::B2. APC}[0m
2 647 cost: 217
[0;36m		[A1. APC::A2. GSK3B] ---  [B1. APC::B2. GSK3B}[0m
[0;36m		[A1. GSK3B::A2. CREBBP] ---  [B1. GSK3B::B2. MAPK1}[0m
2 734 cost: 246
[0;36m		[A1. APC::A2. GSK3B] ---  [B1. APC::B2. GSK3B}[0m
[0;36m		[A1. GSK3B::A2. RUNX2] ---  [B1. GSK3B::B2. HIF1A}[0m
2 237 cost: 465
[0;36m		[A1. APC::A2. GSK3B] ---  [B1. APC::B2. GSK3B}[0m
[0;36m		[A1. CREBBP::A2. GLI3] ---  [B1. MAPK1::B2. SMAD4}[0m
2 1007 cost: 526
[0;36m		[A1. APC::A2. GSK3B] ---  [B1. APC::B2. GSK3B}[0m
[0;36m		[A1. RUNX2::A2. GLI3] ---  [B1. HIF1A::B2. SMAD4}[0m

Displayed tree score: 0.268125

732th run results (2) [new minumum]:0.271267
732 2 cost: 370
[0;36m		[A1. GSK3B::A2. RUNX2] ---  [B1. GSK3B::B2. BRAF}[0m
[0;36m		[A1. APC::A2. GSK3B] ---  [B1. APC::B2. GSK3B}[0m
2 847 cost: 100
[0;36m		[A1. APC::A2. GSK3B] ---  [B1. APC::B2. GSK3B}[0m
[0;36m		[A1. LRP6::A2. APC] ---  [B1. LRP6::B2. APC}[0m
2 647 cost: 217
[0;36m		[A1. APC::A2. GSK3B] ---  [B1. APC::B2. GSK3B}[0m
[0;36m		[A1. GSK3B::A2. CREBBP] ---  [B1. GSK3B::B2. MAPK1}[0m
847 1168 cost: 384
[0;36m		[A1. LRP6::A2. APC] ---  [B1. LRP6::B2. APC}[0m
[0;36m		[A1. RUNX2::A2. LRP6] ---  [B1. ETV6::B2. LRP6}[0m
2 237 cost: 465
[0;36m		[A1. APC::A2. GSK3B] ---  [B1. APC::B2. GSK3B}[0m
[0;36m		[A1. CREBBP::A2. GLI3] ---  [B1. MAPK1::B2. SMAD4}[0m

Displayed tree score: 0.271267

733th run results (3) [new minumum]:0.292398
733 2 cost: 259
[0;36m		[A1. GSK3B::A2. RUNX2] ---  [B1. GSK3B::B2. FBXW7}[0m
[0;36m		[A1. APC::A2. GSK3B] ---  [B1. APC::B2. GSK3B}[0m
2 847 cost: 100
[0;36m		[A1. APC::A2. GSK3B] ---  [B1. APC::B2. GSK3B}[0m
[0;36m		[A1. LRP6::A2. APC] ---  [B1. LRP6::B2. APC}[0m
2 647 cost: 217
[0;36m		[A1. APC::A2. GSK3B] ---  [B1. APC::B2. GSK3B}[0m
[0;36m		[A1. GSK3B::A2. CREBBP] ---  [B1. GSK3B::B2. MAPK1}[0m
847 1168 cost: 384
[0;36m		[A1. LRP6::A2. APC] ---  [B1. LRP6::B2. APC}[0m
[0;36m		[A1. RUNX2::A2. LRP6] ---  [B1. ETV6::B2. LRP6}[0m
2 237 cost: 465
[0;36m		[A1. APC::A2. GSK3B] ---  [B1. APC::B2. GSK3B}[0m
[0;36m		[A1. CREBBP::A2. GLI3] ---  [B1. MAPK1::B2. SMAD4}[0m

Displayed tree score: 0.292398

734th run results (4) [new minumum]:0.29509
734 2 cost: 246
[0;36m		[A1. GSK3B::A2. RUNX2] ---  [B1. GSK3B::B2. HIF1A}[0m
[0;36m		[A1. APC::A2. GSK3B] ---  [B1. APC::B2. GSK3B}[0m
2 847 cost: 100
[0;36m		[A1. APC::A2. GSK3B] ---  [B1. APC::B2. GSK3B}[0m
[0;36m		[A1. LRP6::A2. APC] ---  [B1. LRP6::B2. APC}[0m
2 647 cost: 217
[0;36m		[A1. APC::A2. GSK3B] ---  [B1. APC::B2. GSK3B}[0m
[0;36m		[A1. GSK3B::A2. CREBBP] ---  [B1. GSK3B::B2. MAPK1}[0m
847 1168 cost: 384
[0;36m		[A1. LRP6::A2. APC] ---  [B1. LRP6::B2. APC}[0m
[0;36m		[A1. RUNX2::A2. LRP6] ---  [B1. ETV6::B2. LRP6}[0m
2 237 cost: 465
[0;36m		[A1. APC::A2. GSK3B] ---  [B1. APC::B2. GSK3B}[0m
[0;36m		[A1. CREBBP::A2. GLI3] ---  [B1. MAPK1::B2. SMAD4}[0m

Displayed tree score: 0.29509

936th run results (5) [new minumum]:0.309598
936 91 cost: 384
[0;36m		[A1. LRP6::A2. RUNX2] ---  [B1. LRP6::B2. ETV6}[0m
[0;36m		[A1. APC::A2. LRP6] ---  [B1. APC::B2. LRP6}[0m
91 555 cost: 100
[0;36m		[A1. APC::A2. LRP6] ---  [B1. APC::B2. LRP6}[0m
[0;36m		[A1. GSK3B::A2. APC] ---  [B1. GSK3B::B2. APC}[0m
555 323 cost: 217
[0;36m		[A1. GSK3B::A2. APC] ---  [B1. GSK3B::B2. APC}[0m
[0;36m		[A1. CREBBP::A2. GSK3B] ---  [B1. MAPK1::B2. GSK3B}[0m
555 1093 cost: 246
[0;36m		[A1. GSK3B::A2. APC] ---  [B1. GSK3B::B2. APC}[0m
[0;36m		[A1. RUNX2::A2. GSK3B] ---  [B1. HIF1A::B2. GSK3B}[0m
555 431 cost: 465
[0;36m		[A1. GSK3B::A2. APC] ---  [B1. GSK3B::B2. APC}[0m
[0;36m		[A1. GLI3::A2. CREBBP] ---  [B1. SMAD4::B2. MAPK1}[0m
555 517 cost: 526
[0;36m		[A1. GSK3B::A2. APC] ---  [B1. GSK3B::B2. APC}[0m
[0;36m		[A1. GLI3::A2. RUNX2] ---  [B1. SMAD4::B2. HIF1A}[0m

Displayed tree score: 0.309598

Petal1:7	Petal2:44	treecost: 1938	 tree size:6
$RESULT$	GLI3	KRAS	norm_score:	0.309598
[0m
[0 min 0 sec] All done in 
