COMMAND: /Users/gurkan/Box/Research/INSPIRE/inspire-replication/src/INSPIRE /Users/gurkan/Box/Research/INSPIRE/inspire-replication/database/inspire.sqlite GLI3 MMP2 inspire_legacy_v1

GO normalization for inspire_legacy_v1: 14.1026
Loaded 5995 GO pair scores for inspire_legacy_v1
Create two petals
Begin PETAL setup
new petal GLI3 (6)
# 7 interactions in GLI3
Done adding UniProt and Pfam annotations for GLI3.
new petal MMP2 (5)
# 5 interactions in MMP2
Done adding UniProt and Pfam annotations for MMP2.
Petal Sizes: 6, 5
[1;32mPetal Name: [1;33mGLI3
[1;32mPetal Size: [1;33m6[0;31m
APC
CREBBP
GLI3
GSK3B
LRP6
RUNX2
[0m---- 
[1;36mPetal Interactions[0;32m
1 GLI3	pp	CREBBP
2 GSK3B	pp	APC
3 GSK3B	pp	CREBBP
4 LRP6	pp	APC
5 RUNX2	pp	GLI3
6 RUNX2	pp	GSK3B
7 RUNX2	pp	LRP6
[0m
[1;32mPetal Name: [1;33mMMP2
[1;32mPetal Size: [1;33m5[0;31m
APC
GSK3B
HIF1A
MMP2
SMAD4
[0m---- 
[1;36mPetal Interactions[0;32m
1 GSK3B	pp	APC
2 HIF1A	pp	GSK3B
3 MMP2	pp	HIF1A
4 SMAD4	pp	APC
5 SMAD4	pp	HIF1A
[0m
Done creating Petals.
petals are loaded
[1;32mAGE for [0;36mGLI3 - MMP2[0m
[0;35minitial size for AGE: 0[0m
counterPetal1 14
counterPetal2 10
counterPetal1*counterPetal2 140
(*AGE).size()=140
[0m---- 
[1;33mAGE nodes: 140[0m
Allocate AGEgraph :  140 x 140	19600 bytes

[0 min 0 sec] Nodes are done in 

[0 min 0 sec] Edges are done in 
0th run results (0) [new minumum]:0.221239
0 98 cost: 227
[0;36m		[A1. APC::A2. GSK3B] ---  [B1. APC::B2. GSK3B}[0m
[0;36m		[A1. LRP6::A2. APC] ---  [B1. SMAD4::B2. APC}[0m
0 73 cost: 235
[0;36m		[A1. APC::A2. GSK3B] ---  [B1. APC::B2. GSK3B}[0m
[0;36m		[A1. GSK3B::A2. CREBBP] ---  [B1. GSK3B::B2. HIF1A}[0m
0 25 cost: 555
[0;36m		[A1. APC::A2. GSK3B] ---  [B1. APC::B2. GSK3B}[0m
[0;36m		[A1. CREBBP::A2. GLI3] ---  [B1. HIF1A::B2. MMP2}[0m

Displayed tree score: 0.221239

11th run results (1) [new minumum]:0.233888
11 62 cost: 227
[0;36m		[A1. APC::A2. LRP6] ---  [B1. APC::B2. SMAD4}[0m
[0;36m		[A1. GSK3B::A2. APC] ---  [B1. GSK3B::B2. APC}[0m
62 34 cost: 235
[0;36m		[A1. GSK3B::A2. APC] ---  [B1. GSK3B::B2. APC}[0m
[0;36m		[A1. CREBBP::A2. GSK3B] ---  [B1. HIF1A::B2. GSK3B}[0m
62 49 cost: 500
[0;36m		[A1. GSK3B::A2. APC] ---  [B1. GSK3B::B2. APC}[0m
[0;36m		[A1. GLI3::A2. CREBBP] ---  [B1. SMAD4::B2. HIF1A}[0m

Displayed tree score: 0.233888

37th run results (2) [new minumum]:0.2574
37 62 cost: 526
[0;36m		[A1. CREBBP::A2. GSK3B] ---  [B1. MMP2::B2. HIF1A}[0m
[0;36m		[A1. GSK3B::A2. APC] ---  [B1. GSK3B::B2. APC}[0m
62 11 cost: 227
[0;36m		[A1. GSK3B::A2. APC] ---  [B1. GSK3B::B2. APC}[0m
[0;36m		[A1. APC::A2. LRP6] ---  [B1. APC::B2. SMAD4}[0m
62 124 cost: 246
[0;36m		[A1. GSK3B::A2. APC] ---  [B1. GSK3B::B2. APC}[0m
[0;36m		[A1. RUNX2::A2. GSK3B] ---  [B1. HIF1A::B2. GSK3B}[0m
62 109 cost: 555
[0;36m		[A1. GSK3B::A2. APC] ---  [B1. GSK3B::B2. APC}[0m
[0;36m		[A1. LRP6::A2. RUNX2] ---  [B1. SMAD4::B2. HIF1A}[0m

Displayed tree score: 0.2574

39th run results (3) [new minumum]:0.262123
39 62 cost: 465
[0;36m		[A1. CREBBP::A2. GSK3B] ---  [B1. SMAD4::B2. HIF1A}[0m
[0;36m		[A1. GSK3B::A2. APC] ---  [B1. GSK3B::B2. APC}[0m
62 11 cost: 227
[0;36m		[A1. GSK3B::A2. APC] ---  [B1. GSK3B::B2. APC}[0m
[0;36m		[A1. APC::A2. LRP6] ---  [B1. APC::B2. SMAD4}[0m
62 124 cost: 246
[0;36m		[A1. GSK3B::A2. APC] ---  [B1. GSK3B::B2. APC}[0m
[0;36m		[A1. RUNX2::A2. GSK3B] ---  [B1. HIF1A::B2. GSK3B}[0m
62 57 cost: 588
[0;36m		[A1. GSK3B::A2. APC] ---  [B1. GSK3B::B2. APC}[0m
[0;36m		[A1. GLI3::A2. RUNX2] ---  [B1. MMP2::B2. HIF1A}[0m

Displayed tree score: 0.262123

86th run results (4) [new minumum]:0.265957
86 0 cost: 487
[0;36m		[A1. GSK3B::A2. RUNX2] ---  [B1. HIF1A::B2. SMAD4}[0m
[0;36m		[A1. APC::A2. GSK3B] ---  [B1. APC::B2. GSK3B}[0m
0 98 cost: 227
[0;36m		[A1. APC::A2. GSK3B] ---  [B1. APC::B2. GSK3B}[0m
[0;36m		[A1. LRP6::A2. APC] ---  [B1. SMAD4::B2. APC}[0m
0 73 cost: 235
[0;36m		[A1. APC::A2. GSK3B] ---  [B1. APC::B2. GSK3B}[0m
[0;36m		[A1. GSK3B::A2. CREBBP] ---  [B1. GSK3B::B2. HIF1A}[0m
0 25 cost: 555
[0;36m		[A1. APC::A2. GSK3B] ---  [B1. APC::B2. GSK3B}[0m
[0;36m		[A1. CREBBP::A2. GLI3] ---  [B1. HIF1A::B2. MMP2}[0m

Displayed tree score: 0.265957

Petal1:7	Petal2:5	treecost: 1504	 tree size:4
$RESULT$	GLI3	MMP2	norm_score:	0.265957
[0m
[0 min 0 sec] All done in 
