COMMAND: /Users/gurkan/Box/Research/INSPIRE/inspire-replication/src/INSPIRE /Users/gurkan/Box/Research/INSPIRE/inspire-replication/database/inspire.sqlite GLI3 PIK3CA inspire_legacy_v1

GO normalization for inspire_legacy_v1: 14.1026
Loaded 5995 GO pair scores for inspire_legacy_v1
Create two petals
Begin PETAL setup
new petal GLI3 (6)
# 7 interactions in GLI3
Done adding UniProt and Pfam annotations for GLI3.
new petal PIK3CA (25)
# 46 interactions in PIK3CA
Done adding UniProt and Pfam annotations for PIK3CA.
Petal Sizes: 6, 25
[1;32mPetal Name: [1;33mGLI3
[1;32mPetal Size: [1;33m6[0;31m
APC
CREBBP
GLI3
GSK3B
LRP6
RUNX2
[0m---- 
[1;36mPetal Interactions[0;32m
1 GLI3	pp	CREBBP
2 GSK3B	pp	APC
3 GSK3B	pp	CREBBP
4 LRP6	pp	APC
5 RUNX2	pp	GLI3
6 RUNX2	pp	GSK3B
7 RUNX2	pp	LRP6
[0m
[1;32mPetal Name: [1;33mPIK3CA
[1;32mPetal Size: [1;33m25[0;31m
APC
BCL2
BRAF
BRCA1
CDC42
CREBBP
EGFR
ERBIN
ETV6
FBXW7
FGF2
FOXO1
FOXO3
GSK3B
KRAS
LRP6
MAPK1
PIK3CA
PRKCA
PTEN
PTK2
SMAD4
STAT3
TCF7L2
TRAF6
[0m---- 
[1;36mPetal Interactions[0;32m
1 ERBIN	pp	APC
2 ERBIN	pp	EGFR
3 GSK3B	pp	APC
4 GSK3B	pp	BRAF
5 GSK3B	pp	BRCA1
6 GSK3B	pp	CREBBP
7 GSK3B	pp	FBXW7
8 GSK3B	pp	FOXO1
9 GSK3B	pp	FOXO3
10 KRAS	pp	APC
11 KRAS	pp	BCL2
12 KRAS	pp	EGFR
13 KRAS	pp	FGF2
14 LRP6	pp	APC
15 LRP6	pp	ETV6
16 LRP6	pp	GSK3B
17 MAPK1	pp	GSK3B
18 PIK3CA	pp	BCL2
19 PIK3CA	pp	BRAF
20 PIK3CA	pp	BRCA1
21 PIK3CA	pp	CDC42
22 PIK3CA	pp	CREBBP
23 PIK3CA	pp	EGFR
24 PIK3CA	pp	ETV6
25 PIK3CA	pp	FBXW7
26 PIK3CA	pp	FGF2
27 PIK3CA	pp	FOXO1
28 PIK3CA	pp	FOXO3
29 PIK3CA	pp	GSK3B
30 PIK3CA	pp	MAPK1
31 PRKCA	pp	GSK3B
32 PRKCA	pp	PIK3CA
33 PTEN	pp	GSK3B
34 PTEN	pp	PIK3CA
35 PTK2	pp	GSK3B
36 PTK2	pp	PIK3CA
37 SMAD4	pp	APC
38 SMAD4	pp	BCL2
39 SMAD4	pp	CDC42
40 SMAD4	pp	PTEN
41 STAT3	pp	PIK3CA
42 STAT3	pp	SMAD4
43 TCF7L2	pp	APC
44 TCF7L2	pp	PTEN
45 TRAF6	pp	GSK3B
46 TRAF6	pp	PIK3CA
[0m
Done creating Petals.
petals are loaded
[1;32mAGE for [0;36mGLI3 - PIK3CA[0m
[0;35minitial size for AGE: 0[0m
counterPetal1 14
counterPetal2 92
counterPetal1*counterPetal2 1288
(*AGE).size()=1288
[0m---- 
[1;33mAGE nodes: 1288[0m
Allocate AGEgraph :  1288 x 1288	1658944 bytes

[0 min 0 sec] Nodes are done in 

[0 min 0 sec] Edges are done in 
0th run results (0) [new minumum]:0.236206
0 878 cost: 227
[0;36m		[A1. APC::A2. GSK3B] ---  [B1. APC::B2. ERBIN}[0m
[0;36m		[A1. LRP6::A2. APC] ---  [B1. LRP6::B2. APC}[0m
878 679 cost: 200
[0;36m		[A1. LRP6::A2. APC] ---  [B1. LRP6::B2. APC}[0m
[0;36m		[A1. GSK3B::A2. CREBBP] ---  [B1. GSK3B::B2. CREBBP}[0m
679 1183 cost: 246
[0;36m		[A1. GSK3B::A2. CREBBP] ---  [B1. GSK3B::B2. CREBBP}[0m
[0;36m		[A1. RUNX2::A2. GSK3B] ---  [B1. PTK2::B2. GSK3B}[0m
679 200 cost: 322
[0;36m		[A1. GSK3B::A2. CREBBP] ---  [B1. GSK3B::B2. CREBBP}[0m
[0;36m		[A1. CREBBP::A2. GLI3] ---  [B1. CREBBP::B2. PIK3CA}[0m
679 530 cost: 769
[0;36m		[A1. GSK3B::A2. CREBBP] ---  [B1. GSK3B::B2. CREBBP}[0m
[0;36m		[A1. GLI3::A2. RUNX2] ---  [B1. PIK3CA::B2. PTK2}[0m

Displayed tree score: 0.236206

1th run results (1) [new minumum]:0.271091
1 679 cost: 100
[0;36m		[A1. APC::A2. GSK3B] ---  [B1. APC::B2. GSK3B}[0m
[0;36m		[A1. GSK3B::A2. CREBBP] ---  [B1. GSK3B::B2. CREBBP}[0m
1 878 cost: 100
[0;36m		[A1. APC::A2. GSK3B] ---  [B1. APC::B2. GSK3B}[0m
[0;36m		[A1. LRP6::A2. APC] ---  [B1. LRP6::B2. APC}[0m
1 780 cost: 246
[0;36m		[A1. APC::A2. GSK3B] ---  [B1. APC::B2. GSK3B}[0m
[0;36m		[A1. GSK3B::A2. RUNX2] ---  [B1. GSK3B::B2. PTK2}[0m
679 200 cost: 322
[0;36m		[A1. GSK3B::A2. CREBBP] ---  [B1. GSK3B::B2. CREBBP}[0m
[0;36m		[A1. CREBBP::A2. GLI3] ---  [B1. CREBBP::B2. PIK3CA}[0m
679 530 cost: 769
[0;36m		[A1. GSK3B::A2. CREBBP] ---  [B1. GSK3B::B2. CREBBP}[0m
[0;36m		[A1. GLI3::A2. RUNX2] ---  [B1. PIK3CA::B2. PTK2}[0m

Displayed tree score: 0.271091

228th run results (2) [new minumum]:0.27852
228 1 cost: 500
[0;36m		[A1. CREBBP::A2. GLI3] ---  [B1. GSK3B::B2. PTK2}[0m
[0;36m		[A1. APC::A2. GSK3B] ---  [B1. APC::B2. GSK3B}[0m
1 679 cost: 100
[0;36m		[A1. APC::A2. GSK3B] ---  [B1. APC::B2. GSK3B}[0m
[0;36m		[A1. GSK3B::A2. CREBBP] ---  [B1. GSK3B::B2. CREBBP}[0m
1 878 cost: 100
[0;36m		[A1. APC::A2. GSK3B] ---  [B1. APC::B2. GSK3B}[0m
[0;36m		[A1. LRP6::A2. APC] ---  [B1. LRP6::B2. APC}[0m
1 779 cost: 256
[0;36m		[A1. APC::A2. GSK3B] ---  [B1. APC::B2. GSK3B}[0m
[0;36m		[A1. GSK3B::A2. RUNX2] ---  [B1. GSK3B::B2. PTEN}[0m
679 544 cost: 540
[0;36m		[A1. GSK3B::A2. CREBBP] ---  [B1. GSK3B::B2. CREBBP}[0m
[0;36m		[A1. GLI3::A2. RUNX2] ---  [B1. SMAD4::B2. PTEN}[0m

Displayed tree score: 0.27852

484th run results (3) [new minumum]:0.303251
484 584 cost: 606
[0;36m		[A1. GLI3::A2. RUNX2] ---  [B1. FBXW7::B2. GSK3B}[0m
[0;36m		[A1. GSK3B::A2. APC] ---  [B1. GSK3B::B2. APC}[0m
584 95 cost: 100
[0;36m		[A1. GSK3B::A2. APC] ---  [B1. GSK3B::B2. APC}[0m
[0;36m		[A1. APC::A2. LRP6] ---  [B1. APC::B2. LRP6}[0m
584 291 cost: 100
[0;36m		[A1. GSK3B::A2. APC] ---  [B1. GSK3B::B2. APC}[0m
[0;36m		[A1. CREBBP::A2. GSK3B] ---  [B1. CREBBP::B2. GSK3B}[0m
291 780 cost: 246
[0;36m		[A1. CREBBP::A2. GSK3B] ---  [B1. CREBBP::B2. GSK3B}[0m
[0;36m		[A1. GSK3B::A2. RUNX2] ---  [B1. GSK3B::B2. PTK2}[0m
291 427 cost: 322
[0;36m		[A1. CREBBP::A2. GSK3B] ---  [B1. CREBBP::B2. GSK3B}[0m
[0;36m		[A1. GLI3::A2. CREBBP] ---  [B1. PIK3CA::B2. CREBBP}[0m

Displayed tree score: 0.303251

513th run results (4) [new minumum]:0.311177
513 584 cost: 571
[0;36m		[A1. GLI3::A2. RUNX2] ---  [B1. MAPK1::B2. GSK3B}[0m
[0;36m		[A1. GSK3B::A2. APC] ---  [B1. GSK3B::B2. APC}[0m
584 95 cost: 100
[0;36m		[A1. GSK3B::A2. APC] ---  [B1. GSK3B::B2. APC}[0m
[0;36m		[A1. APC::A2. LRP6] ---  [B1. APC::B2. LRP6}[0m
584 291 cost: 100
[0;36m		[A1. GSK3B::A2. APC] ---  [B1. GSK3B::B2. APC}[0m
[0;36m		[A1. CREBBP::A2. GSK3B] ---  [B1. CREBBP::B2. GSK3B}[0m
291 780 cost: 246
[0;36m		[A1. CREBBP::A2. GSK3B] ---  [B1. CREBBP::B2. GSK3B}[0m
[0;36m		[A1. GSK3B::A2. RUNX2] ---  [B1. GSK3B::B2. PTK2}[0m
291 427 cost: 322
[0;36m		[A1. CREBBP::A2. GSK3B] ---  [B1. CREBBP::B2. GSK3B}[0m
[0;36m		[A1. GLI3::A2. CREBBP] ---  [B1. PIK3CA::B2. CREBBP}[0m

Displayed tree score: 0.311177

544th run results (5) [new minumum]:0.318552
544 584 cost: 540
[0;36m		[A1. GLI3::A2. RUNX2] ---  [B1. SMAD4::B2. PTEN}[0m
[0;36m		[A1. GSK3B::A2. APC] ---  [B1. GSK3B::B2. APC}[0m
584 95 cost: 100
[0;36m		[A1. GSK3B::A2. APC] ---  [B1. GSK3B::B2. APC}[0m
[0;36m		[A1. APC::A2. LRP6] ---  [B1. APC::B2. LRP6}[0m
584 291 cost: 100
[0;36m		[A1. GSK3B::A2. APC] ---  [B1. GSK3B::B2. APC}[0m
[0;36m		[A1. CREBBP::A2. GSK3B] ---  [B1. CREBBP::B2. GSK3B}[0m
291 780 cost: 246
[0;36m		[A1. CREBBP::A2. GSK3B] ---  [B1. CREBBP::B2. GSK3B}[0m
[0;36m		[A1. GSK3B::A2. RUNX2] ---  [B1. GSK3B::B2. PTK2}[0m
291 427 cost: 322
[0;36m		[A1. CREBBP::A2. GSK3B] ---  [B1. CREBBP::B2. GSK3B}[0m
[0;36m		[A1. GLI3::A2. CREBBP] ---  [B1. PIK3CA::B2. CREBBP}[0m

Displayed tree score: 0.318552

972th run results (6) [new minumum]:0.336511
972 95 cost: 246
[0;36m		[A1. LRP6::A2. RUNX2] ---  [B1. LRP6::B2. GSK3B}[0m
[0;36m		[A1. APC::A2. LRP6] ---  [B1. APC::B2. LRP6}[0m
95 584 cost: 100
[0;36m		[A1. APC::A2. LRP6] ---  [B1. APC::B2. LRP6}[0m
[0;36m		[A1. GSK3B::A2. APC] ---  [B1. GSK3B::B2. APC}[0m
584 291 cost: 100
[0;36m		[A1. GSK3B::A2. APC] ---  [B1. GSK3B::B2. APC}[0m
[0;36m		[A1. CREBBP::A2. GSK3B] ---  [B1. CREBBP::B2. GSK3B}[0m
291 780 cost: 246
[0;36m		[A1. CREBBP::A2. GSK3B] ---  [B1. CREBBP::B2. GSK3B}[0m
[0;36m		[A1. GSK3B::A2. RUNX2] ---  [B1. GSK3B::B2. PTK2}[0m
291 427 cost: 322
[0;36m		[A1. CREBBP::A2. GSK3B] ---  [B1. CREBBP::B2. GSK3B}[0m
[0;36m		[A1. GLI3::A2. CREBBP] ---  [B1. PIK3CA::B2. CREBBP}[0m
584 530 cost: 769
[0;36m		[A1. GSK3B::A2. APC] ---  [B1. GSK3B::B2. APC}[0m
[0;36m		[A1. GLI3::A2. RUNX2] ---  [B1. PIK3CA::B2. PTK2}[0m

Displayed tree score: 0.336511

Petal1:7	Petal2:46	treecost: 1783	 tree size:6
$RESULT$	GLI3	PIK3CA	norm_score:	0.336511
[0m
[0 min 0 sec] All done in 
