COMMAND: /Users/gurkan/Box/Research/INSPIRE/inspire-replication/src/INSPIRE /Users/gurkan/Box/Research/INSPIRE/inspire-replication/database/inspire.sqlite IGFBP3 MAP1B inspire_legacy_v1

GO normalization for inspire_legacy_v1: 14.1026
Loaded 5995 GO pair scores for inspire_legacy_v1
Create two petals
Begin PETAL setup
new petal IGFBP3 (4)
# 3 interactions in IGFBP3
Done adding UniProt and Pfam annotations for IGFBP3.
new petal MAP1B (4)
# 3 interactions in MAP1B
Done adding UniProt and Pfam annotations for MAP1B.
Petal Sizes: 4, 4
[1;32mPetal Name: [1;33mIGFBP3
[1;32mPetal Size: [1;33m4[0;31m
APC
GSK3B
IGFBP3
WNT5A
[0m---- 
[1;36mPetal Interactions[0;32m
1 GSK3B	pp	APC
2 WNT5A	pp	GSK3B
3 WNT5A	pp	IGFBP3
[0m
[1;32mPetal Name: [1;33mMAP1B
[1;32mPetal Size: [1;33m4[0;31m
APC
LRP6
LRRK2
MAP1B
[0m---- 
[1;36mPetal Interactions[0;32m
1 LRP6	pp	APC
2 LRRK2	pp	LRP6
3 MAP1B	pp	LRRK2
[0m
Done creating Petals.
petals are loaded
[1;32mAGE for [0;36mIGFBP3 - MAP1B[0m
[0;35minitial size for AGE: 0[0m
counterPetal1 6
counterPetal2 6
counterPetal1*counterPetal2 36
(*AGE).size()=36
[0m---- 
[1;33mAGE nodes: 36[0m
Allocate AGEgraph :  36 x 36	1296 bytes

[0 min 0 sec] Nodes are done in 

[0 min 0 sec] Edges are done in 
0th run results (0) [new minumum]:0.133333
0 14 cost: 500
[0;36m		[A1. APC::A2. GSK3B] ---  [B1. APC::B2. LRP6}[0m
[0;36m		[A1. GSK3B::A2. WNT5A] ---  [B1. LRP6::B2. LRRK2}[0m
14 34 cost: 1000
[0;36m		[A1. GSK3B::A2. WNT5A] ---  [B1. LRP6::B2. LRRK2}[0m
[0;36m		[A1. WNT5A::A2. IGFBP3] ---  [B1. LRRK2::B2. MAP1B}[0m

Displayed tree score: 0.133333

5th run results (1) [new minumum]:0.177305
5 15 cost: 540
[0;36m		[A1. APC::A2. GSK3B] ---  [B1. MAP1B::B2. LRRK2}[0m
[0;36m		[A1. GSK3B::A2. WNT5A] ---  [B1. LRRK2::B2. LRP6}[0m
15 31 cost: 588
[0;36m		[A1. GSK3B::A2. WNT5A] ---  [B1. LRRK2::B2. LRP6}[0m
[0;36m		[A1. WNT5A::A2. IGFBP3] ---  [B1. LRP6::B2. APC}[0m

Displayed tree score: 0.177305

Petal1:3	Petal2:3	treecost: 1128	 tree size:2
$RESULT$	IGFBP3	MAP1B	norm_score:	0.177305
[0m
[0 min 0 sec] All done in 
