COMMAND: /Users/gurkan/Box/Research/INSPIRE/inspire-replication/src/INSPIRE /Users/gurkan/Box/Research/INSPIRE/inspire-replication/database/inspire.sqlite IGFBP3 MCM3AP inspire_legacy_v1

GO normalization for inspire_legacy_v1: 14.1026
Loaded 5995 GO pair scores for inspire_legacy_v1
Create two petals
Begin PETAL setup
new petal IGFBP3 (4)
# 3 interactions in IGFBP3
Done adding UniProt and Pfam annotations for IGFBP3.
new petal MCM3AP (4)
# 3 interactions in MCM3AP
Done adding UniProt and Pfam annotations for MCM3AP.
Petal Sizes: 4, 4
[1;32mPetal Name: [1;33mIGFBP3
[1;32mPetal Size: [1;33m4[0;31m
APC
GSK3B
IGFBP3
WNT5A
[0m---- 
[1;36mPetal Interactions[0;32m
1 GSK3B	pp	APC
2 WNT5A	pp	GSK3B
3 WNT5A	pp	IGFBP3
[0m
[1;32mPetal Name: [1;33mMCM3AP
[1;32mPetal Size: [1;33m4[0;31m
APC
MCM3AP
RANBP2
TPR
[0m---- 
[1;36mPetal Interactions[0;32m
1 RANBP2	pp	APC
2 TPR	pp	MCM3AP
3 TPR	pp	RANBP2
[0m
Done creating Petals.
petals are loaded
[1;32mAGE for [0;36mIGFBP3 - MCM3AP[0m
[0;35minitial size for AGE: 0[0m
counterPetal1 6
counterPetal2 6
counterPetal1*counterPetal2 36
(*AGE).size()=36
[0m---- 
[1;33mAGE nodes: 36[0m
Allocate AGEgraph :  36 x 36	1296 bytes

[0 min 0 sec] Nodes are done in 

[0 min 0 sec] Edges are done in 
0th run results (0) [new minumum]:0.0787402
0 15 cost: 540
[0;36m		[A1. APC::A2. GSK3B] ---  [B1. APC::B2. RANBP2}[0m
[0;36m		[A1. GSK3B::A2. WNT5A] ---  [B1. RANBP2::B2. TPR}[0m
15 34 cost: 2000
[0;36m		[A1. GSK3B::A2. WNT5A] ---  [B1. RANBP2::B2. TPR}[0m
[0;36m		[A1. WNT5A::A2. IGFBP3] ---  [B1. TPR::B2. MCM3AP}[0m

Displayed tree score: 0.0787402

1th run results (1) [new minumum]:0.0824402
1 17 cost: 1250
[0;36m		[A1. APC::A2. GSK3B] ---  [B1. MCM3AP::B2. TPR}[0m
[0;36m		[A1. GSK3B::A2. WNT5A] ---  [B1. TPR::B2. RANBP2}[0m
17 32 cost: 1176
[0;36m		[A1. GSK3B::A2. WNT5A] ---  [B1. TPR::B2. RANBP2}[0m
[0;36m		[A1. WNT5A::A2. IGFBP3] ---  [B1. RANBP2::B2. APC}[0m

Displayed tree score: 0.0824402

5th run results (2) [new minumum]:0.085034
5 14 cost: 588
[0;36m		[A1. APC::A2. GSK3B] ---  [B1. TPR::B2. RANBP2}[0m
[0;36m		[A1. GSK3B::A2. WNT5A] ---  [B1. RANBP2::B2. APC}[0m

Displayed tree score: 0.085034

Petal1:3	Petal2:3	treecost: 588	 tree size:1
$RESULT$	IGFBP3	MCM3AP	norm_score:	0.085034
[0m
[0 min 0 sec] All done in 
