COMMAND: /Users/gurkan/Box/Research/INSPIRE/inspire-replication/src/INSPIRE /Users/gurkan/Box/Research/INSPIRE/inspire-replication/database/inspire.sqlite IGFBP3 TCF7L2 inspire_legacy_v1

GO normalization for inspire_legacy_v1: 14.1026
Loaded 5995 GO pair scores for inspire_legacy_v1
Create two petals
Begin PETAL setup
new petal IGFBP3 (4)
# 3 interactions in IGFBP3
Done adding UniProt and Pfam annotations for IGFBP3.
new petal TCF7L2 (11)
# 17 interactions in TCF7L2
Done adding UniProt and Pfam annotations for TCF7L2.
Petal Sizes: 4, 11
[1;32mPetal Name: [1;33mIGFBP3
[1;32mPetal Size: [1;33m4[0;31m
APC
GSK3B
IGFBP3
WNT5A
[0m---- 
[1;36mPetal Interactions[0;32m
1 GSK3B	pp	APC
2 WNT5A	pp	GSK3B
3 WNT5A	pp	IGFBP3
[0m
[1;32mPetal Name: [1;33mTCF7L2
[1;32mPetal Size: [1;33m11[0;31m
APC
BTRC
CDC42
CREB1
DLG1
EP300
GSK3B
PTEN
SMAD4
TCF7L2
TNKS
[0m---- 
[1;36mPetal Interactions[0;32m
1 BTRC	pp	APC
2 CDC42	pp	APC
3 DLG1	pp	APC
4 EP300	pp	BTRC
5 GSK3B	pp	APC
6 GSK3B	pp	CREB1
7 PTEN	pp	CDC42
8 PTEN	pp	DLG1
9 PTEN	pp	GSK3B
10 SMAD4	pp	APC
11 SMAD4	pp	PTEN
12 TCF7L2	pp	APC
13 TCF7L2	pp	CREB1
14 TCF7L2	pp	EP300
15 TCF7L2	pp	PTEN
16 TNKS	pp	APC
17 TNKS	pp	PTEN
[0m
Done creating Petals.
petals are loaded
[1;32mAGE for [0;36mIGFBP3 - TCF7L2[0m
[0;35minitial size for AGE: 0[0m
counterPetal1 6
counterPetal2 34
counterPetal1*counterPetal2 204
(*AGE).size()=204
[0m---- 
[1;33mAGE nodes: 204[0m
Allocate AGEgraph :  204 x 204	41616 bytes

[0 min 0 sec] Nodes are done in 

[0 min 0 sec] Edges are done in 
0th run results (0) [new minumum]:0.183824
0 76 cost: 500
[0;36m		[A1. APC::A2. GSK3B] ---  [B1. APC::B2. BTRC}[0m
[0;36m		[A1. GSK3B::A2. WNT5A] ---  [B1. BTRC::B2. EP300}[0m
76 186 cost: 588
[0;36m		[A1. GSK3B::A2. WNT5A] ---  [B1. BTRC::B2. EP300}[0m
[0;36m		[A1. WNT5A::A2. IGFBP3] ---  [B1. EP300::B2. TCF7L2}[0m

Displayed tree score: 0.183824

1th run results (1) [new minumum]:0.192308
1 78 cost: 500
[0;36m		[A1. APC::A2. GSK3B] ---  [B1. APC::B2. CDC42}[0m
[0;36m		[A1. GSK3B::A2. WNT5A] ---  [B1. CDC42::B2. PTEN}[0m
78 192 cost: 540
[0;36m		[A1. GSK3B::A2. WNT5A] ---  [B1. CDC42::B2. PTEN}[0m
[0;36m		[A1. WNT5A::A2. IGFBP3] ---  [B1. PTEN::B2. GSK3B}[0m

Displayed tree score: 0.192308

3th run results (2) [new minumum]:0.274348
3 86 cost: 217
[0;36m		[A1. APC::A2. GSK3B] ---  [B1. APC::B2. GSK3B}[0m
[0;36m		[A1. GSK3B::A2. WNT5A] ---  [B1. GSK3B::B2. CREB1}[0m
3 182 cost: 512
[0;36m		[A1. APC::A2. GSK3B] ---  [B1. APC::B2. GSK3B}[0m
[0;36m		[A1. WNT5A::A2. IGFBP3] ---  [B1. CREB1::B2. TCF7L2}[0m

Displayed tree score: 0.274348

86th run results (3) [new minumum]:0.293255
86 3 cost: 217
[0;36m		[A1. GSK3B::A2. WNT5A] ---  [B1. GSK3B::B2. CREB1}[0m
[0;36m		[A1. APC::A2. GSK3B] ---  [B1. APC::B2. GSK3B}[0m
3 193 cost: 465
[0;36m		[A1. APC::A2. GSK3B] ---  [B1. APC::B2. GSK3B}[0m
[0;36m		[A1. WNT5A::A2. IGFBP3] ---  [B1. PTEN::B2. SMAD4}[0m

Displayed tree score: 0.293255

Petal1:3	Petal2:17	treecost: 682	 tree size:2
$RESULT$	IGFBP3	TCF7L2	norm_score:	0.293255
[0m
[0 min 0 sec] All done in 
