COMMAND: /Users/gurkan/Box/Research/INSPIRE/inspire-replication/src/INSPIRE /Users/gurkan/Box/Research/INSPIRE/inspire-replication/database/inspire.sqlite IGFBP3 PLCG2 inspire_legacy_v1

GO normalization for inspire_legacy_v1: 14.1026
Loaded 5995 GO pair scores for inspire_legacy_v1
Create two petals
Begin PETAL setup
new petal IGFBP3 (4)
# 3 interactions in IGFBP3
Done adding UniProt and Pfam annotations for IGFBP3.
new petal PLCG2 (4)
# 3 interactions in PLCG2
Done adding UniProt and Pfam annotations for PLCG2.
Petal Sizes: 4, 4
[1;32mPetal Name: [1;33mIGFBP3
[1;32mPetal Size: [1;33m4[0;31m
APC
GSK3B
IGFBP3
WNT5A
[0m---- 
[1;36mPetal Interactions[0;32m
1 GSK3B	pp	APC
2 WNT5A	pp	GSK3B
3 WNT5A	pp	IGFBP3
[0m
[1;32mPetal Name: [1;33mPLCG2
[1;32mPetal Size: [1;33m4[0;31m
APC
JAK2
KRAS
PLCG2
[0m---- 
[1;36mPetal Interactions[0;32m
1 KRAS	pp	APC
2 KRAS	pp	JAK2
3 PLCG2	pp	JAK2
[0m
Done creating Petals.
petals are loaded
[1;32mAGE for [0;36mIGFBP3 - PLCG2[0m
[0;35minitial size for AGE: 0[0m
counterPetal1 6
counterPetal2 6
counterPetal1*counterPetal2 36
(*AGE).size()=36
[0m---- 
[1;33mAGE nodes: 36[0m
Allocate AGEgraph :  36 x 36	1296 bytes

[0 min 0 sec] Nodes are done in 

[0 min 0 sec] Edges are done in 
0th run results (0) [new minumum]:0.128866
0 16 cost: 500
[0;36m		[A1. APC::A2. GSK3B] ---  [B1. APC::B2. KRAS}[0m
[0;36m		[A1. GSK3B::A2. WNT5A] ---  [B1. KRAS::B2. JAK2}[0m
16 32 cost: 1052
[0;36m		[A1. GSK3B::A2. WNT5A] ---  [B1. KRAS::B2. JAK2}[0m
[0;36m		[A1. WNT5A::A2. IGFBP3] ---  [B1. JAK2::B2. PLCG2}[0m

Displayed tree score: 0.128866

5th run results (1) [new minumum]:0.177305
5 13 cost: 540
[0;36m		[A1. APC::A2. GSK3B] ---  [B1. PLCG2::B2. JAK2}[0m
[0;36m		[A1. GSK3B::A2. WNT5A] ---  [B1. JAK2::B2. KRAS}[0m
13 33 cost: 588
[0;36m		[A1. GSK3B::A2. WNT5A] ---  [B1. JAK2::B2. KRAS}[0m
[0;36m		[A1. WNT5A::A2. IGFBP3] ---  [B1. KRAS::B2. APC}[0m

Displayed tree score: 0.177305

Petal1:3	Petal2:3	treecost: 1128	 tree size:2
$RESULT$	IGFBP3	PLCG2	norm_score:	0.177305
[0m
[0 min 0 sec] All done in 
