COMMAND: /Users/gurkan/Box/Research/INSPIRE/inspire-replication/src/INSPIRE /Users/gurkan/Box/Research/INSPIRE/inspire-replication/database/inspire.sqlite IGFBP3 TAF2 inspire_legacy_v1

GO normalization for inspire_legacy_v1: 14.1026
Loaded 5995 GO pair scores for inspire_legacy_v1
Create two petals
Begin PETAL setup
new petal IGFBP3 (4)
# 3 interactions in IGFBP3
Done adding UniProt and Pfam annotations for IGFBP3.
new petal TAF2 (6)
# 6 interactions in TAF2
Done adding UniProt and Pfam annotations for TAF2.
Petal Sizes: 4, 6
[1;32mPetal Name: [1;33mIGFBP3
[1;32mPetal Size: [1;33m4[0;31m
APC
GSK3B
IGFBP3
WNT5A
[0m---- 
[1;36mPetal Interactions[0;32m
1 GSK3B	pp	APC
2 WNT5A	pp	GSK3B
3 WNT5A	pp	IGFBP3
[0m
[1;32mPetal Name: [1;33mTAF2
[1;32mPetal Size: [1;33m6[0;31m
APC
GSK3B
MAP3K7
MED1
TAF2
TBL1XR1
[0m---- 
[1;36mPetal Interactions[0;32m
1 GSK3B	pp	APC
2 MAP3K7	pp	GSK3B
3 TAF2	pp	MAP3K7
4 TAF2	pp	MED1
5 TBL1XR1	pp	APC
6 TBL1XR1	pp	MED1
[0m
Done creating Petals.
petals are loaded
[1;32mAGE for [0;36mIGFBP3 - TAF2[0m
[0;35minitial size for AGE: 0[0m
counterPetal1 6
counterPetal2 12
counterPetal1*counterPetal2 72
(*AGE).size()=72
[0m---- 
[1;33mAGE nodes: 72[0m
Allocate AGEgraph :  72 x 72	5184 bytes

[0 min 0 sec] Nodes are done in 

[0 min 0 sec] Edges are done in 
0th run results (0) [new minumum]:0.106213
0 27 cost: 217
[0;36m		[A1. APC::A2. GSK3B] ---  [B1. APC::B2. GSK3B}[0m
[0;36m		[A1. GSK3B::A2. WNT5A] ---  [B1. GSK3B::B2. MAP3K7}[0m
0 65 cost: 1666
[0;36m		[A1. APC::A2. GSK3B] ---  [B1. APC::B2. GSK3B}[0m
[0;36m		[A1. WNT5A::A2. IGFBP3] ---  [B1. MAP3K7::B2. TAF2}[0m

Displayed tree score: 0.106213

4th run results (1) [new minumum]:0.129955
4 26 cost: 487
[0;36m		[A1. APC::A2. GSK3B] ---  [B1. MAP3K7::B2. GSK3B}[0m
[0;36m		[A1. GSK3B::A2. WNT5A] ---  [B1. GSK3B::B2. APC}[0m
26 61 cost: 1052
[0;36m		[A1. GSK3B::A2. WNT5A] ---  [B1. GSK3B::B2. APC}[0m
[0;36m		[A1. WNT5A::A2. IGFBP3] ---  [B1. APC::B2. TBL1XR1}[0m

Displayed tree score: 0.129955

8th run results (2) [new minumum]:0.15949
8 28 cost: 666
[0;36m		[A1. APC::A2. GSK3B] ---  [B1. TAF2::B2. MAP3K7}[0m
[0;36m		[A1. GSK3B::A2. WNT5A] ---  [B1. MAP3K7::B2. GSK3B}[0m
28 62 cost: 588
[0;36m		[A1. GSK3B::A2. WNT5A] ---  [B1. MAP3K7::B2. GSK3B}[0m
[0;36m		[A1. WNT5A::A2. IGFBP3] ---  [B1. GSK3B::B2. APC}[0m

Displayed tree score: 0.15949

Petal1:3	Petal2:6	treecost: 1254	 tree size:2
$RESULT$	IGFBP3	TAF2	norm_score:	0.15949
[0m
[0 min 0 sec] All done in 
