COMMAND: /Users/gurkan/Box/Research/INSPIRE/inspire-replication/src/INSPIRE /Users/gurkan/Box/Research/INSPIRE/inspire-replication/database/inspire.sqlite IGFBP3 KRAS inspire_legacy_v1

GO normalization for inspire_legacy_v1: 14.1026
Loaded 5995 GO pair scores for inspire_legacy_v1
Create two petals
Begin PETAL setup
new petal IGFBP3 (4)
# 3 interactions in IGFBP3
Done adding UniProt and Pfam annotations for IGFBP3.
new petal KRAS (23)
# 44 interactions in KRAS
Done adding UniProt and Pfam annotations for KRAS.
Petal Sizes: 4, 23
[1;32mPetal Name: [1;33mIGFBP3
[1;32mPetal Size: [1;33m4[0;31m
APC
GSK3B
IGFBP3
WNT5A
[0m---- 
[1;36mPetal Interactions[0;32m
1 GSK3B	pp	APC
2 WNT5A	pp	GSK3B
3 WNT5A	pp	IGFBP3
[0m
[1;32mPetal Name: [1;33mKRAS
[1;32mPetal Size: [1;33m23[0;31m
APC
BCL2
BRAF
CDC42
EGFR
EP300
ERBIN
ETV6
FBXW7
GSK3B
HIF1A
KRAS
LRP6
MAP2K1
MAPK1
MAPK14
MDM2
PPP2CA
PTEN
SMAD4
TBK1
TCF7L2
TNKS
[0m---- 
[1;36mPetal Interactions[0;32m
1 CDC42	pp	APC
2 ERBIN	pp	APC
3 ERBIN	pp	CDC42
4 ERBIN	pp	EGFR
5 GSK3B	pp	APC
6 GSK3B	pp	BRAF
7 GSK3B	pp	FBXW7
8 HIF1A	pp	GSK3B
9 KRAS	pp	BCL2
10 KRAS	pp	BRAF
11 KRAS	pp	CDC42
12 KRAS	pp	EGFR
13 KRAS	pp	EP300
14 KRAS	pp	ETV6
15 KRAS	pp	FBXW7
16 KRAS	pp	HIF1A
17 LRP6	pp	APC
18 LRP6	pp	ETV6
19 MAP2K1	pp	KRAS
20 MAPK1	pp	GSK3B
21 MAPK1	pp	KRAS
22 MAPK14	pp	GSK3B
23 MAPK14	pp	KRAS
24 MDM2	pp	GSK3B
25 MDM2	pp	KRAS
26 PPP2CA	pp	GSK3B
27 PPP2CA	pp	KRAS
28 PTEN	pp	CDC42
29 PTEN	pp	GSK3B
30 PTEN	pp	KRAS
31 SMAD4	pp	APC
32 SMAD4	pp	BCL2
33 SMAD4	pp	CDC42
34 SMAD4	pp	HIF1A
35 SMAD4	pp	MAP2K1
36 SMAD4	pp	MAPK1
37 SMAD4	pp	PTEN
38 TBK1	pp	GSK3B
39 TBK1	pp	KRAS
40 TCF7L2	pp	APC
41 TCF7L2	pp	EP300
42 TCF7L2	pp	PTEN
43 TNKS	pp	APC
44 TNKS	pp	PTEN
[0m
Done creating Petals.
petals are loaded
[1;32mAGE for [0;36mIGFBP3 - KRAS[0m
[0;35minitial size for AGE: 0[0m
counterPetal1 6
counterPetal2 88
counterPetal1*counterPetal2 528
(*AGE).size()=528
[0m---- 
[1;33mAGE nodes: 528[0m
Allocate AGEgraph :  528 x 528	278784 bytes

[0 min 0 sec] Nodes are done in 

[0 min 0 sec] Edges are done in 
0th run results (0) [new minumum]:0.183824
0 188 cost: 500
[0;36m		[A1. APC::A2. GSK3B] ---  [B1. APC::B2. CDC42}[0m
[0;36m		[A1. GSK3B::A2. WNT5A] ---  [B1. CDC42::B2. ERBIN}[0m
188 460 cost: 588
[0;36m		[A1. GSK3B::A2. WNT5A] ---  [B1. CDC42::B2. ERBIN}[0m
[0;36m		[A1. WNT5A::A2. IGFBP3] ---  [B1. ERBIN::B2. APC}[0m

Displayed tree score: 0.183824

2th run results (1) [new minumum]:0.208986
2 204 cost: 217
[0;36m		[A1. APC::A2. GSK3B] ---  [B1. APC::B2. GSK3B}[0m
[0;36m		[A1. GSK3B::A2. WNT5A] ---  [B1. GSK3B::B2. BRAF}[0m
2 450 cost: 740
[0;36m		[A1. APC::A2. GSK3B] ---  [B1. APC::B2. GSK3B}[0m
[0;36m		[A1. WNT5A::A2. IGFBP3] ---  [B1. BRAF::B2. KRAS}[0m

Displayed tree score: 0.208986

186th run results (2) [new minumum]:0.215054
186 2 cost: 465
[0;36m		[A1. GSK3B::A2. WNT5A] ---  [B1. BRAF::B2. KRAS}[0m
[0;36m		[A1. APC::A2. GSK3B] ---  [B1. APC::B2. GSK3B}[0m
2 479 cost: 465
[0;36m		[A1. APC::A2. GSK3B] ---  [B1. APC::B2. GSK3B}[0m
[0;36m		[A1. WNT5A::A2. IGFBP3] ---  [B1. HIF1A::B2. SMAD4}[0m

Displayed tree score: 0.215054

204th run results (3) [new minumum]:0.293255
204 2 cost: 217
[0;36m		[A1. GSK3B::A2. WNT5A] ---  [B1. GSK3B::B2. BRAF}[0m
[0;36m		[A1. APC::A2. GSK3B] ---  [B1. APC::B2. GSK3B}[0m
2 479 cost: 465
[0;36m		[A1. APC::A2. GSK3B] ---  [B1. APC::B2. GSK3B}[0m
[0;36m		[A1. WNT5A::A2. IGFBP3] ---  [B1. HIF1A::B2. SMAD4}[0m

Displayed tree score: 0.293255

Petal1:3	Petal2:44	treecost: 682	 tree size:2
$RESULT$	IGFBP3	KRAS	norm_score:	0.293255
[0m
[0 min 0 sec] All done in 
