COMMAND: /Users/gurkan/Box/Research/INSPIRE/inspire-replication/src/INSPIRE /Users/gurkan/Box/Research/INSPIRE/inspire-replication/database/inspire.sqlite KRAS KRAS inspire_legacy_v1

GO normalization for inspire_legacy_v1: 14.1026
Loaded 5995 GO pair scores for inspire_legacy_v1
Create two petals
Begin PETAL setup
new petal KRAS (23)
# 44 interactions in KRAS
Done adding UniProt and Pfam annotations for KRAS.
new petal KRAS (23)
# 44 interactions in KRAS
Done adding UniProt and Pfam annotations for KRAS.
Petal Sizes: 23, 23
[1;32mPetal Name: [1;33mKRAS
[1;32mPetal Size: [1;33m23[0;31m
APC
BCL2
BRAF
CDC42
EGFR
EP300
ERBIN
ETV6
FBXW7
GSK3B
HIF1A
KRAS
LRP6
MAP2K1
MAPK1
MAPK14
MDM2
PPP2CA
PTEN
SMAD4
TBK1
TCF7L2
TNKS
[0m---- 
[1;36mPetal Interactions[0;32m
1 CDC42	pp	APC
2 ERBIN	pp	APC
3 ERBIN	pp	CDC42
4 ERBIN	pp	EGFR
5 GSK3B	pp	APC
6 GSK3B	pp	BRAF
7 GSK3B	pp	FBXW7
8 HIF1A	pp	GSK3B
9 KRAS	pp	BCL2
10 KRAS	pp	BRAF
11 KRAS	pp	CDC42
12 KRAS	pp	EGFR
13 KRAS	pp	EP300
14 KRAS	pp	ETV6
15 KRAS	pp	FBXW7
16 KRAS	pp	HIF1A
17 LRP6	pp	APC
18 LRP6	pp	ETV6
19 MAP2K1	pp	KRAS
20 MAPK1	pp	GSK3B
21 MAPK1	pp	KRAS
22 MAPK14	pp	GSK3B
23 MAPK14	pp	KRAS
24 MDM2	pp	GSK3B
25 MDM2	pp	KRAS
26 PPP2CA	pp	GSK3B
27 PPP2CA	pp	KRAS
28 PTEN	pp	CDC42
29 PTEN	pp	GSK3B
30 PTEN	pp	KRAS
31 SMAD4	pp	APC
32 SMAD4	pp	BCL2
33 SMAD4	pp	CDC42
34 SMAD4	pp	HIF1A
35 SMAD4	pp	MAP2K1
36 SMAD4	pp	MAPK1
37 SMAD4	pp	PTEN
38 TBK1	pp	GSK3B
39 TBK1	pp	KRAS
40 TCF7L2	pp	APC
41 TCF7L2	pp	EP300
42 TCF7L2	pp	PTEN
43 TNKS	pp	APC
44 TNKS	pp	PTEN
[0m
[1;32mPetal Name: [1;33mKRAS
[1;32mPetal Size: [1;33m23[0;31m
APC
BCL2
BRAF
CDC42
EGFR
EP300
ERBIN
ETV6
FBXW7
GSK3B
HIF1A
KRAS
LRP6
MAP2K1
MAPK1
MAPK14
MDM2
PPP2CA
PTEN
SMAD4
TBK1
TCF7L2
TNKS
[0m---- 
[1;36mPetal Interactions[0;32m
1 CDC42	pp	APC
2 ERBIN	pp	APC
3 ERBIN	pp	CDC42
4 ERBIN	pp	EGFR
5 GSK3B	pp	APC
6 GSK3B	pp	BRAF
7 GSK3B	pp	FBXW7
8 HIF1A	pp	GSK3B
9 KRAS	pp	BCL2
10 KRAS	pp	BRAF
11 KRAS	pp	CDC42
12 KRAS	pp	EGFR
13 KRAS	pp	EP300
14 KRAS	pp	ETV6
15 KRAS	pp	FBXW7
16 KRAS	pp	HIF1A
17 LRP6	pp	APC
18 LRP6	pp	ETV6
19 MAP2K1	pp	KRAS
20 MAPK1	pp	GSK3B
21 MAPK1	pp	KRAS
22 MAPK14	pp	GSK3B
23 MAPK14	pp	KRAS
24 MDM2	pp	GSK3B
25 MDM2	pp	KRAS
26 PPP2CA	pp	GSK3B
27 PPP2CA	pp	KRAS
28 PTEN	pp	CDC42
29 PTEN	pp	GSK3B
30 PTEN	pp	KRAS
31 SMAD4	pp	APC
32 SMAD4	pp	BCL2
33 SMAD4	pp	CDC42
34 SMAD4	pp	HIF1A
35 SMAD4	pp	MAP2K1
36 SMAD4	pp	MAPK1
37 SMAD4	pp	PTEN
38 TBK1	pp	GSK3B
39 TBK1	pp	KRAS
40 TCF7L2	pp	APC
41 TCF7L2	pp	EP300
42 TCF7L2	pp	PTEN
43 TNKS	pp	APC
44 TNKS	pp	PTEN
[0m
Done creating Petals.
petals are loaded
[1;32mAGE for [0;36mKRAS - KRAS[0m
[0;35minitial size for AGE: 0[0m
counterPetal1 88
counterPetal2 88
counterPetal1*counterPetal2 7744
(*AGE).size()=7744
[0m---- 
[1;33mAGE nodes: 7744[0m
Allocate AGEgraph :  7744 x 7744	59969536 bytes

[0 min 0 sec] Nodes are done in 

[0 min 2 sec] Edges are done in 
0th run results (0) [new minumum]:0.998143
0 1068 cost: 100
[0;36m		[A1. APC::A2. CDC42] ---  [B1. APC::B2. CDC42}[0m
[0;36m		[A1. CDC42::A2. ERBIN] ---  [B1. CDC42::B2. ERBIN}[0m
0 1157 cost: 100
[0;36m		[A1. APC::A2. CDC42] ---  [B1. APC::B2. CDC42}[0m
[0;36m		[A1. CDC42::A2. KRAS] ---  [B1. CDC42::B2. KRAS}[0m
0 1246 cost: 100
[0;36m		[A1. APC::A2. CDC42] ---  [B1. APC::B2. CDC42}[0m
[0;36m		[A1. CDC42::A2. PTEN] ---  [B1. CDC42::B2. PTEN}[0m
0 1335 cost: 100
[0;36m		[A1. APC::A2. CDC42] ---  [B1. APC::B2. CDC42}[0m
[0;36m		[A1. CDC42::A2. SMAD4] ---  [B1. CDC42::B2. SMAD4}[0m
0 1780 cost: 100
[0;36m		[A1. APC::A2. CDC42] ---  [B1. APC::B2. CDC42}[0m
[0;36m		[A1. ERBIN::A2. APC] ---  [B1. ERBIN::B2. APC}[0m
1780 178 cost: 100
[0;36m		[A1. ERBIN::A2. APC] ---  [B1. ERBIN::B2. APC}[0m
[0;36m		[A1. APC::A2. GSK3B] ---  [B1. APC::B2. GSK3B}[0m
1780 267 cost: 100
[0;36m		[A1. ERBIN::A2. APC] ---  [B1. ERBIN::B2. APC}[0m
[0;36m		[A1. APC::A2. LRP6] ---  [B1. APC::B2. LRP6}[0m
1780 356 cost: 100
[0;36m		[A1. ERBIN::A2. APC] ---  [B1. ERBIN::B2. APC}[0m
[0;36m		[A1. APC::A2. SMAD4] ---  [B1. APC::B2. SMAD4}[0m
1780 445 cost: 100
[0;36m		[A1. ERBIN::A2. APC] ---  [B1. ERBIN::B2. APC}[0m
[0;36m		[A1. APC::A2. TCF7L2] ---  [B1. APC::B2. TCF7L2}[0m
1780 534 cost: 100
[0;36m		[A1. ERBIN::A2. APC] ---  [B1. ERBIN::B2. APC}[0m
[0;36m		[A1. APC::A2. TNKS] ---  [B1. APC::B2. TNKS}[0m
1780 1424 cost: 100
[0;36m		[A1. ERBIN::A2. APC] ---  [B1. ERBIN::B2. APC}[0m
[0;36m		[A1. EGFR::A2. ERBIN] ---  [B1. EGFR::B2. ERBIN}[0m
178 2492 cost: 100
[0;36m		[A1. APC::A2. GSK3B] ---  [B1. APC::B2. GSK3B}[0m
[0;36m		[A1. GSK3B::A2. BRAF] ---  [B1. GSK3B::B2. BRAF}[0m
2492 890 cost: 100
[0;36m		[A1. GSK3B::A2. BRAF] ---  [B1. GSK3B::B2. BRAF}[0m
[0;36m		[A1. BRAF::A2. KRAS] ---  [B1. BRAF::B2. KRAS}[0m
2492 2225 cost: 100
[0;36m		[A1. GSK3B::A2. BRAF] ---  [B1. GSK3B::B2. BRAF}[0m
[0;36m		[A1. FBXW7::A2. GSK3B] ---  [B1. FBXW7::B2. GSK3B}[0m
178 2670 cost: 100
[0;36m		[A1. APC::A2. GSK3B] ---  [B1. APC::B2. GSK3B}[0m
[0;36m		[A1. GSK3B::A2. HIF1A] ---  [B1. GSK3B::B2. HIF1A}[0m
178 2759 cost: 100
[0;36m		[A1. APC::A2. GSK3B] ---  [B1. APC::B2. GSK3B}[0m
[0;36m		[A1. GSK3B::A2. MAPK1] ---  [B1. GSK3B::B2. MAPK1}[0m
178 2848 cost: 100
[0;36m		[A1. APC::A2. GSK3B] ---  [B1. APC::B2. GSK3B}[0m
[0;36m		[A1. GSK3B::A2. MAPK14] ---  [B1. GSK3B::B2. MAPK14}[0m
178 2937 cost: 100
[0;36m		[A1. APC::A2. GSK3B] ---  [B1. APC::B2. GSK3B}[0m
[0;36m		[A1. GSK3B::A2. MDM2] ---  [B1. GSK3B::B2. MDM2}[0m
178 3026 cost: 100
[0;36m		[A1. APC::A2. GSK3B] ---  [B1. APC::B2. GSK3B}[0m
[0;36m		[A1. GSK3B::A2. PPP2CA] ---  [B1. GSK3B::B2. PPP2CA}[0m
178 3115 cost: 100
[0;36m		[A1. APC::A2. GSK3B] ---  [B1. APC::B2. GSK3B}[0m
[0;36m		[A1. GSK3B::A2. PTEN] ---  [B1. GSK3B::B2. PTEN}[0m
178 3204 cost: 100
[0;36m		[A1. APC::A2. GSK3B] ---  [B1. APC::B2. GSK3B}[0m
[0;36m		[A1. GSK3B::A2. TBK1] ---  [B1. GSK3B::B2. TBK1}[0m
2670 3382 cost: 100
[0;36m		[A1. GSK3B::A2. HIF1A] ---  [B1. GSK3B::B2. HIF1A}[0m
[0;36m		[A1. HIF1A::A2. KRAS] ---  [B1. HIF1A::B2. KRAS}[0m
2670 3471 cost: 100
[0;36m		[A1. GSK3B::A2. HIF1A] ---  [B1. GSK3B::B2. HIF1A}[0m
[0;36m		[A1. HIF1A::A2. SMAD4] ---  [B1. HIF1A::B2. SMAD4}[0m
1157 3560 cost: 100
[0;36m		[A1. CDC42::A2. KRAS] ---  [B1. CDC42::B2. KRAS}[0m
[0;36m		[A1. KRAS::A2. BCL2] ---  [B1. KRAS::B2. BCL2}[0m
3560 712 cost: 100
[0;36m		[A1. KRAS::A2. BCL2] ---  [B1. KRAS::B2. BCL2}[0m
[0;36m		[A1. BCL2::A2. SMAD4] ---  [B1. BCL2::B2. SMAD4}[0m
3560 1513 cost: 100
[0;36m		[A1. KRAS::A2. BCL2] ---  [B1. KRAS::B2. BCL2}[0m
[0;36m		[A1. EGFR::A2. KRAS] ---  [B1. EGFR::B2. KRAS}[0m
3560 1602 cost: 100
[0;36m		[A1. KRAS::A2. BCL2] ---  [B1. KRAS::B2. BCL2}[0m
[0;36m		[A1. EP300::A2. KRAS] ---  [B1. EP300::B2. KRAS}[0m
3560 2314 cost: 100
[0;36m		[A1. KRAS::A2. BCL2] ---  [B1. KRAS::B2. BCL2}[0m
[0;36m		[A1. FBXW7::A2. KRAS] ---  [B1. FBXW7::B2. KRAS}[0m
1157 4272 cost: 100
[0;36m		[A1. CDC42::A2. KRAS] ---  [B1. CDC42::B2. KRAS}[0m
[0;36m		[A1. KRAS::A2. MAP2K1] ---  [B1. KRAS::B2. MAP2K1}[0m
1157 4361 cost: 100
[0;36m		[A1. CDC42::A2. KRAS] ---  [B1. CDC42::B2. KRAS}[0m
[0;36m		[A1. KRAS::A2. MAPK1] ---  [B1. KRAS::B2. MAPK1}[0m
1157 4450 cost: 100
[0;36m		[A1. CDC42::A2. KRAS] ---  [B1. CDC42::B2. KRAS}[0m
[0;36m		[A1. KRAS::A2. MAPK14] ---  [B1. KRAS::B2. MAPK14}[0m
1157 4539 cost: 100
[0;36m		[A1. CDC42::A2. KRAS] ---  [B1. CDC42::B2. KRAS}[0m
[0;36m		[A1. KRAS::A2. MDM2] ---  [B1. KRAS::B2. MDM2}[0m
1157 4628 cost: 100
[0;36m		[A1. CDC42::A2. KRAS] ---  [B1. CDC42::B2. KRAS}[0m
[0;36m		[A1. KRAS::A2. PPP2CA] ---  [B1. KRAS::B2. PPP2CA}[0m
1157 4717 cost: 100
[0;36m		[A1. CDC42::A2. KRAS] ---  [B1. CDC42::B2. KRAS}[0m
[0;36m		[A1. KRAS::A2. PTEN] ---  [B1. KRAS::B2. PTEN}[0m
1157 4806 cost: 100
[0;36m		[A1. CDC42::A2. KRAS] ---  [B1. CDC42::B2. KRAS}[0m
[0;36m		[A1. KRAS::A2. TBK1] ---  [B1. KRAS::B2. TBK1}[0m
4272 5162 cost: 100
[0;36m		[A1. KRAS::A2. MAP2K1] ---  [B1. KRAS::B2. MAP2K1}[0m
[0;36m		[A1. MAP2K1::A2. SMAD4] ---  [B1. MAP2K1::B2. SMAD4}[0m
2759 5429 cost: 100
[0;36m		[A1. GSK3B::A2. MAPK1] ---  [B1. GSK3B::B2. MAPK1}[0m
[0;36m		[A1. MAPK1::A2. SMAD4] ---  [B1. MAPK1::B2. SMAD4}[0m
1246 6319 cost: 100
[0;36m		[A1. CDC42::A2. PTEN] ---  [B1. CDC42::B2. PTEN}[0m
[0;36m		[A1. PTEN::A2. SMAD4] ---  [B1. PTEN::B2. SMAD4}[0m
1246 6408 cost: 100
[0;36m		[A1. CDC42::A2. PTEN] ---  [B1. CDC42::B2. PTEN}[0m
[0;36m		[A1. PTEN::A2. TCF7L2] ---  [B1. PTEN::B2. TCF7L2}[0m
1246 6497 cost: 100
[0;36m		[A1. CDC42::A2. PTEN] ---  [B1. CDC42::B2. PTEN}[0m
[0;36m		[A1. PTEN::A2. TNKS] ---  [B1. PTEN::B2. TNKS}[0m
445 7476 cost: 100
[0;36m		[A1. APC::A2. TCF7L2] ---  [B1. APC::B2. TCF7L2}[0m
[0;36m		[A1. TCF7L2::A2. EP300] ---  [B1. TCF7L2::B2. EP300}[0m
3560 2047 cost: 104
[0;36m		[A1. KRAS::A2. BCL2] ---  [B1. KRAS::B2. BCL2}[0m
[0;36m		[A1. ETV6::A2. KRAS] ---  [B1. ETV6::B2. KRAS}[0m
267 4984 cost: 104
[0;36m		[A1. APC::A2. LRP6] ---  [B1. APC::B2. LRP6}[0m
[0;36m		[A1. LRP6::A2. ETV6] ---  [B1. LRP6::B2. ETV6}[0m

Displayed tree score: 0.998143

Petal1:44	Petal2:44	treecost: 4308	 tree size:43
$RESULT$	KRAS	KRAS	norm_score:	0.998143
[0m
[0 min 16 sec] All done in 
