COMMAND: /Users/gurkan/Box/Research/INSPIRE/inspire-replication/src/INSPIRE /Users/gurkan/Box/Research/INSPIRE/inspire-replication/database/inspire.sqlite KRAS TAF2 inspire_legacy_v1

GO normalization for inspire_legacy_v1: 14.1026
Loaded 5995 GO pair scores for inspire_legacy_v1
Create two petals
Begin PETAL setup
new petal KRAS (23)
# 44 interactions in KRAS
Done adding UniProt and Pfam annotations for KRAS.
new petal TAF2 (6)
# 6 interactions in TAF2
Done adding UniProt and Pfam annotations for TAF2.
Petal Sizes: 23, 6
[1;32mPetal Name: [1;33mKRAS
[1;32mPetal Size: [1;33m23[0;31m
APC
BCL2
BRAF
CDC42
EGFR
EP300
ERBIN
ETV6
FBXW7
GSK3B
HIF1A
KRAS
LRP6
MAP2K1
MAPK1
MAPK14
MDM2
PPP2CA
PTEN
SMAD4
TBK1
TCF7L2
TNKS
[0m---- 
[1;36mPetal Interactions[0;32m
1 CDC42	pp	APC
2 ERBIN	pp	APC
3 ERBIN	pp	CDC42
4 ERBIN	pp	EGFR
5 GSK3B	pp	APC
6 GSK3B	pp	BRAF
7 GSK3B	pp	FBXW7
8 HIF1A	pp	GSK3B
9 KRAS	pp	BCL2
10 KRAS	pp	BRAF
11 KRAS	pp	CDC42
12 KRAS	pp	EGFR
13 KRAS	pp	EP300
14 KRAS	pp	ETV6
15 KRAS	pp	FBXW7
16 KRAS	pp	HIF1A
17 LRP6	pp	APC
18 LRP6	pp	ETV6
19 MAP2K1	pp	KRAS
20 MAPK1	pp	GSK3B
21 MAPK1	pp	KRAS
22 MAPK14	pp	GSK3B
23 MAPK14	pp	KRAS
24 MDM2	pp	GSK3B
25 MDM2	pp	KRAS
26 PPP2CA	pp	GSK3B
27 PPP2CA	pp	KRAS
28 PTEN	pp	CDC42
29 PTEN	pp	GSK3B
30 PTEN	pp	KRAS
31 SMAD4	pp	APC
32 SMAD4	pp	BCL2
33 SMAD4	pp	CDC42
34 SMAD4	pp	HIF1A
35 SMAD4	pp	MAP2K1
36 SMAD4	pp	MAPK1
37 SMAD4	pp	PTEN
38 TBK1	pp	GSK3B
39 TBK1	pp	KRAS
40 TCF7L2	pp	APC
41 TCF7L2	pp	EP300
42 TCF7L2	pp	PTEN
43 TNKS	pp	APC
44 TNKS	pp	PTEN
[0m
[1;32mPetal Name: [1;33mTAF2
[1;32mPetal Size: [1;33m6[0;31m
APC
GSK3B
MAP3K7
MED1
TAF2
TBL1XR1
[0m---- 
[1;36mPetal Interactions[0;32m
1 GSK3B	pp	APC
2 MAP3K7	pp	GSK3B
3 TAF2	pp	MAP3K7
4 TAF2	pp	MED1
5 TBL1XR1	pp	APC
6 TBL1XR1	pp	MED1
[0m
Done creating Petals.
petals are loaded
[1;32mAGE for [0;36mKRAS - TAF2[0m
[0;35minitial size for AGE: 0[0m
counterPetal1 88
counterPetal2 12
counterPetal1*counterPetal2 1056
(*AGE).size()=1056
[0m---- 
[1;33mAGE nodes: 1056[0m
Allocate AGEgraph :  1056 x 1056	1115136 bytes

[0 min 0 sec] Nodes are done in 

[0 min 0 sec] Edges are done in 
0th run results (0) [new minumum]:0.127338
0 147 cost: 500
[0;36m		[A1. APC::A2. CDC42] ---  [B1. APC::B2. GSK3B}[0m
[0;36m		[A1. CDC42::A2. ERBIN] ---  [B1. GSK3B::B2. MAP3K7}[0m
0 334 cost: 555
[0;36m		[A1. APC::A2. CDC42] ---  [B1. APC::B2. GSK3B}[0m
[0;36m		[A1. GSK3B::A2. APC] ---  [B1. TBL1XR1::B2. APC}[0m
147 269 cost: 625
[0;36m		[A1. CDC42::A2. ERBIN] ---  [B1. GSK3B::B2. MAP3K7}[0m
[0;36m		[A1. ERBIN::A2. EGFR] ---  [B1. MAP3K7::B2. TAF2}[0m
334 451 cost: 833
[0;36m		[A1. GSK3B::A2. APC] ---  [B1. TBL1XR1::B2. APC}[0m
[0;36m		[A1. HIF1A::A2. GSK3B] ---  [B1. MED1::B2. TBL1XR1}[0m

Displayed tree score: 0.127338

1th run results (1) [new minumum]:0.132943
1 326 cost: 444
[0;36m		[A1. APC::A2. CDC42] ---  [B1. APC::B2. TBL1XR1}[0m
[0;36m		[A1. GSK3B::A2. APC] ---  [B1. GSK3B::B2. APC}[0m
326 112 cost: 190
[0;36m		[A1. GSK3B::A2. APC] ---  [B1. GSK3B::B2. APC}[0m
[0;36m		[A1. BRAF::A2. GSK3B] ---  [B1. MAP3K7::B2. GSK3B}[0m
326 1019 cost: 588
[0;36m		[A1. GSK3B::A2. APC] ---  [B1. GSK3B::B2. APC}[0m
[0;36m		[A1. TCF7L2::A2. EP300] ---  [B1. TBL1XR1::B2. MED1}[0m
112 500 cost: 1111
[0;36m		[A1. BRAF::A2. GSK3B] ---  [B1. MAP3K7::B2. GSK3B}[0m
[0;36m		[A1. KRAS::A2. BRAF] ---  [B1. TAF2::B2. MAP3K7}[0m
1019 222 cost: 1428
[0;36m		[A1. TCF7L2::A2. EP300] ---  [B1. TBL1XR1::B2. MED1}[0m
[0;36m		[A1. EP300::A2. KRAS] ---  [B1. MED1::B2. TAF2}[0m

Displayed tree score: 0.132943

37th run results (2) [new minumum]:0.136351
37 326 cost: 350
[0;36m		[A1. APC::A2. LRP6] ---  [B1. APC::B2. TBL1XR1}[0m
[0;36m		[A1. GSK3B::A2. APC] ---  [B1. GSK3B::B2. APC}[0m
326 112 cost: 190
[0;36m		[A1. GSK3B::A2. APC] ---  [B1. GSK3B::B2. APC}[0m
[0;36m		[A1. BRAF::A2. GSK3B] ---  [B1. MAP3K7::B2. GSK3B}[0m
326 1019 cost: 588
[0;36m		[A1. GSK3B::A2. APC] ---  [B1. GSK3B::B2. APC}[0m
[0;36m		[A1. TCF7L2::A2. EP300] ---  [B1. TBL1XR1::B2. MED1}[0m
112 500 cost: 1111
[0;36m		[A1. BRAF::A2. GSK3B] ---  [B1. MAP3K7::B2. GSK3B}[0m
[0;36m		[A1. KRAS::A2. BRAF] ---  [B1. TAF2::B2. MAP3K7}[0m
1019 222 cost: 1428
[0;36m		[A1. TCF7L2::A2. EP300] ---  [B1. TBL1XR1::B2. MED1}[0m
[0;36m		[A1. EP300::A2. KRAS] ---  [B1. MED1::B2. TAF2}[0m

Displayed tree score: 0.136351

49th run results (3) [new minumum]:0.139821
49 326 cost: 259
[0;36m		[A1. APC::A2. SMAD4] ---  [B1. APC::B2. TBL1XR1}[0m
[0;36m		[A1. GSK3B::A2. APC] ---  [B1. GSK3B::B2. APC}[0m
326 112 cost: 190
[0;36m		[A1. GSK3B::A2. APC] ---  [B1. GSK3B::B2. APC}[0m
[0;36m		[A1. BRAF::A2. GSK3B] ---  [B1. MAP3K7::B2. GSK3B}[0m
326 1019 cost: 588
[0;36m		[A1. GSK3B::A2. APC] ---  [B1. GSK3B::B2. APC}[0m
[0;36m		[A1. TCF7L2::A2. EP300] ---  [B1. TBL1XR1::B2. MED1}[0m
112 500 cost: 1111
[0;36m		[A1. BRAF::A2. GSK3B] ---  [B1. MAP3K7::B2. GSK3B}[0m
[0;36m		[A1. KRAS::A2. BRAF] ---  [B1. TAF2::B2. MAP3K7}[0m
1019 222 cost: 1428
[0;36m		[A1. TCF7L2::A2. EP300] ---  [B1. TBL1XR1::B2. MED1}[0m
[0;36m		[A1. EP300::A2. KRAS] ---  [B1. MED1::B2. TAF2}[0m

Displayed tree score: 0.139821

71th run results (4) [new minumum]:0.149673
71 326 cost: 689
[0;36m		[A1. APC::A2. TCF7L2] ---  [B1. TBL1XR1::B2. MED1}[0m
[0;36m		[A1. GSK3B::A2. APC] ---  [B1. GSK3B::B2. APC}[0m
326 112 cost: 190
[0;36m		[A1. GSK3B::A2. APC] ---  [B1. GSK3B::B2. APC}[0m
[0;36m		[A1. BRAF::A2. GSK3B] ---  [B1. MAP3K7::B2. GSK3B}[0m
326 49 cost: 259
[0;36m		[A1. GSK3B::A2. APC] ---  [B1. GSK3B::B2. APC}[0m
[0;36m		[A1. APC::A2. SMAD4] ---  [B1. APC::B2. TBL1XR1}[0m
71 1014 cost: 1000
[0;36m		[A1. APC::A2. TCF7L2] ---  [B1. TBL1XR1::B2. MED1}[0m
[0;36m		[A1. TCF7L2::A2. EP300] ---  [B1. MED1::B2. TAF2}[0m

Displayed tree score: 0.149673

78th run results (5) [new minumum]:0.168976
78 1052 cost: 1250
[0;36m		[A1. APC::A2. TNKS] ---  [B1. MED1::B2. TAF2}[0m
[0;36m		[A1. TNKS::A2. PTEN] ---  [B1. TAF2::B2. MAP3K7}[0m
1052 326 cost: 588
[0;36m		[A1. TNKS::A2. PTEN] ---  [B1. TAF2::B2. MAP3K7}[0m
[0;36m		[A1. GSK3B::A2. APC] ---  [B1. GSK3B::B2. APC}[0m
326 832 cost: 217
[0;36m		[A1. GSK3B::A2. APC] ---  [B1. GSK3B::B2. APC}[0m
[0;36m		[A1. PTEN::A2. GSK3B] ---  [B1. MAP3K7::B2. GSK3B}[0m
326 49 cost: 259
[0;36m		[A1. GSK3B::A2. APC] ---  [B1. GSK3B::B2. APC}[0m
[0;36m		[A1. APC::A2. SMAD4] ---  [B1. APC::B2. TBL1XR1}[0m
326 935 cost: 645
[0;36m		[A1. GSK3B::A2. APC] ---  [B1. GSK3B::B2. APC}[0m
[0;36m		[A1. SMAD4::A2. HIF1A] ---  [B1. TBL1XR1::B2. MED1}[0m

Displayed tree score: 0.168976

112th run results (6) [new minumum]:0.19025
112 326 cost: 190
[0;36m		[A1. BRAF::A2. GSK3B] ---  [B1. MAP3K7::B2. GSK3B}[0m
[0;36m		[A1. GSK3B::A2. APC] ---  [B1. GSK3B::B2. APC}[0m
326 49 cost: 259
[0;36m		[A1. GSK3B::A2. APC] ---  [B1. GSK3B::B2. APC}[0m
[0;36m		[A1. APC::A2. SMAD4] ---  [B1. APC::B2. TBL1XR1}[0m
326 1052 cost: 588
[0;36m		[A1. GSK3B::A2. APC] ---  [B1. GSK3B::B2. APC}[0m
[0;36m		[A1. TNKS::A2. PTEN] ---  [B1. TAF2::B2. MAP3K7}[0m
326 935 cost: 645
[0;36m		[A1. GSK3B::A2. APC] ---  [B1. GSK3B::B2. APC}[0m
[0;36m		[A1. SMAD4::A2. HIF1A] ---  [B1. TBL1XR1::B2. MED1}[0m

Displayed tree score: 0.19025

Petal1:44	Petal2:6	treecost: 1682	 tree size:4
$RESULT$	KRAS	TAF2	norm_score:	0.19025
[0m
[0 min 1 sec] All done in 
