COMMAND: /Users/gurkan/Box/Research/INSPIRE/inspire-replication/src/INSPIRE /Users/gurkan/Box/Research/INSPIRE/inspire-replication/database/inspire.sqlite MAP1B TAF2 inspire_legacy_v1

GO normalization for inspire_legacy_v1: 14.1026
Loaded 5995 GO pair scores for inspire_legacy_v1
Create two petals
Begin PETAL setup
new petal MAP1B (4)
# 3 interactions in MAP1B
Done adding UniProt and Pfam annotations for MAP1B.
new petal TAF2 (6)
# 6 interactions in TAF2
Done adding UniProt and Pfam annotations for TAF2.
Petal Sizes: 4, 6
[1;32mPetal Name: [1;33mMAP1B
[1;32mPetal Size: [1;33m4[0;31m
APC
LRP6
LRRK2
MAP1B
[0m---- 
[1;36mPetal Interactions[0;32m
1 LRP6	pp	APC
2 LRRK2	pp	LRP6
3 MAP1B	pp	LRRK2
[0m
[1;32mPetal Name: [1;33mTAF2
[1;32mPetal Size: [1;33m6[0;31m
APC
GSK3B
MAP3K7
MED1
TAF2
TBL1XR1
[0m---- 
[1;36mPetal Interactions[0;32m
1 GSK3B	pp	APC
2 MAP3K7	pp	GSK3B
3 TAF2	pp	MAP3K7
4 TAF2	pp	MED1
5 TBL1XR1	pp	APC
6 TBL1XR1	pp	MED1
[0m
Done creating Petals.
petals are loaded
[1;32mAGE for [0;36mMAP1B - TAF2[0m
[0;35minitial size for AGE: 0[0m
counterPetal1 6
counterPetal2 12
counterPetal1*counterPetal2 72
(*AGE).size()=72
[0m---- 
[1;33mAGE nodes: 72[0m
Allocate AGEgraph :  72 x 72	5184 bytes

[0 min 0 sec] Nodes are done in 

[0 min 0 sec] Edges are done in 
0th run results (0) [new minumum]:0.133333
0 27 cost: 500
[0;36m		[A1. APC::A2. LRP6] ---  [B1. APC::B2. GSK3B}[0m
[0;36m		[A1. LRP6::A2. LRRK2] ---  [B1. GSK3B::B2. MAP3K7}[0m
27 53 cost: 1000
[0;36m		[A1. LRP6::A2. LRRK2] ---  [B1. GSK3B::B2. MAP3K7}[0m
[0;36m		[A1. LRRK2::A2. MAP1B] ---  [B1. MAP3K7::B2. TAF2}[0m

Displayed tree score: 0.133333

10th run results (1) [new minumum]:0.147384
10 24 cost: 769
[0;36m		[A1. APC::A2. LRP6] ---  [B1. TBL1XR1::B2. APC}[0m
[0;36m		[A1. LRP6::A2. LRRK2] ---  [B1. APC::B2. GSK3B}[0m
24 51 cost: 588
[0;36m		[A1. LRP6::A2. LRRK2] ---  [B1. APC::B2. GSK3B}[0m
[0;36m		[A1. LRRK2::A2. MAP1B] ---  [B1. GSK3B::B2. MAP3K7}[0m

Displayed tree score: 0.147384

Petal1:3	Petal2:6	treecost: 1357	 tree size:2
$RESULT$	MAP1B	TAF2	norm_score:	0.147384
[0m
[0 min 0 sec] All done in 
