COMMAND: /Users/gurkan/Box/Research/INSPIRE/inspire-replication/src/INSPIRE /Users/gurkan/Box/Research/INSPIRE/inspire-replication/database/inspire.sqlite MAP1B TCF7L2 inspire_legacy_v1

GO normalization for inspire_legacy_v1: 14.1026
Loaded 5995 GO pair scores for inspire_legacy_v1
Create two petals
Begin PETAL setup
new petal MAP1B (4)
# 3 interactions in MAP1B
Done adding UniProt and Pfam annotations for MAP1B.
new petal TCF7L2 (11)
# 17 interactions in TCF7L2
Done adding UniProt and Pfam annotations for TCF7L2.
Petal Sizes: 4, 11
[1;32mPetal Name: [1;33mMAP1B
[1;32mPetal Size: [1;33m4[0;31m
APC
LRP6
LRRK2
MAP1B
[0m---- 
[1;36mPetal Interactions[0;32m
1 LRP6	pp	APC
2 LRRK2	pp	LRP6
3 MAP1B	pp	LRRK2
[0m
[1;32mPetal Name: [1;33mTCF7L2
[1;32mPetal Size: [1;33m11[0;31m
APC
BTRC
CDC42
CREB1
DLG1
EP300
GSK3B
PTEN
SMAD4
TCF7L2
TNKS
[0m---- 
[1;36mPetal Interactions[0;32m
1 BTRC	pp	APC
2 CDC42	pp	APC
3 DLG1	pp	APC
4 EP300	pp	BTRC
5 GSK3B	pp	APC
6 GSK3B	pp	CREB1
7 PTEN	pp	CDC42
8 PTEN	pp	DLG1
9 PTEN	pp	GSK3B
10 SMAD4	pp	APC
11 SMAD4	pp	PTEN
12 TCF7L2	pp	APC
13 TCF7L2	pp	CREB1
14 TCF7L2	pp	EP300
15 TCF7L2	pp	PTEN
16 TNKS	pp	APC
17 TNKS	pp	PTEN
[0m
Done creating Petals.
petals are loaded
[1;32mAGE for [0;36mMAP1B - TCF7L2[0m
[0;35minitial size for AGE: 0[0m
counterPetal1 6
counterPetal2 34
counterPetal1*counterPetal2 204
(*AGE).size()=204
[0m---- 
[1;33mAGE nodes: 204[0m
Allocate AGEgraph :  204 x 204	41616 bytes

[0 min 0 sec] Nodes are done in 

[0 min 0 sec] Edges are done in 
0th run results (0) [new minumum]:0.118203
0 76 cost: 952
[0;36m		[A1. APC::A2. LRP6] ---  [B1. APC::B2. BTRC}[0m
[0;36m		[A1. LRP6::A2. LRRK2] ---  [B1. BTRC::B2. EP300}[0m
76 152 cost: 740
[0;36m		[A1. LRP6::A2. LRRK2] ---  [B1. BTRC::B2. EP300}[0m
[0;36m		[A1. LRRK2::A2. MAP1B] ---  [B1. EP300::B2. TCF7L2}[0m

Displayed tree score: 0.118203

1th run results (1) [new minumum]:0.192308
1 78 cost: 500
[0;36m		[A1. APC::A2. LRP6] ---  [B1. APC::B2. CDC42}[0m
[0;36m		[A1. LRP6::A2. LRRK2] ---  [B1. CDC42::B2. PTEN}[0m
78 158 cost: 540
[0;36m		[A1. LRP6::A2. LRRK2] ---  [B1. CDC42::B2. PTEN}[0m
[0;36m		[A1. LRRK2::A2. MAP1B] ---  [B1. PTEN::B2. GSK3B}[0m

Displayed tree score: 0.192308

Petal1:3	Petal2:17	treecost: 1040	 tree size:2
$RESULT$	MAP1B	TCF7L2	norm_score:	0.192308
[0m
[0 min 0 sec] All done in 
