COMMAND: /Users/gurkan/Box/Research/INSPIRE/inspire-replication/src/INSPIRE /Users/gurkan/Box/Research/INSPIRE/inspire-replication/database/inspire.sqlite MAP1B PIK3CA inspire_legacy_v1

GO normalization for inspire_legacy_v1: 14.1026
Loaded 5995 GO pair scores for inspire_legacy_v1
Create two petals
Begin PETAL setup
new petal MAP1B (4)
# 3 interactions in MAP1B
Done adding UniProt and Pfam annotations for MAP1B.
new petal PIK3CA (25)
# 46 interactions in PIK3CA
Done adding UniProt and Pfam annotations for PIK3CA.
Petal Sizes: 4, 25
[1;32mPetal Name: [1;33mMAP1B
[1;32mPetal Size: [1;33m4[0;31m
APC
LRP6
LRRK2
MAP1B
[0m---- 
[1;36mPetal Interactions[0;32m
1 LRP6	pp	APC
2 LRRK2	pp	LRP6
3 MAP1B	pp	LRRK2
[0m
[1;32mPetal Name: [1;33mPIK3CA
[1;32mPetal Size: [1;33m25[0;31m
APC
BCL2
BRAF
BRCA1
CDC42
CREBBP
EGFR
ERBIN
ETV6
FBXW7
FGF2
FOXO1
FOXO3
GSK3B
KRAS
LRP6
MAPK1
PIK3CA
PRKCA
PTEN
PTK2
SMAD4
STAT3
TCF7L2
TRAF6
[0m---- 
[1;36mPetal Interactions[0;32m
1 ERBIN	pp	APC
2 ERBIN	pp	EGFR
3 GSK3B	pp	APC
4 GSK3B	pp	BRAF
5 GSK3B	pp	BRCA1
6 GSK3B	pp	CREBBP
7 GSK3B	pp	FBXW7
8 GSK3B	pp	FOXO1
9 GSK3B	pp	FOXO3
10 KRAS	pp	APC
11 KRAS	pp	BCL2
12 KRAS	pp	EGFR
13 KRAS	pp	FGF2
14 LRP6	pp	APC
15 LRP6	pp	ETV6
16 LRP6	pp	GSK3B
17 MAPK1	pp	GSK3B
18 PIK3CA	pp	BCL2
19 PIK3CA	pp	BRAF
20 PIK3CA	pp	BRCA1
21 PIK3CA	pp	CDC42
22 PIK3CA	pp	CREBBP
23 PIK3CA	pp	EGFR
24 PIK3CA	pp	ETV6
25 PIK3CA	pp	FBXW7
26 PIK3CA	pp	FGF2
27 PIK3CA	pp	FOXO1
28 PIK3CA	pp	FOXO3
29 PIK3CA	pp	GSK3B
30 PIK3CA	pp	MAPK1
31 PRKCA	pp	GSK3B
32 PRKCA	pp	PIK3CA
33 PTEN	pp	GSK3B
34 PTEN	pp	PIK3CA
35 PTK2	pp	GSK3B
36 PTK2	pp	PIK3CA
37 SMAD4	pp	APC
38 SMAD4	pp	BCL2
39 SMAD4	pp	CDC42
40 SMAD4	pp	PTEN
41 STAT3	pp	PIK3CA
42 STAT3	pp	SMAD4
43 TCF7L2	pp	APC
44 TCF7L2	pp	PTEN
45 TRAF6	pp	GSK3B
46 TRAF6	pp	PIK3CA
[0m
Done creating Petals.
petals are loaded
[1;32mAGE for [0;36mMAP1B - PIK3CA[0m
[0;35minitial size for AGE: 0[0m
counterPetal1 6
counterPetal2 92
counterPetal1*counterPetal2 552
(*AGE).size()=552
[0m---- 
[1;33mAGE nodes: 552[0m
Allocate AGEgraph :  552 x 552	304704 bytes

[0 min 0 sec] Nodes are done in 

[0 min 0 sec] Edges are done in 
0th run results (0) [new minumum]:0.0960154
0 205 cost: 1250
[0;36m		[A1. APC::A2. LRP6] ---  [B1. APC::B2. ERBIN}[0m
[0;36m		[A1. LRP6::A2. LRRK2] ---  [B1. ERBIN::B2. EGFR}[0m
205 387 cost: 833
[0;36m		[A1. LRP6::A2. LRRK2] ---  [B1. ERBIN::B2. EGFR}[0m
[0;36m		[A1. LRRK2::A2. MAP1B] ---  [B1. EGFR::B2. PIK3CA}[0m

Displayed tree score: 0.0960154

1th run results (1) [new minumum]:0.192308
1 217 cost: 500
[0;36m		[A1. APC::A2. LRP6] ---  [B1. APC::B2. GSK3B}[0m
[0;36m		[A1. LRP6::A2. LRRK2] ---  [B1. GSK3B::B2. BRAF}[0m
217 378 cost: 540
[0;36m		[A1. LRP6::A2. LRRK2] ---  [B1. GSK3B::B2. BRAF}[0m
[0;36m		[A1. LRRK2::A2. MAP1B] ---  [B1. BRAF::B2. PIK3CA}[0m

Displayed tree score: 0.192308

3th run results (2) [new minumum]:0.320513
3 236 cost: 190
[0;36m		[A1. APC::A2. LRP6] ---  [B1. APC::B2. LRP6}[0m
[0;36m		[A1. LRP6::A2. LRRK2] ---  [B1. LRP6::B2. GSK3B}[0m
236 400 cost: 434
[0;36m		[A1. LRP6::A2. LRRK2] ---  [B1. LRP6::B2. GSK3B}[0m
[0;36m		[A1. LRRK2::A2. MAP1B] ---  [B1. GSK3B::B2. APC}[0m

Displayed tree score: 0.320513

Petal1:3	Petal2:46	treecost: 624	 tree size:2
$RESULT$	MAP1B	PIK3CA	norm_score:	0.320513
[0m
[0 min 0 sec] All done in 
