COMMAND: /Users/gurkan/Box/Research/INSPIRE/inspire-replication/src/INSPIRE /Users/gurkan/Box/Research/INSPIRE/inspire-replication/database/inspire.sqlite MAP1B NAV3 inspire_legacy_v1

GO normalization for inspire_legacy_v1: 14.1026
Loaded 5995 GO pair scores for inspire_legacy_v1
Create two petals
Begin PETAL setup
new petal MAP1B (4)
# 3 interactions in MAP1B
Done adding UniProt and Pfam annotations for MAP1B.
new petal NAV3 (4)
# 3 interactions in NAV3
Done adding UniProt and Pfam annotations for NAV3.
Petal Sizes: 4, 4
[1;32mPetal Name: [1;33mMAP1B
[1;32mPetal Size: [1;33m4[0;31m
APC
LRP6
LRRK2
MAP1B
[0m---- 
[1;36mPetal Interactions[0;32m
1 LRP6	pp	APC
2 LRRK2	pp	LRP6
3 MAP1B	pp	LRRK2
[0m
[1;32mPetal Name: [1;33mNAV3
[1;32mPetal Size: [1;33m4[0;31m
APC
CDC42
MEF2C
NAV3
[0m---- 
[1;36mPetal Interactions[0;32m
1 CDC42	pp	APC
2 MEF2C	pp	CDC42
3 NAV3	pp	MEF2C
[0m
Done creating Petals.
petals are loaded
[1;32mAGE for [0;36mMAP1B - NAV3[0m
[0;35minitial size for AGE: 0[0m
counterPetal1 6
counterPetal2 6
counterPetal1*counterPetal2 36
(*AGE).size()=36
[0m---- 
[1;33mAGE nodes: 36[0m
Allocate AGEgraph :  36 x 36	1296 bytes

[0 min 0 sec] Nodes are done in 

[0 min 0 sec] Edges are done in 
0th run results (0) [new minumum]:0.192308
0 14 cost: 500
[0;36m		[A1. APC::A2. LRP6] ---  [B1. APC::B2. CDC42}[0m
[0;36m		[A1. LRP6::A2. LRRK2] ---  [B1. CDC42::B2. MEF2C}[0m
14 28 cost: 540
[0;36m		[A1. LRP6::A2. LRRK2] ---  [B1. CDC42::B2. MEF2C}[0m
[0;36m		[A1. LRRK2::A2. MAP1B] ---  [B1. MEF2C::B2. NAV3}[0m

Displayed tree score: 0.192308

Petal1:3	Petal2:3	treecost: 1040	 tree size:2
$RESULT$	MAP1B	NAV3	norm_score:	0.192308
[0m
[0 min 0 sec] All done in 
