COMMAND: /Users/gurkan/Box/Research/INSPIRE/inspire-replication/src/INSPIRE /Users/gurkan/Box/Research/INSPIRE/inspire-replication/database/inspire.sqlite MAP1B RUNX1T1 inspire_legacy_v1

GO normalization for inspire_legacy_v1: 14.1026
Loaded 5995 GO pair scores for inspire_legacy_v1
Create two petals
Begin PETAL setup
new petal MAP1B (4)
# 3 interactions in MAP1B
Done adding UniProt and Pfam annotations for MAP1B.
new petal RUNX1T1 (4)
# 3 interactions in RUNX1T1
Done adding UniProt and Pfam annotations for RUNX1T1.
Petal Sizes: 4, 4
[1;32mPetal Name: [1;33mMAP1B
[1;32mPetal Size: [1;33m4[0;31m
APC
LRP6
LRRK2
MAP1B
[0m---- 
[1;36mPetal Interactions[0;32m
1 LRP6	pp	APC
2 LRRK2	pp	LRP6
3 MAP1B	pp	LRRK2
[0m
[1;32mPetal Name: [1;33mRUNX1T1
[1;32mPetal Size: [1;33m4[0;31m
APC
RUNX1T1
SMAD4
SP1
[0m---- 
[1;36mPetal Interactions[0;32m
1 SMAD4	pp	APC
2 SP1	pp	RUNX1T1
3 SP1	pp	SMAD4
[0m
Done creating Petals.
petals are loaded
[1;32mAGE for [0;36mMAP1B - RUNX1T1[0m
[0;35minitial size for AGE: 0[0m
counterPetal1 6
counterPetal2 6
counterPetal1*counterPetal2 36
(*AGE).size()=36
[0m---- 
[1;33mAGE nodes: 36[0m
Allocate AGEgraph :  36 x 36	1296 bytes

[0 min 0 sec] Nodes are done in 

[0 min 0 sec] Edges are done in 
0th run results (0) [new minumum]:0.0777907
0 15 cost: 571
[0;36m		[A1. APC::A2. LRP6] ---  [B1. APC::B2. SMAD4}[0m
[0;36m		[A1. LRP6::A2. LRRK2] ---  [B1. SMAD4::B2. SP1}[0m
15 28 cost: 2000
[0;36m		[A1. LRP6::A2. LRRK2] ---  [B1. SMAD4::B2. SP1}[0m
[0;36m		[A1. LRRK2::A2. MAP1B] ---  [B1. SP1::B2. RUNX1T1}[0m

Displayed tree score: 0.0777907

5th run results (1) [new minumum]:0.08
5 14 cost: 625
[0;36m		[A1. APC::A2. LRP6] ---  [B1. SP1::B2. SMAD4}[0m
[0;36m		[A1. LRP6::A2. LRRK2] ---  [B1. SMAD4::B2. APC}[0m

Displayed tree score: 0.08

Petal1:3	Petal2:3	treecost: 625	 tree size:1
$RESULT$	MAP1B	RUNX1T1	norm_score:	0.08
[0m
[0 min 0 sec] All done in 
