COMMAND: /Users/gurkan/Box/Research/INSPIRE/inspire-replication/src/INSPIRE /Users/gurkan/Box/Research/INSPIRE/inspire-replication/database/inspire.sqlite NAV3 PLCG2 inspire_legacy_v1

GO normalization for inspire_legacy_v1: 14.1026
Loaded 5995 GO pair scores for inspire_legacy_v1
Create two petals
Begin PETAL setup
new petal NAV3 (4)
# 3 interactions in NAV3
Done adding UniProt and Pfam annotations for NAV3.
new petal PLCG2 (4)
# 3 interactions in PLCG2
Done adding UniProt and Pfam annotations for PLCG2.
Petal Sizes: 4, 4
[1;32mPetal Name: [1;33mNAV3
[1;32mPetal Size: [1;33m4[0;31m
APC
CDC42
MEF2C
NAV3
[0m---- 
[1;36mPetal Interactions[0;32m
1 CDC42	pp	APC
2 MEF2C	pp	CDC42
3 NAV3	pp	MEF2C
[0m
[1;32mPetal Name: [1;33mPLCG2
[1;32mPetal Size: [1;33m4[0;31m
APC
JAK2
KRAS
PLCG2
[0m---- 
[1;36mPetal Interactions[0;32m
1 KRAS	pp	APC
2 KRAS	pp	JAK2
3 PLCG2	pp	JAK2
[0m
Done creating Petals.
petals are loaded
[1;32mAGE for [0;36mNAV3 - PLCG2[0m
[0;35minitial size for AGE: 0[0m
counterPetal1 6
counterPetal2 6
counterPetal1*counterPetal2 36
(*AGE).size()=36
[0m---- 
[1;33mAGE nodes: 36[0m
Allocate AGEgraph :  36 x 36	1296 bytes

[0 min 0 sec] Nodes are done in 

[0 min 0 sec] Edges are done in 
0th run results (0) [new minumum]:0.199203
0 16 cost: 416
[0;36m		[A1. APC::A2. CDC42] ---  [B1. APC::B2. KRAS}[0m
[0;36m		[A1. CDC42::A2. MEF2C] ---  [B1. KRAS::B2. JAK2}[0m
0 26 cost: 588
[0;36m		[A1. APC::A2. CDC42] ---  [B1. APC::B2. KRAS}[0m
[0;36m		[A1. MEF2C::A2. NAV3] ---  [B1. JAK2::B2. PLCG2}[0m

Displayed tree score: 0.199203

Petal1:3	Petal2:3	treecost: 1004	 tree size:2
$RESULT$	NAV3	PLCG2	norm_score:	0.199203
[0m
[0 min 0 sec] All done in 
