COMMAND: /Users/gurkan/Box/Research/INSPIRE/inspire-replication/src/INSPIRE /Users/gurkan/Box/Research/INSPIRE/inspire-replication/database/inspire.sqlite NF1 TAF2 inspire_legacy_v1

GO normalization for inspire_legacy_v1: 14.1026
Loaded 5995 GO pair scores for inspire_legacy_v1
Create two petals
Begin PETAL setup
new petal NF1 (13)
# 20 interactions in NF1
Done adding UniProt and Pfam annotations for NF1.
new petal TAF2 (6)
# 6 interactions in TAF2
Done adding UniProt and Pfam annotations for TAF2.
Petal Sizes: 13, 6
[1;32mPetal Name: [1;33mNF1
[1;32mPetal Size: [1;33m13[0;31m
APC
ATM
BRCA1
CDC42
EGFR
ERBIN
GSK3B
MDM2
NF1
PTEN
SMAD4
TCF7L2
TNKS
[0m---- 
[1;36mPetal Interactions[0;32m
1 CDC42	pp	APC
2 ERBIN	pp	APC
3 ERBIN	pp	EGFR
4 GSK3B	pp	APC
5 GSK3B	pp	BRCA1
6 MDM2	pp	GSK3B
7 NF1	pp	ATM
8 NF1	pp	BRCA1
9 NF1	pp	EGFR
10 NF1	pp	MDM2
11 PTEN	pp	CDC42
12 PTEN	pp	GSK3B
13 PTEN	pp	NF1
14 SMAD4	pp	APC
15 SMAD4	pp	ATM
16 SMAD4	pp	PTEN
17 TCF7L2	pp	APC
18 TCF7L2	pp	PTEN
19 TNKS	pp	APC
20 TNKS	pp	PTEN
[0m
[1;32mPetal Name: [1;33mTAF2
[1;32mPetal Size: [1;33m6[0;31m
APC
GSK3B
MAP3K7
MED1
TAF2
TBL1XR1
[0m---- 
[1;36mPetal Interactions[0;32m
1 GSK3B	pp	APC
2 MAP3K7	pp	GSK3B
3 TAF2	pp	MAP3K7
4 TAF2	pp	MED1
5 TBL1XR1	pp	APC
6 TBL1XR1	pp	MED1
[0m
Done creating Petals.
petals are loaded
[1;32mAGE for [0;36mNF1 - TAF2[0m
[0;35minitial size for AGE: 0[0m
counterPetal1 40
counterPetal2 12
counterPetal1*counterPetal2 480
(*AGE).size()=480
[0m---- 
[1;33mAGE nodes: 480[0m
Allocate AGEgraph :  480 x 480	230400 bytes

[0 min 0 sec] Nodes are done in 

[0 min 0 sec] Edges are done in 
0th run results (0) [new minumum]:0.125786
0 135 cost: 500
[0;36m		[A1. APC::A2. CDC42] ---  [B1. APC::B2. GSK3B}[0m
[0;36m		[A1. CDC42::A2. PTEN] ---  [B1. GSK3B::B2. MAP3K7}[0m
0 202 cost: 555
[0;36m		[A1. APC::A2. CDC42] ---  [B1. APC::B2. GSK3B}[0m
[0;36m		[A1. GSK3B::A2. APC] ---  [B1. TBL1XR1::B2. APC}[0m
135 389 cost: 689
[0;36m		[A1. CDC42::A2. PTEN] ---  [B1. GSK3B::B2. MAP3K7}[0m
[0;36m		[A1. PTEN::A2. TNKS] ---  [B1. MAP3K7::B2. TAF2}[0m
202 103 cost: 800
[0;36m		[A1. GSK3B::A2. APC] ---  [B1. TBL1XR1::B2. APC}[0m
[0;36m		[A1. BRCA1::A2. GSK3B] ---  [B1. MED1::B2. TBL1XR1}[0m

Displayed tree score: 0.125786

43th run results (1) [new minumum]:0.128436
43 418 cost: 1111
[0;36m		[A1. APC::A2. SMAD4] ---  [B1. MED1::B2. TBL1XR1}[0m
[0;36m		[A1. SMAD4::A2. ATM] ---  [B1. TBL1XR1::B2. APC}[0m
418 72 cost: 645
[0;36m		[A1. SMAD4::A2. ATM] ---  [B1. TBL1XR1::B2. APC}[0m
[0;36m		[A1. ATM::A2. NF1] ---  [B1. APC::B2. GSK3B}[0m
72 279 cost: 540
[0;36m		[A1. ATM::A2. NF1] ---  [B1. APC::B2. GSK3B}[0m
[0;36m		[A1. NF1::A2. BRCA1] ---  [B1. GSK3B::B2. MAP3K7}[0m
279 101 cost: 645
[0;36m		[A1. NF1::A2. BRCA1] ---  [B1. GSK3B::B2. MAP3K7}[0m
[0;36m		[A1. BRCA1::A2. GSK3B] ---  [B1. MAP3K7::B2. TAF2}[0m
101 225 cost: 952
[0;36m		[A1. BRCA1::A2. GSK3B] ---  [B1. MAP3K7::B2. TAF2}[0m
[0;36m		[A1. GSK3B::A2. MDM2] ---  [B1. TAF2::B2. MED1}[0m

Displayed tree score: 0.128436

54th run results (2) [new minumum]:0.137363
54 452 cost: 1818
[0;36m		[A1. APC::A2. TCF7L2] ---  [B1. MED1::B2. TAF2}[0m
[0;36m		[A1. TCF7L2::A2. PTEN] ---  [B1. TAF2::B2. MAP3K7}[0m
452 194 cost: 740
[0;36m		[A1. TCF7L2::A2. PTEN] ---  [B1. TAF2::B2. MAP3K7}[0m
[0;36m		[A1. GSK3B::A2. APC] ---  [B1. GSK3B::B2. APC}[0m
194 340 cost: 217
[0;36m		[A1. GSK3B::A2. APC] ---  [B1. GSK3B::B2. APC}[0m
[0;36m		[A1. PTEN::A2. GSK3B] ---  [B1. MAP3K7::B2. GSK3B}[0m
194 37 cost: 259
[0;36m		[A1. GSK3B::A2. APC] ---  [B1. GSK3B::B2. APC}[0m
[0;36m		[A1. APC::A2. SMAD4] ---  [B1. APC::B2. TBL1XR1}[0m
194 419 cost: 606
[0;36m		[A1. GSK3B::A2. APC] ---  [B1. GSK3B::B2. APC}[0m
[0;36m		[A1. SMAD4::A2. ATM] ---  [B1. TBL1XR1::B2. MED1}[0m

Displayed tree score: 0.137363

59th run results (3) [new minumum]:0.140598
59 194 cost: 689
[0;36m		[A1. APC::A2. TCF7L2] ---  [B1. TBL1XR1::B2. MED1}[0m
[0;36m		[A1. GSK3B::A2. APC] ---  [B1. GSK3B::B2. APC}[0m
194 100 cost: 217
[0;36m		[A1. GSK3B::A2. APC] ---  [B1. GSK3B::B2. APC}[0m
[0;36m		[A1. BRCA1::A2. GSK3B] ---  [B1. MAP3K7::B2. GSK3B}[0m
194 37 cost: 259
[0;36m		[A1. GSK3B::A2. APC] ---  [B1. GSK3B::B2. APC}[0m
[0;36m		[A1. APC::A2. SMAD4] ---  [B1. APC::B2. TBL1XR1}[0m
59 450 cost: 1111
[0;36m		[A1. APC::A2. TCF7L2] ---  [B1. TBL1XR1::B2. MED1}[0m
[0;36m		[A1. TCF7L2::A2. PTEN] ---  [B1. MED1::B2. TAF2}[0m

Displayed tree score: 0.140598

66th run results (4) [new minumum]:0.171233
66 476 cost: 1250
[0;36m		[A1. APC::A2. TNKS] ---  [B1. MED1::B2. TAF2}[0m
[0;36m		[A1. TNKS::A2. PTEN] ---  [B1. TAF2::B2. MAP3K7}[0m
476 194 cost: 588
[0;36m		[A1. TNKS::A2. PTEN] ---  [B1. TAF2::B2. MAP3K7}[0m
[0;36m		[A1. GSK3B::A2. APC] ---  [B1. GSK3B::B2. APC}[0m
194 340 cost: 217
[0;36m		[A1. GSK3B::A2. APC] ---  [B1. GSK3B::B2. APC}[0m
[0;36m		[A1. PTEN::A2. GSK3B] ---  [B1. MAP3K7::B2. GSK3B}[0m
194 37 cost: 259
[0;36m		[A1. GSK3B::A2. APC] ---  [B1. GSK3B::B2. APC}[0m
[0;36m		[A1. APC::A2. SMAD4] ---  [B1. APC::B2. TBL1XR1}[0m
194 419 cost: 606
[0;36m		[A1. GSK3B::A2. APC] ---  [B1. GSK3B::B2. APC}[0m
[0;36m		[A1. SMAD4::A2. ATM] ---  [B1. TBL1XR1::B2. MED1}[0m

Displayed tree score: 0.171233

100th run results (5) [new minumum]:0.191617
100 194 cost: 217
[0;36m		[A1. BRCA1::A2. GSK3B] ---  [B1. MAP3K7::B2. GSK3B}[0m
[0;36m		[A1. GSK3B::A2. APC] ---  [B1. GSK3B::B2. APC}[0m
194 37 cost: 259
[0;36m		[A1. GSK3B::A2. APC] ---  [B1. GSK3B::B2. APC}[0m
[0;36m		[A1. APC::A2. SMAD4] ---  [B1. APC::B2. TBL1XR1}[0m
194 476 cost: 588
[0;36m		[A1. GSK3B::A2. APC] ---  [B1. GSK3B::B2. APC}[0m
[0;36m		[A1. TNKS::A2. PTEN] ---  [B1. TAF2::B2. MAP3K7}[0m
194 419 cost: 606
[0;36m		[A1. GSK3B::A2. APC] ---  [B1. GSK3B::B2. APC}[0m
[0;36m		[A1. SMAD4::A2. ATM] ---  [B1. TBL1XR1::B2. MED1}[0m

Displayed tree score: 0.191617

Petal1:20	Petal2:6	treecost: 1670	 tree size:4
$RESULT$	NF1	TAF2	norm_score:	0.191617
[0m
[0 min 0 sec] All done in 
