COMMAND: /Users/gurkan/Box/Research/INSPIRE/inspire-replication/src/INSPIRE /Users/gurkan/Box/Research/INSPIRE/inspire-replication/database/inspire.sqlite NF1 UHRF2 inspire_legacy_v1

GO normalization for inspire_legacy_v1: 14.1026
Loaded 5995 GO pair scores for inspire_legacy_v1
Create two petals
Begin PETAL setup
new petal NF1 (13)
# 20 interactions in NF1
Done adding UniProt and Pfam annotations for NF1.
new petal UHRF2 (5)
# 5 interactions in UHRF2
Done adding UniProt and Pfam annotations for UHRF2.
Petal Sizes: 13, 5
[1;32mPetal Name: [1;33mNF1
[1;32mPetal Size: [1;33m13[0;31m
APC
ATM
BRCA1
CDC42
EGFR
ERBIN
GSK3B
MDM2
NF1
PTEN
SMAD4
TCF7L2
TNKS
[0m---- 
[1;36mPetal Interactions[0;32m
1 CDC42	pp	APC
2 ERBIN	pp	APC
3 ERBIN	pp	EGFR
4 GSK3B	pp	APC
5 GSK3B	pp	BRCA1
6 MDM2	pp	GSK3B
7 NF1	pp	ATM
8 NF1	pp	BRCA1
9 NF1	pp	EGFR
10 NF1	pp	MDM2
11 PTEN	pp	CDC42
12 PTEN	pp	GSK3B
13 PTEN	pp	NF1
14 SMAD4	pp	APC
15 SMAD4	pp	ATM
16 SMAD4	pp	PTEN
17 TCF7L2	pp	APC
18 TCF7L2	pp	PTEN
19 TNKS	pp	APC
20 TNKS	pp	PTEN
[0m
[1;32mPetal Name: [1;33mUHRF2
[1;32mPetal Size: [1;33m5[0;31m
APC
CCND1
GSK3B
LRP6
UHRF2
[0m---- 
[1;36mPetal Interactions[0;32m
1 GSK3B	pp	APC
2 GSK3B	pp	CCND1
3 LRP6	pp	APC
4 LRP6	pp	CCND1
5 UHRF2	pp	CCND1
[0m
Done creating Petals.
petals are loaded
[1;32mAGE for [0;36mNF1 - UHRF2[0m
[0;35minitial size for AGE: 0[0m
counterPetal1 40
counterPetal2 10
counterPetal1*counterPetal2 400
(*AGE).size()=400
[0m---- 
[1;33mAGE nodes: 400[0m
Allocate AGEgraph :  400 x 400	160000 bytes

[0 min 0 sec] Nodes are done in 

[0 min 0 sec] Edges are done in 
0th run results (0) [new minumum]:0.149502
0 167 cost: 465
[0;36m		[A1. APC::A2. CDC42] ---  [B1. APC::B2. GSK3B}[0m
[0;36m		[A1. GSK3B::A2. APC] ---  [B1. LRP6::B2. APC}[0m
167 83 cost: 500
[0;36m		[A1. GSK3B::A2. APC] ---  [B1. LRP6::B2. APC}[0m
[0;36m		[A1. BRCA1::A2. GSK3B] ---  [B1. CCND1::B2. LRP6}[0m
83 236 cost: 540
[0;36m		[A1. BRCA1::A2. GSK3B] ---  [B1. CCND1::B2. LRP6}[0m
[0;36m		[A1. NF1::A2. BRCA1] ---  [B1. GSK3B::B2. CCND1}[0m

Displayed tree score: 0.149502

1th run results (1) [new minumum]:0.220157
1 165 cost: 217
[0;36m		[A1. APC::A2. CDC42] ---  [B1. APC::B2. LRP6}[0m
[0;36m		[A1. GSK3B::A2. APC] ---  [B1. GSK3B::B2. APC}[0m
165 82 cost: 217
[0;36m		[A1. GSK3B::A2. APC] ---  [B1. GSK3B::B2. APC}[0m
[0;36m		[A1. BRCA1::A2. GSK3B] ---  [B1. CCND1::B2. GSK3B}[0m
165 238 cost: 588
[0;36m		[A1. GSK3B::A2. APC] ---  [B1. GSK3B::B2. APC}[0m
[0;36m		[A1. NF1::A2. BRCA1] ---  [B1. LRP6::B2. CCND1}[0m

Displayed tree score: 0.220157

82th run results (2) [new minumum]:0.275103
82 165 cost: 217
[0;36m		[A1. BRCA1::A2. GSK3B] ---  [B1. CCND1::B2. GSK3B}[0m
[0;36m		[A1. GSK3B::A2. APC] ---  [B1. GSK3B::B2. APC}[0m
165 1 cost: 217
[0;36m		[A1. GSK3B::A2. APC] ---  [B1. GSK3B::B2. APC}[0m
[0;36m		[A1. APC::A2. CDC42] ---  [B1. APC::B2. LRP6}[0m
165 118 cost: 465
[0;36m		[A1. GSK3B::A2. APC] ---  [B1. GSK3B::B2. APC}[0m
[0;36m		[A1. CDC42::A2. PTEN] ---  [B1. LRP6::B2. CCND1}[0m
165 399 cost: 555
[0;36m		[A1. GSK3B::A2. APC] ---  [B1. GSK3B::B2. APC}[0m
[0;36m		[A1. TNKS::A2. PTEN] ---  [B1. UHRF2::B2. CCND1}[0m

Displayed tree score: 0.275103

Petal1:20	Petal2:5	treecost: 1454	 tree size:4
$RESULT$	NF1	UHRF2	norm_score:	0.275103
[0m
[0 min 0 sec] All done in 
