COMMAND: /Users/gurkan/Box/Research/INSPIRE/inspire-replication/src/INSPIRE /Users/gurkan/Box/Research/INSPIRE/inspire-replication/database/inspire.sqlite NF1 TIAM1 inspire_legacy_v1

GO normalization for inspire_legacy_v1: 14.1026
Loaded 5995 GO pair scores for inspire_legacy_v1
Create two petals
Begin PETAL setup
new petal NF1 (13)
# 20 interactions in NF1
Done adding UniProt and Pfam annotations for NF1.
new petal TIAM1 (6)
# 7 interactions in TIAM1
Done adding UniProt and Pfam annotations for TIAM1.
Petal Sizes: 13, 6
[1;32mPetal Name: [1;33mNF1
[1;32mPetal Size: [1;33m13[0;31m
APC
ATM
BRCA1
CDC42
EGFR
ERBIN
GSK3B
MDM2
NF1
PTEN
SMAD4
TCF7L2
TNKS
[0m---- 
[1;36mPetal Interactions[0;32m
1 CDC42	pp	APC
2 ERBIN	pp	APC
3 ERBIN	pp	EGFR
4 GSK3B	pp	APC
5 GSK3B	pp	BRCA1
6 MDM2	pp	GSK3B
7 NF1	pp	ATM
8 NF1	pp	BRCA1
9 NF1	pp	EGFR
10 NF1	pp	MDM2
11 PTEN	pp	CDC42
12 PTEN	pp	GSK3B
13 PTEN	pp	NF1
14 SMAD4	pp	APC
15 SMAD4	pp	ATM
16 SMAD4	pp	PTEN
17 TCF7L2	pp	APC
18 TCF7L2	pp	PTEN
19 TNKS	pp	APC
20 TNKS	pp	PTEN
[0m
[1;32mPetal Name: [1;33mTIAM1
[1;32mPetal Size: [1;33m6[0;31m
APC
GSK3B
PTEN
SMAD4
TCF7L2
TIAM1
[0m---- 
[1;36mPetal Interactions[0;32m
1 GSK3B	pp	APC
2 PTEN	pp	GSK3B
3 SMAD4	pp	APC
4 SMAD4	pp	PTEN
5 TCF7L2	pp	APC
6 TCF7L2	pp	PTEN
7 TIAM1	pp	PTEN
[0m
Done creating Petals.
petals are loaded
[1;32mAGE for [0;36mNF1 - TIAM1[0m
[0;35minitial size for AGE: 0[0m
counterPetal1 40
counterPetal2 14
counterPetal1*counterPetal2 560
(*AGE).size()=560
[0m---- 
[1;33mAGE nodes: 560[0m
Allocate AGEgraph :  560 x 560	313600 bytes

[0 min 0 sec] Nodes are done in 

[0 min 0 sec] Edges are done in 
0th run results (0) [new minumum]:0.719424
0 471 cost: 217
[0;36m		[A1. APC::A2. CDC42] ---  [B1. APC::B2. GSK3B}[0m
[0;36m		[A1. SMAD4::A2. APC] ---  [B1. SMAD4::B2. APC}[0m
471 58 cost: 100
[0;36m		[A1. SMAD4::A2. APC] ---  [B1. SMAD4::B2. APC}[0m
[0;36m		[A1. APC::A2. TCF7L2] ---  [B1. APC::B2. TCF7L2}[0m
471 426 cost: 100
[0;36m		[A1. SMAD4::A2. APC] ---  [B1. SMAD4::B2. APC}[0m
[0;36m		[A1. PTEN::A2. SMAD4] ---  [B1. PTEN::B2. SMAD4}[0m
426 270 cost: 100
[0;36m		[A1. PTEN::A2. SMAD4] ---  [B1. PTEN::B2. SMAD4}[0m
[0;36m		[A1. GSK3B::A2. PTEN] ---  [B1. GSK3B::B2. PTEN}[0m
270 441 cost: 100
[0;36m		[A1. GSK3B::A2. PTEN] ---  [B1. GSK3B::B2. PTEN}[0m
[0;36m		[A1. PTEN::A2. TCF7L2] ---  [B1. PTEN::B2. TCF7L2}[0m
426 167 cost: 217
[0;36m		[A1. PTEN::A2. SMAD4] ---  [B1. PTEN::B2. SMAD4}[0m
[0;36m		[A1. CDC42::A2. PTEN] ---  [B1. TIAM1::B2. PTEN}[0m

Displayed tree score: 0.719424

28th run results (1) [new minumum]:0.83682
28 270 cost: 100
[0;36m		[A1. APC::A2. GSK3B] ---  [B1. APC::B2. GSK3B}[0m
[0;36m		[A1. GSK3B::A2. PTEN] ---  [B1. GSK3B::B2. PTEN}[0m
270 426 cost: 100
[0;36m		[A1. GSK3B::A2. PTEN] ---  [B1. GSK3B::B2. PTEN}[0m
[0;36m		[A1. PTEN::A2. SMAD4] ---  [B1. PTEN::B2. SMAD4}[0m
270 441 cost: 100
[0;36m		[A1. GSK3B::A2. PTEN] ---  [B1. GSK3B::B2. PTEN}[0m
[0;36m		[A1. PTEN::A2. TCF7L2] ---  [B1. PTEN::B2. TCF7L2}[0m
28 471 cost: 100
[0;36m		[A1. APC::A2. GSK3B] ---  [B1. APC::B2. GSK3B}[0m
[0;36m		[A1. SMAD4::A2. APC] ---  [B1. SMAD4::B2. APC}[0m
471 58 cost: 100
[0;36m		[A1. SMAD4::A2. APC] ---  [B1. SMAD4::B2. APC}[0m
[0;36m		[A1. APC::A2. TCF7L2] ---  [B1. APC::B2. TCF7L2}[0m
426 167 cost: 217
[0;36m		[A1. PTEN::A2. SMAD4] ---  [B1. PTEN::B2. SMAD4}[0m
[0;36m		[A1. CDC42::A2. PTEN] ---  [B1. TIAM1::B2. PTEN}[0m

Displayed tree score: 0.83682

Petal1:20	Petal2:7	treecost: 717	 tree size:6
$RESULT$	NF1	TIAM1	norm_score:	0.83682
[0m
[0 min 0 sec] All done in 
