COMMAND: /Users/gurkan/Box/Research/INSPIRE/inspire-replication/src/INSPIRE /Users/gurkan/Box/Research/INSPIRE/inspire-replication/database/inspire.sqlite PIK3CA SMAD3 inspire_legacy_v1

GO normalization for inspire_legacy_v1: 14.1026
Loaded 5995 GO pair scores for inspire_legacy_v1
Create two petals
Begin PETAL setup
new petal PIK3CA (25)
# 46 interactions in PIK3CA
Done adding UniProt and Pfam annotations for PIK3CA.
new petal SMAD3 (18)
# 29 interactions in SMAD3
Done adding UniProt and Pfam annotations for SMAD3.
Petal Sizes: 25, 18
[1;32mPetal Name: [1;33mPIK3CA
[1;32mPetal Size: [1;33m25[0;31m
APC
BCL2
BRAF
BRCA1
CDC42
CREBBP
EGFR
ERBIN
ETV6
FBXW7
FGF2
FOXO1
FOXO3
GSK3B
KRAS
LRP6
MAPK1
PIK3CA
PRKCA
PTEN
PTK2
SMAD4
STAT3
TCF7L2
TRAF6
[0m---- 
[1;36mPetal Interactions[0;32m
1 ERBIN	pp	APC
2 ERBIN	pp	EGFR
3 GSK3B	pp	APC
4 GSK3B	pp	BRAF
5 GSK3B	pp	BRCA1
6 GSK3B	pp	CREBBP
7 GSK3B	pp	FBXW7
8 GSK3B	pp	FOXO1
9 GSK3B	pp	FOXO3
10 KRAS	pp	APC
11 KRAS	pp	BCL2
12 KRAS	pp	EGFR
13 KRAS	pp	FGF2
14 LRP6	pp	APC
15 LRP6	pp	ETV6
16 LRP6	pp	GSK3B
17 MAPK1	pp	GSK3B
18 PIK3CA	pp	BCL2
19 PIK3CA	pp	BRAF
20 PIK3CA	pp	BRCA1
21 PIK3CA	pp	CDC42
22 PIK3CA	pp	CREBBP
23 PIK3CA	pp	EGFR
24 PIK3CA	pp	ETV6
25 PIK3CA	pp	FBXW7
26 PIK3CA	pp	FGF2
27 PIK3CA	pp	FOXO1
28 PIK3CA	pp	FOXO3
29 PIK3CA	pp	GSK3B
30 PIK3CA	pp	MAPK1
31 PRKCA	pp	GSK3B
32 PRKCA	pp	PIK3CA
33 PTEN	pp	GSK3B
34 PTEN	pp	PIK3CA
35 PTK2	pp	GSK3B
36 PTK2	pp	PIK3CA
37 SMAD4	pp	APC
38 SMAD4	pp	BCL2
39 SMAD4	pp	CDC42
40 SMAD4	pp	PTEN
41 STAT3	pp	PIK3CA
42 STAT3	pp	SMAD4
43 TCF7L2	pp	APC
44 TCF7L2	pp	PTEN
45 TRAF6	pp	GSK3B
46 TRAF6	pp	PIK3CA
[0m
[1;32mPetal Name: [1;33mSMAD3
[1;32mPetal Size: [1;33m18[0;31m
APC
BTRC
CDC42
CREBBP
EP300
ETS1
FOXO3
GSK3B
ITGB1
MAP2K1
NCOR1
NFATC2
RNF111
SMAD3
SMAD4
SP1
TBL1XR1
TCF7L2
[0m---- 
[1;36mPetal Interactions[0;32m
1 BTRC	pp	APC
2 CDC42	pp	APC
3 EP300	pp	BTRC
4 GSK3B	pp	APC
5 GSK3B	pp	CREBBP
6 GSK3B	pp	FOXO3
7 ITGB1	pp	CDC42
8 MAP2K1	pp	CDC42
9 NFATC2	pp	GSK3B
10 SMAD3	pp	CREBBP
11 SMAD3	pp	EP300
12 SMAD3	pp	ETS1
13 SMAD3	pp	FOXO3
14 SMAD3	pp	ITGB1
15 SMAD3	pp	MAP2K1
16 SMAD3	pp	NCOR1
17 SMAD3	pp	NFATC2
18 SMAD3	pp	RNF111
19 SMAD4	pp	APC
20 SMAD4	pp	ETS1
21 SMAD4	pp	MAP2K1
22 SMAD4	pp	NCOR1
23 SMAD4	pp	RNF111
24 SP1	pp	SMAD3
25 SP1	pp	SMAD4
26 TBL1XR1	pp	APC
27 TBL1XR1	pp	NCOR1
28 TCF7L2	pp	APC
29 TCF7L2	pp	EP300
[0m
Done creating Petals.
petals are loaded
[1;32mAGE for [0;36mPIK3CA - SMAD3[0m
[0;35minitial size for AGE: 0[0m
counterPetal1 92
counterPetal2 58
counterPetal1*counterPetal2 5336
(*AGE).size()=5336
[0m---- 
[1;33mAGE nodes: 5336[0m
Allocate AGEgraph :  5336 x 5336	28472896 bytes

[0 min 0 sec] Nodes are done in 

[0 min 1 sec] Edges are done in 
0th run results (0) [new minumum]:0.277094
0 1876 cost: 434
[0;36m		[A1. APC::A2. ERBIN] ---  [B1. APC::B2. BTRC}[0m
[0;36m		[A1. GSK3B::A2. APC] ---  [B1. GSK3B::B2. APC}[0m
1876 235 cost: 100
[0;36m		[A1. GSK3B::A2. APC] ---  [B1. GSK3B::B2. APC}[0m
[0;36m		[A1. APC::A2. SMAD4] ---  [B1. APC::B2. SMAD4}[0m
1876 295 cost: 100
[0;36m		[A1. GSK3B::A2. APC] ---  [B1. GSK3B::B2. APC}[0m
[0;36m		[A1. APC::A2. TCF7L2] ---  [B1. APC::B2. TCF7L2}[0m
1876 881 cost: 100
[0;36m		[A1. GSK3B::A2. APC] ---  [B1. GSK3B::B2. APC}[0m
[0;36m		[A1. CREBBP::A2. GSK3B] ---  [B1. CREBBP::B2. GSK3B}[0m
1876 1758 cost: 100
[0;36m		[A1. GSK3B::A2. APC] ---  [B1. GSK3B::B2. APC}[0m
[0;36m		[A1. FOXO3::A2. GSK3B] ---  [B1. FOXO3::B2. GSK3B}[0m
1876 117 cost: 122
[0;36m		[A1. GSK3B::A2. APC] ---  [B1. GSK3B::B2. APC}[0m
[0;36m		[A1. APC::A2. KRAS] ---  [B1. APC::B2. CDC42}[0m
1876 1424 cost: 217
[0;36m		[A1. GSK3B::A2. APC] ---  [B1. GSK3B::B2. APC}[0m
[0;36m		[A1. FBXW7::A2. GSK3B] ---  [B1. NFATC2::B2. GSK3B}[0m
881 3458 cost: 217
[0;36m		[A1. CREBBP::A2. GSK3B] ---  [B1. CREBBP::B2. GSK3B}[0m
[0;36m		[A1. PIK3CA::A2. CREBBP] ---  [B1. SMAD3::B2. CREBBP}[0m
1758 3809 cost: 217
[0;36m		[A1. FOXO3::A2. GSK3B] ---  [B1. FOXO3::B2. GSK3B}[0m
[0;36m		[A1. PIK3CA::A2. FOXO3] ---  [B1. SMAD3::B2. FOXO3}[0m
235 4804 cost: 217
[0;36m		[A1. APC::A2. SMAD4] ---  [B1. APC::B2. SMAD4}[0m
[0;36m		[A1. SMAD4::A2. BCL2] ---  [B1. SMAD4::B2. MAP2K1}[0m
235 4865 cost: 217
[0;36m		[A1. APC::A2. SMAD4] ---  [B1. APC::B2. SMAD4}[0m
[0;36m		[A1. SMAD4::A2. CDC42] ---  [B1. SMAD4::B2. SP1}[0m
235 4921 cost: 217
[0;36m		[A1. APC::A2. SMAD4] ---  [B1. APC::B2. SMAD4}[0m
[0;36m		[A1. SMAD4::A2. PTEN] ---  [B1. SMAD4::B2. NCOR1}[0m
235 4977 cost: 217
[0;36m		[A1. APC::A2. SMAD4] ---  [B1. APC::B2. SMAD4}[0m
[0;36m		[A1. SMAD4::A2. STAT3] ---  [B1. SMAD4::B2. ETS1}[0m
1876 178 cost: 350
[0;36m		[A1. GSK3B::A2. APC] ---  [B1. GSK3B::B2. APC}[0m
[0;36m		[A1. APC::A2. LRP6] ---  [B1. APC::B2. TBL1XR1}[0m
117 2736 cost: 416
[0;36m		[A1. APC::A2. KRAS] ---  [B1. APC::B2. CDC42}[0m
[0;36m		[A1. KRAS::A2. BCL2] ---  [B1. CDC42::B2. MAP2K1}[0m
117 2793 cost: 416
[0;36m		[A1. APC::A2. KRAS] ---  [B1. APC::B2. CDC42}[0m
[0;36m		[A1. KRAS::A2. EGFR] ---  [B1. CDC42::B2. ITGB1}[0m
235 433 cost: 465
[0;36m		[A1. APC::A2. SMAD4] ---  [B1. APC::B2. SMAD4}[0m
[0;36m		[A1. BCL2::A2. PIK3CA] ---  [B1. MAP2K1::B2. SMAD3}[0m
881 710 cost: 465
[0;36m		[A1. CREBBP::A2. GSK3B] ---  [B1. CREBBP::B2. GSK3B}[0m
[0;36m		[A1. BRCA1::A2. PIK3CA] ---  [B1. EP300::B2. SMAD3}[0m
235 806 cost: 465
[0;36m		[A1. APC::A2. SMAD4] ---  [B1. APC::B2. SMAD4}[0m
[0;36m		[A1. CDC42::A2. PIK3CA] ---  [B1. SP1::B2. SMAD3}[0m
881 1127 cost: 465
[0;36m		[A1. CREBBP::A2. GSK3B] ---  [B1. CREBBP::B2. GSK3B}[0m
[0;36m		[A1. EGFR::A2. PIK3CA] ---  [B1. ITGB1::B2. SMAD3}[0m
881 1483 cost: 465
[0;36m		[A1. CREBBP::A2. GSK3B] ---  [B1. CREBBP::B2. GSK3B}[0m
[0;36m		[A1. FBXW7::A2. PIK3CA] ---  [B1. NFATC2::B2. SMAD3}[0m
235 4437 cost: 465
[0;36m		[A1. APC::A2. SMAD4] ---  [B1. APC::B2. SMAD4}[0m
[0;36m		[A1. PTEN::A2. PIK3CA] ---  [B1. NCOR1::B2. SMAD3}[0m
235 5004 cost: 465
[0;36m		[A1. APC::A2. SMAD4] ---  [B1. APC::B2. SMAD4}[0m
[0;36m		[A1. STAT3::A2. PIK3CA] ---  [B1. ETS1::B2. SMAD3}[0m
881 1600 cost: 512
[0;36m		[A1. CREBBP::A2. GSK3B] ---  [B1. CREBBP::B2. GSK3B}[0m
[0;36m		[A1. FGF2::A2. PIK3CA] ---  [B1. RNF111::B2. SMAD3}[0m

Displayed tree score: 0.277094

5th run results (1) [new minumum]:0.27743
5 1876 cost: 259
[0;36m		[A1. APC::A2. ERBIN] ---  [B1. APC::B2. TCF7L2}[0m
[0;36m		[A1. GSK3B::A2. APC] ---  [B1. GSK3B::B2. APC}[0m
1876 235 cost: 100
[0;36m		[A1. GSK3B::A2. APC] ---  [B1. GSK3B::B2. APC}[0m
[0;36m		[A1. APC::A2. SMAD4] ---  [B1. APC::B2. SMAD4}[0m
1876 881 cost: 100
[0;36m		[A1. GSK3B::A2. APC] ---  [B1. GSK3B::B2. APC}[0m
[0;36m		[A1. CREBBP::A2. GSK3B] ---  [B1. CREBBP::B2. GSK3B}[0m
1876 1758 cost: 100
[0;36m		[A1. GSK3B::A2. APC] ---  [B1. GSK3B::B2. APC}[0m
[0;36m		[A1. FOXO3::A2. GSK3B] ---  [B1. FOXO3::B2. GSK3B}[0m
1876 117 cost: 122
[0;36m		[A1. GSK3B::A2. APC] ---  [B1. GSK3B::B2. APC}[0m
[0;36m		[A1. APC::A2. KRAS] ---  [B1. APC::B2. CDC42}[0m
1876 1424 cost: 217
[0;36m		[A1. GSK3B::A2. APC] ---  [B1. GSK3B::B2. APC}[0m
[0;36m		[A1. FBXW7::A2. GSK3B] ---  [B1. NFATC2::B2. GSK3B}[0m
881 3458 cost: 217
[0;36m		[A1. CREBBP::A2. GSK3B] ---  [B1. CREBBP::B2. GSK3B}[0m
[0;36m		[A1. PIK3CA::A2. CREBBP] ---  [B1. SMAD3::B2. CREBBP}[0m
1758 3809 cost: 217
[0;36m		[A1. FOXO3::A2. GSK3B] ---  [B1. FOXO3::B2. GSK3B}[0m
[0;36m		[A1. PIK3CA::A2. FOXO3] ---  [B1. SMAD3::B2. FOXO3}[0m
235 4804 cost: 217
[0;36m		[A1. APC::A2. SMAD4] ---  [B1. APC::B2. SMAD4}[0m
[0;36m		[A1. SMAD4::A2. BCL2] ---  [B1. SMAD4::B2. MAP2K1}[0m
235 4865 cost: 217
[0;36m		[A1. APC::A2. SMAD4] ---  [B1. APC::B2. SMAD4}[0m
[0;36m		[A1. SMAD4::A2. CDC42] ---  [B1. SMAD4::B2. SP1}[0m
235 4921 cost: 217
[0;36m		[A1. APC::A2. SMAD4] ---  [B1. APC::B2. SMAD4}[0m
[0;36m		[A1. SMAD4::A2. PTEN] ---  [B1. SMAD4::B2. NCOR1}[0m
235 4977 cost: 217
[0;36m		[A1. APC::A2. SMAD4] ---  [B1. APC::B2. SMAD4}[0m
[0;36m		[A1. SMAD4::A2. STAT3] ---  [B1. SMAD4::B2. ETS1}[0m
1876 290 cost: 266
[0;36m		[A1. GSK3B::A2. APC] ---  [B1. GSK3B::B2. APC}[0m
[0;36m		[A1. APC::A2. TCF7L2] ---  [B1. APC::B2. BTRC}[0m
1876 178 cost: 350
[0;36m		[A1. GSK3B::A2. APC] ---  [B1. GSK3B::B2. APC}[0m
[0;36m		[A1. APC::A2. LRP6] ---  [B1. APC::B2. TBL1XR1}[0m
117 2736 cost: 416
[0;36m		[A1. APC::A2. KRAS] ---  [B1. APC::B2. CDC42}[0m
[0;36m		[A1. KRAS::A2. BCL2] ---  [B1. CDC42::B2. MAP2K1}[0m
117 2793 cost: 416
[0;36m		[A1. APC::A2. KRAS] ---  [B1. APC::B2. CDC42}[0m
[0;36m		[A1. KRAS::A2. EGFR] ---  [B1. CDC42::B2. ITGB1}[0m
235 433 cost: 465
[0;36m		[A1. APC::A2. SMAD4] ---  [B1. APC::B2. SMAD4}[0m
[0;36m		[A1. BCL2::A2. PIK3CA] ---  [B1. MAP2K1::B2. SMAD3}[0m
881 710 cost: 465
[0;36m		[A1. CREBBP::A2. GSK3B] ---  [B1. CREBBP::B2. GSK3B}[0m
[0;36m		[A1. BRCA1::A2. PIK3CA] ---  [B1. EP300::B2. SMAD3}[0m
235 806 cost: 465
[0;36m		[A1. APC::A2. SMAD4] ---  [B1. APC::B2. SMAD4}[0m
[0;36m		[A1. CDC42::A2. PIK3CA] ---  [B1. SP1::B2. SMAD3}[0m
881 1127 cost: 465
[0;36m		[A1. CREBBP::A2. GSK3B] ---  [B1. CREBBP::B2. GSK3B}[0m
[0;36m		[A1. EGFR::A2. PIK3CA] ---  [B1. ITGB1::B2. SMAD3}[0m
881 1483 cost: 465
[0;36m		[A1. CREBBP::A2. GSK3B] ---  [B1. CREBBP::B2. GSK3B}[0m
[0;36m		[A1. FBXW7::A2. PIK3CA] ---  [B1. NFATC2::B2. SMAD3}[0m
235 4437 cost: 465
[0;36m		[A1. APC::A2. SMAD4] ---  [B1. APC::B2. SMAD4}[0m
[0;36m		[A1. PTEN::A2. PIK3CA] ---  [B1. NCOR1::B2. SMAD3}[0m
235 5004 cost: 465
[0;36m		[A1. APC::A2. SMAD4] ---  [B1. APC::B2. SMAD4}[0m
[0;36m		[A1. STAT3::A2. PIK3CA] ---  [B1. ETS1::B2. SMAD3}[0m
881 1600 cost: 512
[0;36m		[A1. CREBBP::A2. GSK3B] ---  [B1. CREBBP::B2. GSK3B}[0m
[0;36m		[A1. FGF2::A2. PIK3CA] ---  [B1. RNF111::B2. SMAD3}[0m

Displayed tree score: 0.27743

4483th run results (2) [new minumum]:0.280068
4483 4744 cost: 235
[0;36m		[A1. PTEN::A2. SMAD4] ---  [B1. ETS1::B2. SMAD4}[0m
[0;36m		[A1. SMAD4::A2. APC] ---  [B1. SMAD4::B2. APC}[0m
4744 60 cost: 100
[0;36m		[A1. SMAD4::A2. APC] ---  [B1. SMAD4::B2. APC}[0m
[0;36m		[A1. APC::A2. GSK3B] ---  [B1. APC::B2. GSK3B}[0m
4744 295 cost: 100
[0;36m		[A1. SMAD4::A2. APC] ---  [B1. SMAD4::B2. APC}[0m
[0;36m		[A1. APC::A2. TCF7L2] ---  [B1. APC::B2. TCF7L2}[0m
60 2051 cost: 100
[0;36m		[A1. APC::A2. GSK3B] ---  [B1. APC::B2. GSK3B}[0m
[0;36m		[A1. GSK3B::A2. CREBBP] ---  [B1. GSK3B::B2. CREBBP}[0m
2051 1758 cost: 100
[0;36m		[A1. GSK3B::A2. CREBBP] ---  [B1. GSK3B::B2. CREBBP}[0m
[0;36m		[A1. FOXO3::A2. GSK3B] ---  [B1. FOXO3::B2. GSK3B}[0m
4744 117 cost: 122
[0;36m		[A1. SMAD4::A2. APC] ---  [B1. SMAD4::B2. APC}[0m
[0;36m		[A1. APC::A2. KRAS] ---  [B1. APC::B2. CDC42}[0m
4744 492 cost: 217
[0;36m		[A1. SMAD4::A2. APC] ---  [B1. SMAD4::B2. APC}[0m
[0;36m		[A1. BCL2::A2. SMAD4] ---  [B1. MAP2K1::B2. SMAD4}[0m
4744 865 cost: 217
[0;36m		[A1. SMAD4::A2. APC] ---  [B1. SMAD4::B2. APC}[0m
[0;36m		[A1. CDC42::A2. SMAD4] ---  [B1. SP1::B2. SMAD4}[0m
2051 940 cost: 217
[0;36m		[A1. GSK3B::A2. CREBBP] ---  [B1. GSK3B::B2. CREBBP}[0m
[0;36m		[A1. CREBBP::A2. PIK3CA] ---  [B1. CREBBP::B2. SMAD3}[0m
2051 1424 cost: 217
[0;36m		[A1. GSK3B::A2. CREBBP] ---  [B1. GSK3B::B2. CREBBP}[0m
[0;36m		[A1. FBXW7::A2. GSK3B] ---  [B1. NFATC2::B2. GSK3B}[0m
1758 3809 cost: 217
[0;36m		[A1. FOXO3::A2. GSK3B] ---  [B1. FOXO3::B2. GSK3B}[0m
[0;36m		[A1. PIK3CA::A2. FOXO3] ---  [B1. SMAD3::B2. FOXO3}[0m
4744 5076 cost: 217
[0;36m		[A1. SMAD4::A2. APC] ---  [B1. SMAD4::B2. APC}[0m
[0;36m		[A1. STAT3::A2. SMAD4] ---  [B1. NCOR1::B2. SMAD4}[0m
295 5219 cost: 217
[0;36m		[A1. APC::A2. TCF7L2] ---  [B1. APC::B2. TCF7L2}[0m
[0;36m		[A1. TCF7L2::A2. PTEN] ---  [B1. TCF7L2::B2. EP300}[0m
4744 174 cost: 298
[0;36m		[A1. SMAD4::A2. APC] ---  [B1. SMAD4::B2. APC}[0m
[0;36m		[A1. APC::A2. LRP6] ---  [B1. APC::B2. BTRC}[0m
117 2736 cost: 416
[0;36m		[A1. APC::A2. KRAS] ---  [B1. APC::B2. CDC42}[0m
[0;36m		[A1. KRAS::A2. BCL2] ---  [B1. CDC42::B2. MAP2K1}[0m
117 2793 cost: 416
[0;36m		[A1. APC::A2. KRAS] ---  [B1. APC::B2. CDC42}[0m
[0;36m		[A1. KRAS::A2. EGFR] ---  [B1. CDC42::B2. ITGB1}[0m
1758 433 cost: 465
[0;36m		[A1. FOXO3::A2. GSK3B] ---  [B1. FOXO3::B2. GSK3B}[0m
[0;36m		[A1. BCL2::A2. PIK3CA] ---  [B1. MAP2K1::B2. SMAD3}[0m
1758 806 cost: 465
[0;36m		[A1. FOXO3::A2. GSK3B] ---  [B1. FOXO3::B2. GSK3B}[0m
[0;36m		[A1. CDC42::A2. PIK3CA] ---  [B1. SP1::B2. SMAD3}[0m
1758 1127 cost: 465
[0;36m		[A1. FOXO3::A2. GSK3B] ---  [B1. FOXO3::B2. GSK3B}[0m
[0;36m		[A1. EGFR::A2. PIK3CA] ---  [B1. ITGB1::B2. SMAD3}[0m
60 1483 cost: 465
[0;36m		[A1. APC::A2. GSK3B] ---  [B1. APC::B2. GSK3B}[0m
[0;36m		[A1. FBXW7::A2. PIK3CA] ---  [B1. NFATC2::B2. SMAD3}[0m
1758 1582 cost: 465
[0;36m		[A1. FOXO3::A2. GSK3B] ---  [B1. FOXO3::B2. GSK3B}[0m
[0;36m		[A1. FGF2::A2. PIK3CA] ---  [B1. ETS1::B2. SMAD3}[0m
2051 4039 cost: 465
[0;36m		[A1. GSK3B::A2. CREBBP] ---  [B1. GSK3B::B2. CREBBP}[0m
[0;36m		[A1. PIK3CA::A2. PTEN] ---  [B1. SMAD3::B2. EP300}[0m
4744 4160 cost: 465
[0;36m		[A1. SMAD4::A2. APC] ---  [B1. SMAD4::B2. APC}[0m
[0;36m		[A1. PIK3CA::A2. STAT3] ---  [B1. SMAD3::B2. NCOR1}[0m
1758 730 cost: 540
[0;36m		[A1. FOXO3::A2. GSK3B] ---  [B1. FOXO3::B2. GSK3B}[0m
[0;36m		[A1. BRCA1::A2. PIK3CA] ---  [B1. RNF111::B2. SMAD3}[0m
4744 4 cost: 769
[0;36m		[A1. SMAD4::A2. APC] ---  [B1. SMAD4::B2. APC}[0m
[0;36m		[A1. APC::A2. ERBIN] ---  [B1. APC::B2. TBL1XR1}[0m

Displayed tree score: 0.280068

4496th run results (3) [new minumum]:0.281694
4496 4744 cost: 217
[0;36m		[A1. PTEN::A2. SMAD4] ---  [B1. NCOR1::B2. SMAD4}[0m
[0;36m		[A1. SMAD4::A2. APC] ---  [B1. SMAD4::B2. APC}[0m
4744 60 cost: 100
[0;36m		[A1. SMAD4::A2. APC] ---  [B1. SMAD4::B2. APC}[0m
[0;36m		[A1. APC::A2. GSK3B] ---  [B1. APC::B2. GSK3B}[0m
4744 295 cost: 100
[0;36m		[A1. SMAD4::A2. APC] ---  [B1. SMAD4::B2. APC}[0m
[0;36m		[A1. APC::A2. TCF7L2] ---  [B1. APC::B2. TCF7L2}[0m
60 2051 cost: 100
[0;36m		[A1. APC::A2. GSK3B] ---  [B1. APC::B2. GSK3B}[0m
[0;36m		[A1. GSK3B::A2. CREBBP] ---  [B1. GSK3B::B2. CREBBP}[0m
2051 1758 cost: 100
[0;36m		[A1. GSK3B::A2. CREBBP] ---  [B1. GSK3B::B2. CREBBP}[0m
[0;36m		[A1. FOXO3::A2. GSK3B] ---  [B1. FOXO3::B2. GSK3B}[0m
4744 117 cost: 122
[0;36m		[A1. SMAD4::A2. APC] ---  [B1. SMAD4::B2. APC}[0m
[0;36m		[A1. APC::A2. KRAS] ---  [B1. APC::B2. CDC42}[0m
4744 492 cost: 217
[0;36m		[A1. SMAD4::A2. APC] ---  [B1. SMAD4::B2. APC}[0m
[0;36m		[A1. BCL2::A2. SMAD4] ---  [B1. MAP2K1::B2. SMAD4}[0m
4744 865 cost: 217
[0;36m		[A1. SMAD4::A2. APC] ---  [B1. SMAD4::B2. APC}[0m
[0;36m		[A1. CDC42::A2. SMAD4] ---  [B1. SP1::B2. SMAD4}[0m
2051 940 cost: 217
[0;36m		[A1. GSK3B::A2. CREBBP] ---  [B1. GSK3B::B2. CREBBP}[0m
[0;36m		[A1. CREBBP::A2. PIK3CA] ---  [B1. CREBBP::B2. SMAD3}[0m
2051 1424 cost: 217
[0;36m		[A1. GSK3B::A2. CREBBP] ---  [B1. GSK3B::B2. CREBBP}[0m
[0;36m		[A1. FBXW7::A2. GSK3B] ---  [B1. NFATC2::B2. GSK3B}[0m
1758 3809 cost: 217
[0;36m		[A1. FOXO3::A2. GSK3B] ---  [B1. FOXO3::B2. GSK3B}[0m
[0;36m		[A1. PIK3CA::A2. FOXO3] ---  [B1. SMAD3::B2. FOXO3}[0m
4744 5063 cost: 217
[0;36m		[A1. SMAD4::A2. APC] ---  [B1. SMAD4::B2. APC}[0m
[0;36m		[A1. STAT3::A2. SMAD4] ---  [B1. ETS1::B2. SMAD4}[0m
295 5219 cost: 217
[0;36m		[A1. APC::A2. TCF7L2] ---  [B1. APC::B2. TCF7L2}[0m
[0;36m		[A1. TCF7L2::A2. PTEN] ---  [B1. TCF7L2::B2. EP300}[0m
4744 174 cost: 298
[0;36m		[A1. SMAD4::A2. APC] ---  [B1. SMAD4::B2. APC}[0m
[0;36m		[A1. APC::A2. LRP6] ---  [B1. APC::B2. BTRC}[0m
117 2736 cost: 416
[0;36m		[A1. APC::A2. KRAS] ---  [B1. APC::B2. CDC42}[0m
[0;36m		[A1. KRAS::A2. BCL2] ---  [B1. CDC42::B2. MAP2K1}[0m
117 2793 cost: 416
[0;36m		[A1. APC::A2. KRAS] ---  [B1. APC::B2. CDC42}[0m
[0;36m		[A1. KRAS::A2. EGFR] ---  [B1. CDC42::B2. ITGB1}[0m
1758 433 cost: 465
[0;36m		[A1. FOXO3::A2. GSK3B] ---  [B1. FOXO3::B2. GSK3B}[0m
[0;36m		[A1. BCL2::A2. PIK3CA] ---  [B1. MAP2K1::B2. SMAD3}[0m
1758 725 cost: 465
[0;36m		[A1. FOXO3::A2. GSK3B] ---  [B1. FOXO3::B2. GSK3B}[0m
[0;36m		[A1. BRCA1::A2. PIK3CA] ---  [B1. NCOR1::B2. SMAD3}[0m
1758 806 cost: 465
[0;36m		[A1. FOXO3::A2. GSK3B] ---  [B1. FOXO3::B2. GSK3B}[0m
[0;36m		[A1. CDC42::A2. PIK3CA] ---  [B1. SP1::B2. SMAD3}[0m
1758 1127 cost: 465
[0;36m		[A1. FOXO3::A2. GSK3B] ---  [B1. FOXO3::B2. GSK3B}[0m
[0;36m		[A1. EGFR::A2. PIK3CA] ---  [B1. ITGB1::B2. SMAD3}[0m
60 1483 cost: 465
[0;36m		[A1. APC::A2. GSK3B] ---  [B1. APC::B2. GSK3B}[0m
[0;36m		[A1. FBXW7::A2. PIK3CA] ---  [B1. NFATC2::B2. SMAD3}[0m
2051 4039 cost: 465
[0;36m		[A1. GSK3B::A2. CREBBP] ---  [B1. GSK3B::B2. CREBBP}[0m
[0;36m		[A1. PIK3CA::A2. PTEN] ---  [B1. SMAD3::B2. EP300}[0m
4744 4156 cost: 465
[0;36m		[A1. SMAD4::A2. APC] ---  [B1. SMAD4::B2. APC}[0m
[0;36m		[A1. PIK3CA::A2. STAT3] ---  [B1. SMAD3::B2. ETS1}[0m
1758 1600 cost: 512
[0;36m		[A1. FOXO3::A2. GSK3B] ---  [B1. FOXO3::B2. GSK3B}[0m
[0;36m		[A1. FGF2::A2. PIK3CA] ---  [B1. RNF111::B2. SMAD3}[0m
4744 4 cost: 769
[0;36m		[A1. SMAD4::A2. APC] ---  [B1. SMAD4::B2. APC}[0m
[0;36m		[A1. APC::A2. ERBIN] ---  [B1. APC::B2. TBL1XR1}[0m

Displayed tree score: 0.281694

Petal1:46	Petal2:29	treecost: 7924	 tree size:25
$RESULT$	PIK3CA	SMAD3	norm_score:	0.281694
[0m
[0 min 4 sec] All done in 
