COMMAND: /Users/gurkan/Box/Research/INSPIRE/inspire-replication/src/INSPIRE /Users/gurkan/Box/Research/INSPIRE/inspire-replication/database/inspire.sqlite PIK3CA RUNX1T1 inspire_legacy_v1

GO normalization for inspire_legacy_v1: 14.1026
Loaded 5995 GO pair scores for inspire_legacy_v1
Create two petals
Begin PETAL setup
new petal PIK3CA (25)
# 46 interactions in PIK3CA
Done adding UniProt and Pfam annotations for PIK3CA.
new petal RUNX1T1 (4)
# 3 interactions in RUNX1T1
Done adding UniProt and Pfam annotations for RUNX1T1.
Petal Sizes: 25, 4
[1;32mPetal Name: [1;33mPIK3CA
[1;32mPetal Size: [1;33m25[0;31m
APC
BCL2
BRAF
BRCA1
CDC42
CREBBP
EGFR
ERBIN
ETV6
FBXW7
FGF2
FOXO1
FOXO3
GSK3B
KRAS
LRP6
MAPK1
PIK3CA
PRKCA
PTEN
PTK2
SMAD4
STAT3
TCF7L2
TRAF6
[0m---- 
[1;36mPetal Interactions[0;32m
1 ERBIN	pp	APC
2 ERBIN	pp	EGFR
3 GSK3B	pp	APC
4 GSK3B	pp	BRAF
5 GSK3B	pp	BRCA1
6 GSK3B	pp	CREBBP
7 GSK3B	pp	FBXW7
8 GSK3B	pp	FOXO1
9 GSK3B	pp	FOXO3
10 KRAS	pp	APC
11 KRAS	pp	BCL2
12 KRAS	pp	EGFR
13 KRAS	pp	FGF2
14 LRP6	pp	APC
15 LRP6	pp	ETV6
16 LRP6	pp	GSK3B
17 MAPK1	pp	GSK3B
18 PIK3CA	pp	BCL2
19 PIK3CA	pp	BRAF
20 PIK3CA	pp	BRCA1
21 PIK3CA	pp	CDC42
22 PIK3CA	pp	CREBBP
23 PIK3CA	pp	EGFR
24 PIK3CA	pp	ETV6
25 PIK3CA	pp	FBXW7
26 PIK3CA	pp	FGF2
27 PIK3CA	pp	FOXO1
28 PIK3CA	pp	FOXO3
29 PIK3CA	pp	GSK3B
30 PIK3CA	pp	MAPK1
31 PRKCA	pp	GSK3B
32 PRKCA	pp	PIK3CA
33 PTEN	pp	GSK3B
34 PTEN	pp	PIK3CA
35 PTK2	pp	GSK3B
36 PTK2	pp	PIK3CA
37 SMAD4	pp	APC
38 SMAD4	pp	BCL2
39 SMAD4	pp	CDC42
40 SMAD4	pp	PTEN
41 STAT3	pp	PIK3CA
42 STAT3	pp	SMAD4
43 TCF7L2	pp	APC
44 TCF7L2	pp	PTEN
45 TRAF6	pp	GSK3B
46 TRAF6	pp	PIK3CA
[0m
[1;32mPetal Name: [1;33mRUNX1T1
[1;32mPetal Size: [1;33m4[0;31m
APC
RUNX1T1
SMAD4
SP1
[0m---- 
[1;36mPetal Interactions[0;32m
1 SMAD4	pp	APC
2 SP1	pp	RUNX1T1
3 SP1	pp	SMAD4
[0m
Done creating Petals.
petals are loaded
[1;32mAGE for [0;36mPIK3CA - RUNX1T1[0m
[0;35minitial size for AGE: 0[0m
counterPetal1 92
counterPetal2 6
counterPetal1*counterPetal2 552
(*AGE).size()=552
[0m---- 
[1;33mAGE nodes: 552[0m
Allocate AGEgraph :  552 x 552	304704 bytes

[0 min 0 sec] Nodes are done in 

[0 min 0 sec] Edges are done in 
0th run results (0) [new minumum]:0.0707214
0 129 cost: 606
[0;36m		[A1. APC::A2. ERBIN] ---  [B1. APC::B2. SMAD4}[0m
[0;36m		[A1. ERBIN::A2. EGFR] ---  [B1. SMAD4::B2. SP1}[0m
129 118 cost: 2222
[0;36m		[A1. ERBIN::A2. EGFR] ---  [B1. SMAD4::B2. SP1}[0m
[0;36m		[A1. EGFR::A2. PIK3CA] ---  [B1. SP1::B2. RUNX1T1}[0m

Displayed tree score: 0.0707214

2th run results (1) [new minumum]:0.134318
2 197 cost: 689
[0;36m		[A1. APC::A2. ERBIN] ---  [B1. SMAD4::B2. APC}[0m
[0;36m		[A1. GSK3B::A2. APC] ---  [B1. SP1::B2. SMAD4}[0m
197 169 cost: 800
[0;36m		[A1. GSK3B::A2. APC] ---  [B1. SP1::B2. SMAD4}[0m
[0;36m		[A1. FOXO1::A2. GSK3B] ---  [B1. RUNX1T1::B2. SP1}[0m

Displayed tree score: 0.134318

9th run results (2) [new minumum]:0.147601
9 486 cost: 555
[0;36m		[A1. APC::A2. GSK3B] ---  [B1. SMAD4::B2. SP1}[0m
[0;36m		[A1. SMAD4::A2. APC] ---  [B1. APC::B2. SMAD4}[0m
9 226 cost: 800
[0;36m		[A1. APC::A2. GSK3B] ---  [B1. SMAD4::B2. SP1}[0m
[0;36m		[A1. GSK3B::A2. FOXO1] ---  [B1. SP1::B2. RUNX1T1}[0m

Displayed tree score: 0.147601

53th run results (3) [new minumum]:0.181159
53 488 cost: 235
[0;36m		[A1. BCL2::A2. SMAD4] ---  [B1. SP1::B2. SMAD4}[0m
[0;36m		[A1. SMAD4::A2. APC] ---  [B1. SMAD4::B2. APC}[0m
488 535 cost: 869
[0;36m		[A1. SMAD4::A2. APC] ---  [B1. SMAD4::B2. APC}[0m
[0;36m		[A1. TCF7L2::A2. PTEN] ---  [B1. RUNX1T1::B2. SP1}[0m

Displayed tree score: 0.181159

89th run results (4) [new minumum]:0.184162
89 488 cost: 217
[0;36m		[A1. CDC42::A2. SMAD4] ---  [B1. SP1::B2. SMAD4}[0m
[0;36m		[A1. SMAD4::A2. APC] ---  [B1. SMAD4::B2. APC}[0m
488 535 cost: 869
[0;36m		[A1. SMAD4::A2. APC] ---  [B1. SMAD4::B2. APC}[0m
[0;36m		[A1. TCF7L2::A2. PTEN] ---  [B1. RUNX1T1::B2. SP1}[0m

Displayed tree score: 0.184162

Petal1:46	Petal2:3	treecost: 1086	 tree size:2
$RESULT$	PIK3CA	RUNX1T1	norm_score:	0.184162
[0m
[0 min 0 sec] All done in 
