COMMAND: /Users/gurkan/Box/Research/INSPIRE/inspire-replication/src/INSPIRE /Users/gurkan/Box/Research/INSPIRE/inspire-replication/database/inspire.sqlite PIK3CA PIK3CA inspire_legacy_v1

GO normalization for inspire_legacy_v1: 14.1026
Loaded 5995 GO pair scores for inspire_legacy_v1
Create two petals
Begin PETAL setup
new petal PIK3CA (25)
# 46 interactions in PIK3CA
Done adding UniProt and Pfam annotations for PIK3CA.
new petal PIK3CA (25)
# 46 interactions in PIK3CA
Done adding UniProt and Pfam annotations for PIK3CA.
Petal Sizes: 25, 25
[1;32mPetal Name: [1;33mPIK3CA
[1;32mPetal Size: [1;33m25[0;31m
APC
BCL2
BRAF
BRCA1
CDC42
CREBBP
EGFR
ERBIN
ETV6
FBXW7
FGF2
FOXO1
FOXO3
GSK3B
KRAS
LRP6
MAPK1
PIK3CA
PRKCA
PTEN
PTK2
SMAD4
STAT3
TCF7L2
TRAF6
[0m---- 
[1;36mPetal Interactions[0;32m
1 ERBIN	pp	APC
2 ERBIN	pp	EGFR
3 GSK3B	pp	APC
4 GSK3B	pp	BRAF
5 GSK3B	pp	BRCA1
6 GSK3B	pp	CREBBP
7 GSK3B	pp	FBXW7
8 GSK3B	pp	FOXO1
9 GSK3B	pp	FOXO3
10 KRAS	pp	APC
11 KRAS	pp	BCL2
12 KRAS	pp	EGFR
13 KRAS	pp	FGF2
14 LRP6	pp	APC
15 LRP6	pp	ETV6
16 LRP6	pp	GSK3B
17 MAPK1	pp	GSK3B
18 PIK3CA	pp	BCL2
19 PIK3CA	pp	BRAF
20 PIK3CA	pp	BRCA1
21 PIK3CA	pp	CDC42
22 PIK3CA	pp	CREBBP
23 PIK3CA	pp	EGFR
24 PIK3CA	pp	ETV6
25 PIK3CA	pp	FBXW7
26 PIK3CA	pp	FGF2
27 PIK3CA	pp	FOXO1
28 PIK3CA	pp	FOXO3
29 PIK3CA	pp	GSK3B
30 PIK3CA	pp	MAPK1
31 PRKCA	pp	GSK3B
32 PRKCA	pp	PIK3CA
33 PTEN	pp	GSK3B
34 PTEN	pp	PIK3CA
35 PTK2	pp	GSK3B
36 PTK2	pp	PIK3CA
37 SMAD4	pp	APC
38 SMAD4	pp	BCL2
39 SMAD4	pp	CDC42
40 SMAD4	pp	PTEN
41 STAT3	pp	PIK3CA
42 STAT3	pp	SMAD4
43 TCF7L2	pp	APC
44 TCF7L2	pp	PTEN
45 TRAF6	pp	GSK3B
46 TRAF6	pp	PIK3CA
[0m
[1;32mPetal Name: [1;33mPIK3CA
[1;32mPetal Size: [1;33m25[0;31m
APC
BCL2
BRAF
BRCA1
CDC42
CREBBP
EGFR
ERBIN
ETV6
FBXW7
FGF2
FOXO1
FOXO3
GSK3B
KRAS
LRP6
MAPK1
PIK3CA
PRKCA
PTEN
PTK2
SMAD4
STAT3
TCF7L2
TRAF6
[0m---- 
[1;36mPetal Interactions[0;32m
1 ERBIN	pp	APC
2 ERBIN	pp	EGFR
3 GSK3B	pp	APC
4 GSK3B	pp	BRAF
5 GSK3B	pp	BRCA1
6 GSK3B	pp	CREBBP
7 GSK3B	pp	FBXW7
8 GSK3B	pp	FOXO1
9 GSK3B	pp	FOXO3
10 KRAS	pp	APC
11 KRAS	pp	BCL2
12 KRAS	pp	EGFR
13 KRAS	pp	FGF2
14 LRP6	pp	APC
15 LRP6	pp	ETV6
16 LRP6	pp	GSK3B
17 MAPK1	pp	GSK3B
18 PIK3CA	pp	BCL2
19 PIK3CA	pp	BRAF
20 PIK3CA	pp	BRCA1
21 PIK3CA	pp	CDC42
22 PIK3CA	pp	CREBBP
23 PIK3CA	pp	EGFR
24 PIK3CA	pp	ETV6
25 PIK3CA	pp	FBXW7
26 PIK3CA	pp	FGF2
27 PIK3CA	pp	FOXO1
28 PIK3CA	pp	FOXO3
29 PIK3CA	pp	GSK3B
30 PIK3CA	pp	MAPK1
31 PRKCA	pp	GSK3B
32 PRKCA	pp	PIK3CA
33 PTEN	pp	GSK3B
34 PTEN	pp	PIK3CA
35 PTK2	pp	GSK3B
36 PTK2	pp	PIK3CA
37 SMAD4	pp	APC
38 SMAD4	pp	BCL2
39 SMAD4	pp	CDC42
40 SMAD4	pp	PTEN
41 STAT3	pp	PIK3CA
42 STAT3	pp	SMAD4
43 TCF7L2	pp	APC
44 TCF7L2	pp	PTEN
45 TRAF6	pp	GSK3B
46 TRAF6	pp	PIK3CA
[0m
Done creating Petals.
petals are loaded
[1;32mAGE for [0;36mPIK3CA - PIK3CA[0m
[0;35minitial size for AGE: 0[0m
counterPetal1 92
counterPetal2 92
counterPetal1*counterPetal2 8464
(*AGE).size()=8464
[0m---- 
[1;33mAGE nodes: 8464[0m
Allocate AGEgraph :  8464 x 8464	71639296 bytes

[0 min 0 sec] Nodes are done in 

[0 min 3 sec] Edges are done in 
0th run results (0) [new minumum]:0.998225
0 1953 cost: 100
[0;36m		[A1. APC::A2. ERBIN] ---  [B1. APC::B2. ERBIN}[0m
[0;36m		[A1. ERBIN::A2. EGFR] ---  [B1. ERBIN::B2. EGFR}[0m
1953 1674 cost: 100
[0;36m		[A1. ERBIN::A2. EGFR] ---  [B1. ERBIN::B2. EGFR}[0m
[0;36m		[A1. EGFR::A2. KRAS] ---  [B1. EGFR::B2. KRAS}[0m
1953 1767 cost: 100
[0;36m		[A1. ERBIN::A2. EGFR] ---  [B1. ERBIN::B2. EGFR}[0m
[0;36m		[A1. EGFR::A2. PIK3CA] ---  [B1. EGFR::B2. PIK3CA}[0m
0 2976 cost: 100
[0;36m		[A1. APC::A2. ERBIN] ---  [B1. APC::B2. ERBIN}[0m
[0;36m		[A1. GSK3B::A2. APC] ---  [B1. GSK3B::B2. APC}[0m
2976 186 cost: 100
[0;36m		[A1. GSK3B::A2. APC] ---  [B1. GSK3B::B2. APC}[0m
[0;36m		[A1. APC::A2. KRAS] ---  [B1. APC::B2. KRAS}[0m
2976 279 cost: 100
[0;36m		[A1. GSK3B::A2. APC] ---  [B1. GSK3B::B2. APC}[0m
[0;36m		[A1. APC::A2. LRP6] ---  [B1. APC::B2. LRP6}[0m
2976 372 cost: 100
[0;36m		[A1. GSK3B::A2. APC] ---  [B1. GSK3B::B2. APC}[0m
[0;36m		[A1. APC::A2. SMAD4] ---  [B1. APC::B2. SMAD4}[0m
2976 465 cost: 100
[0;36m		[A1. GSK3B::A2. APC] ---  [B1. GSK3B::B2. APC}[0m
[0;36m		[A1. APC::A2. TCF7L2] ---  [B1. APC::B2. TCF7L2}[0m
2976 837 cost: 100
[0;36m		[A1. GSK3B::A2. APC] ---  [B1. GSK3B::B2. APC}[0m
[0;36m		[A1. BRAF::A2. GSK3B] ---  [B1. BRAF::B2. GSK3B}[0m
2976 1023 cost: 100
[0;36m		[A1. GSK3B::A2. APC] ---  [B1. GSK3B::B2. APC}[0m
[0;36m		[A1. BRCA1::A2. GSK3B] ---  [B1. BRCA1::B2. GSK3B}[0m
2976 1395 cost: 100
[0;36m		[A1. GSK3B::A2. APC] ---  [B1. GSK3B::B2. APC}[0m
[0;36m		[A1. CREBBP::A2. GSK3B] ---  [B1. CREBBP::B2. GSK3B}[0m
2976 2232 cost: 100
[0;36m		[A1. GSK3B::A2. APC] ---  [B1. GSK3B::B2. APC}[0m
[0;36m		[A1. FBXW7::A2. GSK3B] ---  [B1. FBXW7::B2. GSK3B}[0m
2976 2604 cost: 100
[0;36m		[A1. GSK3B::A2. APC] ---  [B1. GSK3B::B2. APC}[0m
[0;36m		[A1. FOXO1::A2. GSK3B] ---  [B1. FOXO1::B2. GSK3B}[0m
2976 2790 cost: 100
[0;36m		[A1. GSK3B::A2. APC] ---  [B1. GSK3B::B2. APC}[0m
[0;36m		[A1. FOXO3::A2. GSK3B] ---  [B1. FOXO3::B2. GSK3B}[0m
837 3627 cost: 100
[0;36m		[A1. BRAF::A2. GSK3B] ---  [B1. BRAF::B2. GSK3B}[0m
[0;36m		[A1. GSK3B::A2. LRP6] ---  [B1. GSK3B::B2. LRP6}[0m
837 3720 cost: 100
[0;36m		[A1. BRAF::A2. GSK3B] ---  [B1. BRAF::B2. GSK3B}[0m
[0;36m		[A1. GSK3B::A2. MAPK1] ---  [B1. GSK3B::B2. MAPK1}[0m
837 3813 cost: 100
[0;36m		[A1. BRAF::A2. GSK3B] ---  [B1. BRAF::B2. GSK3B}[0m
[0;36m		[A1. GSK3B::A2. PIK3CA] ---  [B1. GSK3B::B2. PIK3CA}[0m
837 3906 cost: 100
[0;36m		[A1. BRAF::A2. GSK3B] ---  [B1. BRAF::B2. GSK3B}[0m
[0;36m		[A1. GSK3B::A2. PRKCA] ---  [B1. GSK3B::B2. PRKCA}[0m
837 3999 cost: 100
[0;36m		[A1. BRAF::A2. GSK3B] ---  [B1. BRAF::B2. GSK3B}[0m
[0;36m		[A1. GSK3B::A2. PTEN] ---  [B1. GSK3B::B2. PTEN}[0m
837 4092 cost: 100
[0;36m		[A1. BRAF::A2. GSK3B] ---  [B1. BRAF::B2. GSK3B}[0m
[0;36m		[A1. GSK3B::A2. PTK2] ---  [B1. GSK3B::B2. PTK2}[0m
837 4185 cost: 100
[0;36m		[A1. BRAF::A2. GSK3B] ---  [B1. BRAF::B2. GSK3B}[0m
[0;36m		[A1. GSK3B::A2. TRAF6] ---  [B1. GSK3B::B2. TRAF6}[0m
1674 4371 cost: 100
[0;36m		[A1. EGFR::A2. KRAS] ---  [B1. EGFR::B2. KRAS}[0m
[0;36m		[A1. KRAS::A2. BCL2] ---  [B1. KRAS::B2. BCL2}[0m
4371 651 cost: 100
[0;36m		[A1. KRAS::A2. BCL2] ---  [B1. KRAS::B2. BCL2}[0m
[0;36m		[A1. BCL2::A2. PIK3CA] ---  [B1. BCL2::B2. PIK3CA}[0m
4371 744 cost: 100
[0;36m		[A1. KRAS::A2. BCL2] ---  [B1. KRAS::B2. BCL2}[0m
[0;36m		[A1. BCL2::A2. SMAD4] ---  [B1. BCL2::B2. SMAD4}[0m
4371 2418 cost: 100
[0;36m		[A1. KRAS::A2. BCL2] ---  [B1. KRAS::B2. BCL2}[0m
[0;36m		[A1. FGF2::A2. KRAS] ---  [B1. FGF2::B2. KRAS}[0m
3720 5022 cost: 100
[0;36m		[A1. GSK3B::A2. MAPK1] ---  [B1. GSK3B::B2. MAPK1}[0m
[0;36m		[A1. MAPK1::A2. PIK3CA] ---  [B1. MAPK1::B2. PIK3CA}[0m
1767 5208 cost: 100
[0;36m		[A1. EGFR::A2. PIK3CA] ---  [B1. EGFR::B2. PIK3CA}[0m
[0;36m		[A1. PIK3CA::A2. BRAF] ---  [B1. PIK3CA::B2. BRAF}[0m
5208 1116 cost: 100
[0;36m		[A1. PIK3CA::A2. BRAF] ---  [B1. PIK3CA::B2. BRAF}[0m
[0;36m		[A1. BRCA1::A2. PIK3CA] ---  [B1. BRCA1::B2. PIK3CA}[0m
5208 1209 cost: 100
[0;36m		[A1. PIK3CA::A2. BRAF] ---  [B1. PIK3CA::B2. BRAF}[0m
[0;36m		[A1. CDC42::A2. PIK3CA] ---  [B1. CDC42::B2. PIK3CA}[0m
5208 1488 cost: 100
[0;36m		[A1. PIK3CA::A2. BRAF] ---  [B1. PIK3CA::B2. BRAF}[0m
[0;36m		[A1. CREBBP::A2. PIK3CA] ---  [B1. CREBBP::B2. PIK3CA}[0m
5208 2325 cost: 100
[0;36m		[A1. PIK3CA::A2. BRAF] ---  [B1. PIK3CA::B2. BRAF}[0m
[0;36m		[A1. FBXW7::A2. PIK3CA] ---  [B1. FBXW7::B2. PIK3CA}[0m
5208 2511 cost: 100
[0;36m		[A1. PIK3CA::A2. BRAF] ---  [B1. PIK3CA::B2. BRAF}[0m
[0;36m		[A1. FGF2::A2. PIK3CA] ---  [B1. FGF2::B2. PIK3CA}[0m
5208 2697 cost: 100
[0;36m		[A1. PIK3CA::A2. BRAF] ---  [B1. PIK3CA::B2. BRAF}[0m
[0;36m		[A1. FOXO1::A2. PIK3CA] ---  [B1. FOXO1::B2. PIK3CA}[0m
5208 2883 cost: 100
[0;36m		[A1. PIK3CA::A2. BRAF] ---  [B1. PIK3CA::B2. BRAF}[0m
[0;36m		[A1. FOXO3::A2. PIK3CA] ---  [B1. FOXO3::B2. PIK3CA}[0m
1767 6324 cost: 100
[0;36m		[A1. EGFR::A2. PIK3CA] ---  [B1. EGFR::B2. PIK3CA}[0m
[0;36m		[A1. PIK3CA::A2. PRKCA] ---  [B1. PIK3CA::B2. PRKCA}[0m
1767 6417 cost: 100
[0;36m		[A1. EGFR::A2. PIK3CA] ---  [B1. EGFR::B2. PIK3CA}[0m
[0;36m		[A1. PIK3CA::A2. PTEN] ---  [B1. PIK3CA::B2. PTEN}[0m
1767 6510 cost: 100
[0;36m		[A1. EGFR::A2. PIK3CA] ---  [B1. EGFR::B2. PIK3CA}[0m
[0;36m		[A1. PIK3CA::A2. PTK2] ---  [B1. PIK3CA::B2. PTK2}[0m
1767 6603 cost: 100
[0;36m		[A1. EGFR::A2. PIK3CA] ---  [B1. EGFR::B2. PIK3CA}[0m
[0;36m		[A1. PIK3CA::A2. STAT3] ---  [B1. PIK3CA::B2. STAT3}[0m
1767 6696 cost: 100
[0;36m		[A1. EGFR::A2. PIK3CA] ---  [B1. EGFR::B2. PIK3CA}[0m
[0;36m		[A1. PIK3CA::A2. TRAF6] ---  [B1. PIK3CA::B2. TRAF6}[0m
3999 7161 cost: 100
[0;36m		[A1. GSK3B::A2. PTEN] ---  [B1. GSK3B::B2. PTEN}[0m
[0;36m		[A1. PTEN::A2. SMAD4] ---  [B1. PTEN::B2. SMAD4}[0m
3999 7254 cost: 100
[0;36m		[A1. GSK3B::A2. PTEN] ---  [B1. GSK3B::B2. PTEN}[0m
[0;36m		[A1. PTEN::A2. TCF7L2] ---  [B1. PTEN::B2. TCF7L2}[0m
372 7719 cost: 100
[0;36m		[A1. APC::A2. SMAD4] ---  [B1. APC::B2. SMAD4}[0m
[0;36m		[A1. SMAD4::A2. CDC42] ---  [B1. SMAD4::B2. CDC42}[0m
372 7905 cost: 100
[0;36m		[A1. APC::A2. SMAD4] ---  [B1. APC::B2. SMAD4}[0m
[0;36m		[A1. SMAD4::A2. STAT3] ---  [B1. SMAD4::B2. STAT3}[0m
5208 2139 cost: 104
[0;36m		[A1. PIK3CA::A2. BRAF] ---  [B1. PIK3CA::B2. BRAF}[0m
[0;36m		[A1. ETV6::A2. PIK3CA] ---  [B1. ETV6::B2. PIK3CA}[0m
279 4743 cost: 104
[0;36m		[A1. APC::A2. LRP6] ---  [B1. APC::B2. LRP6}[0m
[0;36m		[A1. LRP6::A2. ETV6] ---  [B1. LRP6::B2. ETV6}[0m

Displayed tree score: 0.998225

Petal1:46	Petal2:46	treecost: 4508	 tree size:45
$RESULT$	PIK3CA	PIK3CA	norm_score:	0.998225
[0m
[0 min 21 sec] All done in 
