COMMAND: /Users/gurkan/Box/Research/INSPIRE/inspire-replication/src/INSPIRE /Users/gurkan/Box/Research/INSPIRE/inspire-replication/database/inspire.sqlite PLCG2 ZNF521 inspire_legacy_v1

GO normalization for inspire_legacy_v1: 14.1026
Loaded 5995 GO pair scores for inspire_legacy_v1
Create two petals
Begin PETAL setup
new petal PLCG2 (4)
# 3 interactions in PLCG2
Done adding UniProt and Pfam annotations for PLCG2.
new petal ZNF521 (4)
# 3 interactions in ZNF521
Done adding UniProt and Pfam annotations for ZNF521.
Petal Sizes: 4, 4
[1;32mPetal Name: [1;33mPLCG2
[1;32mPetal Size: [1;33m4[0;31m
APC
JAK2
KRAS
PLCG2
[0m---- 
[1;36mPetal Interactions[0;32m
1 KRAS	pp	APC
2 KRAS	pp	JAK2
3 PLCG2	pp	JAK2
[0m
[1;32mPetal Name: [1;33mZNF521
[1;32mPetal Size: [1;33m4[0;31m
APC
LRP6
RUNX2
ZNF521
[0m---- 
[1;36mPetal Interactions[0;32m
1 LRP6	pp	APC
2 RUNX2	pp	LRP6
3 ZNF521	pp	RUNX2
[0m
Done creating Petals.
petals are loaded
[1;32mAGE for [0;36mPLCG2 - ZNF521[0m
[0;35minitial size for AGE: 0[0m
counterPetal1 6
counterPetal2 6
counterPetal1*counterPetal2 36
(*AGE).size()=36
[0m---- 
[1;33mAGE nodes: 36[0m
Allocate AGEgraph :  36 x 36	1296 bytes

[0 min 0 sec] Nodes are done in 

[0 min 0 sec] Edges are done in 
0th run results (0) [new minumum]:0.0323834
0 26 cost: 1176
[0;36m		[A1. APC::A2. KRAS] ---  [B1. APC::B2. LRP6}[0m
[0;36m		[A1. KRAS::A2. JAK2] ---  [B1. LRP6::B2. RUNX2}[0m
26 16 cost: 5000
[0;36m		[A1. KRAS::A2. JAK2] ---  [B1. LRP6::B2. RUNX2}[0m
[0;36m		[A1. JAK2::A2. PLCG2] ---  [B1. RUNX2::B2. ZNF521}[0m

Displayed tree score: 0.0323834

7th run results (1) [new minumum]:0.042517
7 33 cost: 1176
[0;36m		[A1. JAK2::A2. KRAS] ---  [B1. LRP6::B2. APC}[0m
[0;36m		[A1. PLCG2::A2. JAK2] ---  [B1. RUNX2::B2. LRP6}[0m

Displayed tree score: 0.042517

Petal1:3	Petal2:3	treecost: 1176	 tree size:1
$RESULT$	PLCG2	ZNF521	norm_score:	0.042517
[0m
[0 min 0 sec] All done in 
