COMMAND: /Users/gurkan/Box/Research/INSPIRE/inspire-replication/src/INSPIRE /Users/gurkan/Box/Research/INSPIRE/inspire-replication/database/inspire.sqlite PLCG2 TGFBR2 inspire_legacy_v1

GO normalization for inspire_legacy_v1: 14.1026
Loaded 5995 GO pair scores for inspire_legacy_v1
Create two petals
Begin PETAL setup
new petal PLCG2 (4)
# 3 interactions in PLCG2
Done adding UniProt and Pfam annotations for PLCG2.
new petal TGFBR2 (20)
# 32 interactions in TGFBR2
Done adding UniProt and Pfam annotations for TGFBR2.
Petal Sizes: 4, 20
[1;32mPetal Name: [1;33mPLCG2
[1;32mPetal Size: [1;33m4[0;31m
APC
JAK2
KRAS
PLCG2
[0m---- 
[1;36mPetal Interactions[0;32m
1 KRAS	pp	APC
2 KRAS	pp	JAK2
3 PLCG2	pp	JAK2
[0m
[1;32mPetal Name: [1;33mTGFBR2
[1;32mPetal Size: [1;33m20[0;31m
APC
BMPR1A
BTRC
CDC42
EGFR
EP300
ERBIN
GSK3B
IQGAP1
KRAS
PIK3CB
PIK3R1
SMAD4
SMAD5
SMURF2
TCF7L2
TGFBR1
TGFBR2
TRAF6
YAP1
[0m---- 
[1;36mPetal Interactions[0;32m
1 BTRC	pp	APC
2 CDC42	pp	APC
3 EP300	pp	BTRC
4 ERBIN	pp	APC
5 ERBIN	pp	EGFR
6 GSK3B	pp	APC
7 IQGAP1	pp	APC
8 IQGAP1	pp	EGFR
9 KRAS	pp	APC
10 KRAS	pp	EGFR
11 PIK3CB	pp	CDC42
12 PIK3R1	pp	KRAS
13 SMAD4	pp	APC
14 SMAD4	pp	BMPR1A
15 SMAD5	pp	SMAD4
16 SMURF2	pp	GSK3B
17 SMURF2	pp	SMAD4
18 TCF7L2	pp	APC
19 TCF7L2	pp	EP300
20 TGFBR1	pp	SMAD4
21 TGFBR2	pp	BMPR1A
22 TGFBR2	pp	EGFR
23 TGFBR2	pp	EP300
24 TGFBR2	pp	PIK3CB
25 TGFBR2	pp	PIK3R1
26 TGFBR2	pp	SMAD5
27 TGFBR2	pp	SMURF2
28 TGFBR2	pp	TGFBR1
29 TRAF6	pp	GSK3B
30 TRAF6	pp	TGFBR2
31 YAP1	pp	GSK3B
32 YAP1	pp	TGFBR2
[0m
Done creating Petals.
petals are loaded
[1;32mAGE for [0;36mPLCG2 - TGFBR2[0m
[0;35minitial size for AGE: 0[0m
counterPetal1 6
counterPetal2 64
counterPetal1*counterPetal2 384
(*AGE).size()=384
[0m---- 
[1;33mAGE nodes: 384[0m
Allocate AGEgraph :  384 x 384	147456 bytes

[0 min 0 sec] Nodes are done in 

[0 min 0 sec] Edges are done in 
0th run results (0) [new minumum]:0.0787402
0 275 cost: 2000
[0;36m		[A1. APC::A2. KRAS] ---  [B1. APC::B2. BTRC}[0m
[0;36m		[A1. KRAS::A2. JAK2] ---  [B1. EP300::B2. TCF7L2}[0m
275 174 cost: 540
[0;36m		[A1. KRAS::A2. JAK2] ---  [B1. EP300::B2. TCF7L2}[0m
[0;36m		[A1. JAK2::A2. PLCG2] ---  [B1. TCF7L2::B2. APC}[0m

Displayed tree score: 0.0787402

1th run results (1) [new minumum]:0.195695
1 269 cost: 416
[0;36m		[A1. APC::A2. KRAS] ---  [B1. APC::B2. CDC42}[0m
[0;36m		[A1. KRAS::A2. JAK2] ---  [B1. CDC42::B2. PIK3CB}[0m
1 161 cost: 606
[0;36m		[A1. APC::A2. KRAS] ---  [B1. APC::B2. CDC42}[0m
[0;36m		[A1. JAK2::A2. PLCG2] ---  [B1. PIK3CB::B2. TGFBR2}[0m

Displayed tree score: 0.195695

5th run results (2) [new minumum]:0.314465
5 286 cost: 192
[0;36m		[A1. APC::A2. KRAS] ---  [B1. APC::B2. KRAS}[0m
[0;36m		[A1. KRAS::A2. JAK2] ---  [B1. KRAS::B2. EGFR}[0m
286 143 cost: 444
[0;36m		[A1. KRAS::A2. JAK2] ---  [B1. KRAS::B2. EGFR}[0m
[0;36m		[A1. JAK2::A2. PLCG2] ---  [B1. EGFR::B2. IQGAP1}[0m

Displayed tree score: 0.314465

Petal1:3	Petal2:32	treecost: 636	 tree size:2
$RESULT$	PLCG2	TGFBR2	norm_score:	0.314465
[0m
[0 min 0 sec] All done in 
