COMMAND: /Users/gurkan/Box/Research/INSPIRE/inspire-replication/src/INSPIRE /Users/gurkan/Box/Research/INSPIRE/inspire-replication/database/inspire.sqlite PRKD1 RUNX1T1 inspire_legacy_v1

GO normalization for inspire_legacy_v1: 14.1026
Loaded 5995 GO pair scores for inspire_legacy_v1
Create two petals
Begin PETAL setup
new petal PRKD1 (7)
# 8 interactions in PRKD1
Done adding UniProt and Pfam annotations for PRKD1.
new petal RUNX1T1 (4)
# 3 interactions in RUNX1T1
Done adding UniProt and Pfam annotations for RUNX1T1.
Petal Sizes: 7, 4
[1;32mPetal Name: [1;33mPRKD1
[1;32mPetal Size: [1;33m7[0;31m
APC
ATF2
CREB1
GSK3B
PRKD1
SMAD4
TCF7L2
[0m---- 
[1;36mPetal Interactions[0;32m
1 GSK3B	pp	APC
2 GSK3B	pp	CREB1
3 PRKD1	pp	ATF2
4 PRKD1	pp	CREB1
5 SMAD4	pp	APC
6 SMAD4	pp	ATF2
7 TCF7L2	pp	APC
8 TCF7L2	pp	CREB1
[0m
[1;32mPetal Name: [1;33mRUNX1T1
[1;32mPetal Size: [1;33m4[0;31m
APC
RUNX1T1
SMAD4
SP1
[0m---- 
[1;36mPetal Interactions[0;32m
1 SMAD4	pp	APC
2 SP1	pp	RUNX1T1
3 SP1	pp	SMAD4
[0m
Done creating Petals.
petals are loaded
[1;32mAGE for [0;36mPRKD1 - RUNX1T1[0m
[0;35minitial size for AGE: 0[0m
counterPetal1 16
counterPetal2 6
counterPetal1*counterPetal2 96
(*AGE).size()=96
[0m---- 
[1;33mAGE nodes: 96[0m
Allocate AGEgraph :  96 x 96	9216 bytes

[0 min 0 sec] Nodes are done in 

[0 min 0 sec] Edges are done in 
0th run results (0) [new minumum]:0.12987
0 57 cost: 540
[0;36m		[A1. APC::A2. GSK3B] ---  [B1. APC::B2. SMAD4}[0m
[0;36m		[A1. GSK3B::A2. CREB1] ---  [B1. SMAD4::B2. SP1}[0m
57 46 cost: 1000
[0;36m		[A1. GSK3B::A2. CREB1] ---  [B1. SMAD4::B2. SP1}[0m
[0;36m		[A1. CREB1::A2. TCF7L2] ---  [B1. SP1::B2. RUNX1T1}[0m

Displayed tree score: 0.12987

3th run results (1) [new minumum]:0.136612
3 72 cost: 555
[0;36m		[A1. APC::A2. GSK3B] ---  [B1. SMAD4::B2. SP1}[0m
[0;36m		[A1. SMAD4::A2. APC] ---  [B1. APC::B2. SMAD4}[0m
3 58 cost: 909
[0;36m		[A1. APC::A2. GSK3B] ---  [B1. SMAD4::B2. SP1}[0m
[0;36m		[A1. GSK3B::A2. CREB1] ---  [B1. SP1::B2. RUNX1T1}[0m

Displayed tree score: 0.136612

11th run results (2) [new minumum]:0.141945
11 80 cost: 500
[0;36m		[A1. APC::A2. SMAD4] ---  [B1. SP1::B2. SMAD4}[0m
[0;36m		[A1. SMAD4::A2. ATF2] ---  [B1. SMAD4::B2. APC}[0m
11 85 cost: 909
[0;36m		[A1. APC::A2. SMAD4] ---  [B1. SP1::B2. SMAD4}[0m
[0;36m		[A1. TCF7L2::A2. APC] ---  [B1. RUNX1T1::B2. SP1}[0m

Displayed tree score: 0.141945

19th run results (3) [new minumum]:0.149254
19 71 cost: 800
[0;36m		[A1. ATF2::A2. PRKD1] ---  [B1. RUNX1T1::B2. SP1}[0m
[0;36m		[A1. PRKD1::A2. CREB1] ---  [B1. SP1::B2. SMAD4}[0m
71 32 cost: 540
[0;36m		[A1. PRKD1::A2. CREB1] ---  [B1. SP1::B2. SMAD4}[0m
[0;36m		[A1. CREB1::A2. GSK3B] ---  [B1. SMAD4::B2. APC}[0m

Displayed tree score: 0.149254

21th run results (4) [new minumum]:0.158103
21 6 cost: 465
[0;36m		[A1. ATF2::A2. PRKD1] ---  [B1. SMAD4::B2. SP1}[0m
[0;36m		[A1. APC::A2. SMAD4] ---  [B1. APC::B2. SMAD4}[0m
21 70 cost: 800
[0;36m		[A1. ATF2::A2. PRKD1] ---  [B1. SMAD4::B2. SP1}[0m
[0;36m		[A1. PRKD1::A2. CREB1] ---  [B1. SP1::B2. RUNX1T1}[0m

Displayed tree score: 0.158103

Petal1:8	Petal2:3	treecost: 1265	 tree size:2
$RESULT$	PRKD1	RUNX1T1	norm_score:	0.158103
[0m
[0 min 0 sec] All done in 
