COMMAND: /Users/gurkan/Box/Research/INSPIRE/inspire-replication/src/INSPIRE /Users/gurkan/Box/Research/INSPIRE/inspire-replication/database/inspire.sqlite PRKD1 TAF2 inspire_legacy_v1

GO normalization for inspire_legacy_v1: 14.1026
Loaded 5995 GO pair scores for inspire_legacy_v1
Create two petals
Begin PETAL setup
new petal PRKD1 (7)
# 8 interactions in PRKD1
Done adding UniProt and Pfam annotations for PRKD1.
new petal TAF2 (6)
# 6 interactions in TAF2
Done adding UniProt and Pfam annotations for TAF2.
Petal Sizes: 7, 6
[1;32mPetal Name: [1;33mPRKD1
[1;32mPetal Size: [1;33m7[0;31m
APC
ATF2
CREB1
GSK3B
PRKD1
SMAD4
TCF7L2
[0m---- 
[1;36mPetal Interactions[0;32m
1 GSK3B	pp	APC
2 GSK3B	pp	CREB1
3 PRKD1	pp	ATF2
4 PRKD1	pp	CREB1
5 SMAD4	pp	APC
6 SMAD4	pp	ATF2
7 TCF7L2	pp	APC
8 TCF7L2	pp	CREB1
[0m
[1;32mPetal Name: [1;33mTAF2
[1;32mPetal Size: [1;33m6[0;31m
APC
GSK3B
MAP3K7
MED1
TAF2
TBL1XR1
[0m---- 
[1;36mPetal Interactions[0;32m
1 GSK3B	pp	APC
2 MAP3K7	pp	GSK3B
3 TAF2	pp	MAP3K7
4 TAF2	pp	MED1
5 TBL1XR1	pp	APC
6 TBL1XR1	pp	MED1
[0m
Done creating Petals.
petals are loaded
[1;32mAGE for [0;36mPRKD1 - TAF2[0m
[0;35minitial size for AGE: 0[0m
counterPetal1 16
counterPetal2 12
counterPetal1*counterPetal2 192
(*AGE).size()=192
[0m---- 
[1;33mAGE nodes: 192[0m
Allocate AGEgraph :  192 x 192	36864 bytes

[0 min 0 sec] Nodes are done in 

[0 min 0 sec] Edges are done in 
0th run results (0) [new minumum]:0.129232
0 111 cost: 217
[0;36m		[A1. APC::A2. GSK3B] ---  [B1. APC::B2. GSK3B}[0m
[0;36m		[A1. GSK3B::A2. CREB1] ---  [B1. GSK3B::B2. MAP3K7}[0m
0 154 cost: 259
[0;36m		[A1. APC::A2. GSK3B] ---  [B1. APC::B2. GSK3B}[0m
[0;36m		[A1. SMAD4::A2. APC] ---  [B1. TBL1XR1::B2. APC}[0m
0 77 cost: 666
[0;36m		[A1. APC::A2. GSK3B] ---  [B1. APC::B2. GSK3B}[0m
[0;36m		[A1. CREB1::A2. PRKD1] ---  [B1. MAP3K7::B2. TAF2}[0m
0 55 cost: 909
[0;36m		[A1. APC::A2. GSK3B] ---  [B1. APC::B2. GSK3B}[0m
[0;36m		[A1. ATF2::A2. SMAD4] ---  [B1. MED1::B2. TBL1XR1}[0m
77 129 cost: 1818
[0;36m		[A1. CREB1::A2. PRKD1] ---  [B1. MAP3K7::B2. TAF2}[0m
[0;36m		[A1. PRKD1::A2. ATF2] ---  [B1. TAF2::B2. MED1}[0m

Displayed tree score: 0.129232

11th run results (1) [new minumum]:0.13224
11 145 cost: 1250
[0;36m		[A1. APC::A2. GSK3B] ---  [B1. TBL1XR1::B2. MED1}[0m
[0;36m		[A1. SMAD4::A2. APC] ---  [B1. APC::B2. TBL1XR1}[0m
145 50 cost: 689
[0;36m		[A1. SMAD4::A2. APC] ---  [B1. APC::B2. TBL1XR1}[0m
[0;36m		[A1. ATF2::A2. SMAD4] ---  [B1. GSK3B::B2. APC}[0m
50 124 cost: 540
[0;36m		[A1. ATF2::A2. SMAD4] ---  [B1. GSK3B::B2. APC}[0m
[0;36m		[A1. PRKD1::A2. ATF2] ---  [B1. MAP3K7::B2. GSK3B}[0m
124 80 cost: 588
[0;36m		[A1. PRKD1::A2. ATF2] ---  [B1. MAP3K7::B2. GSK3B}[0m
[0;36m		[A1. CREB1::A2. PRKD1] ---  [B1. TAF2::B2. MAP3K7}[0m
80 186 cost: 714
[0;36m		[A1. CREB1::A2. PRKD1] ---  [B1. TAF2::B2. MAP3K7}[0m
[0;36m		[A1. TCF7L2::A2. CREB1] ---  [B1. MED1::B2. TAF2}[0m

Displayed tree score: 0.13224

22th run results (2) [new minumum]:0.143554
22 156 cost: 689
[0;36m		[A1. APC::A2. SMAD4] ---  [B1. TBL1XR1::B2. APC}[0m
[0;36m		[A1. SMAD4::A2. ATF2] ---  [B1. APC::B2. GSK3B}[0m
156 39 cost: 540
[0;36m		[A1. SMAD4::A2. ATF2] ---  [B1. APC::B2. GSK3B}[0m
[0;36m		[A1. ATF2::A2. PRKD1] ---  [B1. GSK3B::B2. MAP3K7}[0m
39 137 cost: 588
[0;36m		[A1. ATF2::A2. PRKD1] ---  [B1. GSK3B::B2. MAP3K7}[0m
[0;36m		[A1. PRKD1::A2. CREB1] ---  [B1. MAP3K7::B2. TAF2}[0m
137 93 cost: 714
[0;36m		[A1. PRKD1::A2. CREB1] ---  [B1. MAP3K7::B2. TAF2}[0m
[0;36m		[A1. CREB1::A2. TCF7L2] ---  [B1. TAF2::B2. MED1}[0m
93 175 cost: 952
[0;36m		[A1. CREB1::A2. TCF7L2] ---  [B1. TAF2::B2. MED1}[0m
[0;36m		[A1. TCF7L2::A2. APC] ---  [B1. MED1::B2. TBL1XR1}[0m

Displayed tree score: 0.143554

Petal1:8	Petal2:6	treecost: 3483	 tree size:5
$RESULT$	PRKD1	TAF2	norm_score:	0.143554
[0m
[0 min 0 sec] All done in 
