COMMAND: /Users/gurkan/Box/Research/INSPIRE/inspire-replication/src/INSPIRE /Users/gurkan/Box/Research/INSPIRE/inspire-replication/database/inspire.sqlite PRKD1 UHRF2 inspire_legacy_v1

GO normalization for inspire_legacy_v1: 14.1026
Loaded 5995 GO pair scores for inspire_legacy_v1
Create two petals
Begin PETAL setup
new petal PRKD1 (7)
# 8 interactions in PRKD1
Done adding UniProt and Pfam annotations for PRKD1.
new petal UHRF2 (5)
# 5 interactions in UHRF2
Done adding UniProt and Pfam annotations for UHRF2.
Petal Sizes: 7, 5
[1;32mPetal Name: [1;33mPRKD1
[1;32mPetal Size: [1;33m7[0;31m
APC
ATF2
CREB1
GSK3B
PRKD1
SMAD4
TCF7L2
[0m---- 
[1;36mPetal Interactions[0;32m
1 GSK3B	pp	APC
2 GSK3B	pp	CREB1
3 PRKD1	pp	ATF2
4 PRKD1	pp	CREB1
5 SMAD4	pp	APC
6 SMAD4	pp	ATF2
7 TCF7L2	pp	APC
8 TCF7L2	pp	CREB1
[0m
[1;32mPetal Name: [1;33mUHRF2
[1;32mPetal Size: [1;33m5[0;31m
APC
CCND1
GSK3B
LRP6
UHRF2
[0m---- 
[1;36mPetal Interactions[0;32m
1 GSK3B	pp	APC
2 GSK3B	pp	CCND1
3 LRP6	pp	APC
4 LRP6	pp	CCND1
5 UHRF2	pp	CCND1
[0m
Done creating Petals.
petals are loaded
[1;32mAGE for [0;36mPRKD1 - UHRF2[0m
[0;35minitial size for AGE: 0[0m
counterPetal1 16
counterPetal2 10
counterPetal1*counterPetal2 160
(*AGE).size()=160
[0m---- 
[1;33mAGE nodes: 160[0m
Allocate AGEgraph :  160 x 160	25600 bytes

[0 min 0 sec] Nodes are done in 

[0 min 0 sec] Edges are done in 
0th run results (0) [new minumum]:0.180868
0 96 cost: 217
[0;36m		[A1. APC::A2. GSK3B] ---  [B1. APC::B2. GSK3B}[0m
[0;36m		[A1. GSK3B::A2. CREB1] ---  [B1. GSK3B::B2. CCND1}[0m
0 127 cost: 227
[0;36m		[A1. APC::A2. GSK3B] ---  [B1. APC::B2. GSK3B}[0m
[0;36m		[A1. SMAD4::A2. APC] ---  [B1. LRP6::B2. APC}[0m
0 64 cost: 800
[0;36m		[A1. APC::A2. GSK3B] ---  [B1. APC::B2. GSK3B}[0m
[0;36m		[A1. CREB1::A2. PRKD1] ---  [B1. CCND1::B2. UHRF2}[0m

Displayed tree score: 0.180868

11th run results (1) [new minumum]:0.224972
11 85 cost: 227
[0;36m		[A1. APC::A2. SMAD4] ---  [B1. APC::B2. LRP6}[0m
[0;36m		[A1. GSK3B::A2. APC] ---  [B1. GSK3B::B2. APC}[0m
85 52 cost: 217
[0;36m		[A1. GSK3B::A2. APC] ---  [B1. GSK3B::B2. APC}[0m
[0;36m		[A1. CREB1::A2. GSK3B] ---  [B1. CCND1::B2. GSK3B}[0m
85 118 cost: 465
[0;36m		[A1. GSK3B::A2. APC] ---  [B1. GSK3B::B2. APC}[0m
[0;36m		[A1. PRKD1::A2. CREB1] ---  [B1. LRP6::B2. CCND1}[0m
85 159 cost: 869
[0;36m		[A1. GSK3B::A2. APC] ---  [B1. GSK3B::B2. APC}[0m
[0;36m		[A1. TCF7L2::A2. CREB1] ---  [B1. UHRF2::B2. CCND1}[0m

Displayed tree score: 0.224972

18th run results (2) [new minumum]:0.22779
18 85 cost: 512
[0;36m		[A1. APC::A2. SMAD4] ---  [B1. LRP6::B2. CCND1}[0m
[0;36m		[A1. GSK3B::A2. APC] ---  [B1. GSK3B::B2. APC}[0m
85 52 cost: 217
[0;36m		[A1. GSK3B::A2. APC] ---  [B1. GSK3B::B2. APC}[0m
[0;36m		[A1. CREB1::A2. GSK3B] ---  [B1. CCND1::B2. GSK3B}[0m
85 21 cost: 227
[0;36m		[A1. GSK3B::A2. APC] ---  [B1. GSK3B::B2. APC}[0m
[0;36m		[A1. APC::A2. TCF7L2] ---  [B1. APC::B2. LRP6}[0m
85 119 cost: 800
[0;36m		[A1. GSK3B::A2. APC] ---  [B1. GSK3B::B2. APC}[0m
[0;36m		[A1. PRKD1::A2. CREB1] ---  [B1. UHRF2::B2. CCND1}[0m

Displayed tree score: 0.22779

43th run results (3) [new minumum]:0.23108
43 0 cost: 487
[0;36m		[A1. ATF2::A2. SMAD4] ---  [B1. CCND1::B2. LRP6}[0m
[0;36m		[A1. APC::A2. GSK3B] ---  [B1. APC::B2. GSK3B}[0m
0 96 cost: 217
[0;36m		[A1. APC::A2. GSK3B] ---  [B1. APC::B2. GSK3B}[0m
[0;36m		[A1. GSK3B::A2. CREB1] ---  [B1. GSK3B::B2. CCND1}[0m
0 127 cost: 227
[0;36m		[A1. APC::A2. GSK3B] ---  [B1. APC::B2. GSK3B}[0m
[0;36m		[A1. SMAD4::A2. APC] ---  [B1. LRP6::B2. APC}[0m
0 64 cost: 800
[0;36m		[A1. APC::A2. GSK3B] ---  [B1. APC::B2. GSK3B}[0m
[0;36m		[A1. CREB1::A2. PRKD1] ---  [B1. CCND1::B2. UHRF2}[0m

Displayed tree score: 0.23108

Petal1:8	Petal2:5	treecost: 1731	 tree size:4
$RESULT$	PRKD1	UHRF2	norm_score:	0.23108
[0m
[0 min 0 sec] All done in 
