COMMAND: /Users/gurkan/Box/Research/INSPIRE/inspire-replication/src/INSPIRE /Users/gurkan/Box/Research/INSPIRE/inspire-replication/database/inspire.sqlite PTEN SMAD3 inspire_legacy_v1

GO normalization for inspire_legacy_v1: 14.1026
Loaded 5995 GO pair scores for inspire_legacy_v1
Create two petals
Begin PETAL setup
new petal PTEN (43)
# 94 interactions in PTEN
Done adding UniProt and Pfam annotations for PTEN.
new petal SMAD3 (18)
# 29 interactions in SMAD3
Done adding UniProt and Pfam annotations for SMAD3.
Petal Sizes: 43, 18
[1;32mPetal Name: [1;33mPTEN
[1;32mPetal Size: [1;33m43[0;31m
AGO1
APC
ATM
ATRX
BCL2
BMPR1A
BRAF
BTRC
CCDC6
CDC42
CDKN1B
CHUK
CREB1
EGFR
ERBIN
FBXW11
FBXW7
FOXO1
FOXO3
GSK3B
HIF1A
IQGAP1
ITGB1
JAK2
KRAS
LRP6
LRRK2
MAPK1
MDM2
NFE2L2
PDPK1
PIK3CB
PIK3R1
PTEN
RBPJ
SIRT1
SMAD2
SMAD4
TBL1XR1
TCF7L2
TNKS
YAP1
ZEB1
[0m---- 
[1;36mPetal Interactions[0;32m
1 BTRC	pp	APC
2 CCDC6	pp	APC
3 CCDC6	pp	BRAF
4 CDC42	pp	APC
5 CHUK	pp	BTRC
6 ERBIN	pp	APC
7 ERBIN	pp	CDC42
8 ERBIN	pp	EGFR
9 FBXW11	pp	APC
10 FBXW7	pp	BTRC
11 FBXW7	pp	CCDC6
12 GSK3B	pp	APC
13 GSK3B	pp	BRAF
14 GSK3B	pp	BTRC
15 GSK3B	pp	CDKN1B
16 GSK3B	pp	CREB1
17 GSK3B	pp	FBXW11
18 GSK3B	pp	FBXW7
19 GSK3B	pp	FOXO1
20 GSK3B	pp	FOXO3
21 HIF1A	pp	GSK3B
22 IQGAP1	pp	APC
23 IQGAP1	pp	EGFR
24 ITGB1	pp	CDC42
25 KRAS	pp	APC
26 KRAS	pp	BCL2
27 KRAS	pp	CDC42
28 KRAS	pp	EGFR
29 KRAS	pp	HIF1A
30 KRAS	pp	JAK2
31 LRP6	pp	APC
32 LRP6	pp	GSK3B
33 LRRK2	pp	AGO1
34 LRRK2	pp	APC
35 LRRK2	pp	HIF1A
36 MAPK1	pp	GSK3B
37 MDM2	pp	GSK3B
38 NFE2L2	pp	GSK3B
39 PDPK1	pp	GSK3B
40 PIK3CB	pp	CDC42
41 PIK3R1	pp	KRAS
42 PTEN	pp	AGO1
43 PTEN	pp	ATM
44 PTEN	pp	ATRX
45 PTEN	pp	BCL2
46 PTEN	pp	BMPR1A
47 PTEN	pp	BRAF
48 PTEN	pp	CDC42
49 PTEN	pp	CDKN1B
50 PTEN	pp	CHUK
51 PTEN	pp	CREB1
52 PTEN	pp	EGFR
53 PTEN	pp	FBXW7
54 PTEN	pp	FOXO1
55 PTEN	pp	FOXO3
56 PTEN	pp	GSK3B
57 PTEN	pp	HIF1A
58 PTEN	pp	ITGB1
59 PTEN	pp	JAK2
60 PTEN	pp	MAPK1
61 PTEN	pp	MDM2
62 PTEN	pp	NFE2L2
63 PTEN	pp	PDPK1
64 PTEN	pp	PIK3CB
65 PTEN	pp	PIK3R1
66 RBPJ	pp	PTEN
67 SIRT1	pp	GSK3B
68 SIRT1	pp	PTEN
69 SMAD2	pp	CDC42
70 SMAD2	pp	ERBIN
71 SMAD2	pp	GSK3B
72 SMAD2	pp	PTEN
73 SMAD4	pp	APC
74 SMAD4	pp	ATM
75 SMAD4	pp	BCL2
76 SMAD4	pp	BMPR1A
77 SMAD4	pp	CDC42
78 SMAD4	pp	HIF1A
79 SMAD4	pp	MAPK1
80 SMAD4	pp	PTEN
81 SMAD4	pp	RBPJ
82 SMAD4	pp	SMAD2
83 TBL1XR1	pp	APC
84 TBL1XR1	pp	RBPJ
85 TCF7L2	pp	APC
86 TCF7L2	pp	CREB1
87 TCF7L2	pp	PTEN
88 TNKS	pp	APC
89 TNKS	pp	ATRX
90 TNKS	pp	PTEN
91 YAP1	pp	GSK3B
92 YAP1	pp	PTEN
93 ZEB1	pp	PTEN
94 ZEB1	pp	SMAD4
[0m
[1;32mPetal Name: [1;33mSMAD3
[1;32mPetal Size: [1;33m18[0;31m
APC
BTRC
CDC42
CREBBP
EP300
ETS1
FOXO3
GSK3B
ITGB1
MAP2K1
NCOR1
NFATC2
RNF111
SMAD3
SMAD4
SP1
TBL1XR1
TCF7L2
[0m---- 
[1;36mPetal Interactions[0;32m
1 BTRC	pp	APC
2 CDC42	pp	APC
3 EP300	pp	BTRC
4 GSK3B	pp	APC
5 GSK3B	pp	CREBBP
6 GSK3B	pp	FOXO3
7 ITGB1	pp	CDC42
8 MAP2K1	pp	CDC42
9 NFATC2	pp	GSK3B
10 SMAD3	pp	CREBBP
11 SMAD3	pp	EP300
12 SMAD3	pp	ETS1
13 SMAD3	pp	FOXO3
14 SMAD3	pp	ITGB1
15 SMAD3	pp	MAP2K1
16 SMAD3	pp	NCOR1
17 SMAD3	pp	NFATC2
18 SMAD3	pp	RNF111
19 SMAD4	pp	APC
20 SMAD4	pp	ETS1
21 SMAD4	pp	MAP2K1
22 SMAD4	pp	NCOR1
23 SMAD4	pp	RNF111
24 SP1	pp	SMAD3
25 SP1	pp	SMAD4
26 TBL1XR1	pp	APC
27 TBL1XR1	pp	NCOR1
28 TCF7L2	pp	APC
29 TCF7L2	pp	EP300
[0m
Done creating Petals.
petals are loaded
[1;32mAGE for [0;36mPTEN - SMAD3[0m
[0;35minitial size for AGE: 0[0m
counterPetal1 188
counterPetal2 58
counterPetal1*counterPetal2 10904
(*AGE).size()=10904
[0m---- 
[1;33mAGE nodes: 10904[0m
Allocate AGEgraph :  10904 x 10904	118897216 bytes

[0 min 0 sec] Nodes are done in 

[0 min 6 sec] Edges are done in 
0th run results (0) [new minumum]:0.192509
0 6271 cost: 606
[0;36m		[A1. AGO1::A2. LRRK2] ---  [B1. APC::B2. BTRC}[0m
[0;36m		[A1. LRRK2::A2. APC] ---  [B1. BTRC::B2. EP300}[0m
6271 827 cost: 500
[0;36m		[A1. LRRK2::A2. APC] ---  [B1. BTRC::B2. EP300}[0m
[0;36m		[A1. APC::A2. TCF7L2] ---  [B1. EP300::B2. TCF7L2}[0m
827 6523 cost: 465
[0;36m		[A1. APC::A2. TCF7L2] ---  [B1. EP300::B2. TCF7L2}[0m
[0;36m		[A1. MAPK1::A2. SMAD4] ---  [B1. MAP2K1::B2. SMAD3}[0m
6523 10195 cost: 235
[0;36m		[A1. MAPK1::A2. SMAD4] ---  [B1. MAP2K1::B2. SMAD3}[0m
[0;36m		[A1. SMAD4::A2. ZEB1] ---  [B1. SMAD3::B2. SP1}[0m
6523 4592 cost: 250
[0;36m		[A1. MAPK1::A2. SMAD4] ---  [B1. MAP2K1::B2. SMAD3}[0m
[0;36m		[A1. GSK3B::A2. MAPK1] ---  [B1. CDC42::B2. MAP2K1}[0m
6523 8226 cost: 250
[0;36m		[A1. MAPK1::A2. SMAD4] ---  [B1. MAP2K1::B2. SMAD3}[0m
[0;36m		[A1. PTEN::A2. MAPK1] ---  [B1. SMAD4::B2. MAP2K1}[0m
6523 9607 cost: 250
[0;36m		[A1. MAPK1::A2. SMAD4] ---  [B1. MAP2K1::B2. SMAD3}[0m
[0;36m		[A1. SMAD4::A2. APC] ---  [B1. SMAD3::B2. EP300}[0m
6523 9664 cost: 250
[0;36m		[A1. MAPK1::A2. SMAD4] ---  [B1. MAP2K1::B2. SMAD3}[0m
[0;36m		[A1. SMAD4::A2. ATM] ---  [B1. SMAD3::B2. CREBBP}[0m
6523 9725 cost: 250
[0;36m		[A1. MAPK1::A2. SMAD4] ---  [B1. MAP2K1::B2. SMAD3}[0m
[0;36m		[A1. SMAD4::A2. BCL2] ---  [B1. SMAD3::B2. FOXO3}[0m
6523 9842 cost: 250
[0;36m		[A1. MAPK1::A2. SMAD4] ---  [B1. MAP2K1::B2. SMAD3}[0m
[0;36m		[A1. SMAD4::A2. CDC42] ---  [B1. SMAD3::B2. ITGB1}[0m
6523 9898 cost: 250
[0;36m		[A1. MAPK1::A2. SMAD4] ---  [B1. MAP2K1::B2. SMAD3}[0m
[0;36m		[A1. SMAD4::A2. HIF1A] ---  [B1. SMAD3::B2. ETS1}[0m
6523 9787 cost: 270
[0;36m		[A1. MAPK1::A2. SMAD4] ---  [B1. MAP2K1::B2. SMAD3}[0m
[0;36m		[A1. SMAD4::A2. BMPR1A] ---  [B1. SMAD3::B2. NFATC2}[0m
6523 10076 cost: 307
[0;36m		[A1. MAPK1::A2. SMAD4] ---  [B1. MAP2K1::B2. SMAD3}[0m
[0;36m		[A1. SMAD4::A2. RBPJ] ---  [B1. SMAD3::B2. NCOR1}[0m
6523 10136 cost: 338
[0;36m		[A1. MAPK1::A2. SMAD4] ---  [B1. MAP2K1::B2. SMAD3}[0m
[0;36m		[A1. SMAD4::A2. SMAD2] ---  [B1. SMAD3::B2. RNF111}[0m
827 10438 cost: 465
[0;36m		[A1. APC::A2. TCF7L2] ---  [B1. EP300::B2. TCF7L2}[0m
[0;36m		[A1. TCF7L2::A2. CREB1] ---  [B1. TCF7L2::B2. APC}[0m
6523 1178 cost: 500
[0;36m		[A1. MAPK1::A2. SMAD4] ---  [B1. MAP2K1::B2. SMAD3}[0m
[0;36m		[A1. BCL2::A2. KRAS] ---  [B1. FOXO3::B2. GSK3B}[0m
6523 2727 cost: 500
[0;36m		[A1. MAPK1::A2. SMAD4] ---  [B1. MAP2K1::B2. SMAD3}[0m
[0;36m		[A1. CREB1::A2. GSK3B] ---  [B1. APC::B2. CDC42}[0m
6523 2787 cost: 500
[0;36m		[A1. MAPK1::A2. SMAD4] ---  [B1. MAP2K1::B2. SMAD3}[0m
[0;36m		[A1. CREB1::A2. PTEN] ---  [B1. APC::B2. SMAD4}[0m
6523 5237 cost: 500
[0;36m		[A1. MAPK1::A2. SMAD4] ---  [B1. MAP2K1::B2. SMAD3}[0m
[0;36m		[A1. HIF1A::A2. PTEN] ---  [B1. ETS1::B2. SMAD4}[0m
6523 9020 cost: 606
[0;36m		[A1. MAPK1::A2. SMAD4] ---  [B1. MAP2K1::B2. SMAD3}[0m
[0;36m		[A1. RBPJ::A2. PTEN] ---  [B1. NCOR1::B2. SMAD4}[0m
6523 9137 cost: 606
[0;36m		[A1. MAPK1::A2. SMAD4] ---  [B1. MAP2K1::B2. SMAD3}[0m
[0;36m		[A1. RBPJ::A2. TBL1XR1] ---  [B1. NCOR1::B2. TBL1XR1}[0m
6523 9489 cost: 666
[0;36m		[A1. MAPK1::A2. SMAD4] ---  [B1. MAP2K1::B2. SMAD3}[0m
[0;36m		[A1. SMAD2::A2. PTEN] ---  [B1. RNF111::B2. SMAD4}[0m
6523 10841 cost: 1000
[0;36m		[A1. MAPK1::A2. SMAD4] ---  [B1. MAP2K1::B2. SMAD3}[0m
[0;36m		[A1. ZEB1::A2. PTEN] ---  [B1. SP1::B2. SMAD4}[0m

Displayed tree score: 0.192509

4th run results (1) [new minumum]:0.296668
4 6377 cost: 714
[0;36m		[A1. AGO1::A2. LRRK2] ---  [B1. APC::B2. TBL1XR1}[0m
[0;36m		[A1. LRRK2::A2. HIF1A] ---  [B1. TBL1XR1::B2. NCOR1}[0m
6377 1630 cost: 500
[0;36m		[A1. LRRK2::A2. HIF1A] ---  [B1. TBL1XR1::B2. NCOR1}[0m
[0;36m		[A1. BTRC::A2. APC] ---  [B1. BTRC::B2. APC}[0m
1630 233 cost: 100
[0;36m		[A1. BTRC::A2. APC] ---  [B1. BTRC::B2. APC}[0m
[0;36m		[A1. APC::A2. CDC42] ---  [B1. APC::B2. CDC42}[0m
1630 408 cost: 100
[0;36m		[A1. BTRC::A2. APC] ---  [B1. BTRC::B2. APC}[0m
[0;36m		[A1. APC::A2. GSK3B] ---  [B1. APC::B2. GSK3B}[0m
1630 699 cost: 100
[0;36m		[A1. BTRC::A2. APC] ---  [B1. BTRC::B2. APC}[0m
[0;36m		[A1. APC::A2. SMAD4] ---  [B1. APC::B2. SMAD4}[0m
1630 817 cost: 100
[0;36m		[A1. BTRC::A2. APC] ---  [B1. BTRC::B2. APC}[0m
[0;36m		[A1. APC::A2. TCF7L2] ---  [B1. APC::B2. TCF7L2}[0m
233 2155 cost: 100
[0;36m		[A1. APC::A2. CDC42] ---  [B1. APC::B2. CDC42}[0m
[0;36m		[A1. CDC42::A2. ITGB1] ---  [B1. CDC42::B2. ITGB1}[0m
408 4430 cost: 100
[0;36m		[A1. APC::A2. GSK3B] ---  [B1. APC::B2. GSK3B}[0m
[0;36m		[A1. GSK3B::A2. FOXO3] ---  [B1. GSK3B::B2. FOXO3}[0m
699 9966 cost: 104
[0;36m		[A1. APC::A2. SMAD4] ---  [B1. APC::B2. SMAD4}[0m
[0;36m		[A1. SMAD4::A2. MAPK1] ---  [B1. SMAD4::B2. MAP2K1}[0m
699 10201 cost: 212
[0;36m		[A1. APC::A2. SMAD4] ---  [B1. APC::B2. SMAD4}[0m
[0;36m		[A1. SMAD4::A2. ZEB1] ---  [B1. SMAD4::B2. SP1}[0m
1630 2623 cost: 217
[0;36m		[A1. BTRC::A2. APC] ---  [B1. BTRC::B2. APC}[0m
[0;36m		[A1. CHUK::A2. BTRC] ---  [B1. EP300::B2. BTRC}[0m
4430 2737 cost: 217
[0;36m		[A1. GSK3B::A2. FOXO3] ---  [B1. GSK3B::B2. FOXO3}[0m
[0;36m		[A1. CREB1::A2. GSK3B] ---  [B1. CREBBP::B2. GSK3B}[0m
4430 3628 cost: 217
[0;36m		[A1. GSK3B::A2. FOXO3] ---  [B1. GSK3B::B2. FOXO3}[0m
[0;36m		[A1. FBXW7::A2. GSK3B] ---  [B1. NFATC2::B2. GSK3B}[0m
4430 3905 cost: 217
[0;36m		[A1. GSK3B::A2. FOXO3] ---  [B1. GSK3B::B2. FOXO3}[0m
[0;36m		[A1. FOXO3::A2. PTEN] ---  [B1. FOXO3::B2. SMAD3}[0m
2155 5535 cost: 217
[0;36m		[A1. CDC42::A2. ITGB1] ---  [B1. CDC42::B2. ITGB1}[0m
[0;36m		[A1. ITGB1::A2. PTEN] ---  [B1. ITGB1::B2. SMAD3}[0m
699 9909 cost: 217
[0;36m		[A1. APC::A2. SMAD4] ---  [B1. APC::B2. SMAD4}[0m
[0;36m		[A1. SMAD4::A2. HIF1A] ---  [B1. SMAD4::B2. NCOR1}[0m
699 9675 cost: 235
[0;36m		[A1. APC::A2. SMAD4] ---  [B1. APC::B2. SMAD4}[0m
[0;36m		[A1. SMAD4::A2. ATM] ---  [B1. SMAD4::B2. ETS1}[0m
9966 6465 cost: 240
[0;36m		[A1. SMAD4::A2. MAPK1] ---  [B1. SMAD4::B2. MAP2K1}[0m
[0;36m		[A1. MAPK1::A2. PTEN] ---  [B1. MAP2K1::B2. SMAD3}[0m
699 10142 cost: 294
[0;36m		[A1. APC::A2. SMAD4] ---  [B1. APC::B2. SMAD4}[0m
[0;36m		[A1. SMAD4::A2. SMAD2] ---  [B1. SMAD4::B2. RNF111}[0m
408 2796 cost: 465
[0;36m		[A1. APC::A2. GSK3B] ---  [B1. APC::B2. GSK3B}[0m
[0;36m		[A1. CREB1::A2. PTEN] ---  [B1. CREBBP::B2. SMAD3}[0m
408 3687 cost: 465
[0;36m		[A1. APC::A2. GSK3B] ---  [B1. APC::B2. GSK3B}[0m
[0;36m		[A1. FBXW7::A2. PTEN] ---  [B1. NFATC2::B2. SMAD3}[0m
699 5249 cost: 465
[0;36m		[A1. APC::A2. SMAD4] ---  [B1. APC::B2. SMAD4}[0m
[0;36m		[A1. HIF1A::A2. PTEN] ---  [B1. NCOR1::B2. SMAD3}[0m
1630 7635 cost: 465
[0;36m		[A1. BTRC::A2. APC] ---  [B1. BTRC::B2. APC}[0m
[0;36m		[A1. PTEN::A2. CHUK] ---  [B1. SMAD3::B2. EP300}[0m
699 944 cost: 500
[0;36m		[A1. APC::A2. SMAD4] ---  [B1. APC::B2. SMAD4}[0m
[0;36m		[A1. ATM::A2. PTEN] ---  [B1. ETS1::B2. SMAD3}[0m
2155 8686 cost: 625
[0;36m		[A1. CDC42::A2. ITGB1] ---  [B1. CDC42::B2. ITGB1}[0m
[0;36m		[A1. PTEN::A2. SMAD2] ---  [B1. SMAD3::B2. RNF111}[0m
2155 8977 cost: 952
[0;36m		[A1. CDC42::A2. ITGB1] ---  [B1. CDC42::B2. ITGB1}[0m
[0;36m		[A1. PTEN::A2. ZEB1] ---  [B1. SMAD3::B2. SP1}[0m

Displayed tree score: 0.296668

13th run results (2) [new minumum]:0.308094
13 233 cost: 487
[0;36m		[A1. AGO1::A2. LRRK2] ---  [B1. EP300::B2. BTRC}[0m
[0;36m		[A1. APC::A2. CDC42] ---  [B1. APC::B2. CDC42}[0m
233 1630 cost: 100
[0;36m		[A1. APC::A2. CDC42] ---  [B1. APC::B2. CDC42}[0m
[0;36m		[A1. BTRC::A2. APC] ---  [B1. BTRC::B2. APC}[0m
1630 408 cost: 100
[0;36m		[A1. BTRC::A2. APC] ---  [B1. BTRC::B2. APC}[0m
[0;36m		[A1. APC::A2. GSK3B] ---  [B1. APC::B2. GSK3B}[0m
1630 699 cost: 100
[0;36m		[A1. BTRC::A2. APC] ---  [B1. BTRC::B2. APC}[0m
[0;36m		[A1. APC::A2. SMAD4] ---  [B1. APC::B2. SMAD4}[0m
1630 817 cost: 100
[0;36m		[A1. BTRC::A2. APC] ---  [B1. BTRC::B2. APC}[0m
[0;36m		[A1. APC::A2. TCF7L2] ---  [B1. APC::B2. TCF7L2}[0m
233 2155 cost: 100
[0;36m		[A1. APC::A2. CDC42] ---  [B1. APC::B2. CDC42}[0m
[0;36m		[A1. CDC42::A2. ITGB1] ---  [B1. CDC42::B2. ITGB1}[0m
408 4430 cost: 100
[0;36m		[A1. APC::A2. GSK3B] ---  [B1. APC::B2. GSK3B}[0m
[0;36m		[A1. GSK3B::A2. FOXO3] ---  [B1. GSK3B::B2. FOXO3}[0m
1630 758 cost: 104
[0;36m		[A1. BTRC::A2. APC] ---  [B1. BTRC::B2. APC}[0m
[0;36m		[A1. APC::A2. TBL1XR1] ---  [B1. APC::B2. TBL1XR1}[0m
699 9966 cost: 104
[0;36m		[A1. APC::A2. SMAD4] ---  [B1. APC::B2. SMAD4}[0m
[0;36m		[A1. SMAD4::A2. MAPK1] ---  [B1. SMAD4::B2. MAP2K1}[0m
699 10201 cost: 212
[0;36m		[A1. APC::A2. SMAD4] ---  [B1. APC::B2. SMAD4}[0m
[0;36m		[A1. SMAD4::A2. ZEB1] ---  [B1. SMAD4::B2. SP1}[0m
4430 2737 cost: 217
[0;36m		[A1. GSK3B::A2. FOXO3] ---  [B1. GSK3B::B2. FOXO3}[0m
[0;36m		[A1. CREB1::A2. GSK3B] ---  [B1. CREBBP::B2. GSK3B}[0m
4430 3628 cost: 217
[0;36m		[A1. GSK3B::A2. FOXO3] ---  [B1. GSK3B::B2. FOXO3}[0m
[0;36m		[A1. FBXW7::A2. GSK3B] ---  [B1. NFATC2::B2. GSK3B}[0m
4430 3905 cost: 217
[0;36m		[A1. GSK3B::A2. FOXO3] ---  [B1. GSK3B::B2. FOXO3}[0m
[0;36m		[A1. FOXO3::A2. PTEN] ---  [B1. FOXO3::B2. SMAD3}[0m
2155 5535 cost: 217
[0;36m		[A1. CDC42::A2. ITGB1] ---  [B1. CDC42::B2. ITGB1}[0m
[0;36m		[A1. ITGB1::A2. PTEN] ---  [B1. ITGB1::B2. SMAD3}[0m
699 9677 cost: 217
[0;36m		[A1. APC::A2. SMAD4] ---  [B1. APC::B2. SMAD4}[0m
[0;36m		[A1. SMAD4::A2. ATM] ---  [B1. SMAD4::B2. NCOR1}[0m
699 9907 cost: 217
[0;36m		[A1. APC::A2. SMAD4] ---  [B1. APC::B2. SMAD4}[0m
[0;36m		[A1. SMAD4::A2. HIF1A] ---  [B1. SMAD4::B2. ETS1}[0m
9966 6465 cost: 240
[0;36m		[A1. SMAD4::A2. MAPK1] ---  [B1. SMAD4::B2. MAP2K1}[0m
[0;36m		[A1. MAPK1::A2. PTEN] ---  [B1. MAP2K1::B2. SMAD3}[0m
699 10142 cost: 294
[0;36m		[A1. APC::A2. SMAD4] ---  [B1. APC::B2. SMAD4}[0m
[0;36m		[A1. SMAD4::A2. SMAD2] ---  [B1. SMAD4::B2. RNF111}[0m
699 957 cost: 465
[0;36m		[A1. APC::A2. SMAD4] ---  [B1. APC::B2. SMAD4}[0m
[0;36m		[A1. ATM::A2. PTEN] ---  [B1. NCOR1::B2. SMAD3}[0m
408 2796 cost: 465
[0;36m		[A1. APC::A2. GSK3B] ---  [B1. APC::B2. GSK3B}[0m
[0;36m		[A1. CREB1::A2. PTEN] ---  [B1. CREBBP::B2. SMAD3}[0m
408 3687 cost: 465
[0;36m		[A1. APC::A2. GSK3B] ---  [B1. APC::B2. GSK3B}[0m
[0;36m		[A1. FBXW7::A2. PTEN] ---  [B1. NFATC2::B2. SMAD3}[0m
699 5236 cost: 465
[0;36m		[A1. APC::A2. SMAD4] ---  [B1. APC::B2. SMAD4}[0m
[0;36m		[A1. HIF1A::A2. PTEN] ---  [B1. ETS1::B2. SMAD3}[0m
2155 7287 cost: 465
[0;36m		[A1. CDC42::A2. ITGB1] ---  [B1. CDC42::B2. ITGB1}[0m
[0;36m		[A1. PTEN::A2. ATRX] ---  [B1. SMAD3::B2. EP300}[0m
2155 8686 cost: 625
[0;36m		[A1. CDC42::A2. ITGB1] ---  [B1. CDC42::B2. ITGB1}[0m
[0;36m		[A1. PTEN::A2. SMAD2] ---  [B1. SMAD3::B2. RNF111}[0m
2155 8977 cost: 952
[0;36m		[A1. CDC42::A2. ITGB1] ---  [B1. CDC42::B2. ITGB1}[0m
[0;36m		[A1. PTEN::A2. ZEB1] ---  [B1. SMAD3::B2. SP1}[0m

Displayed tree score: 0.308094

15th run results (3) [new minumum]:0.323544
15 116 cost: 487
[0;36m		[A1. AGO1::A2. LRRK2] ---  [B1. EP300::B2. TCF7L2}[0m
[0;36m		[A1. APC::A2. BTRC] ---  [B1. APC::B2. BTRC}[0m
116 2038 cost: 100
[0;36m		[A1. APC::A2. BTRC] ---  [B1. APC::B2. BTRC}[0m
[0;36m		[A1. CDC42::A2. APC] ---  [B1. CDC42::B2. APC}[0m
2038 408 cost: 100
[0;36m		[A1. CDC42::A2. APC] ---  [B1. CDC42::B2. APC}[0m
[0;36m		[A1. APC::A2. GSK3B] ---  [B1. APC::B2. GSK3B}[0m
2038 699 cost: 100
[0;36m		[A1. CDC42::A2. APC] ---  [B1. CDC42::B2. APC}[0m
[0;36m		[A1. APC::A2. SMAD4] ---  [B1. APC::B2. SMAD4}[0m
2038 817 cost: 100
[0;36m		[A1. CDC42::A2. APC] ---  [B1. CDC42::B2. APC}[0m
[0;36m		[A1. APC::A2. TCF7L2] ---  [B1. APC::B2. TCF7L2}[0m
408 4430 cost: 100
[0;36m		[A1. APC::A2. GSK3B] ---  [B1. APC::B2. GSK3B}[0m
[0;36m		[A1. GSK3B::A2. FOXO3] ---  [B1. GSK3B::B2. FOXO3}[0m
2038 5476 cost: 100
[0;36m		[A1. CDC42::A2. APC] ---  [B1. CDC42::B2. APC}[0m
[0;36m		[A1. ITGB1::A2. CDC42] ---  [B1. ITGB1::B2. CDC42}[0m
2038 758 cost: 104
[0;36m		[A1. CDC42::A2. APC] ---  [B1. CDC42::B2. APC}[0m
[0;36m		[A1. APC::A2. TBL1XR1] ---  [B1. APC::B2. TBL1XR1}[0m
699 9966 cost: 104
[0;36m		[A1. APC::A2. SMAD4] ---  [B1. APC::B2. SMAD4}[0m
[0;36m		[A1. SMAD4::A2. MAPK1] ---  [B1. SMAD4::B2. MAP2K1}[0m
699 10201 cost: 212
[0;36m		[A1. APC::A2. SMAD4] ---  [B1. APC::B2. SMAD4}[0m
[0;36m		[A1. SMAD4::A2. ZEB1] ---  [B1. SMAD4::B2. SP1}[0m
116 1689 cost: 217
[0;36m		[A1. APC::A2. BTRC] ---  [B1. APC::B2. BTRC}[0m
[0;36m		[A1. BTRC::A2. CHUK] ---  [B1. BTRC::B2. EP300}[0m
4430 2737 cost: 217
[0;36m		[A1. GSK3B::A2. FOXO3] ---  [B1. GSK3B::B2. FOXO3}[0m
[0;36m		[A1. CREB1::A2. GSK3B] ---  [B1. CREBBP::B2. GSK3B}[0m
4430 3628 cost: 217
[0;36m		[A1. GSK3B::A2. FOXO3] ---  [B1. GSK3B::B2. FOXO3}[0m
[0;36m		[A1. FBXW7::A2. GSK3B] ---  [B1. NFATC2::B2. GSK3B}[0m
4430 3905 cost: 217
[0;36m		[A1. GSK3B::A2. FOXO3] ---  [B1. GSK3B::B2. FOXO3}[0m
[0;36m		[A1. FOXO3::A2. PTEN] ---  [B1. FOXO3::B2. SMAD3}[0m
5476 8102 cost: 217
[0;36m		[A1. ITGB1::A2. CDC42] ---  [B1. ITGB1::B2. CDC42}[0m
[0;36m		[A1. PTEN::A2. ITGB1] ---  [B1. SMAD3::B2. ITGB1}[0m
699 9677 cost: 217
[0;36m		[A1. APC::A2. SMAD4] ---  [B1. APC::B2. SMAD4}[0m
[0;36m		[A1. SMAD4::A2. ATM] ---  [B1. SMAD4::B2. NCOR1}[0m
699 9907 cost: 217
[0;36m		[A1. APC::A2. SMAD4] ---  [B1. APC::B2. SMAD4}[0m
[0;36m		[A1. SMAD4::A2. HIF1A] ---  [B1. SMAD4::B2. ETS1}[0m
9966 6465 cost: 240
[0;36m		[A1. SMAD4::A2. MAPK1] ---  [B1. SMAD4::B2. MAP2K1}[0m
[0;36m		[A1. MAPK1::A2. PTEN] ---  [B1. MAP2K1::B2. SMAD3}[0m
699 10142 cost: 294
[0;36m		[A1. APC::A2. SMAD4] ---  [B1. APC::B2. SMAD4}[0m
[0;36m		[A1. SMAD4::A2. SMAD2] ---  [B1. SMAD4::B2. RNF111}[0m
699 957 cost: 465
[0;36m		[A1. APC::A2. SMAD4] ---  [B1. APC::B2. SMAD4}[0m
[0;36m		[A1. ATM::A2. PTEN] ---  [B1. NCOR1::B2. SMAD3}[0m
116 2682 cost: 465
[0;36m		[A1. APC::A2. BTRC] ---  [B1. APC::B2. BTRC}[0m
[0;36m		[A1. CHUK::A2. PTEN] ---  [B1. EP300::B2. SMAD3}[0m
408 2796 cost: 465
[0;36m		[A1. APC::A2. GSK3B] ---  [B1. APC::B2. GSK3B}[0m
[0;36m		[A1. CREB1::A2. PTEN] ---  [B1. CREBBP::B2. SMAD3}[0m
408 3687 cost: 465
[0;36m		[A1. APC::A2. GSK3B] ---  [B1. APC::B2. GSK3B}[0m
[0;36m		[A1. FBXW7::A2. PTEN] ---  [B1. NFATC2::B2. SMAD3}[0m
699 5236 cost: 465
[0;36m		[A1. APC::A2. SMAD4] ---  [B1. APC::B2. SMAD4}[0m
[0;36m		[A1. HIF1A::A2. PTEN] ---  [B1. ETS1::B2. SMAD3}[0m
4430 8686 cost: 625
[0;36m		[A1. GSK3B::A2. FOXO3] ---  [B1. GSK3B::B2. FOXO3}[0m
[0;36m		[A1. PTEN::A2. SMAD2] ---  [B1. SMAD3::B2. RNF111}[0m
4430 8977 cost: 952
[0;36m		[A1. GSK3B::A2. FOXO3] ---  [B1. GSK3B::B2. FOXO3}[0m
[0;36m		[A1. PTEN::A2. ZEB1] ---  [B1. SMAD3::B2. SP1}[0m

Displayed tree score: 0.323544

103th run results (4) [new minumum]:0.339335
103 9616 cost: 555
[0;36m		[A1. AGO1::A2. PTEN] ---  [B1. SMAD3::B2. SP1}[0m
[0;36m		[A1. SMAD4::A2. APC] ---  [B1. SMAD4::B2. APC}[0m
9616 116 cost: 100
[0;36m		[A1. SMAD4::A2. APC] ---  [B1. SMAD4::B2. APC}[0m
[0;36m		[A1. APC::A2. BTRC] ---  [B1. APC::B2. BTRC}[0m
9616 233 cost: 100
[0;36m		[A1. SMAD4::A2. APC] ---  [B1. SMAD4::B2. APC}[0m
[0;36m		[A1. APC::A2. CDC42] ---  [B1. APC::B2. CDC42}[0m
9616 408 cost: 100
[0;36m		[A1. SMAD4::A2. APC] ---  [B1. SMAD4::B2. APC}[0m
[0;36m		[A1. APC::A2. GSK3B] ---  [B1. APC::B2. GSK3B}[0m
9616 817 cost: 100
[0;36m		[A1. SMAD4::A2. APC] ---  [B1. SMAD4::B2. APC}[0m
[0;36m		[A1. APC::A2. TCF7L2] ---  [B1. APC::B2. TCF7L2}[0m
233 2155 cost: 100
[0;36m		[A1. APC::A2. CDC42] ---  [B1. APC::B2. CDC42}[0m
[0;36m		[A1. CDC42::A2. ITGB1] ---  [B1. CDC42::B2. ITGB1}[0m
408 4430 cost: 100
[0;36m		[A1. APC::A2. GSK3B] ---  [B1. APC::B2. GSK3B}[0m
[0;36m		[A1. GSK3B::A2. FOXO3] ---  [B1. GSK3B::B2. FOXO3}[0m
9616 758 cost: 104
[0;36m		[A1. SMAD4::A2. APC] ---  [B1. SMAD4::B2. APC}[0m
[0;36m		[A1. APC::A2. TBL1XR1] ---  [B1. APC::B2. TBL1XR1}[0m
9616 6524 cost: 104
[0;36m		[A1. SMAD4::A2. APC] ---  [B1. SMAD4::B2. APC}[0m
[0;36m		[A1. MAPK1::A2. SMAD4] ---  [B1. MAP2K1::B2. SMAD4}[0m
9616 10899 cost: 212
[0;36m		[A1. SMAD4::A2. APC] ---  [B1. SMAD4::B2. APC}[0m
[0;36m		[A1. ZEB1::A2. SMAD4] ---  [B1. SP1::B2. SMAD4}[0m
9616 1016 cost: 217
[0;36m		[A1. SMAD4::A2. APC] ---  [B1. SMAD4::B2. APC}[0m
[0;36m		[A1. ATM::A2. SMAD4] ---  [B1. NCOR1::B2. SMAD4}[0m
116 1689 cost: 217
[0;36m		[A1. APC::A2. BTRC] ---  [B1. APC::B2. BTRC}[0m
[0;36m		[A1. BTRC::A2. CHUK] ---  [B1. BTRC::B2. EP300}[0m
4430 2737 cost: 217
[0;36m		[A1. GSK3B::A2. FOXO3] ---  [B1. GSK3B::B2. FOXO3}[0m
[0;36m		[A1. CREB1::A2. GSK3B] ---  [B1. CREBBP::B2. GSK3B}[0m
4430 3628 cost: 217
[0;36m		[A1. GSK3B::A2. FOXO3] ---  [B1. GSK3B::B2. FOXO3}[0m
[0;36m		[A1. FBXW7::A2. GSK3B] ---  [B1. NFATC2::B2. GSK3B}[0m
4430 3905 cost: 217
[0;36m		[A1. GSK3B::A2. FOXO3] ---  [B1. GSK3B::B2. FOXO3}[0m
[0;36m		[A1. FOXO3::A2. PTEN] ---  [B1. FOXO3::B2. SMAD3}[0m
9616 5295 cost: 217
[0;36m		[A1. SMAD4::A2. APC] ---  [B1. SMAD4::B2. APC}[0m
[0;36m		[A1. HIF1A::A2. SMAD4] ---  [B1. ETS1::B2. SMAD4}[0m
2155 5535 cost: 217
[0;36m		[A1. CDC42::A2. ITGB1] ---  [B1. CDC42::B2. ITGB1}[0m
[0;36m		[A1. ITGB1::A2. PTEN] ---  [B1. ITGB1::B2. SMAD3}[0m
6524 8219 cost: 240
[0;36m		[A1. MAPK1::A2. SMAD4] ---  [B1. MAP2K1::B2. SMAD4}[0m
[0;36m		[A1. PTEN::A2. MAPK1] ---  [B1. SMAD3::B2. MAP2K1}[0m
9616 9547 cost: 294
[0;36m		[A1. SMAD4::A2. APC] ---  [B1. SMAD4::B2. APC}[0m
[0;36m		[A1. SMAD2::A2. SMAD4] ---  [B1. RNF111::B2. SMAD4}[0m
116 2682 cost: 465
[0;36m		[A1. APC::A2. BTRC] ---  [B1. APC::B2. BTRC}[0m
[0;36m		[A1. CHUK::A2. PTEN] ---  [B1. EP300::B2. SMAD3}[0m
408 2796 cost: 465
[0;36m		[A1. APC::A2. GSK3B] ---  [B1. APC::B2. GSK3B}[0m
[0;36m		[A1. CREB1::A2. PTEN] ---  [B1. CREBBP::B2. SMAD3}[0m
408 3687 cost: 465
[0;36m		[A1. APC::A2. GSK3B] ---  [B1. APC::B2. GSK3B}[0m
[0;36m		[A1. FBXW7::A2. PTEN] ---  [B1. NFATC2::B2. SMAD3}[0m
9616 7234 cost: 465
[0;36m		[A1. SMAD4::A2. APC] ---  [B1. SMAD4::B2. APC}[0m
[0;36m		[A1. PTEN::A2. ATM] ---  [B1. SMAD3::B2. NCOR1}[0m
9616 8042 cost: 465
[0;36m		[A1. SMAD4::A2. APC] ---  [B1. SMAD4::B2. APC}[0m
[0;36m		[A1. PTEN::A2. HIF1A] ---  [B1. SMAD3::B2. ETS1}[0m
9616 8686 cost: 625
[0;36m		[A1. SMAD4::A2. APC] ---  [B1. SMAD4::B2. APC}[0m
[0;36m		[A1. PTEN::A2. SMAD2] ---  [B1. SMAD3::B2. RNF111}[0m

Displayed tree score: 0.339335

342th run results (5) [new minumum]:0.340837
342 6524 cost: 526
[0;36m		[A1. APC::A2. ERBIN] ---  [B1. SP1::B2. SMAD3}[0m
[0;36m		[A1. MAPK1::A2. SMAD4] ---  [B1. MAP2K1::B2. SMAD4}[0m
6524 9616 cost: 104
[0;36m		[A1. MAPK1::A2. SMAD4] ---  [B1. MAP2K1::B2. SMAD4}[0m
[0;36m		[A1. SMAD4::A2. APC] ---  [B1. SMAD4::B2. APC}[0m
9616 116 cost: 100
[0;36m		[A1. SMAD4::A2. APC] ---  [B1. SMAD4::B2. APC}[0m
[0;36m		[A1. APC::A2. BTRC] ---  [B1. APC::B2. BTRC}[0m
9616 233 cost: 100
[0;36m		[A1. SMAD4::A2. APC] ---  [B1. SMAD4::B2. APC}[0m
[0;36m		[A1. APC::A2. CDC42] ---  [B1. APC::B2. CDC42}[0m
9616 408 cost: 100
[0;36m		[A1. SMAD4::A2. APC] ---  [B1. SMAD4::B2. APC}[0m
[0;36m		[A1. APC::A2. GSK3B] ---  [B1. APC::B2. GSK3B}[0m
9616 817 cost: 100
[0;36m		[A1. SMAD4::A2. APC] ---  [B1. SMAD4::B2. APC}[0m
[0;36m		[A1. APC::A2. TCF7L2] ---  [B1. APC::B2. TCF7L2}[0m
233 2155 cost: 100
[0;36m		[A1. APC::A2. CDC42] ---  [B1. APC::B2. CDC42}[0m
[0;36m		[A1. CDC42::A2. ITGB1] ---  [B1. CDC42::B2. ITGB1}[0m
408 4430 cost: 100
[0;36m		[A1. APC::A2. GSK3B] ---  [B1. APC::B2. GSK3B}[0m
[0;36m		[A1. GSK3B::A2. FOXO3] ---  [B1. GSK3B::B2. FOXO3}[0m
9616 758 cost: 104
[0;36m		[A1. SMAD4::A2. APC] ---  [B1. SMAD4::B2. APC}[0m
[0;36m		[A1. APC::A2. TBL1XR1] ---  [B1. APC::B2. TBL1XR1}[0m
9616 10899 cost: 212
[0;36m		[A1. SMAD4::A2. APC] ---  [B1. SMAD4::B2. APC}[0m
[0;36m		[A1. ZEB1::A2. SMAD4] ---  [B1. SP1::B2. SMAD4}[0m
9616 1016 cost: 217
[0;36m		[A1. SMAD4::A2. APC] ---  [B1. SMAD4::B2. APC}[0m
[0;36m		[A1. ATM::A2. SMAD4] ---  [B1. NCOR1::B2. SMAD4}[0m
116 1689 cost: 217
[0;36m		[A1. APC::A2. BTRC] ---  [B1. APC::B2. BTRC}[0m
[0;36m		[A1. BTRC::A2. CHUK] ---  [B1. BTRC::B2. EP300}[0m
4430 2737 cost: 217
[0;36m		[A1. GSK3B::A2. FOXO3] ---  [B1. GSK3B::B2. FOXO3}[0m
[0;36m		[A1. CREB1::A2. GSK3B] ---  [B1. CREBBP::B2. GSK3B}[0m
4430 3628 cost: 217
[0;36m		[A1. GSK3B::A2. FOXO3] ---  [B1. GSK3B::B2. FOXO3}[0m
[0;36m		[A1. FBXW7::A2. GSK3B] ---  [B1. NFATC2::B2. GSK3B}[0m
4430 3905 cost: 217
[0;36m		[A1. GSK3B::A2. FOXO3] ---  [B1. GSK3B::B2. FOXO3}[0m
[0;36m		[A1. FOXO3::A2. PTEN] ---  [B1. FOXO3::B2. SMAD3}[0m
9616 5295 cost: 217
[0;36m		[A1. SMAD4::A2. APC] ---  [B1. SMAD4::B2. APC}[0m
[0;36m		[A1. HIF1A::A2. SMAD4] ---  [B1. ETS1::B2. SMAD4}[0m
2155 5535 cost: 217
[0;36m		[A1. CDC42::A2. ITGB1] ---  [B1. CDC42::B2. ITGB1}[0m
[0;36m		[A1. ITGB1::A2. PTEN] ---  [B1. ITGB1::B2. SMAD3}[0m
6524 8219 cost: 240
[0;36m		[A1. MAPK1::A2. SMAD4] ---  [B1. MAP2K1::B2. SMAD4}[0m
[0;36m		[A1. PTEN::A2. MAPK1] ---  [B1. SMAD3::B2. MAP2K1}[0m
9616 9547 cost: 294
[0;36m		[A1. SMAD4::A2. APC] ---  [B1. SMAD4::B2. APC}[0m
[0;36m		[A1. SMAD2::A2. SMAD4] ---  [B1. RNF111::B2. SMAD4}[0m
116 2682 cost: 465
[0;36m		[A1. APC::A2. BTRC] ---  [B1. APC::B2. BTRC}[0m
[0;36m		[A1. CHUK::A2. PTEN] ---  [B1. EP300::B2. SMAD3}[0m
408 2796 cost: 465
[0;36m		[A1. APC::A2. GSK3B] ---  [B1. APC::B2. GSK3B}[0m
[0;36m		[A1. CREB1::A2. PTEN] ---  [B1. CREBBP::B2. SMAD3}[0m
408 3687 cost: 465
[0;36m		[A1. APC::A2. GSK3B] ---  [B1. APC::B2. GSK3B}[0m
[0;36m		[A1. FBXW7::A2. PTEN] ---  [B1. NFATC2::B2. SMAD3}[0m
9616 7234 cost: 465
[0;36m		[A1. SMAD4::A2. APC] ---  [B1. SMAD4::B2. APC}[0m
[0;36m		[A1. PTEN::A2. ATM] ---  [B1. SMAD3::B2. NCOR1}[0m
9616 8042 cost: 465
[0;36m		[A1. SMAD4::A2. APC] ---  [B1. SMAD4::B2. APC}[0m
[0;36m		[A1. PTEN::A2. HIF1A] ---  [B1. SMAD3::B2. ETS1}[0m
9616 8686 cost: 625
[0;36m		[A1. SMAD4::A2. APC] ---  [B1. SMAD4::B2. APC}[0m
[0;36m		[A1. PTEN::A2. SMAD2] ---  [B1. SMAD3::B2. RNF111}[0m

Displayed tree score: 0.340837

1031th run results (6) [new minumum]:0.344603
1031 9616 cost: 526
[0;36m		[A1. ATM::A2. SMAD4] ---  [B1. SMAD3::B2. SP1}[0m
[0;36m		[A1. SMAD4::A2. APC] ---  [B1. SMAD4::B2. APC}[0m
9616 116 cost: 100
[0;36m		[A1. SMAD4::A2. APC] ---  [B1. SMAD4::B2. APC}[0m
[0;36m		[A1. APC::A2. BTRC] ---  [B1. APC::B2. BTRC}[0m
9616 233 cost: 100
[0;36m		[A1. SMAD4::A2. APC] ---  [B1. SMAD4::B2. APC}[0m
[0;36m		[A1. APC::A2. CDC42] ---  [B1. APC::B2. CDC42}[0m
9616 408 cost: 100
[0;36m		[A1. SMAD4::A2. APC] ---  [B1. SMAD4::B2. APC}[0m
[0;36m		[A1. APC::A2. GSK3B] ---  [B1. APC::B2. GSK3B}[0m
9616 817 cost: 100
[0;36m		[A1. SMAD4::A2. APC] ---  [B1. SMAD4::B2. APC}[0m
[0;36m		[A1. APC::A2. TCF7L2] ---  [B1. APC::B2. TCF7L2}[0m
233 2155 cost: 100
[0;36m		[A1. APC::A2. CDC42] ---  [B1. APC::B2. CDC42}[0m
[0;36m		[A1. CDC42::A2. ITGB1] ---  [B1. CDC42::B2. ITGB1}[0m
408 4430 cost: 100
[0;36m		[A1. APC::A2. GSK3B] ---  [B1. APC::B2. GSK3B}[0m
[0;36m		[A1. GSK3B::A2. FOXO3] ---  [B1. GSK3B::B2. FOXO3}[0m
9616 758 cost: 104
[0;36m		[A1. SMAD4::A2. APC] ---  [B1. SMAD4::B2. APC}[0m
[0;36m		[A1. APC::A2. TBL1XR1] ---  [B1. APC::B2. TBL1XR1}[0m
9616 6524 cost: 104
[0;36m		[A1. SMAD4::A2. APC] ---  [B1. SMAD4::B2. APC}[0m
[0;36m		[A1. MAPK1::A2. SMAD4] ---  [B1. MAP2K1::B2. SMAD4}[0m
9616 10899 cost: 212
[0;36m		[A1. SMAD4::A2. APC] ---  [B1. SMAD4::B2. APC}[0m
[0;36m		[A1. ZEB1::A2. SMAD4] ---  [B1. SP1::B2. SMAD4}[0m
116 1689 cost: 217
[0;36m		[A1. APC::A2. BTRC] ---  [B1. APC::B2. BTRC}[0m
[0;36m		[A1. BTRC::A2. CHUK] ---  [B1. BTRC::B2. EP300}[0m
4430 2737 cost: 217
[0;36m		[A1. GSK3B::A2. FOXO3] ---  [B1. GSK3B::B2. FOXO3}[0m
[0;36m		[A1. CREB1::A2. GSK3B] ---  [B1. CREBBP::B2. GSK3B}[0m
4430 3628 cost: 217
[0;36m		[A1. GSK3B::A2. FOXO3] ---  [B1. GSK3B::B2. FOXO3}[0m
[0;36m		[A1. FBXW7::A2. GSK3B] ---  [B1. NFATC2::B2. GSK3B}[0m
4430 3905 cost: 217
[0;36m		[A1. GSK3B::A2. FOXO3] ---  [B1. GSK3B::B2. FOXO3}[0m
[0;36m		[A1. FOXO3::A2. PTEN] ---  [B1. FOXO3::B2. SMAD3}[0m
9616 5295 cost: 217
[0;36m		[A1. SMAD4::A2. APC] ---  [B1. SMAD4::B2. APC}[0m
[0;36m		[A1. HIF1A::A2. SMAD4] ---  [B1. ETS1::B2. SMAD4}[0m
2155 5535 cost: 217
[0;36m		[A1. CDC42::A2. ITGB1] ---  [B1. CDC42::B2. ITGB1}[0m
[0;36m		[A1. ITGB1::A2. PTEN] ---  [B1. ITGB1::B2. SMAD3}[0m
6524 8219 cost: 240
[0;36m		[A1. MAPK1::A2. SMAD4] ---  [B1. MAP2K1::B2. SMAD4}[0m
[0;36m		[A1. PTEN::A2. MAPK1] ---  [B1. SMAD3::B2. MAP2K1}[0m
9616 9078 cost: 270
[0;36m		[A1. SMAD4::A2. APC] ---  [B1. SMAD4::B2. APC}[0m
[0;36m		[A1. RBPJ::A2. SMAD4] ---  [B1. NCOR1::B2. SMAD4}[0m
9616 9547 cost: 294
[0;36m		[A1. SMAD4::A2. APC] ---  [B1. SMAD4::B2. APC}[0m
[0;36m		[A1. SMAD2::A2. SMAD4] ---  [B1. RNF111::B2. SMAD4}[0m
758 10321 cost: 298
[0;36m		[A1. APC::A2. TBL1XR1] ---  [B1. APC::B2. TBL1XR1}[0m
[0;36m		[A1. TBL1XR1::A2. RBPJ] ---  [B1. TBL1XR1::B2. NCOR1}[0m
116 2682 cost: 465
[0;36m		[A1. APC::A2. BTRC] ---  [B1. APC::B2. BTRC}[0m
[0;36m		[A1. CHUK::A2. PTEN] ---  [B1. EP300::B2. SMAD3}[0m
408 2796 cost: 465
[0;36m		[A1. APC::A2. GSK3B] ---  [B1. APC::B2. GSK3B}[0m
[0;36m		[A1. CREB1::A2. PTEN] ---  [B1. CREBBP::B2. SMAD3}[0m
408 3687 cost: 465
[0;36m		[A1. APC::A2. GSK3B] ---  [B1. APC::B2. GSK3B}[0m
[0;36m		[A1. FBXW7::A2. PTEN] ---  [B1. NFATC2::B2. SMAD3}[0m
9616 8042 cost: 465
[0;36m		[A1. SMAD4::A2. APC] ---  [B1. SMAD4::B2. APC}[0m
[0;36m		[A1. PTEN::A2. HIF1A] ---  [B1. SMAD3::B2. ETS1}[0m
9616 8568 cost: 571
[0;36m		[A1. SMAD4::A2. APC] ---  [B1. SMAD4::B2. APC}[0m
[0;36m		[A1. PTEN::A2. RBPJ] ---  [B1. SMAD3::B2. NCOR1}[0m
9616 8686 cost: 625
[0;36m		[A1. SMAD4::A2. APC] ---  [B1. SMAD4::B2. APC}[0m
[0;36m		[A1. PTEN::A2. SMAD2] ---  [B1. SMAD3::B2. RNF111}[0m

Displayed tree score: 0.344603

1039th run results (7) [new minumum]:0.346482
1039 9616 cost: 235
[0;36m		[A1. ATM::A2. SMAD4] ---  [B1. SP1::B2. SMAD4}[0m
[0;36m		[A1. SMAD4::A2. APC] ---  [B1. SMAD4::B2. APC}[0m
9616 116 cost: 100
[0;36m		[A1. SMAD4::A2. APC] ---  [B1. SMAD4::B2. APC}[0m
[0;36m		[A1. APC::A2. BTRC] ---  [B1. APC::B2. BTRC}[0m
9616 233 cost: 100
[0;36m		[A1. SMAD4::A2. APC] ---  [B1. SMAD4::B2. APC}[0m
[0;36m		[A1. APC::A2. CDC42] ---  [B1. APC::B2. CDC42}[0m
9616 408 cost: 100
[0;36m		[A1. SMAD4::A2. APC] ---  [B1. SMAD4::B2. APC}[0m
[0;36m		[A1. APC::A2. GSK3B] ---  [B1. APC::B2. GSK3B}[0m
9616 817 cost: 100
[0;36m		[A1. SMAD4::A2. APC] ---  [B1. SMAD4::B2. APC}[0m
[0;36m		[A1. APC::A2. TCF7L2] ---  [B1. APC::B2. TCF7L2}[0m
233 2155 cost: 100
[0;36m		[A1. APC::A2. CDC42] ---  [B1. APC::B2. CDC42}[0m
[0;36m		[A1. CDC42::A2. ITGB1] ---  [B1. CDC42::B2. ITGB1}[0m
408 4430 cost: 100
[0;36m		[A1. APC::A2. GSK3B] ---  [B1. APC::B2. GSK3B}[0m
[0;36m		[A1. GSK3B::A2. FOXO3] ---  [B1. GSK3B::B2. FOXO3}[0m
9616 758 cost: 104
[0;36m		[A1. SMAD4::A2. APC] ---  [B1. SMAD4::B2. APC}[0m
[0;36m		[A1. APC::A2. TBL1XR1] ---  [B1. APC::B2. TBL1XR1}[0m
9616 6524 cost: 104
[0;36m		[A1. SMAD4::A2. APC] ---  [B1. SMAD4::B2. APC}[0m
[0;36m		[A1. MAPK1::A2. SMAD4] ---  [B1. MAP2K1::B2. SMAD4}[0m
116 1689 cost: 217
[0;36m		[A1. APC::A2. BTRC] ---  [B1. APC::B2. BTRC}[0m
[0;36m		[A1. BTRC::A2. CHUK] ---  [B1. BTRC::B2. EP300}[0m
4430 2737 cost: 217
[0;36m		[A1. GSK3B::A2. FOXO3] ---  [B1. GSK3B::B2. FOXO3}[0m
[0;36m		[A1. CREB1::A2. GSK3B] ---  [B1. CREBBP::B2. GSK3B}[0m
4430 3628 cost: 217
[0;36m		[A1. GSK3B::A2. FOXO3] ---  [B1. GSK3B::B2. FOXO3}[0m
[0;36m		[A1. FBXW7::A2. GSK3B] ---  [B1. NFATC2::B2. GSK3B}[0m
4430 3905 cost: 217
[0;36m		[A1. GSK3B::A2. FOXO3] ---  [B1. GSK3B::B2. FOXO3}[0m
[0;36m		[A1. FOXO3::A2. PTEN] ---  [B1. FOXO3::B2. SMAD3}[0m
9616 5295 cost: 217
[0;36m		[A1. SMAD4::A2. APC] ---  [B1. SMAD4::B2. APC}[0m
[0;36m		[A1. HIF1A::A2. SMAD4] ---  [B1. ETS1::B2. SMAD4}[0m
2155 5535 cost: 217
[0;36m		[A1. CDC42::A2. ITGB1] ---  [B1. CDC42::B2. ITGB1}[0m
[0;36m		[A1. ITGB1::A2. PTEN] ---  [B1. ITGB1::B2. SMAD3}[0m
6524 8219 cost: 240
[0;36m		[A1. MAPK1::A2. SMAD4] ---  [B1. MAP2K1::B2. SMAD4}[0m
[0;36m		[A1. PTEN::A2. MAPK1] ---  [B1. SMAD3::B2. MAP2K1}[0m
9616 9078 cost: 270
[0;36m		[A1. SMAD4::A2. APC] ---  [B1. SMAD4::B2. APC}[0m
[0;36m		[A1. RBPJ::A2. SMAD4] ---  [B1. NCOR1::B2. SMAD4}[0m
9616 9547 cost: 294
[0;36m		[A1. SMAD4::A2. APC] ---  [B1. SMAD4::B2. APC}[0m
[0;36m		[A1. SMAD2::A2. SMAD4] ---  [B1. RNF111::B2. SMAD4}[0m
758 10321 cost: 298
[0;36m		[A1. APC::A2. TBL1XR1] ---  [B1. APC::B2. TBL1XR1}[0m
[0;36m		[A1. TBL1XR1::A2. RBPJ] ---  [B1. TBL1XR1::B2. NCOR1}[0m
116 2682 cost: 465
[0;36m		[A1. APC::A2. BTRC] ---  [B1. APC::B2. BTRC}[0m
[0;36m		[A1. CHUK::A2. PTEN] ---  [B1. EP300::B2. SMAD3}[0m
408 2796 cost: 465
[0;36m		[A1. APC::A2. GSK3B] ---  [B1. APC::B2. GSK3B}[0m
[0;36m		[A1. CREB1::A2. PTEN] ---  [B1. CREBBP::B2. SMAD3}[0m
408 3687 cost: 465
[0;36m		[A1. APC::A2. GSK3B] ---  [B1. APC::B2. GSK3B}[0m
[0;36m		[A1. FBXW7::A2. PTEN] ---  [B1. NFATC2::B2. SMAD3}[0m
9616 8042 cost: 465
[0;36m		[A1. SMAD4::A2. APC] ---  [B1. SMAD4::B2. APC}[0m
[0;36m		[A1. PTEN::A2. HIF1A] ---  [B1. SMAD3::B2. ETS1}[0m
2155 8165 cost: 465
[0;36m		[A1. CDC42::A2. ITGB1] ---  [B1. CDC42::B2. ITGB1}[0m
[0;36m		[A1. PTEN::A2. JAK2] ---  [B1. SMAD3::B2. SP1}[0m
9616 8568 cost: 571
[0;36m		[A1. SMAD4::A2. APC] ---  [B1. SMAD4::B2. APC}[0m
[0;36m		[A1. PTEN::A2. RBPJ] ---  [B1. SMAD3::B2. NCOR1}[0m
9616 8686 cost: 625
[0;36m		[A1. SMAD4::A2. APC] ---  [B1. SMAD4::B2. APC}[0m
[0;36m		[A1. PTEN::A2. SMAD2] ---  [B1. SMAD3::B2. RNF111}[0m

Displayed tree score: 0.346482

Petal1:94	Petal2:29	treecost: 6968	 tree size:26
$RESULT$	PTEN	SMAD3	norm_score:	0.346482
[0m
[0 min 23 sec] All done in 
