COMMAND: /Users/gurkan/Box/Research/INSPIRE/inspire-replication/src/INSPIRE /Users/gurkan/Box/Research/INSPIRE/inspire-replication/database/inspire.sqlite PTEN PTEN inspire_legacy_v1

GO normalization for inspire_legacy_v1: 14.1026
Loaded 5995 GO pair scores for inspire_legacy_v1
Create two petals
Begin PETAL setup
new petal PTEN (43)
# 94 interactions in PTEN
Done adding UniProt and Pfam annotations for PTEN.
new petal PTEN (43)
# 94 interactions in PTEN
Done adding UniProt and Pfam annotations for PTEN.
Petal Sizes: 43, 43
[1;32mPetal Name: [1;33mPTEN
[1;32mPetal Size: [1;33m43[0;31m
AGO1
APC
ATM
ATRX
BCL2
BMPR1A
BRAF
BTRC
CCDC6
CDC42
CDKN1B
CHUK
CREB1
EGFR
ERBIN
FBXW11
FBXW7
FOXO1
FOXO3
GSK3B
HIF1A
IQGAP1
ITGB1
JAK2
KRAS
LRP6
LRRK2
MAPK1
MDM2
NFE2L2
PDPK1
PIK3CB
PIK3R1
PTEN
RBPJ
SIRT1
SMAD2
SMAD4
TBL1XR1
TCF7L2
TNKS
YAP1
ZEB1
[0m---- 
[1;36mPetal Interactions[0;32m
1 BTRC	pp	APC
2 CCDC6	pp	APC
3 CCDC6	pp	BRAF
4 CDC42	pp	APC
5 CHUK	pp	BTRC
6 ERBIN	pp	APC
7 ERBIN	pp	CDC42
8 ERBIN	pp	EGFR
9 FBXW11	pp	APC
10 FBXW7	pp	BTRC
11 FBXW7	pp	CCDC6
12 GSK3B	pp	APC
13 GSK3B	pp	BRAF
14 GSK3B	pp	BTRC
15 GSK3B	pp	CDKN1B
16 GSK3B	pp	CREB1
17 GSK3B	pp	FBXW11
18 GSK3B	pp	FBXW7
19 GSK3B	pp	FOXO1
20 GSK3B	pp	FOXO3
21 HIF1A	pp	GSK3B
22 IQGAP1	pp	APC
23 IQGAP1	pp	EGFR
24 ITGB1	pp	CDC42
25 KRAS	pp	APC
26 KRAS	pp	BCL2
27 KRAS	pp	CDC42
28 KRAS	pp	EGFR
29 KRAS	pp	HIF1A
30 KRAS	pp	JAK2
31 LRP6	pp	APC
32 LRP6	pp	GSK3B
33 LRRK2	pp	AGO1
34 LRRK2	pp	APC
35 LRRK2	pp	HIF1A
36 MAPK1	pp	GSK3B
37 MDM2	pp	GSK3B
38 NFE2L2	pp	GSK3B
39 PDPK1	pp	GSK3B
40 PIK3CB	pp	CDC42
41 PIK3R1	pp	KRAS
42 PTEN	pp	AGO1
43 PTEN	pp	ATM
44 PTEN	pp	ATRX
45 PTEN	pp	BCL2
46 PTEN	pp	BMPR1A
47 PTEN	pp	BRAF
48 PTEN	pp	CDC42
49 PTEN	pp	CDKN1B
50 PTEN	pp	CHUK
51 PTEN	pp	CREB1
52 PTEN	pp	EGFR
53 PTEN	pp	FBXW7
54 PTEN	pp	FOXO1
55 PTEN	pp	FOXO3
56 PTEN	pp	GSK3B
57 PTEN	pp	HIF1A
58 PTEN	pp	ITGB1
59 PTEN	pp	JAK2
60 PTEN	pp	MAPK1
61 PTEN	pp	MDM2
62 PTEN	pp	NFE2L2
63 PTEN	pp	PDPK1
64 PTEN	pp	PIK3CB
65 PTEN	pp	PIK3R1
66 RBPJ	pp	PTEN
67 SIRT1	pp	GSK3B
68 SIRT1	pp	PTEN
69 SMAD2	pp	CDC42
70 SMAD2	pp	ERBIN
71 SMAD2	pp	GSK3B
72 SMAD2	pp	PTEN
73 SMAD4	pp	APC
74 SMAD4	pp	ATM
75 SMAD4	pp	BCL2
76 SMAD4	pp	BMPR1A
77 SMAD4	pp	CDC42
78 SMAD4	pp	HIF1A
79 SMAD4	pp	MAPK1
80 SMAD4	pp	PTEN
81 SMAD4	pp	RBPJ
82 SMAD4	pp	SMAD2
83 TBL1XR1	pp	APC
84 TBL1XR1	pp	RBPJ
85 TCF7L2	pp	APC
86 TCF7L2	pp	CREB1
87 TCF7L2	pp	PTEN
88 TNKS	pp	APC
89 TNKS	pp	ATRX
90 TNKS	pp	PTEN
91 YAP1	pp	GSK3B
92 YAP1	pp	PTEN
93 ZEB1	pp	PTEN
94 ZEB1	pp	SMAD4
[0m
[1;32mPetal Name: [1;33mPTEN
[1;32mPetal Size: [1;33m43[0;31m
AGO1
APC
ATM
ATRX
BCL2
BMPR1A
BRAF
BTRC
CCDC6
CDC42
CDKN1B
CHUK
CREB1
EGFR
ERBIN
FBXW11
FBXW7
FOXO1
FOXO3
GSK3B
HIF1A
IQGAP1
ITGB1
JAK2
KRAS
LRP6
LRRK2
MAPK1
MDM2
NFE2L2
PDPK1
PIK3CB
PIK3R1
PTEN
RBPJ
SIRT1
SMAD2
SMAD4
TBL1XR1
TCF7L2
TNKS
YAP1
ZEB1
[0m---- 
[1;36mPetal Interactions[0;32m
1 BTRC	pp	APC
2 CCDC6	pp	APC
3 CCDC6	pp	BRAF
4 CDC42	pp	APC
5 CHUK	pp	BTRC
6 ERBIN	pp	APC
7 ERBIN	pp	CDC42
8 ERBIN	pp	EGFR
9 FBXW11	pp	APC
10 FBXW7	pp	BTRC
11 FBXW7	pp	CCDC6
12 GSK3B	pp	APC
13 GSK3B	pp	BRAF
14 GSK3B	pp	BTRC
15 GSK3B	pp	CDKN1B
16 GSK3B	pp	CREB1
17 GSK3B	pp	FBXW11
18 GSK3B	pp	FBXW7
19 GSK3B	pp	FOXO1
20 GSK3B	pp	FOXO3
21 HIF1A	pp	GSK3B
22 IQGAP1	pp	APC
23 IQGAP1	pp	EGFR
24 ITGB1	pp	CDC42
25 KRAS	pp	APC
26 KRAS	pp	BCL2
27 KRAS	pp	CDC42
28 KRAS	pp	EGFR
29 KRAS	pp	HIF1A
30 KRAS	pp	JAK2
31 LRP6	pp	APC
32 LRP6	pp	GSK3B
33 LRRK2	pp	AGO1
34 LRRK2	pp	APC
35 LRRK2	pp	HIF1A
36 MAPK1	pp	GSK3B
37 MDM2	pp	GSK3B
38 NFE2L2	pp	GSK3B
39 PDPK1	pp	GSK3B
40 PIK3CB	pp	CDC42
41 PIK3R1	pp	KRAS
42 PTEN	pp	AGO1
43 PTEN	pp	ATM
44 PTEN	pp	ATRX
45 PTEN	pp	BCL2
46 PTEN	pp	BMPR1A
47 PTEN	pp	BRAF
48 PTEN	pp	CDC42
49 PTEN	pp	CDKN1B
50 PTEN	pp	CHUK
51 PTEN	pp	CREB1
52 PTEN	pp	EGFR
53 PTEN	pp	FBXW7
54 PTEN	pp	FOXO1
55 PTEN	pp	FOXO3
56 PTEN	pp	GSK3B
57 PTEN	pp	HIF1A
58 PTEN	pp	ITGB1
59 PTEN	pp	JAK2
60 PTEN	pp	MAPK1
61 PTEN	pp	MDM2
62 PTEN	pp	NFE2L2
63 PTEN	pp	PDPK1
64 PTEN	pp	PIK3CB
65 PTEN	pp	PIK3R1
66 RBPJ	pp	PTEN
67 SIRT1	pp	GSK3B
68 SIRT1	pp	PTEN
69 SMAD2	pp	CDC42
70 SMAD2	pp	ERBIN
71 SMAD2	pp	GSK3B
72 SMAD2	pp	PTEN
73 SMAD4	pp	APC
74 SMAD4	pp	ATM
75 SMAD4	pp	BCL2
76 SMAD4	pp	BMPR1A
77 SMAD4	pp	CDC42
78 SMAD4	pp	HIF1A
79 SMAD4	pp	MAPK1
80 SMAD4	pp	PTEN
81 SMAD4	pp	RBPJ
82 SMAD4	pp	SMAD2
83 TBL1XR1	pp	APC
84 TBL1XR1	pp	RBPJ
85 TCF7L2	pp	APC
86 TCF7L2	pp	CREB1
87 TCF7L2	pp	PTEN
88 TNKS	pp	APC
89 TNKS	pp	ATRX
90 TNKS	pp	PTEN
91 YAP1	pp	GSK3B
92 YAP1	pp	PTEN
93 ZEB1	pp	PTEN
94 ZEB1	pp	SMAD4
[0m
Done creating Petals.
petals are loaded
[1;32mAGE for [0;36mPTEN - PTEN[0m
[0;35minitial size for AGE: 0[0m
counterPetal1 188
counterPetal2 188
counterPetal1*counterPetal2 35344
(*AGE).size()=35344
[0m---- 
[1;33mAGE nodes: 35344[0m
Allocate AGEgraph :  35344 x 35344	1249198336 bytes

[0 min 0 sec] Nodes are done in 

[1 min 5 sec] Edges are done in 
0th run results (0) [new minumum]:0.997854
0 20412 cost: 100
[0;36m		[A1. AGO1::A2. LRRK2] ---  [B1. AGO1::B2. LRRK2}[0m
[0;36m		[A1. LRRK2::A2. APC] ---  [B1. LRRK2::B2. APC}[0m
20412 378 cost: 100
[0;36m		[A1. LRRK2::A2. APC] ---  [B1. LRRK2::B2. APC}[0m
[0;36m		[A1. APC::A2. BTRC] ---  [B1. APC::B2. BTRC}[0m
20412 756 cost: 100
[0;36m		[A1. LRRK2::A2. APC] ---  [B1. LRRK2::B2. APC}[0m
[0;36m		[A1. APC::A2. CDC42] ---  [B1. APC::B2. CDC42}[0m
20412 945 cost: 100
[0;36m		[A1. LRRK2::A2. APC] ---  [B1. LRRK2::B2. APC}[0m
[0;36m		[A1. APC::A2. ERBIN] ---  [B1. APC::B2. ERBIN}[0m
20412 1134 cost: 100
[0;36m		[A1. LRRK2::A2. APC] ---  [B1. LRRK2::B2. APC}[0m
[0;36m		[A1. APC::A2. FBXW11] ---  [B1. APC::B2. FBXW11}[0m
20412 1323 cost: 100
[0;36m		[A1. LRRK2::A2. APC] ---  [B1. LRRK2::B2. APC}[0m
[0;36m		[A1. APC::A2. GSK3B] ---  [B1. APC::B2. GSK3B}[0m
20412 1512 cost: 100
[0;36m		[A1. LRRK2::A2. APC] ---  [B1. LRRK2::B2. APC}[0m
[0;36m		[A1. APC::A2. IQGAP1] ---  [B1. APC::B2. IQGAP1}[0m
20412 1701 cost: 100
[0;36m		[A1. LRRK2::A2. APC] ---  [B1. LRRK2::B2. APC}[0m
[0;36m		[A1. APC::A2. KRAS] ---  [B1. APC::B2. KRAS}[0m
20412 1890 cost: 100
[0;36m		[A1. LRRK2::A2. APC] ---  [B1. LRRK2::B2. APC}[0m
[0;36m		[A1. APC::A2. LRP6] ---  [B1. APC::B2. LRP6}[0m
20412 2268 cost: 100
[0;36m		[A1. LRRK2::A2. APC] ---  [B1. LRRK2::B2. APC}[0m
[0;36m		[A1. APC::A2. SMAD4] ---  [B1. APC::B2. SMAD4}[0m
20412 2646 cost: 100
[0;36m		[A1. LRRK2::A2. APC] ---  [B1. LRRK2::B2. APC}[0m
[0;36m		[A1. APC::A2. TCF7L2] ---  [B1. APC::B2. TCF7L2}[0m
20412 2835 cost: 100
[0;36m		[A1. LRRK2::A2. APC] ---  [B1. LRRK2::B2. APC}[0m
[0;36m		[A1. APC::A2. TNKS] ---  [B1. APC::B2. TNKS}[0m
378 5481 cost: 100
[0;36m		[A1. APC::A2. BTRC] ---  [B1. APC::B2. BTRC}[0m
[0;36m		[A1. BTRC::A2. CHUK] ---  [B1. BTRC::B2. CHUK}[0m
378 5670 cost: 100
[0;36m		[A1. APC::A2. BTRC] ---  [B1. APC::B2. BTRC}[0m
[0;36m		[A1. BTRC::A2. FBXW7] ---  [B1. BTRC::B2. FBXW7}[0m
378 5859 cost: 100
[0;36m		[A1. APC::A2. BTRC] ---  [B1. APC::B2. BTRC}[0m
[0;36m		[A1. BTRC::A2. GSK3B] ---  [B1. BTRC::B2. GSK3B}[0m
756 6804 cost: 100
[0;36m		[A1. APC::A2. CDC42] ---  [B1. APC::B2. CDC42}[0m
[0;36m		[A1. CDC42::A2. ERBIN] ---  [B1. CDC42::B2. ERBIN}[0m
756 6993 cost: 100
[0;36m		[A1. APC::A2. CDC42] ---  [B1. APC::B2. CDC42}[0m
[0;36m		[A1. CDC42::A2. ITGB1] ---  [B1. CDC42::B2. ITGB1}[0m
756 7182 cost: 100
[0;36m		[A1. APC::A2. CDC42] ---  [B1. APC::B2. CDC42}[0m
[0;36m		[A1. CDC42::A2. KRAS] ---  [B1. CDC42::B2. KRAS}[0m
756 7371 cost: 100
[0;36m		[A1. APC::A2. CDC42] ---  [B1. APC::B2. CDC42}[0m
[0;36m		[A1. CDC42::A2. PIK3CB] ---  [B1. CDC42::B2. PIK3CB}[0m
756 7560 cost: 100
[0;36m		[A1. APC::A2. CDC42] ---  [B1. APC::B2. CDC42}[0m
[0;36m		[A1. CDC42::A2. PTEN] ---  [B1. CDC42::B2. PTEN}[0m
756 7749 cost: 100
[0;36m		[A1. APC::A2. CDC42] ---  [B1. APC::B2. CDC42}[0m
[0;36m		[A1. CDC42::A2. SMAD2] ---  [B1. CDC42::B2. SMAD2}[0m
756 7938 cost: 100
[0;36m		[A1. APC::A2. CDC42] ---  [B1. APC::B2. CDC42}[0m
[0;36m		[A1. CDC42::A2. SMAD4] ---  [B1. CDC42::B2. SMAD4}[0m
5481 8694 cost: 100
[0;36m		[A1. BTRC::A2. CHUK] ---  [B1. BTRC::B2. CHUK}[0m
[0;36m		[A1. CHUK::A2. PTEN] ---  [B1. CHUK::B2. PTEN}[0m
945 10584 cost: 100
[0;36m		[A1. APC::A2. ERBIN] ---  [B1. APC::B2. ERBIN}[0m
[0;36m		[A1. ERBIN::A2. EGFR] ---  [B1. ERBIN::B2. EGFR}[0m
10584 9639 cost: 100
[0;36m		[A1. ERBIN::A2. EGFR] ---  [B1. ERBIN::B2. EGFR}[0m
[0;36m		[A1. EGFR::A2. IQGAP1] ---  [B1. EGFR::B2. IQGAP1}[0m
10584 9828 cost: 100
[0;36m		[A1. ERBIN::A2. EGFR] ---  [B1. ERBIN::B2. EGFR}[0m
[0;36m		[A1. EGFR::A2. KRAS] ---  [B1. EGFR::B2. KRAS}[0m
10584 10017 cost: 100
[0;36m		[A1. ERBIN::A2. EGFR] ---  [B1. ERBIN::B2. EGFR}[0m
[0;36m		[A1. EGFR::A2. PTEN] ---  [B1. EGFR::B2. PTEN}[0m
945 10773 cost: 100
[0;36m		[A1. APC::A2. ERBIN] ---  [B1. APC::B2. ERBIN}[0m
[0;36m		[A1. ERBIN::A2. SMAD2] ---  [B1. ERBIN::B2. SMAD2}[0m
1134 11151 cost: 100
[0;36m		[A1. APC::A2. FBXW11] ---  [B1. APC::B2. FBXW11}[0m
[0;36m		[A1. FBXW11::A2. GSK3B] ---  [B1. FBXW11::B2. GSK3B}[0m
5670 11718 cost: 100
[0;36m		[A1. BTRC::A2. FBXW7] ---  [B1. BTRC::B2. FBXW7}[0m
[0;36m		[A1. FBXW7::A2. GSK3B] ---  [B1. FBXW7::B2. GSK3B}[0m
5670 11907 cost: 100
[0;36m		[A1. BTRC::A2. FBXW7] ---  [B1. BTRC::B2. FBXW7}[0m
[0;36m		[A1. FBXW7::A2. PTEN] ---  [B1. FBXW7::B2. PTEN}[0m
1323 13041 cost: 100
[0;36m		[A1. APC::A2. GSK3B] ---  [B1. APC::B2. GSK3B}[0m
[0;36m		[A1. GSK3B::A2. BRAF] ---  [B1. GSK3B::B2. BRAF}[0m
13041 5103 cost: 100
[0;36m		[A1. GSK3B::A2. BRAF] ---  [B1. GSK3B::B2. BRAF}[0m
[0;36m		[A1. BRAF::A2. PTEN] ---  [B1. BRAF::B2. PTEN}[0m
13041 8127 cost: 100
[0;36m		[A1. GSK3B::A2. BRAF] ---  [B1. GSK3B::B2. BRAF}[0m
[0;36m		[A1. CDKN1B::A2. GSK3B] ---  [B1. CDKN1B::B2. GSK3B}[0m
13041 8883 cost: 100
[0;36m		[A1. GSK3B::A2. BRAF] ---  [B1. GSK3B::B2. BRAF}[0m
[0;36m		[A1. CREB1::A2. GSK3B] ---  [B1. CREB1::B2. GSK3B}[0m
13041 12096 cost: 100
[0;36m		[A1. GSK3B::A2. BRAF] ---  [B1. GSK3B::B2. BRAF}[0m
[0;36m		[A1. FOXO1::A2. GSK3B] ---  [B1. FOXO1::B2. GSK3B}[0m
13041 12474 cost: 100
[0;36m		[A1. GSK3B::A2. BRAF] ---  [B1. GSK3B::B2. BRAF}[0m
[0;36m		[A1. FOXO3::A2. GSK3B] ---  [B1. FOXO3::B2. GSK3B}[0m
1323 14553 cost: 100
[0;36m		[A1. APC::A2. GSK3B] ---  [B1. APC::B2. GSK3B}[0m
[0;36m		[A1. GSK3B::A2. HIF1A] ---  [B1. GSK3B::B2. HIF1A}[0m
1323 14742 cost: 100
[0;36m		[A1. APC::A2. GSK3B] ---  [B1. APC::B2. GSK3B}[0m
[0;36m		[A1. GSK3B::A2. LRP6] ---  [B1. GSK3B::B2. LRP6}[0m
1323 14931 cost: 100
[0;36m		[A1. APC::A2. GSK3B] ---  [B1. APC::B2. GSK3B}[0m
[0;36m		[A1. GSK3B::A2. MAPK1] ---  [B1. GSK3B::B2. MAPK1}[0m
1323 15120 cost: 100
[0;36m		[A1. APC::A2. GSK3B] ---  [B1. APC::B2. GSK3B}[0m
[0;36m		[A1. GSK3B::A2. MDM2] ---  [B1. GSK3B::B2. MDM2}[0m
1323 15309 cost: 100
[0;36m		[A1. APC::A2. GSK3B] ---  [B1. APC::B2. GSK3B}[0m
[0;36m		[A1. GSK3B::A2. NFE2L2] ---  [B1. GSK3B::B2. NFE2L2}[0m
1323 15498 cost: 100
[0;36m		[A1. APC::A2. GSK3B] ---  [B1. APC::B2. GSK3B}[0m
[0;36m		[A1. GSK3B::A2. PDPK1] ---  [B1. GSK3B::B2. PDPK1}[0m
1323 15687 cost: 100
[0;36m		[A1. APC::A2. GSK3B] ---  [B1. APC::B2. GSK3B}[0m
[0;36m		[A1. GSK3B::A2. PTEN] ---  [B1. GSK3B::B2. PTEN}[0m
1323 15876 cost: 100
[0;36m		[A1. APC::A2. GSK3B] ---  [B1. APC::B2. GSK3B}[0m
[0;36m		[A1. GSK3B::A2. SIRT1] ---  [B1. GSK3B::B2. SIRT1}[0m
1323 16065 cost: 100
[0;36m		[A1. APC::A2. GSK3B] ---  [B1. APC::B2. GSK3B}[0m
[0;36m		[A1. GSK3B::A2. SMAD2] ---  [B1. GSK3B::B2. SMAD2}[0m
1323 16254 cost: 100
[0;36m		[A1. APC::A2. GSK3B] ---  [B1. APC::B2. GSK3B}[0m
[0;36m		[A1. GSK3B::A2. YAP1] ---  [B1. GSK3B::B2. YAP1}[0m
14553 16632 cost: 100
[0;36m		[A1. GSK3B::A2. HIF1A] ---  [B1. GSK3B::B2. HIF1A}[0m
[0;36m		[A1. HIF1A::A2. KRAS] ---  [B1. HIF1A::B2. KRAS}[0m
20412 16821 cost: 100
[0;36m		[A1. LRRK2::A2. APC] ---  [B1. LRRK2::B2. APC}[0m
[0;36m		[A1. HIF1A::A2. LRRK2] ---  [B1. HIF1A::B2. LRRK2}[0m
14553 17010 cost: 100
[0;36m		[A1. GSK3B::A2. HIF1A] ---  [B1. GSK3B::B2. HIF1A}[0m
[0;36m		[A1. HIF1A::A2. PTEN] ---  [B1. HIF1A::B2. PTEN}[0m
14553 17199 cost: 100
[0;36m		[A1. GSK3B::A2. HIF1A] ---  [B1. GSK3B::B2. HIF1A}[0m
[0;36m		[A1. HIF1A::A2. SMAD4] ---  [B1. HIF1A::B2. SMAD4}[0m
6993 17955 cost: 100
[0;36m		[A1. CDC42::A2. ITGB1] ---  [B1. CDC42::B2. ITGB1}[0m
[0;36m		[A1. ITGB1::A2. PTEN] ---  [B1. ITGB1::B2. PTEN}[0m
1701 18711 cost: 100
[0;36m		[A1. APC::A2. KRAS] ---  [B1. APC::B2. KRAS}[0m
[0;36m		[A1. KRAS::A2. BCL2] ---  [B1. KRAS::B2. BCL2}[0m
18711 3969 cost: 100
[0;36m		[A1. KRAS::A2. BCL2] ---  [B1. KRAS::B2. BCL2}[0m
[0;36m		[A1. BCL2::A2. PTEN] ---  [B1. BCL2::B2. PTEN}[0m
18711 4158 cost: 100
[0;36m		[A1. KRAS::A2. BCL2] ---  [B1. KRAS::B2. BCL2}[0m
[0;36m		[A1. BCL2::A2. SMAD4] ---  [B1. BCL2::B2. SMAD4}[0m
18711 18144 cost: 100
[0;36m		[A1. KRAS::A2. BCL2] ---  [B1. KRAS::B2. BCL2}[0m
[0;36m		[A1. JAK2::A2. KRAS] ---  [B1. JAK2::B2. KRAS}[0m
1701 19656 cost: 100
[0;36m		[A1. APC::A2. KRAS] ---  [B1. APC::B2. KRAS}[0m
[0;36m		[A1. KRAS::A2. PIK3R1] ---  [B1. KRAS::B2. PIK3R1}[0m
14931 20979 cost: 100
[0;36m		[A1. GSK3B::A2. MAPK1] ---  [B1. GSK3B::B2. MAPK1}[0m
[0;36m		[A1. MAPK1::A2. PTEN] ---  [B1. MAPK1::B2. PTEN}[0m
14931 21168 cost: 100
[0;36m		[A1. GSK3B::A2. MAPK1] ---  [B1. GSK3B::B2. MAPK1}[0m
[0;36m		[A1. MAPK1::A2. SMAD4] ---  [B1. MAPK1::B2. SMAD4}[0m
15120 21546 cost: 100
[0;36m		[A1. GSK3B::A2. MDM2] ---  [B1. GSK3B::B2. MDM2}[0m
[0;36m		[A1. MDM2::A2. PTEN] ---  [B1. MDM2::B2. PTEN}[0m
15309 21924 cost: 100
[0;36m		[A1. GSK3B::A2. NFE2L2] ---  [B1. GSK3B::B2. NFE2L2}[0m
[0;36m		[A1. NFE2L2::A2. PTEN] ---  [B1. NFE2L2::B2. PTEN}[0m
15498 22302 cost: 100
[0;36m		[A1. GSK3B::A2. PDPK1] ---  [B1. GSK3B::B2. PDPK1}[0m
[0;36m		[A1. PDPK1::A2. PTEN] ---  [B1. PDPK1::B2. PTEN}[0m
7371 22680 cost: 100
[0;36m		[A1. CDC42::A2. PIK3CB] ---  [B1. CDC42::B2. PIK3CB}[0m
[0;36m		[A1. PIK3CB::A2. PTEN] ---  [B1. PIK3CB::B2. PTEN}[0m
19656 23058 cost: 100
[0;36m		[A1. KRAS::A2. PIK3R1] ---  [B1. KRAS::B2. PIK3R1}[0m
[0;36m		[A1. PIK3R1::A2. PTEN] ---  [B1. PIK3R1::B2. PTEN}[0m
0 23247 cost: 100
[0;36m		[A1. AGO1::A2. LRRK2] ---  [B1. AGO1::B2. LRRK2}[0m
[0;36m		[A1. PTEN::A2. AGO1] ---  [B1. PTEN::B2. AGO1}[0m
23247 3024 cost: 100
[0;36m		[A1. PTEN::A2. AGO1] ---  [B1. PTEN::B2. AGO1}[0m
[0;36m		[A1. ATM::A2. PTEN] ---  [B1. ATM::B2. PTEN}[0m
23247 3402 cost: 100
[0;36m		[A1. PTEN::A2. AGO1] ---  [B1. PTEN::B2. AGO1}[0m
[0;36m		[A1. ATRX::A2. PTEN] ---  [B1. ATRX::B2. PTEN}[0m
23247 4347 cost: 100
[0;36m		[A1. PTEN::A2. AGO1] ---  [B1. PTEN::B2. AGO1}[0m
[0;36m		[A1. BMPR1A::A2. PTEN] ---  [B1. BMPR1A::B2. PTEN}[0m
23247 8316 cost: 100
[0;36m		[A1. PTEN::A2. AGO1] ---  [B1. PTEN::B2. AGO1}[0m
[0;36m		[A1. CDKN1B::A2. PTEN] ---  [B1. CDKN1B::B2. PTEN}[0m
23247 9072 cost: 100
[0;36m		[A1. PTEN::A2. AGO1] ---  [B1. PTEN::B2. AGO1}[0m
[0;36m		[A1. CREB1::A2. PTEN] ---  [B1. CREB1::B2. PTEN}[0m
23247 12285 cost: 100
[0;36m		[A1. PTEN::A2. AGO1] ---  [B1. PTEN::B2. AGO1}[0m
[0;36m		[A1. FOXO1::A2. PTEN] ---  [B1. FOXO1::B2. PTEN}[0m
23247 12663 cost: 100
[0;36m		[A1. PTEN::A2. AGO1] ---  [B1. PTEN::B2. AGO1}[0m
[0;36m		[A1. FOXO3::A2. PTEN] ---  [B1. FOXO3::B2. PTEN}[0m
23247 18333 cost: 100
[0;36m		[A1. PTEN::A2. AGO1] ---  [B1. PTEN::B2. AGO1}[0m
[0;36m		[A1. JAK2::A2. PTEN] ---  [B1. JAK2::B2. PTEN}[0m
7560 27783 cost: 100
[0;36m		[A1. CDC42::A2. PTEN] ---  [B1. CDC42::B2. PTEN}[0m
[0;36m		[A1. PTEN::A2. RBPJ] ---  [B1. PTEN::B2. RBPJ}[0m
7560 27972 cost: 100
[0;36m		[A1. CDC42::A2. PTEN] ---  [B1. CDC42::B2. PTEN}[0m
[0;36m		[A1. PTEN::A2. SIRT1] ---  [B1. PTEN::B2. SIRT1}[0m
7560 28161 cost: 100
[0;36m		[A1. CDC42::A2. PTEN] ---  [B1. CDC42::B2. PTEN}[0m
[0;36m		[A1. PTEN::A2. SMAD2] ---  [B1. PTEN::B2. SMAD2}[0m
7560 28350 cost: 100
[0;36m		[A1. CDC42::A2. PTEN] ---  [B1. CDC42::B2. PTEN}[0m
[0;36m		[A1. PTEN::A2. SMAD4] ---  [B1. PTEN::B2. SMAD4}[0m
7560 28539 cost: 100
[0;36m		[A1. CDC42::A2. PTEN] ---  [B1. CDC42::B2. PTEN}[0m
[0;36m		[A1. PTEN::A2. TCF7L2] ---  [B1. PTEN::B2. TCF7L2}[0m
7560 28728 cost: 100
[0;36m		[A1. CDC42::A2. PTEN] ---  [B1. CDC42::B2. PTEN}[0m
[0;36m		[A1. PTEN::A2. TNKS] ---  [B1. PTEN::B2. TNKS}[0m
7560 28917 cost: 100
[0;36m		[A1. CDC42::A2. PTEN] ---  [B1. CDC42::B2. PTEN}[0m
[0;36m		[A1. PTEN::A2. YAP1] ---  [B1. PTEN::B2. YAP1}[0m
7560 29106 cost: 100
[0;36m		[A1. CDC42::A2. PTEN] ---  [B1. CDC42::B2. PTEN}[0m
[0;36m		[A1. PTEN::A2. ZEB1] ---  [B1. PTEN::B2. ZEB1}[0m
27783 29484 cost: 100
[0;36m		[A1. PTEN::A2. RBPJ] ---  [B1. PTEN::B2. RBPJ}[0m
[0;36m		[A1. RBPJ::A2. SMAD4] ---  [B1. RBPJ::B2. SMAD4}[0m
7749 30996 cost: 100
[0;36m		[A1. CDC42::A2. SMAD2] ---  [B1. CDC42::B2. SMAD2}[0m
[0;36m		[A1. SMAD2::A2. SMAD4] ---  [B1. SMAD2::B2. SMAD4}[0m
2268 31374 cost: 100
[0;36m		[A1. APC::A2. SMAD4] ---  [B1. APC::B2. SMAD4}[0m
[0;36m		[A1. SMAD4::A2. ATM] ---  [B1. SMAD4::B2. ATM}[0m
31374 4536 cost: 100
[0;36m		[A1. SMAD4::A2. ATM] ---  [B1. SMAD4::B2. ATM}[0m
[0;36m		[A1. BMPR1A::A2. SMAD4] ---  [B1. BMPR1A::B2. SMAD4}[0m
2268 33075 cost: 100
[0;36m		[A1. APC::A2. SMAD4] ---  [B1. APC::B2. SMAD4}[0m
[0;36m		[A1. SMAD4::A2. ZEB1] ---  [B1. SMAD4::B2. ZEB1}[0m
2646 33831 cost: 100
[0;36m		[A1. APC::A2. TCF7L2] ---  [B1. APC::B2. TCF7L2}[0m
[0;36m		[A1. TCF7L2::A2. CREB1] ---  [B1. TCF7L2::B2. CREB1}[0m
2835 34398 cost: 100
[0;36m		[A1. APC::A2. TNKS] ---  [B1. APC::B2. TNKS}[0m
[0;36m		[A1. TNKS::A2. ATRX] ---  [B1. TNKS::B2. ATRX}[0m
20412 567 cost: 104
[0;36m		[A1. LRRK2::A2. APC] ---  [B1. LRRK2::B2. APC}[0m
[0;36m		[A1. APC::A2. CCDC6] ---  [B1. APC::B2. CCDC6}[0m
20412 2457 cost: 104
[0;36m		[A1. LRRK2::A2. APC] ---  [B1. LRRK2::B2. APC}[0m
[0;36m		[A1. APC::A2. TBL1XR1] ---  [B1. APC::B2. TBL1XR1}[0m
13041 4725 cost: 104
[0;36m		[A1. GSK3B::A2. BRAF] ---  [B1. GSK3B::B2. BRAF}[0m
[0;36m		[A1. BRAF::A2. CCDC6] ---  [B1. BRAF::B2. CCDC6}[0m
11718 6426 cost: 104
[0;36m		[A1. FBXW7::A2. GSK3B] ---  [B1. FBXW7::B2. GSK3B}[0m
[0;36m		[A1. CCDC6::A2. FBXW7] ---  [B1. CCDC6::B2. FBXW7}[0m
27783 29673 cost: 104
[0;36m		[A1. PTEN::A2. RBPJ] ---  [B1. PTEN::B2. RBPJ}[0m
[0;36m		[A1. RBPJ::A2. TBL1XR1] ---  [B1. RBPJ::B2. TBL1XR1}[0m

Displayed tree score: 0.997854

Petal1:94	Petal2:94	treecost: 9320	 tree size:93
$RESULT$	PTEN	PTEN	norm_score:	0.997854
[0m
[11 min 15 sec] All done in 
