COMMAND: /Users/gurkan/Box/Research/INSPIRE/inspire-replication/src/INSPIRE /Users/gurkan/Box/Research/INSPIRE/inspire-replication/database/inspire.sqlite PTEN SMAD4 inspire_legacy_v1

GO normalization for inspire_legacy_v1: 14.1026
Loaded 5995 GO pair scores for inspire_legacy_v1
Create two petals
Begin PETAL setup
new petal PTEN (43)
# 94 interactions in PTEN
Done adding UniProt and Pfam annotations for PTEN.
new petal SMAD4 (25)
# 48 interactions in SMAD4
Done adding UniProt and Pfam annotations for SMAD4.
Petal Sizes: 43, 25
[1;32mPetal Name: [1;33mPTEN
[1;32mPetal Size: [1;33m43[0;31m
AGO1
APC
ATM
ATRX
BCL2
BMPR1A
BRAF
BTRC
CCDC6
CDC42
CDKN1B
CHUK
CREB1
EGFR
ERBIN
FBXW11
FBXW7
FOXO1
FOXO3
GSK3B
HIF1A
IQGAP1
ITGB1
JAK2
KRAS
LRP6
LRRK2
MAPK1
MDM2
NFE2L2
PDPK1
PIK3CB
PIK3R1
PTEN
RBPJ
SIRT1
SMAD2
SMAD4
TBL1XR1
TCF7L2
TNKS
YAP1
ZEB1
[0m---- 
[1;36mPetal Interactions[0;32m
1 BTRC	pp	APC
2 CCDC6	pp	APC
3 CCDC6	pp	BRAF
4 CDC42	pp	APC
5 CHUK	pp	BTRC
6 ERBIN	pp	APC
7 ERBIN	pp	CDC42
8 ERBIN	pp	EGFR
9 FBXW11	pp	APC
10 FBXW7	pp	BTRC
11 FBXW7	pp	CCDC6
12 GSK3B	pp	APC
13 GSK3B	pp	BRAF
14 GSK3B	pp	BTRC
15 GSK3B	pp	CDKN1B
16 GSK3B	pp	CREB1
17 GSK3B	pp	FBXW11
18 GSK3B	pp	FBXW7
19 GSK3B	pp	FOXO1
20 GSK3B	pp	FOXO3
21 HIF1A	pp	GSK3B
22 IQGAP1	pp	APC
23 IQGAP1	pp	EGFR
24 ITGB1	pp	CDC42
25 KRAS	pp	APC
26 KRAS	pp	BCL2
27 KRAS	pp	CDC42
28 KRAS	pp	EGFR
29 KRAS	pp	HIF1A
30 KRAS	pp	JAK2
31 LRP6	pp	APC
32 LRP6	pp	GSK3B
33 LRRK2	pp	AGO1
34 LRRK2	pp	APC
35 LRRK2	pp	HIF1A
36 MAPK1	pp	GSK3B
37 MDM2	pp	GSK3B
38 NFE2L2	pp	GSK3B
39 PDPK1	pp	GSK3B
40 PIK3CB	pp	CDC42
41 PIK3R1	pp	KRAS
42 PTEN	pp	AGO1
43 PTEN	pp	ATM
44 PTEN	pp	ATRX
45 PTEN	pp	BCL2
46 PTEN	pp	BMPR1A
47 PTEN	pp	BRAF
48 PTEN	pp	CDC42
49 PTEN	pp	CDKN1B
50 PTEN	pp	CHUK
51 PTEN	pp	CREB1
52 PTEN	pp	EGFR
53 PTEN	pp	FBXW7
54 PTEN	pp	FOXO1
55 PTEN	pp	FOXO3
56 PTEN	pp	GSK3B
57 PTEN	pp	HIF1A
58 PTEN	pp	ITGB1
59 PTEN	pp	JAK2
60 PTEN	pp	MAPK1
61 PTEN	pp	MDM2
62 PTEN	pp	NFE2L2
63 PTEN	pp	PDPK1
64 PTEN	pp	PIK3CB
65 PTEN	pp	PIK3R1
66 RBPJ	pp	PTEN
67 SIRT1	pp	GSK3B
68 SIRT1	pp	PTEN
69 SMAD2	pp	CDC42
70 SMAD2	pp	ERBIN
71 SMAD2	pp	GSK3B
72 SMAD2	pp	PTEN
73 SMAD4	pp	APC
74 SMAD4	pp	ATM
75 SMAD4	pp	BCL2
76 SMAD4	pp	BMPR1A
77 SMAD4	pp	CDC42
78 SMAD4	pp	HIF1A
79 SMAD4	pp	MAPK1
80 SMAD4	pp	PTEN
81 SMAD4	pp	RBPJ
82 SMAD4	pp	SMAD2
83 TBL1XR1	pp	APC
84 TBL1XR1	pp	RBPJ
85 TCF7L2	pp	APC
86 TCF7L2	pp	CREB1
87 TCF7L2	pp	PTEN
88 TNKS	pp	APC
89 TNKS	pp	ATRX
90 TNKS	pp	PTEN
91 YAP1	pp	GSK3B
92 YAP1	pp	PTEN
93 ZEB1	pp	PTEN
94 ZEB1	pp	SMAD4
[0m
[1;32mPetal Name: [1;33mSMAD4
[1;32mPetal Size: [1;33m25[0;31m
APC
BCL2
BTRC
CDC42
ERBIN
GSK3B
HIF1A
KRAS
LRRK2
MAP2K1
MAPK1
NCOR1
PTEN
RBPJ
SIAH1
SIN3A
SMAD1
SMAD2
SMAD4
SMURF2
SP1
TBL1XR1
TCF7L2
TNKS
WWTR1
[0m---- 
[1;36mPetal Interactions[0;32m
1 BTRC	pp	APC
2 CDC42	pp	APC
3 ERBIN	pp	APC
4 ERBIN	pp	CDC42
5 GSK3B	pp	APC
6 HIF1A	pp	GSK3B
7 KRAS	pp	APC
8 KRAS	pp	BCL2
9 KRAS	pp	HIF1A
10 LRRK2	pp	APC
11 LRRK2	pp	HIF1A
12 MAP2K1	pp	BTRC
13 MAP2K1	pp	CDC42
14 MAPK1	pp	GSK3B
15 PTEN	pp	CDC42
16 PTEN	pp	GSK3B
17 SIAH1	pp	APC
18 SIAH1	pp	HIF1A
19 SMAD1	pp	GSK3B
20 SMAD2	pp	CDC42
21 SMAD2	pp	ERBIN
22 SMAD2	pp	GSK3B
23 SMAD4	pp	APC
24 SMAD4	pp	BCL2
25 SMAD4	pp	CDC42
26 SMAD4	pp	HIF1A
27 SMAD4	pp	MAP2K1
28 SMAD4	pp	MAPK1
29 SMAD4	pp	NCOR1
30 SMAD4	pp	PTEN
31 SMAD4	pp	RBPJ
32 SMAD4	pp	SIN3A
33 SMAD4	pp	SMAD1
34 SMAD4	pp	SMAD2
35 SMURF2	pp	GSK3B
36 SMURF2	pp	SMAD4
37 SP1	pp	BTRC
38 SP1	pp	SMAD4
39 TBL1XR1	pp	APC
40 TBL1XR1	pp	NCOR1
41 TBL1XR1	pp	RBPJ
42 TBL1XR1	pp	SIN3A
43 TCF7L2	pp	APC
44 TCF7L2	pp	PTEN
45 TNKS	pp	APC
46 TNKS	pp	PTEN
47 WWTR1	pp	BTRC
48 WWTR1	pp	SMAD4
[0m
Done creating Petals.
petals are loaded
[1;32mAGE for [0;36mPTEN - SMAD4[0m
[0;35minitial size for AGE: 0[0m
counterPetal1 188
counterPetal2 96
counterPetal1*counterPetal2 18048
(*AGE).size()=18048
[0m---- 
[1;33mAGE nodes: 18048[0m
Allocate AGEgraph :  18048 x 18048	325730304 bytes

[0 min 0 sec] Nodes are done in 

[0 min 17 sec] Edges are done in 
0th run results (0) [new minumum]:0.371594
0 10382 cost: 606
[0;36m		[A1. AGO1::A2. LRRK2] ---  [B1. APC::B2. BTRC}[0m
[0;36m		[A1. LRRK2::A2. APC] ---  [B1. BTRC::B2. MAP2K1}[0m
10382 3474 cost: 465
[0;36m		[A1. LRRK2::A2. APC] ---  [B1. BTRC::B2. MAP2K1}[0m
[0;36m		[A1. CDC42::A2. ERBIN] ---  [B1. CDC42::B2. ERBIN}[0m
3474 5497 cost: 100
[0;36m		[A1. CDC42::A2. ERBIN] ---  [B1. CDC42::B2. ERBIN}[0m
[0;36m		[A1. ERBIN::A2. SMAD2] ---  [B1. ERBIN::B2. SMAD2}[0m
3474 12434 cost: 100
[0;36m		[A1. CDC42::A2. ERBIN] ---  [B1. CDC42::B2. ERBIN}[0m
[0;36m		[A1. PTEN::A2. CDC42] ---  [B1. PTEN::B2. CDC42}[0m
12434 3957 cost: 100
[0;36m		[A1. PTEN::A2. CDC42] ---  [B1. PTEN::B2. CDC42}[0m
[0;36m		[A1. CDC42::A2. SMAD2] ---  [B1. CDC42::B2. SMAD2}[0m
12434 4054 cost: 100
[0;36m		[A1. PTEN::A2. CDC42] ---  [B1. PTEN::B2. CDC42}[0m
[0;36m		[A1. CDC42::A2. SMAD4] ---  [B1. CDC42::B2. SMAD4}[0m
12434 7997 cost: 100
[0;36m		[A1. PTEN::A2. CDC42] ---  [B1. PTEN::B2. CDC42}[0m
[0;36m		[A1. GSK3B::A2. PTEN] ---  [B1. GSK3B::B2. PTEN}[0m
7997 8385 cost: 100
[0;36m		[A1. GSK3B::A2. PTEN] ---  [B1. GSK3B::B2. PTEN}[0m
[0;36m		[A1. HIF1A::A2. GSK3B] ---  [B1. HIF1A::B2. GSK3B}[0m
8385 7612 cost: 100
[0;36m		[A1. HIF1A::A2. GSK3B] ---  [B1. HIF1A::B2. GSK3B}[0m
[0;36m		[A1. GSK3B::A2. MAPK1] ---  [B1. GSK3B::B2. MAPK1}[0m
8385 8191 cost: 100
[0;36m		[A1. HIF1A::A2. GSK3B] ---  [B1. HIF1A::B2. GSK3B}[0m
[0;36m		[A1. GSK3B::A2. SMAD2] ---  [B1. GSK3B::B2. SMAD2}[0m
8385 9832 cost: 100
[0;36m		[A1. HIF1A::A2. GSK3B] ---  [B1. HIF1A::B2. GSK3B}[0m
[0;36m		[A1. KRAS::A2. HIF1A] ---  [B1. KRAS::B2. HIF1A}[0m
9832 1931 cost: 100
[0;36m		[A1. KRAS::A2. HIF1A] ---  [B1. KRAS::B2. HIF1A}[0m
[0;36m		[A1. BCL2::A2. KRAS] ---  [B1. BCL2::B2. KRAS}[0m
9832 8773 cost: 100
[0;36m		[A1. KRAS::A2. HIF1A] ---  [B1. KRAS::B2. HIF1A}[0m
[0;36m		[A1. HIF1A::A2. SMAD4] ---  [B1. HIF1A::B2. SMAD4}[0m
7612 10799 cost: 100
[0;36m		[A1. GSK3B::A2. MAPK1] ---  [B1. GSK3B::B2. MAPK1}[0m
[0;36m		[A1. MAPK1::A2. SMAD4] ---  [B1. MAPK1::B2. SMAD4}[0m
7997 14452 cost: 100
[0;36m		[A1. GSK3B::A2. PTEN] ---  [B1. GSK3B::B2. PTEN}[0m
[0;36m		[A1. PTEN::A2. SMAD4] ---  [B1. PTEN::B2. SMAD4}[0m
7997 14549 cost: 100
[0;36m		[A1. GSK3B::A2. PTEN] ---  [B1. GSK3B::B2. PTEN}[0m
[0;36m		[A1. PTEN::A2. TCF7L2] ---  [B1. PTEN::B2. TCF7L2}[0m
7997 14646 cost: 100
[0;36m		[A1. GSK3B::A2. PTEN] ---  [B1. GSK3B::B2. PTEN}[0m
[0;36m		[A1. PTEN::A2. TNKS] ---  [B1. PTEN::B2. TNKS}[0m
5497 15810 cost: 100
[0;36m		[A1. ERBIN::A2. SMAD2] ---  [B1. ERBIN::B2. SMAD2}[0m
[0;36m		[A1. SMAD2::A2. SMAD4] ---  [B1. SMAD2::B2. SMAD4}[0m
4054 16100 cost: 100
[0;36m		[A1. CDC42::A2. SMAD4] ---  [B1. CDC42::B2. SMAD4}[0m
[0;36m		[A1. SMAD4::A2. BCL2] ---  [B1. SMAD4::B2. BCL2}[0m
16100 15031 cost: 100
[0;36m		[A1. SMAD4::A2. BCL2] ---  [B1. SMAD4::B2. BCL2}[0m
[0;36m		[A1. RBPJ::A2. SMAD4] ---  [B1. RBPJ::B2. SMAD4}[0m
15031 17080 cost: 104
[0;36m		[A1. RBPJ::A2. SMAD4] ---  [B1. RBPJ::B2. SMAD4}[0m
[0;36m		[A1. TBL1XR1::A2. RBPJ] ---  [B1. TBL1XR1::B2. RBPJ}[0m
4054 16880 cost: 212
[0;36m		[A1. CDC42::A2. SMAD4] ---  [B1. CDC42::B2. SMAD4}[0m
[0;36m		[A1. SMAD4::A2. ZEB1] ---  [B1. SMAD4::B2. SP1}[0m
3474 428 cost: 217
[0;36m		[A1. CDC42::A2. ERBIN] ---  [B1. CDC42::B2. ERBIN}[0m
[0;36m		[A1. APC::A2. CDC42] ---  [B1. MAP2K1::B2. CDC42}[0m
16100 1197 cost: 217
[0;36m		[A1. SMAD4::A2. BCL2] ---  [B1. SMAD4::B2. BCL2}[0m
[0;36m		[A1. APC::A2. SMAD4] ---  [B1. MAP2K1::B2. SMAD4}[0m
16100 1639 cost: 217
[0;36m		[A1. SMAD4::A2. BCL2] ---  [B1. SMAD4::B2. BCL2}[0m
[0;36m		[A1. ATM::A2. SMAD4] ---  [B1. APC::B2. SMAD4}[0m
16100 2363 cost: 217
[0;36m		[A1. SMAD4::A2. BCL2] ---  [B1. SMAD4::B2. BCL2}[0m
[0;36m		[A1. BMPR1A::A2. SMAD4] ---  [B1. SIN3A::B2. SMAD4}[0m
7997 3058 cost: 217
[0;36m		[A1. GSK3B::A2. PTEN] ---  [B1. GSK3B::B2. PTEN}[0m
[0;36m		[A1. BTRC::A2. GSK3B] ---  [B1. SMURF2::B2. GSK3B}[0m
8385 7806 cost: 217
[0;36m		[A1. HIF1A::A2. GSK3B] ---  [B1. HIF1A::B2. GSK3B}[0m
[0;36m		[A1. GSK3B::A2. NFE2L2] ---  [B1. GSK3B::B2. SMAD1}[0m

Displayed tree score: 0.371594

3th run results (1) [new minumum]:0.483194
3 10491 cost: 500
[0;36m		[A1. AGO1::A2. LRRK2] ---  [B1. APC::B2. GSK3B}[0m
[0;36m		[A1. LRRK2::A2. HIF1A] ---  [B1. GSK3B::B2. HIF1A}[0m
10491 8482 cost: 190
[0;36m		[A1. LRRK2::A2. HIF1A] ---  [B1. GSK3B::B2. HIF1A}[0m
[0;36m		[A1. HIF1A::A2. KRAS] ---  [B1. HIF1A::B2. KRAS}[0m
8482 9446 cost: 100
[0;36m		[A1. HIF1A::A2. KRAS] ---  [B1. HIF1A::B2. KRAS}[0m
[0;36m		[A1. KRAS::A2. APC] ---  [B1. KRAS::B2. APC}[0m
9446 192 cost: 100
[0;36m		[A1. KRAS::A2. APC] ---  [B1. KRAS::B2. APC}[0m
[0;36m		[A1. APC::A2. BTRC] ---  [B1. APC::B2. BTRC}[0m
9446 385 cost: 100
[0;36m		[A1. KRAS::A2. APC] ---  [B1. KRAS::B2. APC}[0m
[0;36m		[A1. APC::A2. CDC42] ---  [B1. APC::B2. CDC42}[0m
9446 482 cost: 100
[0;36m		[A1. KRAS::A2. APC] ---  [B1. KRAS::B2. APC}[0m
[0;36m		[A1. APC::A2. ERBIN] ---  [B1. APC::B2. ERBIN}[0m
9446 1159 cost: 100
[0;36m		[A1. KRAS::A2. APC] ---  [B1. KRAS::B2. APC}[0m
[0;36m		[A1. APC::A2. SMAD4] ---  [B1. APC::B2. SMAD4}[0m
9446 1353 cost: 100
[0;36m		[A1. KRAS::A2. APC] ---  [B1. KRAS::B2. APC}[0m
[0;36m		[A1. APC::A2. TCF7L2] ---  [B1. APC::B2. TCF7L2}[0m
9446 1450 cost: 100
[0;36m		[A1. KRAS::A2. APC] ---  [B1. KRAS::B2. APC}[0m
[0;36m		[A1. APC::A2. TNKS] ---  [B1. APC::B2. TNKS}[0m
9446 1931 cost: 100
[0;36m		[A1. KRAS::A2. APC] ---  [B1. KRAS::B2. APC}[0m
[0;36m		[A1. BCL2::A2. KRAS] ---  [B1. BCL2::B2. KRAS}[0m
385 3474 cost: 100
[0;36m		[A1. APC::A2. CDC42] ---  [B1. APC::B2. CDC42}[0m
[0;36m		[A1. CDC42::A2. ERBIN] ---  [B1. CDC42::B2. ERBIN}[0m
385 3860 cost: 100
[0;36m		[A1. APC::A2. CDC42] ---  [B1. APC::B2. CDC42}[0m
[0;36m		[A1. CDC42::A2. PTEN] ---  [B1. CDC42::B2. PTEN}[0m
385 3957 cost: 100
[0;36m		[A1. APC::A2. CDC42] ---  [B1. APC::B2. CDC42}[0m
[0;36m		[A1. CDC42::A2. SMAD2] ---  [B1. CDC42::B2. SMAD2}[0m
385 4054 cost: 100
[0;36m		[A1. APC::A2. CDC42] ---  [B1. APC::B2. CDC42}[0m
[0;36m		[A1. CDC42::A2. SMAD4] ---  [B1. CDC42::B2. SMAD4}[0m
482 5497 cost: 100
[0;36m		[A1. APC::A2. ERBIN] ---  [B1. APC::B2. ERBIN}[0m
[0;36m		[A1. ERBIN::A2. SMAD2] ---  [B1. ERBIN::B2. SMAD2}[0m
3860 14452 cost: 100
[0;36m		[A1. CDC42::A2. PTEN] ---  [B1. CDC42::B2. PTEN}[0m
[0;36m		[A1. PTEN::A2. SMAD4] ---  [B1. PTEN::B2. SMAD4}[0m
3860 14549 cost: 100
[0;36m		[A1. CDC42::A2. PTEN] ---  [B1. CDC42::B2. PTEN}[0m
[0;36m		[A1. PTEN::A2. TCF7L2] ---  [B1. PTEN::B2. TCF7L2}[0m
3860 14646 cost: 100
[0;36m		[A1. CDC42::A2. PTEN] ---  [B1. CDC42::B2. PTEN}[0m
[0;36m		[A1. PTEN::A2. TNKS] ---  [B1. PTEN::B2. TNKS}[0m
3957 15810 cost: 100
[0;36m		[A1. CDC42::A2. SMAD2] ---  [B1. CDC42::B2. SMAD2}[0m
[0;36m		[A1. SMAD2::A2. SMAD4] ---  [B1. SMAD2::B2. SMAD4}[0m
1159 16100 cost: 100
[0;36m		[A1. APC::A2. SMAD4] ---  [B1. APC::B2. SMAD4}[0m
[0;36m		[A1. SMAD4::A2. BCL2] ---  [B1. SMAD4::B2. BCL2}[0m
16100 8773 cost: 100
[0;36m		[A1. SMAD4::A2. BCL2] ---  [B1. SMAD4::B2. BCL2}[0m
[0;36m		[A1. HIF1A::A2. SMAD4] ---  [B1. HIF1A::B2. SMAD4}[0m
16100 10799 cost: 100
[0;36m		[A1. SMAD4::A2. BCL2] ---  [B1. SMAD4::B2. BCL2}[0m
[0;36m		[A1. MAPK1::A2. SMAD4] ---  [B1. MAPK1::B2. SMAD4}[0m
16100 15031 cost: 100
[0;36m		[A1. SMAD4::A2. BCL2] ---  [B1. SMAD4::B2. BCL2}[0m
[0;36m		[A1. RBPJ::A2. SMAD4] ---  [B1. RBPJ::B2. SMAD4}[0m
9446 1256 cost: 104
[0;36m		[A1. KRAS::A2. APC] ---  [B1. KRAS::B2. APC}[0m
[0;36m		[A1. APC::A2. TBL1XR1] ---  [B1. APC::B2. TBL1XR1}[0m
192 2990 cost: 104
[0;36m		[A1. APC::A2. BTRC] ---  [B1. APC::B2. BTRC}[0m
[0;36m		[A1. BTRC::A2. GSK3B] ---  [B1. BTRC::B2. MAP2K1}[0m
15031 17080 cost: 104
[0;36m		[A1. RBPJ::A2. SMAD4] ---  [B1. RBPJ::B2. SMAD4}[0m
[0;36m		[A1. TBL1XR1::A2. RBPJ] ---  [B1. TBL1XR1::B2. RBPJ}[0m
1159 16880 cost: 212
[0;36m		[A1. APC::A2. SMAD4] ---  [B1. APC::B2. SMAD4}[0m
[0;36m		[A1. SMAD4::A2. ZEB1] ---  [B1. SMAD4::B2. SP1}[0m
9446 773 cost: 217
[0;36m		[A1. KRAS::A2. APC] ---  [B1. KRAS::B2. APC}[0m
[0;36m		[A1. APC::A2. IQGAP1] ---  [B1. APC::B2. LRRK2}[0m
16100 1680 cost: 217
[0;36m		[A1. SMAD4::A2. BCL2] ---  [B1. SMAD4::B2. BCL2}[0m
[0;36m		[A1. ATM::A2. SMAD4] ---  [B1. NCOR1::B2. SMAD4}[0m
16100 2363 cost: 217
[0;36m		[A1. SMAD4::A2. BCL2] ---  [B1. SMAD4::B2. BCL2}[0m
[0;36m		[A1. BMPR1A::A2. SMAD4] ---  [B1. SIN3A::B2. SMAD4}[0m
192 2896 cost: 259
[0;36m		[A1. APC::A2. BTRC] ---  [B1. APC::B2. BTRC}[0m
[0;36m		[A1. BTRC::A2. FBXW7] ---  [B1. BTRC::B2. WWTR1}[0m
9446 966 cost: 285
[0;36m		[A1. KRAS::A2. APC] ---  [B1. KRAS::B2. APC}[0m
[0;36m		[A1. APC::A2. LRP6] ---  [B1. APC::B2. SIAH1}[0m

Displayed tree score: 0.483194

4th run results (2) [new minumum]:0.582088
4 8385 cost: 555
[0;36m		[A1. AGO1::A2. LRRK2] ---  [B1. APC::B2. KRAS}[0m
[0;36m		[A1. HIF1A::A2. GSK3B] ---  [B1. HIF1A::B2. GSK3B}[0m
8385 6554 cost: 100
[0;36m		[A1. HIF1A::A2. GSK3B] ---  [B1. HIF1A::B2. GSK3B}[0m
[0;36m		[A1. GSK3B::A2. APC] ---  [B1. GSK3B::B2. APC}[0m
6554 192 cost: 100
[0;36m		[A1. GSK3B::A2. APC] ---  [B1. GSK3B::B2. APC}[0m
[0;36m		[A1. APC::A2. BTRC] ---  [B1. APC::B2. BTRC}[0m
6554 385 cost: 100
[0;36m		[A1. GSK3B::A2. APC] ---  [B1. GSK3B::B2. APC}[0m
[0;36m		[A1. APC::A2. CDC42] ---  [B1. APC::B2. CDC42}[0m
6554 482 cost: 100
[0;36m		[A1. GSK3B::A2. APC] ---  [B1. GSK3B::B2. APC}[0m
[0;36m		[A1. APC::A2. ERBIN] ---  [B1. APC::B2. ERBIN}[0m
6554 1061 cost: 100
[0;36m		[A1. GSK3B::A2. APC] ---  [B1. GSK3B::B2. APC}[0m
[0;36m		[A1. APC::A2. LRRK2] ---  [B1. APC::B2. LRRK2}[0m
6554 1159 cost: 100
[0;36m		[A1. GSK3B::A2. APC] ---  [B1. GSK3B::B2. APC}[0m
[0;36m		[A1. APC::A2. SMAD4] ---  [B1. APC::B2. SMAD4}[0m
6554 1353 cost: 100
[0;36m		[A1. GSK3B::A2. APC] ---  [B1. GSK3B::B2. APC}[0m
[0;36m		[A1. APC::A2. TCF7L2] ---  [B1. APC::B2. TCF7L2}[0m
6554 1450 cost: 100
[0;36m		[A1. GSK3B::A2. APC] ---  [B1. GSK3B::B2. APC}[0m
[0;36m		[A1. APC::A2. TNKS] ---  [B1. APC::B2. TNKS}[0m
385 3474 cost: 100
[0;36m		[A1. APC::A2. CDC42] ---  [B1. APC::B2. CDC42}[0m
[0;36m		[A1. CDC42::A2. ERBIN] ---  [B1. CDC42::B2. ERBIN}[0m
385 3860 cost: 100
[0;36m		[A1. APC::A2. CDC42] ---  [B1. APC::B2. CDC42}[0m
[0;36m		[A1. CDC42::A2. PTEN] ---  [B1. CDC42::B2. PTEN}[0m
385 3957 cost: 100
[0;36m		[A1. APC::A2. CDC42] ---  [B1. APC::B2. CDC42}[0m
[0;36m		[A1. CDC42::A2. SMAD2] ---  [B1. CDC42::B2. SMAD2}[0m
385 4054 cost: 100
[0;36m		[A1. APC::A2. CDC42] ---  [B1. APC::B2. CDC42}[0m
[0;36m		[A1. CDC42::A2. SMAD4] ---  [B1. CDC42::B2. SMAD4}[0m
482 5497 cost: 100
[0;36m		[A1. APC::A2. ERBIN] ---  [B1. APC::B2. ERBIN}[0m
[0;36m		[A1. ERBIN::A2. SMAD2] ---  [B1. ERBIN::B2. SMAD2}[0m
8385 7612 cost: 100
[0;36m		[A1. HIF1A::A2. GSK3B] ---  [B1. HIF1A::B2. GSK3B}[0m
[0;36m		[A1. GSK3B::A2. MAPK1] ---  [B1. GSK3B::B2. MAPK1}[0m
8385 7997 cost: 100
[0;36m		[A1. HIF1A::A2. GSK3B] ---  [B1. HIF1A::B2. GSK3B}[0m
[0;36m		[A1. GSK3B::A2. PTEN] ---  [B1. GSK3B::B2. PTEN}[0m
8385 8191 cost: 100
[0;36m		[A1. HIF1A::A2. GSK3B] ---  [B1. HIF1A::B2. GSK3B}[0m
[0;36m		[A1. GSK3B::A2. SMAD2] ---  [B1. GSK3B::B2. SMAD2}[0m
8385 9832 cost: 100
[0;36m		[A1. HIF1A::A2. GSK3B] ---  [B1. HIF1A::B2. GSK3B}[0m
[0;36m		[A1. KRAS::A2. HIF1A] ---  [B1. KRAS::B2. HIF1A}[0m
9832 1931 cost: 100
[0;36m		[A1. KRAS::A2. HIF1A] ---  [B1. KRAS::B2. HIF1A}[0m
[0;36m		[A1. BCL2::A2. KRAS] ---  [B1. BCL2::B2. KRAS}[0m
9832 8579 cost: 100
[0;36m		[A1. KRAS::A2. HIF1A] ---  [B1. KRAS::B2. HIF1A}[0m
[0;36m		[A1. HIF1A::A2. LRRK2] ---  [B1. HIF1A::B2. LRRK2}[0m
9832 8773 cost: 100
[0;36m		[A1. KRAS::A2. HIF1A] ---  [B1. KRAS::B2. HIF1A}[0m
[0;36m		[A1. HIF1A::A2. SMAD4] ---  [B1. HIF1A::B2. SMAD4}[0m
7612 10799 cost: 100
[0;36m		[A1. GSK3B::A2. MAPK1] ---  [B1. GSK3B::B2. MAPK1}[0m
[0;36m		[A1. MAPK1::A2. SMAD4] ---  [B1. MAPK1::B2. SMAD4}[0m
3860 14452 cost: 100
[0;36m		[A1. CDC42::A2. PTEN] ---  [B1. CDC42::B2. PTEN}[0m
[0;36m		[A1. PTEN::A2. SMAD4] ---  [B1. PTEN::B2. SMAD4}[0m
3860 14549 cost: 100
[0;36m		[A1. CDC42::A2. PTEN] ---  [B1. CDC42::B2. PTEN}[0m
[0;36m		[A1. PTEN::A2. TCF7L2] ---  [B1. PTEN::B2. TCF7L2}[0m
3860 14646 cost: 100
[0;36m		[A1. CDC42::A2. PTEN] ---  [B1. CDC42::B2. PTEN}[0m
[0;36m		[A1. PTEN::A2. TNKS] ---  [B1. PTEN::B2. TNKS}[0m
3957 15810 cost: 100
[0;36m		[A1. CDC42::A2. SMAD2] ---  [B1. CDC42::B2. SMAD2}[0m
[0;36m		[A1. SMAD2::A2. SMAD4] ---  [B1. SMAD2::B2. SMAD4}[0m
1159 16100 cost: 100
[0;36m		[A1. APC::A2. SMAD4] ---  [B1. APC::B2. SMAD4}[0m
[0;36m		[A1. SMAD4::A2. BCL2] ---  [B1. SMAD4::B2. BCL2}[0m
16100 15031 cost: 100
[0;36m		[A1. SMAD4::A2. BCL2] ---  [B1. SMAD4::B2. BCL2}[0m
[0;36m		[A1. RBPJ::A2. SMAD4] ---  [B1. RBPJ::B2. SMAD4}[0m
6554 1256 cost: 104
[0;36m		[A1. GSK3B::A2. APC] ---  [B1. GSK3B::B2. APC}[0m
[0;36m		[A1. APC::A2. TBL1XR1] ---  [B1. APC::B2. TBL1XR1}[0m
15031 17080 cost: 104
[0;36m		[A1. RBPJ::A2. SMAD4] ---  [B1. RBPJ::B2. SMAD4}[0m
[0;36m		[A1. TBL1XR1::A2. RBPJ] ---  [B1. TBL1XR1::B2. RBPJ}[0m
192 2798 cost: 176
[0;36m		[A1. APC::A2. BTRC] ---  [B1. APC::B2. BTRC}[0m
[0;36m		[A1. BTRC::A2. CHUK] ---  [B1. BTRC::B2. MAP2K1}[0m
1159 16880 cost: 212
[0;36m		[A1. APC::A2. SMAD4] ---  [B1. APC::B2. SMAD4}[0m
[0;36m		[A1. SMAD4::A2. ZEB1] ---  [B1. SMAD4::B2. SP1}[0m
16100 1680 cost: 217
[0;36m		[A1. SMAD4::A2. BCL2] ---  [B1. SMAD4::B2. BCL2}[0m
[0;36m		[A1. ATM::A2. SMAD4] ---  [B1. NCOR1::B2. SMAD4}[0m
16100 2363 cost: 217
[0;36m		[A1. SMAD4::A2. BCL2] ---  [B1. SMAD4::B2. BCL2}[0m
[0;36m		[A1. BMPR1A::A2. SMAD4] ---  [B1. SIN3A::B2. SMAD4}[0m
6554 6034 cost: 217
[0;36m		[A1. GSK3B::A2. APC] ---  [B1. GSK3B::B2. APC}[0m
[0;36m		[A1. FBXW7::A2. GSK3B] ---  [B1. SMURF2::B2. GSK3B}[0m
8385 7806 cost: 217
[0;36m		[A1. HIF1A::A2. GSK3B] ---  [B1. HIF1A::B2. GSK3B}[0m
[0;36m		[A1. GSK3B::A2. NFE2L2] ---  [B1. GSK3B::B2. SMAD1}[0m
6554 966 cost: 285
[0;36m		[A1. GSK3B::A2. APC] ---  [B1. GSK3B::B2. APC}[0m
[0;36m		[A1. APC::A2. LRP6] ---  [B1. APC::B2. SIAH1}[0m

Displayed tree score: 0.582088

5th run results (3) [new minumum]:0.620397
5 10506 cost: 246
[0;36m		[A1. AGO1::A2. LRRK2] ---  [B1. APC::B2. LRRK2}[0m
[0;36m		[A1. LRRK2::A2. HIF1A] ---  [B1. LRRK2::B2. HIF1A}[0m
10506 8385 cost: 100
[0;36m		[A1. LRRK2::A2. HIF1A] ---  [B1. LRRK2::B2. HIF1A}[0m
[0;36m		[A1. HIF1A::A2. GSK3B] ---  [B1. HIF1A::B2. GSK3B}[0m
8385 6554 cost: 100
[0;36m		[A1. HIF1A::A2. GSK3B] ---  [B1. HIF1A::B2. GSK3B}[0m
[0;36m		[A1. GSK3B::A2. APC] ---  [B1. GSK3B::B2. APC}[0m
6554 192 cost: 100
[0;36m		[A1. GSK3B::A2. APC] ---  [B1. GSK3B::B2. APC}[0m
[0;36m		[A1. APC::A2. BTRC] ---  [B1. APC::B2. BTRC}[0m
6554 385 cost: 100
[0;36m		[A1. GSK3B::A2. APC] ---  [B1. GSK3B::B2. APC}[0m
[0;36m		[A1. APC::A2. CDC42] ---  [B1. APC::B2. CDC42}[0m
6554 482 cost: 100
[0;36m		[A1. GSK3B::A2. APC] ---  [B1. GSK3B::B2. APC}[0m
[0;36m		[A1. APC::A2. ERBIN] ---  [B1. APC::B2. ERBIN}[0m
6554 868 cost: 100
[0;36m		[A1. GSK3B::A2. APC] ---  [B1. GSK3B::B2. APC}[0m
[0;36m		[A1. APC::A2. KRAS] ---  [B1. APC::B2. KRAS}[0m
6554 1159 cost: 100
[0;36m		[A1. GSK3B::A2. APC] ---  [B1. GSK3B::B2. APC}[0m
[0;36m		[A1. APC::A2. SMAD4] ---  [B1. APC::B2. SMAD4}[0m
6554 1353 cost: 100
[0;36m		[A1. GSK3B::A2. APC] ---  [B1. GSK3B::B2. APC}[0m
[0;36m		[A1. APC::A2. TCF7L2] ---  [B1. APC::B2. TCF7L2}[0m
6554 1450 cost: 100
[0;36m		[A1. GSK3B::A2. APC] ---  [B1. GSK3B::B2. APC}[0m
[0;36m		[A1. APC::A2. TNKS] ---  [B1. APC::B2. TNKS}[0m
385 3474 cost: 100
[0;36m		[A1. APC::A2. CDC42] ---  [B1. APC::B2. CDC42}[0m
[0;36m		[A1. CDC42::A2. ERBIN] ---  [B1. CDC42::B2. ERBIN}[0m
385 3860 cost: 100
[0;36m		[A1. APC::A2. CDC42] ---  [B1. APC::B2. CDC42}[0m
[0;36m		[A1. CDC42::A2. PTEN] ---  [B1. CDC42::B2. PTEN}[0m
385 3957 cost: 100
[0;36m		[A1. APC::A2. CDC42] ---  [B1. APC::B2. CDC42}[0m
[0;36m		[A1. CDC42::A2. SMAD2] ---  [B1. CDC42::B2. SMAD2}[0m
385 4054 cost: 100
[0;36m		[A1. APC::A2. CDC42] ---  [B1. APC::B2. CDC42}[0m
[0;36m		[A1. CDC42::A2. SMAD4] ---  [B1. CDC42::B2. SMAD4}[0m
482 5497 cost: 100
[0;36m		[A1. APC::A2. ERBIN] ---  [B1. APC::B2. ERBIN}[0m
[0;36m		[A1. ERBIN::A2. SMAD2] ---  [B1. ERBIN::B2. SMAD2}[0m
8385 7612 cost: 100
[0;36m		[A1. HIF1A::A2. GSK3B] ---  [B1. HIF1A::B2. GSK3B}[0m
[0;36m		[A1. GSK3B::A2. MAPK1] ---  [B1. GSK3B::B2. MAPK1}[0m
8385 7997 cost: 100
[0;36m		[A1. HIF1A::A2. GSK3B] ---  [B1. HIF1A::B2. GSK3B}[0m
[0;36m		[A1. GSK3B::A2. PTEN] ---  [B1. GSK3B::B2. PTEN}[0m
8385 8191 cost: 100
[0;36m		[A1. HIF1A::A2. GSK3B] ---  [B1. HIF1A::B2. GSK3B}[0m
[0;36m		[A1. GSK3B::A2. SMAD2] ---  [B1. GSK3B::B2. SMAD2}[0m
10506 8482 cost: 100
[0;36m		[A1. LRRK2::A2. HIF1A] ---  [B1. LRRK2::B2. HIF1A}[0m
[0;36m		[A1. HIF1A::A2. KRAS] ---  [B1. HIF1A::B2. KRAS}[0m
10506 8773 cost: 100
[0;36m		[A1. LRRK2::A2. HIF1A] ---  [B1. LRRK2::B2. HIF1A}[0m
[0;36m		[A1. HIF1A::A2. SMAD4] ---  [B1. HIF1A::B2. SMAD4}[0m
868 9543 cost: 100
[0;36m		[A1. APC::A2. KRAS] ---  [B1. APC::B2. KRAS}[0m
[0;36m		[A1. KRAS::A2. BCL2] ---  [B1. KRAS::B2. BCL2}[0m
9543 2124 cost: 100
[0;36m		[A1. KRAS::A2. BCL2] ---  [B1. KRAS::B2. BCL2}[0m
[0;36m		[A1. BCL2::A2. SMAD4] ---  [B1. BCL2::B2. SMAD4}[0m
7612 10799 cost: 100
[0;36m		[A1. GSK3B::A2. MAPK1] ---  [B1. GSK3B::B2. MAPK1}[0m
[0;36m		[A1. MAPK1::A2. SMAD4] ---  [B1. MAPK1::B2. SMAD4}[0m
3860 14452 cost: 100
[0;36m		[A1. CDC42::A2. PTEN] ---  [B1. CDC42::B2. PTEN}[0m
[0;36m		[A1. PTEN::A2. SMAD4] ---  [B1. PTEN::B2. SMAD4}[0m
3860 14549 cost: 100
[0;36m		[A1. CDC42::A2. PTEN] ---  [B1. CDC42::B2. PTEN}[0m
[0;36m		[A1. PTEN::A2. TCF7L2] ---  [B1. PTEN::B2. TCF7L2}[0m
3860 14646 cost: 100
[0;36m		[A1. CDC42::A2. PTEN] ---  [B1. CDC42::B2. PTEN}[0m
[0;36m		[A1. PTEN::A2. TNKS] ---  [B1. PTEN::B2. TNKS}[0m
3957 15810 cost: 100
[0;36m		[A1. CDC42::A2. SMAD2] ---  [B1. CDC42::B2. SMAD2}[0m
[0;36m		[A1. SMAD2::A2. SMAD4] ---  [B1. SMAD2::B2. SMAD4}[0m
1159 16683 cost: 100
[0;36m		[A1. APC::A2. SMAD4] ---  [B1. APC::B2. SMAD4}[0m
[0;36m		[A1. SMAD4::A2. RBPJ] ---  [B1. SMAD4::B2. RBPJ}[0m
6554 1256 cost: 104
[0;36m		[A1. GSK3B::A2. APC] ---  [B1. GSK3B::B2. APC}[0m
[0;36m		[A1. APC::A2. TBL1XR1] ---  [B1. APC::B2. TBL1XR1}[0m
16683 15128 cost: 104
[0;36m		[A1. SMAD4::A2. RBPJ] ---  [B1. SMAD4::B2. RBPJ}[0m
[0;36m		[A1. RBPJ::A2. TBL1XR1] ---  [B1. RBPJ::B2. TBL1XR1}[0m
192 2798 cost: 176
[0;36m		[A1. APC::A2. BTRC] ---  [B1. APC::B2. BTRC}[0m
[0;36m		[A1. BTRC::A2. CHUK] ---  [B1. BTRC::B2. MAP2K1}[0m
1159 16880 cost: 212
[0;36m		[A1. APC::A2. SMAD4] ---  [B1. APC::B2. SMAD4}[0m
[0;36m		[A1. SMAD4::A2. ZEB1] ---  [B1. SMAD4::B2. SP1}[0m
16683 1680 cost: 217
[0;36m		[A1. SMAD4::A2. RBPJ] ---  [B1. SMAD4::B2. RBPJ}[0m
[0;36m		[A1. ATM::A2. SMAD4] ---  [B1. NCOR1::B2. SMAD4}[0m
16683 2363 cost: 217
[0;36m		[A1. SMAD4::A2. RBPJ] ---  [B1. SMAD4::B2. RBPJ}[0m
[0;36m		[A1. BMPR1A::A2. SMAD4] ---  [B1. SIN3A::B2. SMAD4}[0m
6554 6034 cost: 217
[0;36m		[A1. GSK3B::A2. APC] ---  [B1. GSK3B::B2. APC}[0m
[0;36m		[A1. FBXW7::A2. GSK3B] ---  [B1. SMURF2::B2. GSK3B}[0m
8385 7806 cost: 217
[0;36m		[A1. HIF1A::A2. GSK3B] ---  [B1. HIF1A::B2. GSK3B}[0m
[0;36m		[A1. GSK3B::A2. NFE2L2] ---  [B1. GSK3B::B2. SMAD1}[0m
6554 966 cost: 285
[0;36m		[A1. GSK3B::A2. APC] ---  [B1. GSK3B::B2. APC}[0m
[0;36m		[A1. APC::A2. LRP6] ---  [B1. APC::B2. SIAH1}[0m

Displayed tree score: 0.620397

35th run results (4) [new minumum]:0.621854
35 10409 cost: 235
[0;36m		[A1. AGO1::A2. LRRK2] ---  [B1. HIF1A::B2. LRRK2}[0m
[0;36m		[A1. LRRK2::A2. APC] ---  [B1. LRRK2::B2. APC}[0m
10409 192 cost: 100
[0;36m		[A1. LRRK2::A2. APC] ---  [B1. LRRK2::B2. APC}[0m
[0;36m		[A1. APC::A2. BTRC] ---  [B1. APC::B2. BTRC}[0m
10409 385 cost: 100
[0;36m		[A1. LRRK2::A2. APC] ---  [B1. LRRK2::B2. APC}[0m
[0;36m		[A1. APC::A2. CDC42] ---  [B1. APC::B2. CDC42}[0m
10409 482 cost: 100
[0;36m		[A1. LRRK2::A2. APC] ---  [B1. LRRK2::B2. APC}[0m
[0;36m		[A1. APC::A2. ERBIN] ---  [B1. APC::B2. ERBIN}[0m
10409 675 cost: 100
[0;36m		[A1. LRRK2::A2. APC] ---  [B1. LRRK2::B2. APC}[0m
[0;36m		[A1. APC::A2. GSK3B] ---  [B1. APC::B2. GSK3B}[0m
10409 868 cost: 100
[0;36m		[A1. LRRK2::A2. APC] ---  [B1. LRRK2::B2. APC}[0m
[0;36m		[A1. APC::A2. KRAS] ---  [B1. APC::B2. KRAS}[0m
10409 1159 cost: 100
[0;36m		[A1. LRRK2::A2. APC] ---  [B1. LRRK2::B2. APC}[0m
[0;36m		[A1. APC::A2. SMAD4] ---  [B1. APC::B2. SMAD4}[0m
10409 1353 cost: 100
[0;36m		[A1. LRRK2::A2. APC] ---  [B1. LRRK2::B2. APC}[0m
[0;36m		[A1. APC::A2. TCF7L2] ---  [B1. APC::B2. TCF7L2}[0m
10409 1450 cost: 100
[0;36m		[A1. LRRK2::A2. APC] ---  [B1. LRRK2::B2. APC}[0m
[0;36m		[A1. APC::A2. TNKS] ---  [B1. APC::B2. TNKS}[0m
385 3474 cost: 100
[0;36m		[A1. APC::A2. CDC42] ---  [B1. APC::B2. CDC42}[0m
[0;36m		[A1. CDC42::A2. ERBIN] ---  [B1. CDC42::B2. ERBIN}[0m
385 3860 cost: 100
[0;36m		[A1. APC::A2. CDC42] ---  [B1. APC::B2. CDC42}[0m
[0;36m		[A1. CDC42::A2. PTEN] ---  [B1. CDC42::B2. PTEN}[0m
385 3957 cost: 100
[0;36m		[A1. APC::A2. CDC42] ---  [B1. APC::B2. CDC42}[0m
[0;36m		[A1. CDC42::A2. SMAD2] ---  [B1. CDC42::B2. SMAD2}[0m
385 4054 cost: 100
[0;36m		[A1. APC::A2. CDC42] ---  [B1. APC::B2. CDC42}[0m
[0;36m		[A1. CDC42::A2. SMAD4] ---  [B1. CDC42::B2. SMAD4}[0m
482 5497 cost: 100
[0;36m		[A1. APC::A2. ERBIN] ---  [B1. APC::B2. ERBIN}[0m
[0;36m		[A1. ERBIN::A2. SMAD2] ---  [B1. ERBIN::B2. SMAD2}[0m
675 7419 cost: 100
[0;36m		[A1. APC::A2. GSK3B] ---  [B1. APC::B2. GSK3B}[0m
[0;36m		[A1. GSK3B::A2. HIF1A] ---  [B1. GSK3B::B2. HIF1A}[0m
675 7612 cost: 100
[0;36m		[A1. APC::A2. GSK3B] ---  [B1. APC::B2. GSK3B}[0m
[0;36m		[A1. GSK3B::A2. MAPK1] ---  [B1. GSK3B::B2. MAPK1}[0m
675 7997 cost: 100
[0;36m		[A1. APC::A2. GSK3B] ---  [B1. APC::B2. GSK3B}[0m
[0;36m		[A1. GSK3B::A2. PTEN] ---  [B1. GSK3B::B2. PTEN}[0m
675 8191 cost: 100
[0;36m		[A1. APC::A2. GSK3B] ---  [B1. APC::B2. GSK3B}[0m
[0;36m		[A1. GSK3B::A2. SMAD2] ---  [B1. GSK3B::B2. SMAD2}[0m
7419 8482 cost: 100
[0;36m		[A1. GSK3B::A2. HIF1A] ---  [B1. GSK3B::B2. HIF1A}[0m
[0;36m		[A1. HIF1A::A2. KRAS] ---  [B1. HIF1A::B2. KRAS}[0m
7419 8773 cost: 100
[0;36m		[A1. GSK3B::A2. HIF1A] ---  [B1. GSK3B::B2. HIF1A}[0m
[0;36m		[A1. HIF1A::A2. SMAD4] ---  [B1. HIF1A::B2. SMAD4}[0m
868 9543 cost: 100
[0;36m		[A1. APC::A2. KRAS] ---  [B1. APC::B2. KRAS}[0m
[0;36m		[A1. KRAS::A2. BCL2] ---  [B1. KRAS::B2. BCL2}[0m
9543 2124 cost: 100
[0;36m		[A1. KRAS::A2. BCL2] ---  [B1. KRAS::B2. BCL2}[0m
[0;36m		[A1. BCL2::A2. SMAD4] ---  [B1. BCL2::B2. SMAD4}[0m
7612 10799 cost: 100
[0;36m		[A1. GSK3B::A2. MAPK1] ---  [B1. GSK3B::B2. MAPK1}[0m
[0;36m		[A1. MAPK1::A2. SMAD4] ---  [B1. MAPK1::B2. SMAD4}[0m
3860 14452 cost: 100
[0;36m		[A1. CDC42::A2. PTEN] ---  [B1. CDC42::B2. PTEN}[0m
[0;36m		[A1. PTEN::A2. SMAD4] ---  [B1. PTEN::B2. SMAD4}[0m
3860 14549 cost: 100
[0;36m		[A1. CDC42::A2. PTEN] ---  [B1. CDC42::B2. PTEN}[0m
[0;36m		[A1. PTEN::A2. TCF7L2] ---  [B1. PTEN::B2. TCF7L2}[0m
3860 14646 cost: 100
[0;36m		[A1. CDC42::A2. PTEN] ---  [B1. CDC42::B2. PTEN}[0m
[0;36m		[A1. PTEN::A2. TNKS] ---  [B1. PTEN::B2. TNKS}[0m
3957 15810 cost: 100
[0;36m		[A1. CDC42::A2. SMAD2] ---  [B1. CDC42::B2. SMAD2}[0m
[0;36m		[A1. SMAD2::A2. SMAD4] ---  [B1. SMAD2::B2. SMAD4}[0m
1159 16683 cost: 100
[0;36m		[A1. APC::A2. SMAD4] ---  [B1. APC::B2. SMAD4}[0m
[0;36m		[A1. SMAD4::A2. RBPJ] ---  [B1. SMAD4::B2. RBPJ}[0m
10409 1256 cost: 104
[0;36m		[A1. LRRK2::A2. APC] ---  [B1. LRRK2::B2. APC}[0m
[0;36m		[A1. APC::A2. TBL1XR1] ---  [B1. APC::B2. TBL1XR1}[0m
16683 15128 cost: 104
[0;36m		[A1. SMAD4::A2. RBPJ] ---  [B1. SMAD4::B2. RBPJ}[0m
[0;36m		[A1. RBPJ::A2. TBL1XR1] ---  [B1. RBPJ::B2. TBL1XR1}[0m
192 2798 cost: 176
[0;36m		[A1. APC::A2. BTRC] ---  [B1. APC::B2. BTRC}[0m
[0;36m		[A1. BTRC::A2. CHUK] ---  [B1. BTRC::B2. MAP2K1}[0m
1159 16880 cost: 212
[0;36m		[A1. APC::A2. SMAD4] ---  [B1. APC::B2. SMAD4}[0m
[0;36m		[A1. SMAD4::A2. ZEB1] ---  [B1. SMAD4::B2. SP1}[0m
16683 1680 cost: 217
[0;36m		[A1. SMAD4::A2. RBPJ] ---  [B1. SMAD4::B2. RBPJ}[0m
[0;36m		[A1. ATM::A2. SMAD4] ---  [B1. NCOR1::B2. SMAD4}[0m
16683 2363 cost: 217
[0;36m		[A1. SMAD4::A2. RBPJ] ---  [B1. SMAD4::B2. RBPJ}[0m
[0;36m		[A1. BMPR1A::A2. SMAD4] ---  [B1. SIN3A::B2. SMAD4}[0m
7419 6034 cost: 217
[0;36m		[A1. GSK3B::A2. HIF1A] ---  [B1. GSK3B::B2. HIF1A}[0m
[0;36m		[A1. FBXW7::A2. GSK3B] ---  [B1. SMURF2::B2. GSK3B}[0m
675 7806 cost: 217
[0;36m		[A1. APC::A2. GSK3B] ---  [B1. APC::B2. GSK3B}[0m
[0;36m		[A1. GSK3B::A2. NFE2L2] ---  [B1. GSK3B::B2. SMAD1}[0m
10409 966 cost: 285
[0;36m		[A1. LRRK2::A2. APC] ---  [B1. LRRK2::B2. APC}[0m
[0;36m		[A1. APC::A2. LRP6] ---  [B1. APC::B2. SIAH1}[0m

Displayed tree score: 0.621854

192th run results (5) [new minumum]:0.640309
192 3377 cost: 100
[0;36m		[A1. APC::A2. BTRC] ---  [B1. APC::B2. BTRC}[0m
[0;36m		[A1. CDC42::A2. APC] ---  [B1. CDC42::B2. APC}[0m
3377 482 cost: 100
[0;36m		[A1. CDC42::A2. APC] ---  [B1. CDC42::B2. APC}[0m
[0;36m		[A1. APC::A2. ERBIN] ---  [B1. APC::B2. ERBIN}[0m
3377 675 cost: 100
[0;36m		[A1. CDC42::A2. APC] ---  [B1. CDC42::B2. APC}[0m
[0;36m		[A1. APC::A2. GSK3B] ---  [B1. APC::B2. GSK3B}[0m
3377 868 cost: 100
[0;36m		[A1. CDC42::A2. APC] ---  [B1. CDC42::B2. APC}[0m
[0;36m		[A1. APC::A2. KRAS] ---  [B1. APC::B2. KRAS}[0m
3377 1061 cost: 100
[0;36m		[A1. CDC42::A2. APC] ---  [B1. CDC42::B2. APC}[0m
[0;36m		[A1. APC::A2. LRRK2] ---  [B1. APC::B2. LRRK2}[0m
3377 1159 cost: 100
[0;36m		[A1. CDC42::A2. APC] ---  [B1. CDC42::B2. APC}[0m
[0;36m		[A1. APC::A2. SMAD4] ---  [B1. APC::B2. SMAD4}[0m
3377 1353 cost: 100
[0;36m		[A1. CDC42::A2. APC] ---  [B1. CDC42::B2. APC}[0m
[0;36m		[A1. APC::A2. TCF7L2] ---  [B1. APC::B2. TCF7L2}[0m
3377 1450 cost: 100
[0;36m		[A1. CDC42::A2. APC] ---  [B1. CDC42::B2. APC}[0m
[0;36m		[A1. APC::A2. TNKS] ---  [B1. APC::B2. TNKS}[0m
3377 5304 cost: 100
[0;36m		[A1. CDC42::A2. APC] ---  [B1. CDC42::B2. APC}[0m
[0;36m		[A1. ERBIN::A2. CDC42] ---  [B1. ERBIN::B2. CDC42}[0m
5304 3860 cost: 100
[0;36m		[A1. ERBIN::A2. CDC42] ---  [B1. ERBIN::B2. CDC42}[0m
[0;36m		[A1. CDC42::A2. PTEN] ---  [B1. CDC42::B2. PTEN}[0m
5304 3957 cost: 100
[0;36m		[A1. ERBIN::A2. CDC42] ---  [B1. ERBIN::B2. CDC42}[0m
[0;36m		[A1. CDC42::A2. SMAD2] ---  [B1. CDC42::B2. SMAD2}[0m
5304 4054 cost: 100
[0;36m		[A1. ERBIN::A2. CDC42] ---  [B1. ERBIN::B2. CDC42}[0m
[0;36m		[A1. CDC42::A2. SMAD4] ---  [B1. CDC42::B2. SMAD4}[0m
482 5497 cost: 100
[0;36m		[A1. APC::A2. ERBIN] ---  [B1. APC::B2. ERBIN}[0m
[0;36m		[A1. ERBIN::A2. SMAD2] ---  [B1. ERBIN::B2. SMAD2}[0m
675 7419 cost: 100
[0;36m		[A1. APC::A2. GSK3B] ---  [B1. APC::B2. GSK3B}[0m
[0;36m		[A1. GSK3B::A2. HIF1A] ---  [B1. GSK3B::B2. HIF1A}[0m
675 7612 cost: 100
[0;36m		[A1. APC::A2. GSK3B] ---  [B1. APC::B2. GSK3B}[0m
[0;36m		[A1. GSK3B::A2. MAPK1] ---  [B1. GSK3B::B2. MAPK1}[0m
675 7997 cost: 100
[0;36m		[A1. APC::A2. GSK3B] ---  [B1. APC::B2. GSK3B}[0m
[0;36m		[A1. GSK3B::A2. PTEN] ---  [B1. GSK3B::B2. PTEN}[0m
675 8191 cost: 100
[0;36m		[A1. APC::A2. GSK3B] ---  [B1. APC::B2. GSK3B}[0m
[0;36m		[A1. GSK3B::A2. SMAD2] ---  [B1. GSK3B::B2. SMAD2}[0m
7419 8482 cost: 100
[0;36m		[A1. GSK3B::A2. HIF1A] ---  [B1. GSK3B::B2. HIF1A}[0m
[0;36m		[A1. HIF1A::A2. KRAS] ---  [B1. HIF1A::B2. KRAS}[0m
7419 8579 cost: 100
[0;36m		[A1. GSK3B::A2. HIF1A] ---  [B1. GSK3B::B2. HIF1A}[0m
[0;36m		[A1. HIF1A::A2. LRRK2] ---  [B1. HIF1A::B2. LRRK2}[0m
7419 8773 cost: 100
[0;36m		[A1. GSK3B::A2. HIF1A] ---  [B1. GSK3B::B2. HIF1A}[0m
[0;36m		[A1. HIF1A::A2. SMAD4] ---  [B1. HIF1A::B2. SMAD4}[0m
868 9543 cost: 100
[0;36m		[A1. APC::A2. KRAS] ---  [B1. APC::B2. KRAS}[0m
[0;36m		[A1. KRAS::A2. BCL2] ---  [B1. KRAS::B2. BCL2}[0m
9543 2124 cost: 100
[0;36m		[A1. KRAS::A2. BCL2] ---  [B1. KRAS::B2. BCL2}[0m
[0;36m		[A1. BCL2::A2. SMAD4] ---  [B1. BCL2::B2. SMAD4}[0m
7612 10799 cost: 100
[0;36m		[A1. GSK3B::A2. MAPK1] ---  [B1. GSK3B::B2. MAPK1}[0m
[0;36m		[A1. MAPK1::A2. SMAD4] ---  [B1. MAPK1::B2. SMAD4}[0m
3860 14452 cost: 100
[0;36m		[A1. CDC42::A2. PTEN] ---  [B1. CDC42::B2. PTEN}[0m
[0;36m		[A1. PTEN::A2. SMAD4] ---  [B1. PTEN::B2. SMAD4}[0m
3860 14549 cost: 100
[0;36m		[A1. CDC42::A2. PTEN] ---  [B1. CDC42::B2. PTEN}[0m
[0;36m		[A1. PTEN::A2. TCF7L2] ---  [B1. PTEN::B2. TCF7L2}[0m
3860 14646 cost: 100
[0;36m		[A1. CDC42::A2. PTEN] ---  [B1. CDC42::B2. PTEN}[0m
[0;36m		[A1. PTEN::A2. TNKS] ---  [B1. PTEN::B2. TNKS}[0m
3957 15810 cost: 100
[0;36m		[A1. CDC42::A2. SMAD2] ---  [B1. CDC42::B2. SMAD2}[0m
[0;36m		[A1. SMAD2::A2. SMAD4] ---  [B1. SMAD2::B2. SMAD4}[0m
1159 16683 cost: 100
[0;36m		[A1. APC::A2. SMAD4] ---  [B1. APC::B2. SMAD4}[0m
[0;36m		[A1. SMAD4::A2. RBPJ] ---  [B1. SMAD4::B2. RBPJ}[0m
3377 1256 cost: 104
[0;36m		[A1. CDC42::A2. APC] ---  [B1. CDC42::B2. APC}[0m
[0;36m		[A1. APC::A2. TBL1XR1] ---  [B1. APC::B2. TBL1XR1}[0m
16683 15128 cost: 104
[0;36m		[A1. SMAD4::A2. RBPJ] ---  [B1. SMAD4::B2. RBPJ}[0m
[0;36m		[A1. RBPJ::A2. TBL1XR1] ---  [B1. RBPJ::B2. TBL1XR1}[0m
192 2798 cost: 176
[0;36m		[A1. APC::A2. BTRC] ---  [B1. APC::B2. BTRC}[0m
[0;36m		[A1. BTRC::A2. CHUK] ---  [B1. BTRC::B2. MAP2K1}[0m
1159 16880 cost: 212
[0;36m		[A1. APC::A2. SMAD4] ---  [B1. APC::B2. SMAD4}[0m
[0;36m		[A1. SMAD4::A2. ZEB1] ---  [B1. SMAD4::B2. SP1}[0m
16683 1680 cost: 217
[0;36m		[A1. SMAD4::A2. RBPJ] ---  [B1. SMAD4::B2. RBPJ}[0m
[0;36m		[A1. ATM::A2. SMAD4] ---  [B1. NCOR1::B2. SMAD4}[0m
16683 2363 cost: 217
[0;36m		[A1. SMAD4::A2. RBPJ] ---  [B1. SMAD4::B2. RBPJ}[0m
[0;36m		[A1. BMPR1A::A2. SMAD4] ---  [B1. SIN3A::B2. SMAD4}[0m
7419 6034 cost: 217
[0;36m		[A1. GSK3B::A2. HIF1A] ---  [B1. GSK3B::B2. HIF1A}[0m
[0;36m		[A1. FBXW7::A2. GSK3B] ---  [B1. SMURF2::B2. GSK3B}[0m
675 7806 cost: 217
[0;36m		[A1. APC::A2. GSK3B] ---  [B1. APC::B2. GSK3B}[0m
[0;36m		[A1. GSK3B::A2. NFE2L2] ---  [B1. GSK3B::B2. SMAD1}[0m
3377 966 cost: 285
[0;36m		[A1. CDC42::A2. APC] ---  [B1. CDC42::B2. APC}[0m
[0;36m		[A1. APC::A2. LRP6] ---  [B1. APC::B2. SIAH1}[0m

Displayed tree score: 0.640309

2990th run results (6) [new minumum]:0.640872
2990 192 cost: 104
[0;36m		[A1. BTRC::A2. GSK3B] ---  [B1. BTRC::B2. MAP2K1}[0m
[0;36m		[A1. APC::A2. BTRC] ---  [B1. APC::B2. BTRC}[0m
192 3377 cost: 100
[0;36m		[A1. APC::A2. BTRC] ---  [B1. APC::B2. BTRC}[0m
[0;36m		[A1. CDC42::A2. APC] ---  [B1. CDC42::B2. APC}[0m
3377 482 cost: 100
[0;36m		[A1. CDC42::A2. APC] ---  [B1. CDC42::B2. APC}[0m
[0;36m		[A1. APC::A2. ERBIN] ---  [B1. APC::B2. ERBIN}[0m
3377 675 cost: 100
[0;36m		[A1. CDC42::A2. APC] ---  [B1. CDC42::B2. APC}[0m
[0;36m		[A1. APC::A2. GSK3B] ---  [B1. APC::B2. GSK3B}[0m
3377 868 cost: 100
[0;36m		[A1. CDC42::A2. APC] ---  [B1. CDC42::B2. APC}[0m
[0;36m		[A1. APC::A2. KRAS] ---  [B1. APC::B2. KRAS}[0m
3377 1061 cost: 100
[0;36m		[A1. CDC42::A2. APC] ---  [B1. CDC42::B2. APC}[0m
[0;36m		[A1. APC::A2. LRRK2] ---  [B1. APC::B2. LRRK2}[0m
3377 1159 cost: 100
[0;36m		[A1. CDC42::A2. APC] ---  [B1. CDC42::B2. APC}[0m
[0;36m		[A1. APC::A2. SMAD4] ---  [B1. APC::B2. SMAD4}[0m
3377 1353 cost: 100
[0;36m		[A1. CDC42::A2. APC] ---  [B1. CDC42::B2. APC}[0m
[0;36m		[A1. APC::A2. TCF7L2] ---  [B1. APC::B2. TCF7L2}[0m
3377 1450 cost: 100
[0;36m		[A1. CDC42::A2. APC] ---  [B1. CDC42::B2. APC}[0m
[0;36m		[A1. APC::A2. TNKS] ---  [B1. APC::B2. TNKS}[0m
3377 5304 cost: 100
[0;36m		[A1. CDC42::A2. APC] ---  [B1. CDC42::B2. APC}[0m
[0;36m		[A1. ERBIN::A2. CDC42] ---  [B1. ERBIN::B2. CDC42}[0m
5304 3860 cost: 100
[0;36m		[A1. ERBIN::A2. CDC42] ---  [B1. ERBIN::B2. CDC42}[0m
[0;36m		[A1. CDC42::A2. PTEN] ---  [B1. CDC42::B2. PTEN}[0m
5304 3957 cost: 100
[0;36m		[A1. ERBIN::A2. CDC42] ---  [B1. ERBIN::B2. CDC42}[0m
[0;36m		[A1. CDC42::A2. SMAD2] ---  [B1. CDC42::B2. SMAD2}[0m
5304 4054 cost: 100
[0;36m		[A1. ERBIN::A2. CDC42] ---  [B1. ERBIN::B2. CDC42}[0m
[0;36m		[A1. CDC42::A2. SMAD4] ---  [B1. CDC42::B2. SMAD4}[0m
482 5497 cost: 100
[0;36m		[A1. APC::A2. ERBIN] ---  [B1. APC::B2. ERBIN}[0m
[0;36m		[A1. ERBIN::A2. SMAD2] ---  [B1. ERBIN::B2. SMAD2}[0m
675 7419 cost: 100
[0;36m		[A1. APC::A2. GSK3B] ---  [B1. APC::B2. GSK3B}[0m
[0;36m		[A1. GSK3B::A2. HIF1A] ---  [B1. GSK3B::B2. HIF1A}[0m
675 7612 cost: 100
[0;36m		[A1. APC::A2. GSK3B] ---  [B1. APC::B2. GSK3B}[0m
[0;36m		[A1. GSK3B::A2. MAPK1] ---  [B1. GSK3B::B2. MAPK1}[0m
675 7997 cost: 100
[0;36m		[A1. APC::A2. GSK3B] ---  [B1. APC::B2. GSK3B}[0m
[0;36m		[A1. GSK3B::A2. PTEN] ---  [B1. GSK3B::B2. PTEN}[0m
675 8191 cost: 100
[0;36m		[A1. APC::A2. GSK3B] ---  [B1. APC::B2. GSK3B}[0m
[0;36m		[A1. GSK3B::A2. SMAD2] ---  [B1. GSK3B::B2. SMAD2}[0m
7419 8482 cost: 100
[0;36m		[A1. GSK3B::A2. HIF1A] ---  [B1. GSK3B::B2. HIF1A}[0m
[0;36m		[A1. HIF1A::A2. KRAS] ---  [B1. HIF1A::B2. KRAS}[0m
7419 8579 cost: 100
[0;36m		[A1. GSK3B::A2. HIF1A] ---  [B1. GSK3B::B2. HIF1A}[0m
[0;36m		[A1. HIF1A::A2. LRRK2] ---  [B1. HIF1A::B2. LRRK2}[0m
7419 8773 cost: 100
[0;36m		[A1. GSK3B::A2. HIF1A] ---  [B1. GSK3B::B2. HIF1A}[0m
[0;36m		[A1. HIF1A::A2. SMAD4] ---  [B1. HIF1A::B2. SMAD4}[0m
868 9543 cost: 100
[0;36m		[A1. APC::A2. KRAS] ---  [B1. APC::B2. KRAS}[0m
[0;36m		[A1. KRAS::A2. BCL2] ---  [B1. KRAS::B2. BCL2}[0m
9543 2124 cost: 100
[0;36m		[A1. KRAS::A2. BCL2] ---  [B1. KRAS::B2. BCL2}[0m
[0;36m		[A1. BCL2::A2. SMAD4] ---  [B1. BCL2::B2. SMAD4}[0m
7612 10799 cost: 100
[0;36m		[A1. GSK3B::A2. MAPK1] ---  [B1. GSK3B::B2. MAPK1}[0m
[0;36m		[A1. MAPK1::A2. SMAD4] ---  [B1. MAPK1::B2. SMAD4}[0m
3860 14452 cost: 100
[0;36m		[A1. CDC42::A2. PTEN] ---  [B1. CDC42::B2. PTEN}[0m
[0;36m		[A1. PTEN::A2. SMAD4] ---  [B1. PTEN::B2. SMAD4}[0m
3860 14549 cost: 100
[0;36m		[A1. CDC42::A2. PTEN] ---  [B1. CDC42::B2. PTEN}[0m
[0;36m		[A1. PTEN::A2. TCF7L2] ---  [B1. PTEN::B2. TCF7L2}[0m
3860 14646 cost: 100
[0;36m		[A1. CDC42::A2. PTEN] ---  [B1. CDC42::B2. PTEN}[0m
[0;36m		[A1. PTEN::A2. TNKS] ---  [B1. PTEN::B2. TNKS}[0m
3957 15810 cost: 100
[0;36m		[A1. CDC42::A2. SMAD2] ---  [B1. CDC42::B2. SMAD2}[0m
[0;36m		[A1. SMAD2::A2. SMAD4] ---  [B1. SMAD2::B2. SMAD4}[0m
1159 16683 cost: 100
[0;36m		[A1. APC::A2. SMAD4] ---  [B1. APC::B2. SMAD4}[0m
[0;36m		[A1. SMAD4::A2. RBPJ] ---  [B1. SMAD4::B2. RBPJ}[0m
3377 1256 cost: 104
[0;36m		[A1. CDC42::A2. APC] ---  [B1. CDC42::B2. APC}[0m
[0;36m		[A1. APC::A2. TBL1XR1] ---  [B1. APC::B2. TBL1XR1}[0m
16683 15128 cost: 104
[0;36m		[A1. SMAD4::A2. RBPJ] ---  [B1. SMAD4::B2. RBPJ}[0m
[0;36m		[A1. RBPJ::A2. TBL1XR1] ---  [B1. RBPJ::B2. TBL1XR1}[0m
1159 16880 cost: 212
[0;36m		[A1. APC::A2. SMAD4] ---  [B1. APC::B2. SMAD4}[0m
[0;36m		[A1. SMAD4::A2. ZEB1] ---  [B1. SMAD4::B2. SP1}[0m
16683 1677 cost: 217
[0;36m		[A1. SMAD4::A2. RBPJ] ---  [B1. SMAD4::B2. RBPJ}[0m
[0;36m		[A1. ATM::A2. SMAD4] ---  [B1. MAP2K1::B2. SMAD4}[0m
16683 2363 cost: 217
[0;36m		[A1. SMAD4::A2. RBPJ] ---  [B1. SMAD4::B2. RBPJ}[0m
[0;36m		[A1. BMPR1A::A2. SMAD4] ---  [B1. SIN3A::B2. SMAD4}[0m
7419 6034 cost: 217
[0;36m		[A1. GSK3B::A2. HIF1A] ---  [B1. GSK3B::B2. HIF1A}[0m
[0;36m		[A1. FBXW7::A2. GSK3B] ---  [B1. SMURF2::B2. GSK3B}[0m
675 7806 cost: 217
[0;36m		[A1. APC::A2. GSK3B] ---  [B1. APC::B2. GSK3B}[0m
[0;36m		[A1. GSK3B::A2. NFE2L2] ---  [B1. GSK3B::B2. SMAD1}[0m
3377 966 cost: 285
[0;36m		[A1. CDC42::A2. APC] ---  [B1. CDC42::B2. APC}[0m
[0;36m		[A1. APC::A2. LRP6] ---  [B1. APC::B2. SIAH1}[0m
192 2800 cost: 317
[0;36m		[A1. APC::A2. BTRC] ---  [B1. APC::B2. BTRC}[0m
[0;36m		[A1. BTRC::A2. CHUK] ---  [B1. BTRC::B2. WWTR1}[0m

Displayed tree score: 0.640872

2991th run results (7) [new minumum]:0.643287
2991 192 cost: 227
[0;36m		[A1. BTRC::A2. GSK3B] ---  [B1. BTRC::B2. SP1}[0m
[0;36m		[A1. APC::A2. BTRC] ---  [B1. APC::B2. BTRC}[0m
192 3377 cost: 100
[0;36m		[A1. APC::A2. BTRC] ---  [B1. APC::B2. BTRC}[0m
[0;36m		[A1. CDC42::A2. APC] ---  [B1. CDC42::B2. APC}[0m
3377 482 cost: 100
[0;36m		[A1. CDC42::A2. APC] ---  [B1. CDC42::B2. APC}[0m
[0;36m		[A1. APC::A2. ERBIN] ---  [B1. APC::B2. ERBIN}[0m
3377 675 cost: 100
[0;36m		[A1. CDC42::A2. APC] ---  [B1. CDC42::B2. APC}[0m
[0;36m		[A1. APC::A2. GSK3B] ---  [B1. APC::B2. GSK3B}[0m
3377 868 cost: 100
[0;36m		[A1. CDC42::A2. APC] ---  [B1. CDC42::B2. APC}[0m
[0;36m		[A1. APC::A2. KRAS] ---  [B1. APC::B2. KRAS}[0m
3377 1061 cost: 100
[0;36m		[A1. CDC42::A2. APC] ---  [B1. CDC42::B2. APC}[0m
[0;36m		[A1. APC::A2. LRRK2] ---  [B1. APC::B2. LRRK2}[0m
3377 1159 cost: 100
[0;36m		[A1. CDC42::A2. APC] ---  [B1. CDC42::B2. APC}[0m
[0;36m		[A1. APC::A2. SMAD4] ---  [B1. APC::B2. SMAD4}[0m
3377 1353 cost: 100
[0;36m		[A1. CDC42::A2. APC] ---  [B1. CDC42::B2. APC}[0m
[0;36m		[A1. APC::A2. TCF7L2] ---  [B1. APC::B2. TCF7L2}[0m
3377 1450 cost: 100
[0;36m		[A1. CDC42::A2. APC] ---  [B1. CDC42::B2. APC}[0m
[0;36m		[A1. APC::A2. TNKS] ---  [B1. APC::B2. TNKS}[0m
3377 5304 cost: 100
[0;36m		[A1. CDC42::A2. APC] ---  [B1. CDC42::B2. APC}[0m
[0;36m		[A1. ERBIN::A2. CDC42] ---  [B1. ERBIN::B2. CDC42}[0m
5304 3860 cost: 100
[0;36m		[A1. ERBIN::A2. CDC42] ---  [B1. ERBIN::B2. CDC42}[0m
[0;36m		[A1. CDC42::A2. PTEN] ---  [B1. CDC42::B2. PTEN}[0m
5304 3957 cost: 100
[0;36m		[A1. ERBIN::A2. CDC42] ---  [B1. ERBIN::B2. CDC42}[0m
[0;36m		[A1. CDC42::A2. SMAD2] ---  [B1. CDC42::B2. SMAD2}[0m
5304 4054 cost: 100
[0;36m		[A1. ERBIN::A2. CDC42] ---  [B1. ERBIN::B2. CDC42}[0m
[0;36m		[A1. CDC42::A2. SMAD4] ---  [B1. CDC42::B2. SMAD4}[0m
482 5497 cost: 100
[0;36m		[A1. APC::A2. ERBIN] ---  [B1. APC::B2. ERBIN}[0m
[0;36m		[A1. ERBIN::A2. SMAD2] ---  [B1. ERBIN::B2. SMAD2}[0m
675 7419 cost: 100
[0;36m		[A1. APC::A2. GSK3B] ---  [B1. APC::B2. GSK3B}[0m
[0;36m		[A1. GSK3B::A2. HIF1A] ---  [B1. GSK3B::B2. HIF1A}[0m
675 7612 cost: 100
[0;36m		[A1. APC::A2. GSK3B] ---  [B1. APC::B2. GSK3B}[0m
[0;36m		[A1. GSK3B::A2. MAPK1] ---  [B1. GSK3B::B2. MAPK1}[0m
675 7997 cost: 100
[0;36m		[A1. APC::A2. GSK3B] ---  [B1. APC::B2. GSK3B}[0m
[0;36m		[A1. GSK3B::A2. PTEN] ---  [B1. GSK3B::B2. PTEN}[0m
675 8191 cost: 100
[0;36m		[A1. APC::A2. GSK3B] ---  [B1. APC::B2. GSK3B}[0m
[0;36m		[A1. GSK3B::A2. SMAD2] ---  [B1. GSK3B::B2. SMAD2}[0m
7419 8482 cost: 100
[0;36m		[A1. GSK3B::A2. HIF1A] ---  [B1. GSK3B::B2. HIF1A}[0m
[0;36m		[A1. HIF1A::A2. KRAS] ---  [B1. HIF1A::B2. KRAS}[0m
7419 8579 cost: 100
[0;36m		[A1. GSK3B::A2. HIF1A] ---  [B1. GSK3B::B2. HIF1A}[0m
[0;36m		[A1. HIF1A::A2. LRRK2] ---  [B1. HIF1A::B2. LRRK2}[0m
7419 8773 cost: 100
[0;36m		[A1. GSK3B::A2. HIF1A] ---  [B1. GSK3B::B2. HIF1A}[0m
[0;36m		[A1. HIF1A::A2. SMAD4] ---  [B1. HIF1A::B2. SMAD4}[0m
868 9543 cost: 100
[0;36m		[A1. APC::A2. KRAS] ---  [B1. APC::B2. KRAS}[0m
[0;36m		[A1. KRAS::A2. BCL2] ---  [B1. KRAS::B2. BCL2}[0m
9543 2124 cost: 100
[0;36m		[A1. KRAS::A2. BCL2] ---  [B1. KRAS::B2. BCL2}[0m
[0;36m		[A1. BCL2::A2. SMAD4] ---  [B1. BCL2::B2. SMAD4}[0m
7612 10799 cost: 100
[0;36m		[A1. GSK3B::A2. MAPK1] ---  [B1. GSK3B::B2. MAPK1}[0m
[0;36m		[A1. MAPK1::A2. SMAD4] ---  [B1. MAPK1::B2. SMAD4}[0m
3860 14452 cost: 100
[0;36m		[A1. CDC42::A2. PTEN] ---  [B1. CDC42::B2. PTEN}[0m
[0;36m		[A1. PTEN::A2. SMAD4] ---  [B1. PTEN::B2. SMAD4}[0m
3860 14549 cost: 100
[0;36m		[A1. CDC42::A2. PTEN] ---  [B1. CDC42::B2. PTEN}[0m
[0;36m		[A1. PTEN::A2. TCF7L2] ---  [B1. PTEN::B2. TCF7L2}[0m
3860 14646 cost: 100
[0;36m		[A1. CDC42::A2. PTEN] ---  [B1. CDC42::B2. PTEN}[0m
[0;36m		[A1. PTEN::A2. TNKS] ---  [B1. PTEN::B2. TNKS}[0m
3957 15810 cost: 100
[0;36m		[A1. CDC42::A2. SMAD2] ---  [B1. CDC42::B2. SMAD2}[0m
[0;36m		[A1. SMAD2::A2. SMAD4] ---  [B1. SMAD2::B2. SMAD4}[0m
1159 16683 cost: 100
[0;36m		[A1. APC::A2. SMAD4] ---  [B1. APC::B2. SMAD4}[0m
[0;36m		[A1. SMAD4::A2. RBPJ] ---  [B1. SMAD4::B2. RBPJ}[0m
3377 1256 cost: 104
[0;36m		[A1. CDC42::A2. APC] ---  [B1. CDC42::B2. APC}[0m
[0;36m		[A1. APC::A2. TBL1XR1] ---  [B1. APC::B2. TBL1XR1}[0m
16683 15128 cost: 104
[0;36m		[A1. SMAD4::A2. RBPJ] ---  [B1. SMAD4::B2. RBPJ}[0m
[0;36m		[A1. RBPJ::A2. TBL1XR1] ---  [B1. RBPJ::B2. TBL1XR1}[0m
192 2798 cost: 176
[0;36m		[A1. APC::A2. BTRC] ---  [B1. APC::B2. BTRC}[0m
[0;36m		[A1. BTRC::A2. CHUK] ---  [B1. BTRC::B2. MAP2K1}[0m
1159 16880 cost: 212
[0;36m		[A1. APC::A2. SMAD4] ---  [B1. APC::B2. SMAD4}[0m
[0;36m		[A1. SMAD4::A2. ZEB1] ---  [B1. SMAD4::B2. SP1}[0m
16683 1680 cost: 217
[0;36m		[A1. SMAD4::A2. RBPJ] ---  [B1. SMAD4::B2. RBPJ}[0m
[0;36m		[A1. ATM::A2. SMAD4] ---  [B1. NCOR1::B2. SMAD4}[0m
16683 2363 cost: 217
[0;36m		[A1. SMAD4::A2. RBPJ] ---  [B1. SMAD4::B2. RBPJ}[0m
[0;36m		[A1. BMPR1A::A2. SMAD4] ---  [B1. SIN3A::B2. SMAD4}[0m
7419 6034 cost: 217
[0;36m		[A1. GSK3B::A2. HIF1A] ---  [B1. GSK3B::B2. HIF1A}[0m
[0;36m		[A1. FBXW7::A2. GSK3B] ---  [B1. SMURF2::B2. GSK3B}[0m
675 7806 cost: 217
[0;36m		[A1. APC::A2. GSK3B] ---  [B1. APC::B2. GSK3B}[0m
[0;36m		[A1. GSK3B::A2. NFE2L2] ---  [B1. GSK3B::B2. SMAD1}[0m
3377 966 cost: 285
[0;36m		[A1. CDC42::A2. APC] ---  [B1. CDC42::B2. APC}[0m
[0;36m		[A1. APC::A2. LRP6] ---  [B1. APC::B2. SIAH1}[0m

Displayed tree score: 0.643287

2992th run results (8) [new minumum]:0.644637
2992 192 cost: 217
[0;36m		[A1. BTRC::A2. GSK3B] ---  [B1. BTRC::B2. WWTR1}[0m
[0;36m		[A1. APC::A2. BTRC] ---  [B1. APC::B2. BTRC}[0m
192 3377 cost: 100
[0;36m		[A1. APC::A2. BTRC] ---  [B1. APC::B2. BTRC}[0m
[0;36m		[A1. CDC42::A2. APC] ---  [B1. CDC42::B2. APC}[0m
3377 482 cost: 100
[0;36m		[A1. CDC42::A2. APC] ---  [B1. CDC42::B2. APC}[0m
[0;36m		[A1. APC::A2. ERBIN] ---  [B1. APC::B2. ERBIN}[0m
3377 675 cost: 100
[0;36m		[A1. CDC42::A2. APC] ---  [B1. CDC42::B2. APC}[0m
[0;36m		[A1. APC::A2. GSK3B] ---  [B1. APC::B2. GSK3B}[0m
3377 868 cost: 100
[0;36m		[A1. CDC42::A2. APC] ---  [B1. CDC42::B2. APC}[0m
[0;36m		[A1. APC::A2. KRAS] ---  [B1. APC::B2. KRAS}[0m
3377 1061 cost: 100
[0;36m		[A1. CDC42::A2. APC] ---  [B1. CDC42::B2. APC}[0m
[0;36m		[A1. APC::A2. LRRK2] ---  [B1. APC::B2. LRRK2}[0m
3377 1159 cost: 100
[0;36m		[A1. CDC42::A2. APC] ---  [B1. CDC42::B2. APC}[0m
[0;36m		[A1. APC::A2. SMAD4] ---  [B1. APC::B2. SMAD4}[0m
3377 1353 cost: 100
[0;36m		[A1. CDC42::A2. APC] ---  [B1. CDC42::B2. APC}[0m
[0;36m		[A1. APC::A2. TCF7L2] ---  [B1. APC::B2. TCF7L2}[0m
3377 1450 cost: 100
[0;36m		[A1. CDC42::A2. APC] ---  [B1. CDC42::B2. APC}[0m
[0;36m		[A1. APC::A2. TNKS] ---  [B1. APC::B2. TNKS}[0m
3377 5304 cost: 100
[0;36m		[A1. CDC42::A2. APC] ---  [B1. CDC42::B2. APC}[0m
[0;36m		[A1. ERBIN::A2. CDC42] ---  [B1. ERBIN::B2. CDC42}[0m
5304 3860 cost: 100
[0;36m		[A1. ERBIN::A2. CDC42] ---  [B1. ERBIN::B2. CDC42}[0m
[0;36m		[A1. CDC42::A2. PTEN] ---  [B1. CDC42::B2. PTEN}[0m
5304 3957 cost: 100
[0;36m		[A1. ERBIN::A2. CDC42] ---  [B1. ERBIN::B2. CDC42}[0m
[0;36m		[A1. CDC42::A2. SMAD2] ---  [B1. CDC42::B2. SMAD2}[0m
5304 4054 cost: 100
[0;36m		[A1. ERBIN::A2. CDC42] ---  [B1. ERBIN::B2. CDC42}[0m
[0;36m		[A1. CDC42::A2. SMAD4] ---  [B1. CDC42::B2. SMAD4}[0m
482 5497 cost: 100
[0;36m		[A1. APC::A2. ERBIN] ---  [B1. APC::B2. ERBIN}[0m
[0;36m		[A1. ERBIN::A2. SMAD2] ---  [B1. ERBIN::B2. SMAD2}[0m
675 7419 cost: 100
[0;36m		[A1. APC::A2. GSK3B] ---  [B1. APC::B2. GSK3B}[0m
[0;36m		[A1. GSK3B::A2. HIF1A] ---  [B1. GSK3B::B2. HIF1A}[0m
675 7612 cost: 100
[0;36m		[A1. APC::A2. GSK3B] ---  [B1. APC::B2. GSK3B}[0m
[0;36m		[A1. GSK3B::A2. MAPK1] ---  [B1. GSK3B::B2. MAPK1}[0m
675 7997 cost: 100
[0;36m		[A1. APC::A2. GSK3B] ---  [B1. APC::B2. GSK3B}[0m
[0;36m		[A1. GSK3B::A2. PTEN] ---  [B1. GSK3B::B2. PTEN}[0m
675 8191 cost: 100
[0;36m		[A1. APC::A2. GSK3B] ---  [B1. APC::B2. GSK3B}[0m
[0;36m		[A1. GSK3B::A2. SMAD2] ---  [B1. GSK3B::B2. SMAD2}[0m
7419 8482 cost: 100
[0;36m		[A1. GSK3B::A2. HIF1A] ---  [B1. GSK3B::B2. HIF1A}[0m
[0;36m		[A1. HIF1A::A2. KRAS] ---  [B1. HIF1A::B2. KRAS}[0m
7419 8579 cost: 100
[0;36m		[A1. GSK3B::A2. HIF1A] ---  [B1. GSK3B::B2. HIF1A}[0m
[0;36m		[A1. HIF1A::A2. LRRK2] ---  [B1. HIF1A::B2. LRRK2}[0m
7419 8773 cost: 100
[0;36m		[A1. GSK3B::A2. HIF1A] ---  [B1. GSK3B::B2. HIF1A}[0m
[0;36m		[A1. HIF1A::A2. SMAD4] ---  [B1. HIF1A::B2. SMAD4}[0m
868 9543 cost: 100
[0;36m		[A1. APC::A2. KRAS] ---  [B1. APC::B2. KRAS}[0m
[0;36m		[A1. KRAS::A2. BCL2] ---  [B1. KRAS::B2. BCL2}[0m
9543 2124 cost: 100
[0;36m		[A1. KRAS::A2. BCL2] ---  [B1. KRAS::B2. BCL2}[0m
[0;36m		[A1. BCL2::A2. SMAD4] ---  [B1. BCL2::B2. SMAD4}[0m
7612 10799 cost: 100
[0;36m		[A1. GSK3B::A2. MAPK1] ---  [B1. GSK3B::B2. MAPK1}[0m
[0;36m		[A1. MAPK1::A2. SMAD4] ---  [B1. MAPK1::B2. SMAD4}[0m
3860 14452 cost: 100
[0;36m		[A1. CDC42::A2. PTEN] ---  [B1. CDC42::B2. PTEN}[0m
[0;36m		[A1. PTEN::A2. SMAD4] ---  [B1. PTEN::B2. SMAD4}[0m
3860 14549 cost: 100
[0;36m		[A1. CDC42::A2. PTEN] ---  [B1. CDC42::B2. PTEN}[0m
[0;36m		[A1. PTEN::A2. TCF7L2] ---  [B1. PTEN::B2. TCF7L2}[0m
3860 14646 cost: 100
[0;36m		[A1. CDC42::A2. PTEN] ---  [B1. CDC42::B2. PTEN}[0m
[0;36m		[A1. PTEN::A2. TNKS] ---  [B1. PTEN::B2. TNKS}[0m
3957 15810 cost: 100
[0;36m		[A1. CDC42::A2. SMAD2] ---  [B1. CDC42::B2. SMAD2}[0m
[0;36m		[A1. SMAD2::A2. SMAD4] ---  [B1. SMAD2::B2. SMAD4}[0m
1159 16683 cost: 100
[0;36m		[A1. APC::A2. SMAD4] ---  [B1. APC::B2. SMAD4}[0m
[0;36m		[A1. SMAD4::A2. RBPJ] ---  [B1. SMAD4::B2. RBPJ}[0m
3377 1256 cost: 104
[0;36m		[A1. CDC42::A2. APC] ---  [B1. CDC42::B2. APC}[0m
[0;36m		[A1. APC::A2. TBL1XR1] ---  [B1. APC::B2. TBL1XR1}[0m
16683 15128 cost: 104
[0;36m		[A1. SMAD4::A2. RBPJ] ---  [B1. SMAD4::B2. RBPJ}[0m
[0;36m		[A1. RBPJ::A2. TBL1XR1] ---  [B1. RBPJ::B2. TBL1XR1}[0m
192 2798 cost: 176
[0;36m		[A1. APC::A2. BTRC] ---  [B1. APC::B2. BTRC}[0m
[0;36m		[A1. BTRC::A2. CHUK] ---  [B1. BTRC::B2. MAP2K1}[0m
1159 16880 cost: 212
[0;36m		[A1. APC::A2. SMAD4] ---  [B1. APC::B2. SMAD4}[0m
[0;36m		[A1. SMAD4::A2. ZEB1] ---  [B1. SMAD4::B2. SP1}[0m
16683 1680 cost: 217
[0;36m		[A1. SMAD4::A2. RBPJ] ---  [B1. SMAD4::B2. RBPJ}[0m
[0;36m		[A1. ATM::A2. SMAD4] ---  [B1. NCOR1::B2. SMAD4}[0m
16683 2363 cost: 217
[0;36m		[A1. SMAD4::A2. RBPJ] ---  [B1. SMAD4::B2. RBPJ}[0m
[0;36m		[A1. BMPR1A::A2. SMAD4] ---  [B1. SIN3A::B2. SMAD4}[0m
7419 6034 cost: 217
[0;36m		[A1. GSK3B::A2. HIF1A] ---  [B1. GSK3B::B2. HIF1A}[0m
[0;36m		[A1. FBXW7::A2. GSK3B] ---  [B1. SMURF2::B2. GSK3B}[0m
675 7806 cost: 217
[0;36m		[A1. APC::A2. GSK3B] ---  [B1. APC::B2. GSK3B}[0m
[0;36m		[A1. GSK3B::A2. NFE2L2] ---  [B1. GSK3B::B2. SMAD1}[0m
3377 966 cost: 285
[0;36m		[A1. CDC42::A2. APC] ---  [B1. CDC42::B2. APC}[0m
[0;36m		[A1. APC::A2. LRP6] ---  [B1. APC::B2. SIAH1}[0m

Displayed tree score: 0.644637

5678th run results (9) [new minumum]:0.649012
5678 576 cost: 111
[0;36m		[A1. FBXW11::A2. GSK3B] ---  [B1. BTRC::B2. MAP2K1}[0m
[0;36m		[A1. APC::A2. FBXW11] ---  [B1. APC::B2. BTRC}[0m
576 3377 cost: 104
[0;36m		[A1. APC::A2. FBXW11] ---  [B1. APC::B2. BTRC}[0m
[0;36m		[A1. CDC42::A2. APC] ---  [B1. CDC42::B2. APC}[0m
3377 482 cost: 100
[0;36m		[A1. CDC42::A2. APC] ---  [B1. CDC42::B2. APC}[0m
[0;36m		[A1. APC::A2. ERBIN] ---  [B1. APC::B2. ERBIN}[0m
3377 675 cost: 100
[0;36m		[A1. CDC42::A2. APC] ---  [B1. CDC42::B2. APC}[0m
[0;36m		[A1. APC::A2. GSK3B] ---  [B1. APC::B2. GSK3B}[0m
3377 868 cost: 100
[0;36m		[A1. CDC42::A2. APC] ---  [B1. CDC42::B2. APC}[0m
[0;36m		[A1. APC::A2. KRAS] ---  [B1. APC::B2. KRAS}[0m
3377 1061 cost: 100
[0;36m		[A1. CDC42::A2. APC] ---  [B1. CDC42::B2. APC}[0m
[0;36m		[A1. APC::A2. LRRK2] ---  [B1. APC::B2. LRRK2}[0m
3377 1159 cost: 100
[0;36m		[A1. CDC42::A2. APC] ---  [B1. CDC42::B2. APC}[0m
[0;36m		[A1. APC::A2. SMAD4] ---  [B1. APC::B2. SMAD4}[0m
3377 1353 cost: 100
[0;36m		[A1. CDC42::A2. APC] ---  [B1. CDC42::B2. APC}[0m
[0;36m		[A1. APC::A2. TCF7L2] ---  [B1. APC::B2. TCF7L2}[0m
3377 1450 cost: 100
[0;36m		[A1. CDC42::A2. APC] ---  [B1. CDC42::B2. APC}[0m
[0;36m		[A1. APC::A2. TNKS] ---  [B1. APC::B2. TNKS}[0m
3377 5304 cost: 100
[0;36m		[A1. CDC42::A2. APC] ---  [B1. CDC42::B2. APC}[0m
[0;36m		[A1. ERBIN::A2. CDC42] ---  [B1. ERBIN::B2. CDC42}[0m
5304 3860 cost: 100
[0;36m		[A1. ERBIN::A2. CDC42] ---  [B1. ERBIN::B2. CDC42}[0m
[0;36m		[A1. CDC42::A2. PTEN] ---  [B1. CDC42::B2. PTEN}[0m
5304 3957 cost: 100
[0;36m		[A1. ERBIN::A2. CDC42] ---  [B1. ERBIN::B2. CDC42}[0m
[0;36m		[A1. CDC42::A2. SMAD2] ---  [B1. CDC42::B2. SMAD2}[0m
5304 4054 cost: 100
[0;36m		[A1. ERBIN::A2. CDC42] ---  [B1. ERBIN::B2. CDC42}[0m
[0;36m		[A1. CDC42::A2. SMAD4] ---  [B1. CDC42::B2. SMAD4}[0m
482 5497 cost: 100
[0;36m		[A1. APC::A2. ERBIN] ---  [B1. APC::B2. ERBIN}[0m
[0;36m		[A1. ERBIN::A2. SMAD2] ---  [B1. ERBIN::B2. SMAD2}[0m
675 7419 cost: 100
[0;36m		[A1. APC::A2. GSK3B] ---  [B1. APC::B2. GSK3B}[0m
[0;36m		[A1. GSK3B::A2. HIF1A] ---  [B1. GSK3B::B2. HIF1A}[0m
675 7612 cost: 100
[0;36m		[A1. APC::A2. GSK3B] ---  [B1. APC::B2. GSK3B}[0m
[0;36m		[A1. GSK3B::A2. MAPK1] ---  [B1. GSK3B::B2. MAPK1}[0m
675 7997 cost: 100
[0;36m		[A1. APC::A2. GSK3B] ---  [B1. APC::B2. GSK3B}[0m
[0;36m		[A1. GSK3B::A2. PTEN] ---  [B1. GSK3B::B2. PTEN}[0m
675 8191 cost: 100
[0;36m		[A1. APC::A2. GSK3B] ---  [B1. APC::B2. GSK3B}[0m
[0;36m		[A1. GSK3B::A2. SMAD2] ---  [B1. GSK3B::B2. SMAD2}[0m
7419 8482 cost: 100
[0;36m		[A1. GSK3B::A2. HIF1A] ---  [B1. GSK3B::B2. HIF1A}[0m
[0;36m		[A1. HIF1A::A2. KRAS] ---  [B1. HIF1A::B2. KRAS}[0m
7419 8579 cost: 100
[0;36m		[A1. GSK3B::A2. HIF1A] ---  [B1. GSK3B::B2. HIF1A}[0m
[0;36m		[A1. HIF1A::A2. LRRK2] ---  [B1. HIF1A::B2. LRRK2}[0m
7419 8773 cost: 100
[0;36m		[A1. GSK3B::A2. HIF1A] ---  [B1. GSK3B::B2. HIF1A}[0m
[0;36m		[A1. HIF1A::A2. SMAD4] ---  [B1. HIF1A::B2. SMAD4}[0m
868 9543 cost: 100
[0;36m		[A1. APC::A2. KRAS] ---  [B1. APC::B2. KRAS}[0m
[0;36m		[A1. KRAS::A2. BCL2] ---  [B1. KRAS::B2. BCL2}[0m
9543 2124 cost: 100
[0;36m		[A1. KRAS::A2. BCL2] ---  [B1. KRAS::B2. BCL2}[0m
[0;36m		[A1. BCL2::A2. SMAD4] ---  [B1. BCL2::B2. SMAD4}[0m
7612 10799 cost: 100
[0;36m		[A1. GSK3B::A2. MAPK1] ---  [B1. GSK3B::B2. MAPK1}[0m
[0;36m		[A1. MAPK1::A2. SMAD4] ---  [B1. MAPK1::B2. SMAD4}[0m
3860 14452 cost: 100
[0;36m		[A1. CDC42::A2. PTEN] ---  [B1. CDC42::B2. PTEN}[0m
[0;36m		[A1. PTEN::A2. SMAD4] ---  [B1. PTEN::B2. SMAD4}[0m
3860 14549 cost: 100
[0;36m		[A1. CDC42::A2. PTEN] ---  [B1. CDC42::B2. PTEN}[0m
[0;36m		[A1. PTEN::A2. TCF7L2] ---  [B1. PTEN::B2. TCF7L2}[0m
3860 14646 cost: 100
[0;36m		[A1. CDC42::A2. PTEN] ---  [B1. CDC42::B2. PTEN}[0m
[0;36m		[A1. PTEN::A2. TNKS] ---  [B1. PTEN::B2. TNKS}[0m
3957 15810 cost: 100
[0;36m		[A1. CDC42::A2. SMAD2] ---  [B1. CDC42::B2. SMAD2}[0m
[0;36m		[A1. SMAD2::A2. SMAD4] ---  [B1. SMAD2::B2. SMAD4}[0m
1159 16683 cost: 100
[0;36m		[A1. APC::A2. SMAD4] ---  [B1. APC::B2. SMAD4}[0m
[0;36m		[A1. SMAD4::A2. RBPJ] ---  [B1. SMAD4::B2. RBPJ}[0m
3377 1256 cost: 104
[0;36m		[A1. CDC42::A2. APC] ---  [B1. CDC42::B2. APC}[0m
[0;36m		[A1. APC::A2. TBL1XR1] ---  [B1. APC::B2. TBL1XR1}[0m
16683 15128 cost: 104
[0;36m		[A1. SMAD4::A2. RBPJ] ---  [B1. SMAD4::B2. RBPJ}[0m
[0;36m		[A1. RBPJ::A2. TBL1XR1] ---  [B1. RBPJ::B2. TBL1XR1}[0m
1159 16880 cost: 212
[0;36m		[A1. APC::A2. SMAD4] ---  [B1. APC::B2. SMAD4}[0m
[0;36m		[A1. SMAD4::A2. ZEB1] ---  [B1. SMAD4::B2. SP1}[0m
16683 1677 cost: 217
[0;36m		[A1. SMAD4::A2. RBPJ] ---  [B1. SMAD4::B2. RBPJ}[0m
[0;36m		[A1. ATM::A2. SMAD4] ---  [B1. MAP2K1::B2. SMAD4}[0m
16683 2363 cost: 217
[0;36m		[A1. SMAD4::A2. RBPJ] ---  [B1. SMAD4::B2. RBPJ}[0m
[0;36m		[A1. BMPR1A::A2. SMAD4] ---  [B1. SIN3A::B2. SMAD4}[0m
7419 3058 cost: 217
[0;36m		[A1. GSK3B::A2. HIF1A] ---  [B1. GSK3B::B2. HIF1A}[0m
[0;36m		[A1. BTRC::A2. GSK3B] ---  [B1. SMURF2::B2. GSK3B}[0m
675 7806 cost: 217
[0;36m		[A1. APC::A2. GSK3B] ---  [B1. APC::B2. GSK3B}[0m
[0;36m		[A1. GSK3B::A2. NFE2L2] ---  [B1. GSK3B::B2. SMAD1}[0m
3377 966 cost: 285
[0;36m		[A1. CDC42::A2. APC] ---  [B1. CDC42::B2. APC}[0m
[0;36m		[A1. APC::A2. LRP6] ---  [B1. APC::B2. SIAH1}[0m

Displayed tree score: 0.649012

Petal1:94	Petal2:48	treecost: 4488	 tree size:37
$RESULT$	PTEN	SMAD4	norm_score:	0.649012
[0m
[1 min 31 sec] All done in 
