COMMAND: /Users/gurkan/Box/Research/INSPIRE/inspire-replication/src/INSPIRE /Users/gurkan/Box/Research/INSPIRE/inspire-replication/database/inspire.sqlite SMAD3 TGFBR2 inspire_legacy_v1

GO normalization for inspire_legacy_v1: 14.1026
Loaded 5995 GO pair scores for inspire_legacy_v1
Create two petals
Begin PETAL setup
new petal SMAD3 (18)
# 29 interactions in SMAD3
Done adding UniProt and Pfam annotations for SMAD3.
new petal TGFBR2 (20)
# 32 interactions in TGFBR2
Done adding UniProt and Pfam annotations for TGFBR2.
Petal Sizes: 18, 20
[1;32mPetal Name: [1;33mSMAD3
[1;32mPetal Size: [1;33m18[0;31m
APC
BTRC
CDC42
CREBBP
EP300
ETS1
FOXO3
GSK3B
ITGB1
MAP2K1
NCOR1
NFATC2
RNF111
SMAD3
SMAD4
SP1
TBL1XR1
TCF7L2
[0m---- 
[1;36mPetal Interactions[0;32m
1 BTRC	pp	APC
2 CDC42	pp	APC
3 EP300	pp	BTRC
4 GSK3B	pp	APC
5 GSK3B	pp	CREBBP
6 GSK3B	pp	FOXO3
7 ITGB1	pp	CDC42
8 MAP2K1	pp	CDC42
9 NFATC2	pp	GSK3B
10 SMAD3	pp	CREBBP
11 SMAD3	pp	EP300
12 SMAD3	pp	ETS1
13 SMAD3	pp	FOXO3
14 SMAD3	pp	ITGB1
15 SMAD3	pp	MAP2K1
16 SMAD3	pp	NCOR1
17 SMAD3	pp	NFATC2
18 SMAD3	pp	RNF111
19 SMAD4	pp	APC
20 SMAD4	pp	ETS1
21 SMAD4	pp	MAP2K1
22 SMAD4	pp	NCOR1
23 SMAD4	pp	RNF111
24 SP1	pp	SMAD3
25 SP1	pp	SMAD4
26 TBL1XR1	pp	APC
27 TBL1XR1	pp	NCOR1
28 TCF7L2	pp	APC
29 TCF7L2	pp	EP300
[0m
[1;32mPetal Name: [1;33mTGFBR2
[1;32mPetal Size: [1;33m20[0;31m
APC
BMPR1A
BTRC
CDC42
EGFR
EP300
ERBIN
GSK3B
IQGAP1
KRAS
PIK3CB
PIK3R1
SMAD4
SMAD5
SMURF2
TCF7L2
TGFBR1
TGFBR2
TRAF6
YAP1
[0m---- 
[1;36mPetal Interactions[0;32m
1 BTRC	pp	APC
2 CDC42	pp	APC
3 EP300	pp	BTRC
4 ERBIN	pp	APC
5 ERBIN	pp	EGFR
6 GSK3B	pp	APC
7 IQGAP1	pp	APC
8 IQGAP1	pp	EGFR
9 KRAS	pp	APC
10 KRAS	pp	EGFR
11 PIK3CB	pp	CDC42
12 PIK3R1	pp	KRAS
13 SMAD4	pp	APC
14 SMAD4	pp	BMPR1A
15 SMAD5	pp	SMAD4
16 SMURF2	pp	GSK3B
17 SMURF2	pp	SMAD4
18 TCF7L2	pp	APC
19 TCF7L2	pp	EP300
20 TGFBR1	pp	SMAD4
21 TGFBR2	pp	BMPR1A
22 TGFBR2	pp	EGFR
23 TGFBR2	pp	EP300
24 TGFBR2	pp	PIK3CB
25 TGFBR2	pp	PIK3R1
26 TGFBR2	pp	SMAD5
27 TGFBR2	pp	SMURF2
28 TGFBR2	pp	TGFBR1
29 TRAF6	pp	GSK3B
30 TRAF6	pp	TGFBR2
31 YAP1	pp	GSK3B
32 YAP1	pp	TGFBR2
[0m
Done creating Petals.
petals are loaded
[1;32mAGE for [0;36mSMAD3 - TGFBR2[0m
[0;35minitial size for AGE: 0[0m
counterPetal1 58
counterPetal2 64
counterPetal1*counterPetal2 3712
(*AGE).size()=3712
[0m---- 
[1;33mAGE nodes: 3712[0m
Allocate AGEgraph :  3712 x 3712	13778944 bytes

[0 min 0 sec] Nodes are done in 

[0 min 0 sec] Edges are done in 
0th run results (0) [new minumum]:0.262543
0 459 cost: 100
[0;36m		[A1. APC::A2. BTRC] ---  [B1. APC::B2. BTRC}[0m
[0;36m		[A1. BTRC::A2. EP300] ---  [B1. BTRC::B2. EP300}[0m
0 524 cost: 100
[0;36m		[A1. APC::A2. BTRC] ---  [B1. APC::B2. BTRC}[0m
[0;36m		[A1. CDC42::A2. APC] ---  [B1. CDC42::B2. APC}[0m
524 131 cost: 100
[0;36m		[A1. CDC42::A2. APC] ---  [B1. CDC42::B2. APC}[0m
[0;36m		[A1. APC::A2. GSK3B] ---  [B1. APC::B2. GSK3B}[0m
524 198 cost: 100
[0;36m		[A1. CDC42::A2. APC] ---  [B1. CDC42::B2. APC}[0m
[0;36m		[A1. APC::A2. SMAD4] ---  [B1. APC::B2. SMAD4}[0m
524 327 cost: 100
[0;36m		[A1. CDC42::A2. APC] ---  [B1. CDC42::B2. APC}[0m
[0;36m		[A1. APC::A2. TCF7L2] ---  [B1. APC::B2. TCF7L2}[0m
459 979 cost: 100
[0;36m		[A1. BTRC::A2. EP300] ---  [B1. BTRC::B2. EP300}[0m
[0;36m		[A1. EP300::A2. TCF7L2] ---  [B1. EP300::B2. TCF7L2}[0m
198 3112 cost: 158
[0;36m		[A1. APC::A2. SMAD4] ---  [B1. APC::B2. SMAD4}[0m
[0;36m		[A1. SMAD4::A2. MAP2K1] ---  [B1. SMAD4::B2. TGFBR1}[0m
459 916 cost: 217
[0;36m		[A1. BTRC::A2. EP300] ---  [B1. BTRC::B2. EP300}[0m
[0;36m		[A1. EP300::A2. SMAD3] ---  [B1. EP300::B2. TGFBR2}[0m
131 1368 cost: 217
[0;36m		[A1. APC::A2. GSK3B] ---  [B1. APC::B2. GSK3B}[0m
[0;36m		[A1. GSK3B::A2. CREBBP] ---  [B1. GSK3B::B2. SMURF2}[0m
131 1433 cost: 217
[0;36m		[A1. APC::A2. GSK3B] ---  [B1. APC::B2. GSK3B}[0m
[0;36m		[A1. GSK3B::A2. FOXO3] ---  [B1. GSK3B::B2. TRAF6}[0m
524 1568 cost: 217
[0;36m		[A1. CDC42::A2. APC] ---  [B1. CDC42::B2. APC}[0m
[0;36m		[A1. ITGB1::A2. CDC42] ---  [B1. PIK3CB::B2. CDC42}[0m
131 1498 cost: 235
[0;36m		[A1. APC::A2. GSK3B] ---  [B1. APC::B2. GSK3B}[0m
[0;36m		[A1. GSK3B::A2. NFATC2] ---  [B1. GSK3B::B2. YAP1}[0m
198 3045 cost: 246
[0;36m		[A1. APC::A2. SMAD4] ---  [B1. APC::B2. SMAD4}[0m
[0;36m		[A1. SMAD4::A2. ETS1] ---  [B1. SMAD4::B2. BMPR1A}[0m
198 3302 cost: 317
[0;36m		[A1. APC::A2. SMAD4] ---  [B1. APC::B2. SMAD4}[0m
[0;36m		[A1. SMAD4::A2. SP1] ---  [B1. SMAD4::B2. SMAD5}[0m
3112 1777 cost: 363
[0;36m		[A1. SMAD4::A2. MAP2K1] ---  [B1. SMAD4::B2. TGFBR1}[0m
[0;36m		[A1. MAP2K1::A2. SMAD3] ---  [B1. TGFBR1::B2. TGFBR2}[0m
131 813 cost: 465
[0;36m		[A1. APC::A2. GSK3B] ---  [B1. APC::B2. GSK3B}[0m
[0;36m		[A1. CREBBP::A2. SMAD3] ---  [B1. SMURF2::B2. TGFBR2}[0m
131 1277 cost: 465
[0;36m		[A1. APC::A2. GSK3B] ---  [B1. APC::B2. GSK3B}[0m
[0;36m		[A1. FOXO3::A2. SMAD3] ---  [B1. TRAF6::B2. TGFBR2}[0m
979 1633 cost: 465
[0;36m		[A1. EP300::A2. TCF7L2] ---  [B1. EP300::B2. TCF7L2}[0m
[0;36m		[A1. ITGB1::A2. SMAD3] ---  [B1. PIK3CB::B2. TGFBR2}[0m
979 1873 cost: 465
[0;36m		[A1. EP300::A2. TCF7L2] ---  [B1. EP300::B2. TCF7L2}[0m
[0;36m		[A1. NCOR1::A2. SMAD3] ---  [B1. EGFR::B2. TGFBR2}[0m
524 261 cost: 500
[0;36m		[A1. CDC42::A2. APC] ---  [B1. CDC42::B2. APC}[0m
[0;36m		[A1. APC::A2. TBL1XR1] ---  [B1. APC::B2. KRAS}[0m
131 2175 cost: 500
[0;36m		[A1. APC::A2. GSK3B] ---  [B1. APC::B2. GSK3B}[0m
[0;36m		[A1. NFATC2::A2. SMAD3] ---  [B1. YAP1::B2. TGFBR2}[0m
198 1033 cost: 526
[0;36m		[A1. APC::A2. SMAD4] ---  [B1. APC::B2. SMAD4}[0m
[0;36m		[A1. ETS1::A2. SMAD3] ---  [B1. BMPR1A::B2. TGFBR2}[0m
979 2211 cost: 588
[0;36m		[A1. EP300::A2. TCF7L2] ---  [B1. EP300::B2. TCF7L2}[0m
[0;36m		[A1. RNF111::A2. SMAD3] ---  [B1. PIK3R1::B2. TGFBR2}[0m
459 2935 cost: 689
[0;36m		[A1. BTRC::A2. EP300] ---  [B1. BTRC::B2. EP300}[0m
[0;36m		[A1. SMAD3::A2. SP1] ---  [B1. TGFBR2::B2. SMAD5}[0m
0 2000 cost: 1052
[0;36m		[A1. APC::A2. BTRC] ---  [B1. APC::B2. BTRC}[0m
[0;36m		[A1. NCOR1::A2. TBL1XR1] ---  [B1. EGFR::B2. KRAS}[0m

Displayed tree score: 0.262543

69th run results (1) [new minumum]:0.268837
69 394 cost: 122
[0;36m		[A1. APC::A2. CDC42] ---  [B1. APC::B2. KRAS}[0m
[0;36m		[A1. BTRC::A2. APC] ---  [B1. BTRC::B2. APC}[0m
394 131 cost: 100
[0;36m		[A1. BTRC::A2. APC] ---  [B1. BTRC::B2. APC}[0m
[0;36m		[A1. APC::A2. GSK3B] ---  [B1. APC::B2. GSK3B}[0m
394 198 cost: 100
[0;36m		[A1. BTRC::A2. APC] ---  [B1. BTRC::B2. APC}[0m
[0;36m		[A1. APC::A2. SMAD4] ---  [B1. APC::B2. SMAD4}[0m
394 327 cost: 100
[0;36m		[A1. BTRC::A2. APC] ---  [B1. BTRC::B2. APC}[0m
[0;36m		[A1. APC::A2. TCF7L2] ---  [B1. APC::B2. TCF7L2}[0m
394 850 cost: 100
[0;36m		[A1. BTRC::A2. APC] ---  [B1. BTRC::B2. APC}[0m
[0;36m		[A1. EP300::A2. BTRC] ---  [B1. EP300::B2. BTRC}[0m
327 3695 cost: 100
[0;36m		[A1. APC::A2. TCF7L2] ---  [B1. APC::B2. TCF7L2}[0m
[0;36m		[A1. TCF7L2::A2. EP300] ---  [B1. TCF7L2::B2. EP300}[0m
198 3112 cost: 158
[0;36m		[A1. APC::A2. SMAD4] ---  [B1. APC::B2. SMAD4}[0m
[0;36m		[A1. SMAD4::A2. MAP2K1] ---  [B1. SMAD4::B2. TGFBR1}[0m
3695 916 cost: 217
[0;36m		[A1. TCF7L2::A2. EP300] ---  [B1. TCF7L2::B2. EP300}[0m
[0;36m		[A1. EP300::A2. SMAD3] ---  [B1. EP300::B2. TGFBR2}[0m
131 1368 cost: 217
[0;36m		[A1. APC::A2. GSK3B] ---  [B1. APC::B2. GSK3B}[0m
[0;36m		[A1. GSK3B::A2. CREBBP] ---  [B1. GSK3B::B2. SMURF2}[0m
131 1433 cost: 217
[0;36m		[A1. APC::A2. GSK3B] ---  [B1. APC::B2. GSK3B}[0m
[0;36m		[A1. GSK3B::A2. FOXO3] ---  [B1. GSK3B::B2. TRAF6}[0m
131 1498 cost: 235
[0;36m		[A1. APC::A2. GSK3B] ---  [B1. APC::B2. GSK3B}[0m
[0;36m		[A1. GSK3B::A2. NFATC2] ---  [B1. GSK3B::B2. YAP1}[0m
198 3045 cost: 246
[0;36m		[A1. APC::A2. SMAD4] ---  [B1. APC::B2. SMAD4}[0m
[0;36m		[A1. SMAD4::A2. ETS1] ---  [B1. SMAD4::B2. BMPR1A}[0m
198 3302 cost: 317
[0;36m		[A1. APC::A2. SMAD4] ---  [B1. APC::B2. SMAD4}[0m
[0;36m		[A1. SMAD4::A2. SP1] ---  [B1. SMAD4::B2. SMAD5}[0m
3112 1777 cost: 363
[0;36m		[A1. SMAD4::A2. MAP2K1] ---  [B1. SMAD4::B2. TGFBR1}[0m
[0;36m		[A1. MAP2K1::A2. SMAD3] ---  [B1. TGFBR1::B2. TGFBR2}[0m
69 606 cost: 416
[0;36m		[A1. APC::A2. CDC42] ---  [B1. APC::B2. KRAS}[0m
[0;36m		[A1. CDC42::A2. ITGB1] ---  [B1. KRAS::B2. EGFR}[0m
394 257 cost: 444
[0;36m		[A1. BTRC::A2. APC] ---  [B1. BTRC::B2. APC}[0m
[0;36m		[A1. APC::A2. TBL1XR1] ---  [B1. APC::B2. CDC42}[0m
131 813 cost: 465
[0;36m		[A1. APC::A2. GSK3B] ---  [B1. APC::B2. GSK3B}[0m
[0;36m		[A1. CREBBP::A2. SMAD3] ---  [B1. SMURF2::B2. TGFBR2}[0m
131 1277 cost: 465
[0;36m		[A1. APC::A2. GSK3B] ---  [B1. APC::B2. GSK3B}[0m
[0;36m		[A1. FOXO3::A2. SMAD3] ---  [B1. TRAF6::B2. TGFBR2}[0m
850 1617 cost: 465
[0;36m		[A1. EP300::A2. BTRC] ---  [B1. EP300::B2. BTRC}[0m
[0;36m		[A1. ITGB1::A2. SMAD3] ---  [B1. EGFR::B2. TGFBR2}[0m
850 1891 cost: 465
[0;36m		[A1. EP300::A2. BTRC] ---  [B1. EP300::B2. BTRC}[0m
[0;36m		[A1. NCOR1::A2. SMAD3] ---  [B1. PIK3R1::B2. TGFBR2}[0m
131 2175 cost: 500
[0;36m		[A1. APC::A2. GSK3B] ---  [B1. APC::B2. GSK3B}[0m
[0;36m		[A1. NFATC2::A2. SMAD3] ---  [B1. YAP1::B2. TGFBR2}[0m
198 1033 cost: 526
[0;36m		[A1. APC::A2. SMAD4] ---  [B1. APC::B2. SMAD4}[0m
[0;36m		[A1. ETS1::A2. SMAD3] ---  [B1. BMPR1A::B2. TGFBR2}[0m
850 2209 cost: 625
[0;36m		[A1. EP300::A2. BTRC] ---  [B1. EP300::B2. BTRC}[0m
[0;36m		[A1. RNF111::A2. SMAD3] ---  [B1. PIK3CB::B2. TGFBR2}[0m
3695 2935 cost: 689
[0;36m		[A1. TCF7L2::A2. EP300] ---  [B1. TCF7L2::B2. EP300}[0m
[0;36m		[A1. SMAD3::A2. SP1] ---  [B1. TGFBR2::B2. SMAD5}[0m

Displayed tree score: 0.268837

664th run results (2) [new minumum]:0.268911
664 394 cost: 540
[0;36m		[A1. CDC42::A2. MAP2K1] ---  [B1. GSK3B::B2. SMURF2}[0m
[0;36m		[A1. BTRC::A2. APC] ---  [B1. BTRC::B2. APC}[0m
394 65 cost: 100
[0;36m		[A1. BTRC::A2. APC] ---  [B1. BTRC::B2. APC}[0m
[0;36m		[A1. APC::A2. CDC42] ---  [B1. APC::B2. CDC42}[0m
394 131 cost: 100
[0;36m		[A1. BTRC::A2. APC] ---  [B1. BTRC::B2. APC}[0m
[0;36m		[A1. APC::A2. GSK3B] ---  [B1. APC::B2. GSK3B}[0m
394 198 cost: 100
[0;36m		[A1. BTRC::A2. APC] ---  [B1. BTRC::B2. APC}[0m
[0;36m		[A1. APC::A2. SMAD4] ---  [B1. APC::B2. SMAD4}[0m
394 327 cost: 100
[0;36m		[A1. BTRC::A2. APC] ---  [B1. BTRC::B2. APC}[0m
[0;36m		[A1. APC::A2. TCF7L2] ---  [B1. APC::B2. TCF7L2}[0m
394 850 cost: 100
[0;36m		[A1. BTRC::A2. APC] ---  [B1. BTRC::B2. APC}[0m
[0;36m		[A1. EP300::A2. BTRC] ---  [B1. EP300::B2. BTRC}[0m
327 3695 cost: 100
[0;36m		[A1. APC::A2. TCF7L2] ---  [B1. APC::B2. TCF7L2}[0m
[0;36m		[A1. TCF7L2::A2. EP300] ---  [B1. TCF7L2::B2. EP300}[0m
198 3112 cost: 158
[0;36m		[A1. APC::A2. SMAD4] ---  [B1. APC::B2. SMAD4}[0m
[0;36m		[A1. SMAD4::A2. MAP2K1] ---  [B1. SMAD4::B2. TGFBR1}[0m
65 589 cost: 217
[0;36m		[A1. APC::A2. CDC42] ---  [B1. APC::B2. CDC42}[0m
[0;36m		[A1. CDC42::A2. ITGB1] ---  [B1. CDC42::B2. PIK3CB}[0m
3695 916 cost: 217
[0;36m		[A1. TCF7L2::A2. EP300] ---  [B1. TCF7L2::B2. EP300}[0m
[0;36m		[A1. EP300::A2. SMAD3] ---  [B1. EP300::B2. TGFBR2}[0m
131 1369 cost: 217
[0;36m		[A1. APC::A2. GSK3B] ---  [B1. APC::B2. GSK3B}[0m
[0;36m		[A1. GSK3B::A2. CREBBP] ---  [B1. GSK3B::B2. TRAF6}[0m
131 1434 cost: 217
[0;36m		[A1. APC::A2. GSK3B] ---  [B1. APC::B2. GSK3B}[0m
[0;36m		[A1. GSK3B::A2. FOXO3] ---  [B1. GSK3B::B2. YAP1}[0m
198 3045 cost: 246
[0;36m		[A1. APC::A2. SMAD4] ---  [B1. APC::B2. SMAD4}[0m
[0;36m		[A1. SMAD4::A2. ETS1] ---  [B1. SMAD4::B2. BMPR1A}[0m
198 3239 cost: 246
[0;36m		[A1. APC::A2. SMAD4] ---  [B1. APC::B2. SMAD4}[0m
[0;36m		[A1. SMAD4::A2. RNF111] ---  [B1. SMAD4::B2. SMURF2}[0m
198 3302 cost: 317
[0;36m		[A1. APC::A2. SMAD4] ---  [B1. APC::B2. SMAD4}[0m
[0;36m		[A1. SMAD4::A2. SP1] ---  [B1. SMAD4::B2. SMAD5}[0m
3112 1777 cost: 363
[0;36m		[A1. SMAD4::A2. MAP2K1] ---  [B1. SMAD4::B2. TGFBR1}[0m
[0;36m		[A1. MAP2K1::A2. SMAD3] ---  [B1. TGFBR1::B2. TGFBR2}[0m
131 829 cost: 465
[0;36m		[A1. APC::A2. GSK3B] ---  [B1. APC::B2. GSK3B}[0m
[0;36m		[A1. CREBBP::A2. SMAD3] ---  [B1. TRAF6::B2. TGFBR2}[0m
131 1279 cost: 465
[0;36m		[A1. APC::A2. GSK3B] ---  [B1. APC::B2. GSK3B}[0m
[0;36m		[A1. FOXO3::A2. SMAD3] ---  [B1. YAP1::B2. TGFBR2}[0m
65 1633 cost: 465
[0;36m		[A1. APC::A2. CDC42] ---  [B1. APC::B2. CDC42}[0m
[0;36m		[A1. ITGB1::A2. SMAD3] ---  [B1. PIK3CB::B2. TGFBR2}[0m
850 1873 cost: 465
[0;36m		[A1. EP300::A2. BTRC] ---  [B1. EP300::B2. BTRC}[0m
[0;36m		[A1. NCOR1::A2. SMAD3] ---  [B1. EGFR::B2. TGFBR2}[0m
850 2147 cost: 487
[0;36m		[A1. EP300::A2. BTRC] ---  [B1. EP300::B2. BTRC}[0m
[0;36m		[A1. NFATC2::A2. SMAD3] ---  [B1. PIK3R1::B2. TGFBR2}[0m
394 261 cost: 500
[0;36m		[A1. BTRC::A2. APC] ---  [B1. BTRC::B2. APC}[0m
[0;36m		[A1. APC::A2. TBL1XR1] ---  [B1. APC::B2. KRAS}[0m
198 1033 cost: 526
[0;36m		[A1. APC::A2. SMAD4] ---  [B1. APC::B2. SMAD4}[0m
[0;36m		[A1. ETS1::A2. SMAD3] ---  [B1. BMPR1A::B2. TGFBR2}[0m
198 2221 cost: 526
[0;36m		[A1. APC::A2. SMAD4] ---  [B1. APC::B2. SMAD4}[0m
[0;36m		[A1. RNF111::A2. SMAD3] ---  [B1. SMURF2::B2. TGFBR2}[0m
3695 2935 cost: 689
[0;36m		[A1. TCF7L2::A2. EP300] ---  [B1. TCF7L2::B2. EP300}[0m
[0;36m		[A1. SMAD3::A2. SP1] ---  [B1. TGFBR2::B2. SMAD5}[0m
65 2000 cost: 1052
[0;36m		[A1. APC::A2. CDC42] ---  [B1. APC::B2. CDC42}[0m
[0;36m		[A1. NCOR1::A2. TBL1XR1] ---  [B1. EGFR::B2. KRAS}[0m

Displayed tree score: 0.268911

668th run results (3) [new minumum]:0.269241
668 394 cost: 465
[0;36m		[A1. CDC42::A2. MAP2K1] ---  [B1. IQGAP1::B2. EGFR}[0m
[0;36m		[A1. BTRC::A2. APC] ---  [B1. BTRC::B2. APC}[0m
394 65 cost: 100
[0;36m		[A1. BTRC::A2. APC] ---  [B1. BTRC::B2. APC}[0m
[0;36m		[A1. APC::A2. CDC42] ---  [B1. APC::B2. CDC42}[0m
394 131 cost: 100
[0;36m		[A1. BTRC::A2. APC] ---  [B1. BTRC::B2. APC}[0m
[0;36m		[A1. APC::A2. GSK3B] ---  [B1. APC::B2. GSK3B}[0m
394 198 cost: 100
[0;36m		[A1. BTRC::A2. APC] ---  [B1. BTRC::B2. APC}[0m
[0;36m		[A1. APC::A2. SMAD4] ---  [B1. APC::B2. SMAD4}[0m
394 327 cost: 100
[0;36m		[A1. BTRC::A2. APC] ---  [B1. BTRC::B2. APC}[0m
[0;36m		[A1. APC::A2. TCF7L2] ---  [B1. APC::B2. TCF7L2}[0m
394 850 cost: 100
[0;36m		[A1. BTRC::A2. APC] ---  [B1. BTRC::B2. APC}[0m
[0;36m		[A1. EP300::A2. BTRC] ---  [B1. EP300::B2. BTRC}[0m
327 3695 cost: 100
[0;36m		[A1. APC::A2. TCF7L2] ---  [B1. APC::B2. TCF7L2}[0m
[0;36m		[A1. TCF7L2::A2. EP300] ---  [B1. TCF7L2::B2. EP300}[0m
198 3112 cost: 158
[0;36m		[A1. APC::A2. SMAD4] ---  [B1. APC::B2. SMAD4}[0m
[0;36m		[A1. SMAD4::A2. MAP2K1] ---  [B1. SMAD4::B2. TGFBR1}[0m
65 589 cost: 217
[0;36m		[A1. APC::A2. CDC42] ---  [B1. APC::B2. CDC42}[0m
[0;36m		[A1. CDC42::A2. ITGB1] ---  [B1. CDC42::B2. PIK3CB}[0m
3695 916 cost: 217
[0;36m		[A1. TCF7L2::A2. EP300] ---  [B1. TCF7L2::B2. EP300}[0m
[0;36m		[A1. EP300::A2. SMAD3] ---  [B1. EP300::B2. TGFBR2}[0m
131 1368 cost: 217
[0;36m		[A1. APC::A2. GSK3B] ---  [B1. APC::B2. GSK3B}[0m
[0;36m		[A1. GSK3B::A2. CREBBP] ---  [B1. GSK3B::B2. SMURF2}[0m
131 1433 cost: 217
[0;36m		[A1. APC::A2. GSK3B] ---  [B1. APC::B2. GSK3B}[0m
[0;36m		[A1. GSK3B::A2. FOXO3] ---  [B1. GSK3B::B2. TRAF6}[0m
131 1498 cost: 235
[0;36m		[A1. APC::A2. GSK3B] ---  [B1. APC::B2. GSK3B}[0m
[0;36m		[A1. GSK3B::A2. NFATC2] ---  [B1. GSK3B::B2. YAP1}[0m
198 3045 cost: 246
[0;36m		[A1. APC::A2. SMAD4] ---  [B1. APC::B2. SMAD4}[0m
[0;36m		[A1. SMAD4::A2. ETS1] ---  [B1. SMAD4::B2. BMPR1A}[0m
198 3302 cost: 317
[0;36m		[A1. APC::A2. SMAD4] ---  [B1. APC::B2. SMAD4}[0m
[0;36m		[A1. SMAD4::A2. SP1] ---  [B1. SMAD4::B2. SMAD5}[0m
3112 1777 cost: 363
[0;36m		[A1. SMAD4::A2. MAP2K1] ---  [B1. SMAD4::B2. TGFBR1}[0m
[0;36m		[A1. MAP2K1::A2. SMAD3] ---  [B1. TGFBR1::B2. TGFBR2}[0m
131 813 cost: 465
[0;36m		[A1. APC::A2. GSK3B] ---  [B1. APC::B2. GSK3B}[0m
[0;36m		[A1. CREBBP::A2. SMAD3] ---  [B1. SMURF2::B2. TGFBR2}[0m
131 1277 cost: 465
[0;36m		[A1. APC::A2. GSK3B] ---  [B1. APC::B2. GSK3B}[0m
[0;36m		[A1. FOXO3::A2. SMAD3] ---  [B1. TRAF6::B2. TGFBR2}[0m
65 1633 cost: 465
[0;36m		[A1. APC::A2. CDC42] ---  [B1. APC::B2. CDC42}[0m
[0;36m		[A1. ITGB1::A2. SMAD3] ---  [B1. PIK3CB::B2. TGFBR2}[0m
850 1873 cost: 465
[0;36m		[A1. EP300::A2. BTRC] ---  [B1. EP300::B2. BTRC}[0m
[0;36m		[A1. NCOR1::A2. SMAD3] ---  [B1. EGFR::B2. TGFBR2}[0m
394 261 cost: 500
[0;36m		[A1. BTRC::A2. APC] ---  [B1. BTRC::B2. APC}[0m
[0;36m		[A1. APC::A2. TBL1XR1] ---  [B1. APC::B2. KRAS}[0m
131 2175 cost: 500
[0;36m		[A1. APC::A2. GSK3B] ---  [B1. APC::B2. GSK3B}[0m
[0;36m		[A1. NFATC2::A2. SMAD3] ---  [B1. YAP1::B2. TGFBR2}[0m
198 1033 cost: 526
[0;36m		[A1. APC::A2. SMAD4] ---  [B1. APC::B2. SMAD4}[0m
[0;36m		[A1. ETS1::A2. SMAD3] ---  [B1. BMPR1A::B2. TGFBR2}[0m
850 2211 cost: 588
[0;36m		[A1. EP300::A2. BTRC] ---  [B1. EP300::B2. BTRC}[0m
[0;36m		[A1. RNF111::A2. SMAD3] ---  [B1. PIK3R1::B2. TGFBR2}[0m
3695 2935 cost: 689
[0;36m		[A1. TCF7L2::A2. EP300] ---  [B1. TCF7L2::B2. EP300}[0m
[0;36m		[A1. SMAD3::A2. SP1] ---  [B1. TGFBR2::B2. SMAD5}[0m
65 2000 cost: 1052
[0;36m		[A1. APC::A2. CDC42] ---  [B1. APC::B2. CDC42}[0m
[0;36m		[A1. NCOR1::A2. TBL1XR1] ---  [B1. EGFR::B2. KRAS}[0m

Displayed tree score: 0.269241

670th run results (4) [new minumum]:0.276666
670 69 cost: 416
[0;36m		[A1. CDC42::A2. MAP2K1] ---  [B1. KRAS::B2. EGFR}[0m
[0;36m		[A1. APC::A2. CDC42] ---  [B1. APC::B2. KRAS}[0m
69 394 cost: 122
[0;36m		[A1. APC::A2. CDC42] ---  [B1. APC::B2. KRAS}[0m
[0;36m		[A1. BTRC::A2. APC] ---  [B1. BTRC::B2. APC}[0m
394 131 cost: 100
[0;36m		[A1. BTRC::A2. APC] ---  [B1. BTRC::B2. APC}[0m
[0;36m		[A1. APC::A2. GSK3B] ---  [B1. APC::B2. GSK3B}[0m
394 198 cost: 100
[0;36m		[A1. BTRC::A2. APC] ---  [B1. BTRC::B2. APC}[0m
[0;36m		[A1. APC::A2. SMAD4] ---  [B1. APC::B2. SMAD4}[0m
394 327 cost: 100
[0;36m		[A1. BTRC::A2. APC] ---  [B1. BTRC::B2. APC}[0m
[0;36m		[A1. APC::A2. TCF7L2] ---  [B1. APC::B2. TCF7L2}[0m
394 850 cost: 100
[0;36m		[A1. BTRC::A2. APC] ---  [B1. BTRC::B2. APC}[0m
[0;36m		[A1. EP300::A2. BTRC] ---  [B1. EP300::B2. BTRC}[0m
327 3695 cost: 100
[0;36m		[A1. APC::A2. TCF7L2] ---  [B1. APC::B2. TCF7L2}[0m
[0;36m		[A1. TCF7L2::A2. EP300] ---  [B1. TCF7L2::B2. EP300}[0m
198 3112 cost: 158
[0;36m		[A1. APC::A2. SMAD4] ---  [B1. APC::B2. SMAD4}[0m
[0;36m		[A1. SMAD4::A2. MAP2K1] ---  [B1. SMAD4::B2. TGFBR1}[0m
3695 916 cost: 217
[0;36m		[A1. TCF7L2::A2. EP300] ---  [B1. TCF7L2::B2. EP300}[0m
[0;36m		[A1. EP300::A2. SMAD3] ---  [B1. EP300::B2. TGFBR2}[0m
131 1368 cost: 217
[0;36m		[A1. APC::A2. GSK3B] ---  [B1. APC::B2. GSK3B}[0m
[0;36m		[A1. GSK3B::A2. CREBBP] ---  [B1. GSK3B::B2. SMURF2}[0m
131 1433 cost: 217
[0;36m		[A1. APC::A2. GSK3B] ---  [B1. APC::B2. GSK3B}[0m
[0;36m		[A1. GSK3B::A2. FOXO3] ---  [B1. GSK3B::B2. TRAF6}[0m
131 1498 cost: 235
[0;36m		[A1. APC::A2. GSK3B] ---  [B1. APC::B2. GSK3B}[0m
[0;36m		[A1. GSK3B::A2. NFATC2] ---  [B1. GSK3B::B2. YAP1}[0m
198 3045 cost: 246
[0;36m		[A1. APC::A2. SMAD4] ---  [B1. APC::B2. SMAD4}[0m
[0;36m		[A1. SMAD4::A2. ETS1] ---  [B1. SMAD4::B2. BMPR1A}[0m
198 3302 cost: 317
[0;36m		[A1. APC::A2. SMAD4] ---  [B1. APC::B2. SMAD4}[0m
[0;36m		[A1. SMAD4::A2. SP1] ---  [B1. SMAD4::B2. SMAD5}[0m
3112 1777 cost: 363
[0;36m		[A1. SMAD4::A2. MAP2K1] ---  [B1. SMAD4::B2. TGFBR1}[0m
[0;36m		[A1. MAP2K1::A2. SMAD3] ---  [B1. TGFBR1::B2. TGFBR2}[0m
69 607 cost: 416
[0;36m		[A1. APC::A2. CDC42] ---  [B1. APC::B2. KRAS}[0m
[0;36m		[A1. CDC42::A2. ITGB1] ---  [B1. KRAS::B2. PIK3R1}[0m
394 257 cost: 444
[0;36m		[A1. BTRC::A2. APC] ---  [B1. BTRC::B2. APC}[0m
[0;36m		[A1. APC::A2. TBL1XR1] ---  [B1. APC::B2. CDC42}[0m
131 813 cost: 465
[0;36m		[A1. APC::A2. GSK3B] ---  [B1. APC::B2. GSK3B}[0m
[0;36m		[A1. CREBBP::A2. SMAD3] ---  [B1. SMURF2::B2. TGFBR2}[0m
131 1277 cost: 465
[0;36m		[A1. APC::A2. GSK3B] ---  [B1. APC::B2. GSK3B}[0m
[0;36m		[A1. FOXO3::A2. SMAD3] ---  [B1. TRAF6::B2. TGFBR2}[0m
850 1635 cost: 465
[0;36m		[A1. EP300::A2. BTRC] ---  [B1. EP300::B2. BTRC}[0m
[0;36m		[A1. ITGB1::A2. SMAD3] ---  [B1. PIK3R1::B2. TGFBR2}[0m
850 1873 cost: 465
[0;36m		[A1. EP300::A2. BTRC] ---  [B1. EP300::B2. BTRC}[0m
[0;36m		[A1. NCOR1::A2. SMAD3] ---  [B1. EGFR::B2. TGFBR2}[0m
131 2175 cost: 500
[0;36m		[A1. APC::A2. GSK3B] ---  [B1. APC::B2. GSK3B}[0m
[0;36m		[A1. NFATC2::A2. SMAD3] ---  [B1. YAP1::B2. TGFBR2}[0m
198 1033 cost: 526
[0;36m		[A1. APC::A2. SMAD4] ---  [B1. APC::B2. SMAD4}[0m
[0;36m		[A1. ETS1::A2. SMAD3] ---  [B1. BMPR1A::B2. TGFBR2}[0m
850 2209 cost: 625
[0;36m		[A1. EP300::A2. BTRC] ---  [B1. EP300::B2. BTRC}[0m
[0;36m		[A1. RNF111::A2. SMAD3] ---  [B1. PIK3CB::B2. TGFBR2}[0m
3695 2935 cost: 689
[0;36m		[A1. TCF7L2::A2. EP300] ---  [B1. TCF7L2::B2. EP300}[0m
[0;36m		[A1. SMAD3::A2. SP1] ---  [B1. TGFBR2::B2. SMAD5}[0m

Displayed tree score: 0.276666

738th run results (5) [new minumum]:0.282407
738 0 cost: 487
[0;36m		[A1. CREBBP::A2. GSK3B] ---  [B1. PIK3R1::B2. KRAS}[0m
[0;36m		[A1. APC::A2. BTRC] ---  [B1. APC::B2. BTRC}[0m
0 459 cost: 100
[0;36m		[A1. APC::A2. BTRC] ---  [B1. APC::B2. BTRC}[0m
[0;36m		[A1. BTRC::A2. EP300] ---  [B1. BTRC::B2. EP300}[0m
0 524 cost: 100
[0;36m		[A1. APC::A2. BTRC] ---  [B1. APC::B2. BTRC}[0m
[0;36m		[A1. CDC42::A2. APC] ---  [B1. CDC42::B2. APC}[0m
524 131 cost: 100
[0;36m		[A1. CDC42::A2. APC] ---  [B1. CDC42::B2. APC}[0m
[0;36m		[A1. APC::A2. GSK3B] ---  [B1. APC::B2. GSK3B}[0m
524 198 cost: 100
[0;36m		[A1. CDC42::A2. APC] ---  [B1. CDC42::B2. APC}[0m
[0;36m		[A1. APC::A2. SMAD4] ---  [B1. APC::B2. SMAD4}[0m
524 327 cost: 100
[0;36m		[A1. CDC42::A2. APC] ---  [B1. CDC42::B2. APC}[0m
[0;36m		[A1. APC::A2. TCF7L2] ---  [B1. APC::B2. TCF7L2}[0m
459 979 cost: 100
[0;36m		[A1. BTRC::A2. EP300] ---  [B1. BTRC::B2. EP300}[0m
[0;36m		[A1. EP300::A2. TCF7L2] ---  [B1. EP300::B2. TCF7L2}[0m
198 3112 cost: 158
[0;36m		[A1. APC::A2. SMAD4] ---  [B1. APC::B2. SMAD4}[0m
[0;36m		[A1. SMAD4::A2. MAP2K1] ---  [B1. SMAD4::B2. TGFBR1}[0m
459 916 cost: 217
[0;36m		[A1. BTRC::A2. EP300] ---  [B1. BTRC::B2. EP300}[0m
[0;36m		[A1. EP300::A2. SMAD3] ---  [B1. EP300::B2. TGFBR2}[0m
131 1433 cost: 217
[0;36m		[A1. APC::A2. GSK3B] ---  [B1. APC::B2. GSK3B}[0m
[0;36m		[A1. GSK3B::A2. FOXO3] ---  [B1. GSK3B::B2. TRAF6}[0m
524 1568 cost: 217
[0;36m		[A1. CDC42::A2. APC] ---  [B1. CDC42::B2. APC}[0m
[0;36m		[A1. ITGB1::A2. CDC42] ---  [B1. PIK3CB::B2. CDC42}[0m
131 1498 cost: 235
[0;36m		[A1. APC::A2. GSK3B] ---  [B1. APC::B2. GSK3B}[0m
[0;36m		[A1. GSK3B::A2. NFATC2] ---  [B1. GSK3B::B2. YAP1}[0m
198 3045 cost: 246
[0;36m		[A1. APC::A2. SMAD4] ---  [B1. APC::B2. SMAD4}[0m
[0;36m		[A1. SMAD4::A2. ETS1] ---  [B1. SMAD4::B2. BMPR1A}[0m
198 3239 cost: 246
[0;36m		[A1. APC::A2. SMAD4] ---  [B1. APC::B2. SMAD4}[0m
[0;36m		[A1. SMAD4::A2. RNF111] ---  [B1. SMAD4::B2. SMURF2}[0m
198 3302 cost: 317
[0;36m		[A1. APC::A2. SMAD4] ---  [B1. APC::B2. SMAD4}[0m
[0;36m		[A1. SMAD4::A2. SP1] ---  [B1. SMAD4::B2. SMAD5}[0m
3112 1777 cost: 363
[0;36m		[A1. SMAD4::A2. MAP2K1] ---  [B1. SMAD4::B2. TGFBR1}[0m
[0;36m		[A1. MAP2K1::A2. SMAD3] ---  [B1. TGFBR1::B2. TGFBR2}[0m
979 785 cost: 465
[0;36m		[A1. EP300::A2. TCF7L2] ---  [B1. EP300::B2. TCF7L2}[0m
[0;36m		[A1. CREBBP::A2. SMAD3] ---  [B1. EGFR::B2. TGFBR2}[0m
131 1277 cost: 465
[0;36m		[A1. APC::A2. GSK3B] ---  [B1. APC::B2. GSK3B}[0m
[0;36m		[A1. FOXO3::A2. SMAD3] ---  [B1. TRAF6::B2. TGFBR2}[0m
979 1633 cost: 465
[0;36m		[A1. EP300::A2. TCF7L2] ---  [B1. EP300::B2. TCF7L2}[0m
[0;36m		[A1. ITGB1::A2. SMAD3] ---  [B1. PIK3CB::B2. TGFBR2}[0m
979 1891 cost: 465
[0;36m		[A1. EP300::A2. TCF7L2] ---  [B1. EP300::B2. TCF7L2}[0m
[0;36m		[A1. NCOR1::A2. SMAD3] ---  [B1. PIK3R1::B2. TGFBR2}[0m
524 261 cost: 500
[0;36m		[A1. CDC42::A2. APC] ---  [B1. CDC42::B2. APC}[0m
[0;36m		[A1. APC::A2. TBL1XR1] ---  [B1. APC::B2. KRAS}[0m
131 2175 cost: 500
[0;36m		[A1. APC::A2. GSK3B] ---  [B1. APC::B2. GSK3B}[0m
[0;36m		[A1. NFATC2::A2. SMAD3] ---  [B1. YAP1::B2. TGFBR2}[0m
198 1033 cost: 526
[0;36m		[A1. APC::A2. SMAD4] ---  [B1. APC::B2. SMAD4}[0m
[0;36m		[A1. ETS1::A2. SMAD3] ---  [B1. BMPR1A::B2. TGFBR2}[0m
198 2221 cost: 526
[0;36m		[A1. APC::A2. SMAD4] ---  [B1. APC::B2. SMAD4}[0m
[0;36m		[A1. RNF111::A2. SMAD3] ---  [B1. SMURF2::B2. TGFBR2}[0m
459 2935 cost: 689
[0;36m		[A1. BTRC::A2. EP300] ---  [B1. BTRC::B2. EP300}[0m
[0;36m		[A1. SMAD3::A2. SP1] ---  [B1. TGFBR2::B2. SMAD5}[0m

Displayed tree score: 0.282407

3303th run results (6) [new minumum]:0.289363
3303 198 cost: 259
[0;36m		[A1. SMAD4::A2. SP1] ---  [B1. SMAD4::B2. SMURF2}[0m
[0;36m		[A1. APC::A2. SMAD4] ---  [B1. APC::B2. SMAD4}[0m
198 394 cost: 100
[0;36m		[A1. APC::A2. SMAD4] ---  [B1. APC::B2. SMAD4}[0m
[0;36m		[A1. BTRC::A2. APC] ---  [B1. BTRC::B2. APC}[0m
394 65 cost: 100
[0;36m		[A1. BTRC::A2. APC] ---  [B1. BTRC::B2. APC}[0m
[0;36m		[A1. APC::A2. CDC42] ---  [B1. APC::B2. CDC42}[0m
394 131 cost: 100
[0;36m		[A1. BTRC::A2. APC] ---  [B1. BTRC::B2. APC}[0m
[0;36m		[A1. APC::A2. GSK3B] ---  [B1. APC::B2. GSK3B}[0m
394 327 cost: 100
[0;36m		[A1. BTRC::A2. APC] ---  [B1. BTRC::B2. APC}[0m
[0;36m		[A1. APC::A2. TCF7L2] ---  [B1. APC::B2. TCF7L2}[0m
394 850 cost: 100
[0;36m		[A1. BTRC::A2. APC] ---  [B1. BTRC::B2. APC}[0m
[0;36m		[A1. EP300::A2. BTRC] ---  [B1. EP300::B2. BTRC}[0m
327 3695 cost: 100
[0;36m		[A1. APC::A2. TCF7L2] ---  [B1. APC::B2. TCF7L2}[0m
[0;36m		[A1. TCF7L2::A2. EP300] ---  [B1. TCF7L2::B2. EP300}[0m
198 3112 cost: 158
[0;36m		[A1. APC::A2. SMAD4] ---  [B1. APC::B2. SMAD4}[0m
[0;36m		[A1. SMAD4::A2. MAP2K1] ---  [B1. SMAD4::B2. TGFBR1}[0m
65 589 cost: 217
[0;36m		[A1. APC::A2. CDC42] ---  [B1. APC::B2. CDC42}[0m
[0;36m		[A1. CDC42::A2. ITGB1] ---  [B1. CDC42::B2. PIK3CB}[0m
3695 916 cost: 217
[0;36m		[A1. TCF7L2::A2. EP300] ---  [B1. TCF7L2::B2. EP300}[0m
[0;36m		[A1. EP300::A2. SMAD3] ---  [B1. EP300::B2. TGFBR2}[0m
131 1368 cost: 217
[0;36m		[A1. APC::A2. GSK3B] ---  [B1. APC::B2. GSK3B}[0m
[0;36m		[A1. GSK3B::A2. CREBBP] ---  [B1. GSK3B::B2. SMURF2}[0m
131 1433 cost: 217
[0;36m		[A1. APC::A2. GSK3B] ---  [B1. APC::B2. GSK3B}[0m
[0;36m		[A1. GSK3B::A2. FOXO3] ---  [B1. GSK3B::B2. TRAF6}[0m
131 1498 cost: 235
[0;36m		[A1. APC::A2. GSK3B] ---  [B1. APC::B2. GSK3B}[0m
[0;36m		[A1. GSK3B::A2. NFATC2] ---  [B1. GSK3B::B2. YAP1}[0m
198 3045 cost: 246
[0;36m		[A1. APC::A2. SMAD4] ---  [B1. APC::B2. SMAD4}[0m
[0;36m		[A1. SMAD4::A2. ETS1] ---  [B1. SMAD4::B2. BMPR1A}[0m
198 3174 cost: 338
[0;36m		[A1. APC::A2. SMAD4] ---  [B1. APC::B2. SMAD4}[0m
[0;36m		[A1. SMAD4::A2. NCOR1] ---  [B1. SMAD4::B2. SMAD5}[0m
3112 1777 cost: 363
[0;36m		[A1. SMAD4::A2. MAP2K1] ---  [B1. SMAD4::B2. TGFBR1}[0m
[0;36m		[A1. MAP2K1::A2. SMAD3] ---  [B1. TGFBR1::B2. TGFBR2}[0m
131 813 cost: 465
[0;36m		[A1. APC::A2. GSK3B] ---  [B1. APC::B2. GSK3B}[0m
[0;36m		[A1. CREBBP::A2. SMAD3] ---  [B1. SMURF2::B2. TGFBR2}[0m
131 1277 cost: 465
[0;36m		[A1. APC::A2. GSK3B] ---  [B1. APC::B2. GSK3B}[0m
[0;36m		[A1. FOXO3::A2. SMAD3] ---  [B1. TRAF6::B2. TGFBR2}[0m
65 1633 cost: 465
[0;36m		[A1. APC::A2. CDC42] ---  [B1. APC::B2. CDC42}[0m
[0;36m		[A1. ITGB1::A2. SMAD3] ---  [B1. PIK3CB::B2. TGFBR2}[0m
394 261 cost: 500
[0;36m		[A1. BTRC::A2. APC] ---  [B1. BTRC::B2. APC}[0m
[0;36m		[A1. APC::A2. TBL1XR1] ---  [B1. APC::B2. KRAS}[0m
131 2175 cost: 500
[0;36m		[A1. APC::A2. GSK3B] ---  [B1. APC::B2. GSK3B}[0m
[0;36m		[A1. NFATC2::A2. SMAD3] ---  [B1. YAP1::B2. TGFBR2}[0m
3695 2934 cost: 500
[0;36m		[A1. TCF7L2::A2. EP300] ---  [B1. TCF7L2::B2. EP300}[0m
[0;36m		[A1. SMAD3::A2. SP1] ---  [B1. TGFBR2::B2. PIK3R1}[0m
850 2193 cost: 512
[0;36m		[A1. EP300::A2. BTRC] ---  [B1. EP300::B2. BTRC}[0m
[0;36m		[A1. RNF111::A2. SMAD3] ---  [B1. EGFR::B2. TGFBR2}[0m
198 1033 cost: 526
[0;36m		[A1. APC::A2. SMAD4] ---  [B1. APC::B2. SMAD4}[0m
[0;36m		[A1. ETS1::A2. SMAD3] ---  [B1. BMPR1A::B2. TGFBR2}[0m
198 1898 cost: 714
[0;36m		[A1. APC::A2. SMAD4] ---  [B1. APC::B2. SMAD4}[0m
[0;36m		[A1. NCOR1::A2. SMAD3] ---  [B1. SMAD5::B2. TGFBR2}[0m

Displayed tree score: 0.289363

Petal1:29	Petal2:32	treecost: 7714	 tree size:25
$RESULT$	SMAD3	TGFBR2	norm_score:	0.289363
[0m
[0 min 2 sec] All done in 
