COMMAND: /Users/gurkan/Box/Research/INSPIRE/inspire-replication/src/INSPIRE /Users/gurkan/Box/Research/INSPIRE/inspire-replication/database/inspire.sqlite SMAD3 SMAD4 inspire_legacy_v1

GO normalization for inspire_legacy_v1: 14.1026
Loaded 5995 GO pair scores for inspire_legacy_v1
Create two petals
Begin PETAL setup
new petal SMAD3 (18)
# 29 interactions in SMAD3
Done adding UniProt and Pfam annotations for SMAD3.
new petal SMAD4 (25)
# 48 interactions in SMAD4
Done adding UniProt and Pfam annotations for SMAD4.
Petal Sizes: 18, 25
[1;32mPetal Name: [1;33mSMAD3
[1;32mPetal Size: [1;33m18[0;31m
APC
BTRC
CDC42
CREBBP
EP300
ETS1
FOXO3
GSK3B
ITGB1
MAP2K1
NCOR1
NFATC2
RNF111
SMAD3
SMAD4
SP1
TBL1XR1
TCF7L2
[0m---- 
[1;36mPetal Interactions[0;32m
1 BTRC	pp	APC
2 CDC42	pp	APC
3 EP300	pp	BTRC
4 GSK3B	pp	APC
5 GSK3B	pp	CREBBP
6 GSK3B	pp	FOXO3
7 ITGB1	pp	CDC42
8 MAP2K1	pp	CDC42
9 NFATC2	pp	GSK3B
10 SMAD3	pp	CREBBP
11 SMAD3	pp	EP300
12 SMAD3	pp	ETS1
13 SMAD3	pp	FOXO3
14 SMAD3	pp	ITGB1
15 SMAD3	pp	MAP2K1
16 SMAD3	pp	NCOR1
17 SMAD3	pp	NFATC2
18 SMAD3	pp	RNF111
19 SMAD4	pp	APC
20 SMAD4	pp	ETS1
21 SMAD4	pp	MAP2K1
22 SMAD4	pp	NCOR1
23 SMAD4	pp	RNF111
24 SP1	pp	SMAD3
25 SP1	pp	SMAD4
26 TBL1XR1	pp	APC
27 TBL1XR1	pp	NCOR1
28 TCF7L2	pp	APC
29 TCF7L2	pp	EP300
[0m
[1;32mPetal Name: [1;33mSMAD4
[1;32mPetal Size: [1;33m25[0;31m
APC
BCL2
BTRC
CDC42
ERBIN
GSK3B
HIF1A
KRAS
LRRK2
MAP2K1
MAPK1
NCOR1
PTEN
RBPJ
SIAH1
SIN3A
SMAD1
SMAD2
SMAD4
SMURF2
SP1
TBL1XR1
TCF7L2
TNKS
WWTR1
[0m---- 
[1;36mPetal Interactions[0;32m
1 BTRC	pp	APC
2 CDC42	pp	APC
3 ERBIN	pp	APC
4 ERBIN	pp	CDC42
5 GSK3B	pp	APC
6 HIF1A	pp	GSK3B
7 KRAS	pp	APC
8 KRAS	pp	BCL2
9 KRAS	pp	HIF1A
10 LRRK2	pp	APC
11 LRRK2	pp	HIF1A
12 MAP2K1	pp	BTRC
13 MAP2K1	pp	CDC42
14 MAPK1	pp	GSK3B
15 PTEN	pp	CDC42
16 PTEN	pp	GSK3B
17 SIAH1	pp	APC
18 SIAH1	pp	HIF1A
19 SMAD1	pp	GSK3B
20 SMAD2	pp	CDC42
21 SMAD2	pp	ERBIN
22 SMAD2	pp	GSK3B
23 SMAD4	pp	APC
24 SMAD4	pp	BCL2
25 SMAD4	pp	CDC42
26 SMAD4	pp	HIF1A
27 SMAD4	pp	MAP2K1
28 SMAD4	pp	MAPK1
29 SMAD4	pp	NCOR1
30 SMAD4	pp	PTEN
31 SMAD4	pp	RBPJ
32 SMAD4	pp	SIN3A
33 SMAD4	pp	SMAD1
34 SMAD4	pp	SMAD2
35 SMURF2	pp	GSK3B
36 SMURF2	pp	SMAD4
37 SP1	pp	BTRC
38 SP1	pp	SMAD4
39 TBL1XR1	pp	APC
40 TBL1XR1	pp	NCOR1
41 TBL1XR1	pp	RBPJ
42 TBL1XR1	pp	SIN3A
43 TCF7L2	pp	APC
44 TCF7L2	pp	PTEN
45 TNKS	pp	APC
46 TNKS	pp	PTEN
47 WWTR1	pp	BTRC
48 WWTR1	pp	SMAD4
[0m
Done creating Petals.
petals are loaded
[1;32mAGE for [0;36mSMAD3 - SMAD4[0m
[0;35minitial size for AGE: 0[0m
counterPetal1 58
counterPetal2 96
counterPetal1*counterPetal2 5568
(*AGE).size()=5568
[0m---- 
[1;33mAGE nodes: 5568[0m
Allocate AGEgraph :  5568 x 5568	31002624 bytes

[0 min 0 sec] Nodes are done in 

[0 min 1 sec] Edges are done in 
0th run results (0) [new minumum]:0.368752
0 785 cost: 100
[0;36m		[A1. APC::A2. BTRC] ---  [B1. APC::B2. BTRC}[0m
[0;36m		[A1. CDC42::A2. APC] ---  [B1. CDC42::B2. APC}[0m
785 195 cost: 100
[0;36m		[A1. CDC42::A2. APC] ---  [B1. CDC42::B2. APC}[0m
[0;36m		[A1. APC::A2. GSK3B] ---  [B1. APC::B2. GSK3B}[0m
785 295 cost: 100
[0;36m		[A1. CDC42::A2. APC] ---  [B1. CDC42::B2. APC}[0m
[0;36m		[A1. APC::A2. SMAD4] ---  [B1. APC::B2. SMAD4}[0m
785 489 cost: 100
[0;36m		[A1. CDC42::A2. APC] ---  [B1. CDC42::B2. APC}[0m
[0;36m		[A1. APC::A2. TCF7L2] ---  [B1. APC::B2. TCF7L2}[0m
785 2540 cost: 100
[0;36m		[A1. CDC42::A2. APC] ---  [B1. CDC42::B2. APC}[0m
[0;36m		[A1. MAP2K1::A2. CDC42] ---  [B1. MAP2K1::B2. CDC42}[0m
295 4679 cost: 100
[0;36m		[A1. APC::A2. SMAD4] ---  [B1. APC::B2. SMAD4}[0m
[0;36m		[A1. SMAD4::A2. MAP2K1] ---  [B1. SMAD4::B2. MAP2K1}[0m
4679 2928 cost: 100
[0;36m		[A1. SMAD4::A2. MAP2K1] ---  [B1. SMAD4::B2. MAP2K1}[0m
[0;36m		[A1. NCOR1::A2. SMAD4] ---  [B1. NCOR1::B2. SMAD4}[0m
295 4976 cost: 100
[0;36m		[A1. APC::A2. SMAD4] ---  [B1. APC::B2. SMAD4}[0m
[0;36m		[A1. SMAD4::A2. SP1] ---  [B1. SMAD4::B2. SP1}[0m
785 392 cost: 104
[0;36m		[A1. CDC42::A2. APC] ---  [B1. CDC42::B2. APC}[0m
[0;36m		[A1. APC::A2. TBL1XR1] ---  [B1. APC::B2. TBL1XR1}[0m
2928 5367 cost: 104
[0;36m		[A1. NCOR1::A2. SMAD4] ---  [B1. NCOR1::B2. SMAD4}[0m
[0;36m		[A1. TBL1XR1::A2. NCOR1] ---  [B1. TBL1XR1::B2. NCOR1}[0m
2540 884 cost: 217
[0;36m		[A1. MAP2K1::A2. CDC42] ---  [B1. MAP2K1::B2. CDC42}[0m
[0;36m		[A1. CDC42::A2. ITGB1] ---  [B1. CDC42::B2. PTEN}[0m
4679 1669 cost: 217
[0;36m		[A1. SMAD4::A2. MAP2K1] ---  [B1. SMAD4::B2. MAP2K1}[0m
[0;36m		[A1. ETS1::A2. SMAD4] ---  [B1. HIF1A::B2. SMAD4}[0m
195 2044 cost: 217
[0;36m		[A1. APC::A2. GSK3B] ---  [B1. APC::B2. GSK3B}[0m
[0;36m		[A1. GSK3B::A2. CREBBP] ---  [B1. GSK3B::B2. MAPK1}[0m
0 688 cost: 235
[0;36m		[A1. APC::A2. BTRC] ---  [B1. APC::B2. BTRC}[0m
[0;36m		[A1. BTRC::A2. EP300] ---  [B1. BTRC::B2. WWTR1}[0m
195 2143 cost: 235
[0;36m		[A1. APC::A2. GSK3B] ---  [B1. APC::B2. GSK3B}[0m
[0;36m		[A1. GSK3B::A2. FOXO3] ---  [B1. GSK3B::B2. SMAD2}[0m
4679 3443 cost: 246
[0;36m		[A1. SMAD4::A2. MAP2K1] ---  [B1. SMAD4::B2. MAP2K1}[0m
[0;36m		[A1. RNF111::A2. SMAD4] ---  [B1. SMURF2::B2. SMAD4}[0m
195 2238 cost: 298
[0;36m		[A1. APC::A2. GSK3B] ---  [B1. APC::B2. GSK3B}[0m
[0;36m		[A1. GSK3B::A2. NFATC2] ---  [B1. GSK3B::B2. SMAD1}[0m
295 1570 cost: 465
[0;36m		[A1. APC::A2. SMAD4] ---  [B1. APC::B2. SMAD4}[0m
[0;36m		[A1. ETS1::A2. SMAD3] ---  [B1. HIF1A::B2. KRAS}[0m

Displayed tree score: 0.368752

331th run results (1) [new minumum]:0.382932
331 5077 cost: 555
[0;36m		[A1. APC::A2. SMAD4] ---  [B1. MAP2K1::B2. BTRC}[0m
[0;36m		[A1. SP1::A2. SMAD3] ---  [B1. SP1::B2. SMAD4}[0m
5077 4007 cost: 108
[0;36m		[A1. SP1::A2. SMAD3] ---  [B1. SP1::B2. SMAD4}[0m
[0;36m		[A1. SMAD3::A2. MAP2K1] ---  [B1. SMAD4::B2. MAP2K1}[0m
4007 2540 cost: 104
[0;36m		[A1. SMAD3::A2. MAP2K1] ---  [B1. SMAD4::B2. MAP2K1}[0m
[0;36m		[A1. MAP2K1::A2. CDC42] ---  [B1. MAP2K1::B2. CDC42}[0m
2540 785 cost: 100
[0;36m		[A1. MAP2K1::A2. CDC42] ---  [B1. MAP2K1::B2. CDC42}[0m
[0;36m		[A1. CDC42::A2. APC] ---  [B1. CDC42::B2. APC}[0m
785 0 cost: 100
[0;36m		[A1. CDC42::A2. APC] ---  [B1. CDC42::B2. APC}[0m
[0;36m		[A1. APC::A2. BTRC] ---  [B1. APC::B2. BTRC}[0m
785 195 cost: 100
[0;36m		[A1. CDC42::A2. APC] ---  [B1. CDC42::B2. APC}[0m
[0;36m		[A1. APC::A2. GSK3B] ---  [B1. APC::B2. GSK3B}[0m
785 489 cost: 100
[0;36m		[A1. CDC42::A2. APC] ---  [B1. CDC42::B2. APC}[0m
[0;36m		[A1. APC::A2. TCF7L2] ---  [B1. APC::B2. TCF7L2}[0m
785 392 cost: 104
[0;36m		[A1. CDC42::A2. APC] ---  [B1. CDC42::B2. APC}[0m
[0;36m		[A1. APC::A2. TBL1XR1] ---  [B1. APC::B2. TBL1XR1}[0m
4007 2832 cost: 108
[0;36m		[A1. SMAD3::A2. MAP2K1] ---  [B1. SMAD4::B2. MAP2K1}[0m
[0;36m		[A1. NCOR1::A2. SMAD3] ---  [B1. NCOR1::B2. SMAD4}[0m
392 5367 cost: 108
[0;36m		[A1. APC::A2. TBL1XR1] ---  [B1. APC::B2. TBL1XR1}[0m
[0;36m		[A1. TBL1XR1::A2. NCOR1] ---  [B1. TBL1XR1::B2. NCOR1}[0m
2540 884 cost: 217
[0;36m		[A1. MAP2K1::A2. CDC42] ---  [B1. MAP2K1::B2. CDC42}[0m
[0;36m		[A1. CDC42::A2. ITGB1] ---  [B1. CDC42::B2. PTEN}[0m
195 2044 cost: 217
[0;36m		[A1. APC::A2. GSK3B] ---  [B1. APC::B2. GSK3B}[0m
[0;36m		[A1. GSK3B::A2. CREBBP] ---  [B1. GSK3B::B2. MAPK1}[0m
195 2139 cost: 217
[0;36m		[A1. APC::A2. GSK3B] ---  [B1. APC::B2. GSK3B}[0m
[0;36m		[A1. GSK3B::A2. FOXO3] ---  [B1. GSK3B::B2. HIF1A}[0m
0 688 cost: 235
[0;36m		[A1. APC::A2. BTRC] ---  [B1. APC::B2. BTRC}[0m
[0;36m		[A1. BTRC::A2. EP300] ---  [B1. BTRC::B2. WWTR1}[0m
4007 1199 cost: 240
[0;36m		[A1. SMAD3::A2. MAP2K1] ---  [B1. SMAD4::B2. MAP2K1}[0m
[0;36m		[A1. CREBBP::A2. SMAD3] ---  [B1. MAPK1::B2. SMAD4}[0m
4007 1598 cost: 240
[0;36m		[A1. SMAD3::A2. MAP2K1] ---  [B1. SMAD4::B2. MAP2K1}[0m
[0;36m		[A1. ETS1::A2. SMAD3] ---  [B1. SMAD1::B2. SMAD4}[0m
4007 1861 cost: 240
[0;36m		[A1. SMAD3::A2. MAP2K1] ---  [B1. SMAD4::B2. MAP2K1}[0m
[0;36m		[A1. FOXO3::A2. SMAD3] ---  [B1. HIF1A::B2. SMAD4}[0m
4007 2452 cost: 240
[0;36m		[A1. SMAD3::A2. MAP2K1] ---  [B1. SMAD4::B2. MAP2K1}[0m
[0;36m		[A1. ITGB1::A2. SMAD3] ---  [B1. PTEN::B2. SMAD4}[0m
4007 3180 cost: 240
[0;36m		[A1. SMAD3::A2. MAP2K1] ---  [B1. SMAD4::B2. MAP2K1}[0m
[0;36m		[A1. NFATC2::A2. SMAD3] ---  [B1. BCL2::B2. SMAD4}[0m
4007 1439 cost: 263
[0;36m		[A1. SMAD3::A2. MAP2K1] ---  [B1. SMAD4::B2. MAP2K1}[0m
[0;36m		[A1. EP300::A2. SMAD3] ---  [B1. WWTR1::B2. SMAD4}[0m
4007 3347 cost: 277
[0;36m		[A1. SMAD3::A2. MAP2K1] ---  [B1. SMAD4::B2. MAP2K1}[0m
[0;36m		[A1. RNF111::A2. SMAD3] ---  [B1. SMURF2::B2. SMAD4}[0m

Displayed tree score: 0.382932

684th run results (2) [new minumum]:0.387359
684 4007 cost: 526
[0;36m		[A1. BTRC::A2. EP300] ---  [B1. BCL2::B2. SMAD4}[0m
[0;36m		[A1. SMAD3::A2. MAP2K1] ---  [B1. SMAD4::B2. MAP2K1}[0m
4007 2540 cost: 104
[0;36m		[A1. SMAD3::A2. MAP2K1] ---  [B1. SMAD4::B2. MAP2K1}[0m
[0;36m		[A1. MAP2K1::A2. CDC42] ---  [B1. MAP2K1::B2. CDC42}[0m
2540 785 cost: 100
[0;36m		[A1. MAP2K1::A2. CDC42] ---  [B1. MAP2K1::B2. CDC42}[0m
[0;36m		[A1. CDC42::A2. APC] ---  [B1. CDC42::B2. APC}[0m
785 0 cost: 100
[0;36m		[A1. CDC42::A2. APC] ---  [B1. CDC42::B2. APC}[0m
[0;36m		[A1. APC::A2. BTRC] ---  [B1. APC::B2. BTRC}[0m
785 195 cost: 100
[0;36m		[A1. CDC42::A2. APC] ---  [B1. CDC42::B2. APC}[0m
[0;36m		[A1. APC::A2. GSK3B] ---  [B1. APC::B2. GSK3B}[0m
785 489 cost: 100
[0;36m		[A1. CDC42::A2. APC] ---  [B1. CDC42::B2. APC}[0m
[0;36m		[A1. APC::A2. TCF7L2] ---  [B1. APC::B2. TCF7L2}[0m
785 392 cost: 104
[0;36m		[A1. CDC42::A2. APC] ---  [B1. CDC42::B2. APC}[0m
[0;36m		[A1. APC::A2. TBL1XR1] ---  [B1. APC::B2. TBL1XR1}[0m
4007 2832 cost: 108
[0;36m		[A1. SMAD3::A2. MAP2K1] ---  [B1. SMAD4::B2. MAP2K1}[0m
[0;36m		[A1. NCOR1::A2. SMAD3] ---  [B1. NCOR1::B2. SMAD4}[0m
2832 4400 cost: 108
[0;36m		[A1. NCOR1::A2. SMAD3] ---  [B1. NCOR1::B2. SMAD4}[0m
[0;36m		[A1. SMAD3::A2. SP1] ---  [B1. SMAD4::B2. SP1}[0m
392 5367 cost: 108
[0;36m		[A1. APC::A2. TBL1XR1] ---  [B1. APC::B2. TBL1XR1}[0m
[0;36m		[A1. TBL1XR1::A2. NCOR1] ---  [B1. TBL1XR1::B2. NCOR1}[0m
785 292 cost: 217
[0;36m		[A1. CDC42::A2. APC] ---  [B1. CDC42::B2. APC}[0m
[0;36m		[A1. APC::A2. SMAD4] ---  [B1. APC::B2. KRAS}[0m
2540 884 cost: 217
[0;36m		[A1. MAP2K1::A2. CDC42] ---  [B1. MAP2K1::B2. CDC42}[0m
[0;36m		[A1. CDC42::A2. ITGB1] ---  [B1. CDC42::B2. PTEN}[0m
195 2044 cost: 217
[0;36m		[A1. APC::A2. GSK3B] ---  [B1. APC::B2. GSK3B}[0m
[0;36m		[A1. GSK3B::A2. CREBBP] ---  [B1. GSK3B::B2. MAPK1}[0m
195 2139 cost: 217
[0;36m		[A1. APC::A2. GSK3B] ---  [B1. APC::B2. GSK3B}[0m
[0;36m		[A1. GSK3B::A2. FOXO3] ---  [B1. GSK3B::B2. HIF1A}[0m
4007 1199 cost: 240
[0;36m		[A1. SMAD3::A2. MAP2K1] ---  [B1. SMAD4::B2. MAP2K1}[0m
[0;36m		[A1. CREBBP::A2. SMAD3] ---  [B1. MAPK1::B2. SMAD4}[0m
4007 1399 cost: 240
[0;36m		[A1. SMAD3::A2. MAP2K1] ---  [B1. SMAD4::B2. MAP2K1}[0m
[0;36m		[A1. EP300::A2. SMAD3] ---  [B1. RBPJ::B2. SMAD4}[0m
4007 1598 cost: 240
[0;36m		[A1. SMAD3::A2. MAP2K1] ---  [B1. SMAD4::B2. MAP2K1}[0m
[0;36m		[A1. ETS1::A2. SMAD3] ---  [B1. SMAD1::B2. SMAD4}[0m
4007 1861 cost: 240
[0;36m		[A1. SMAD3::A2. MAP2K1] ---  [B1. SMAD4::B2. MAP2K1}[0m
[0;36m		[A1. FOXO3::A2. SMAD3] ---  [B1. HIF1A::B2. SMAD4}[0m
4007 2452 cost: 240
[0;36m		[A1. SMAD3::A2. MAP2K1] ---  [B1. SMAD4::B2. MAP2K1}[0m
[0;36m		[A1. ITGB1::A2. SMAD3] ---  [B1. PTEN::B2. SMAD4}[0m
4007 3227 cost: 263
[0;36m		[A1. SMAD3::A2. MAP2K1] ---  [B1. SMAD4::B2. MAP2K1}[0m
[0;36m		[A1. NFATC2::A2. SMAD3] ---  [B1. SIN3A::B2. SMAD4}[0m
4007 3347 cost: 277
[0;36m		[A1. SMAD3::A2. MAP2K1] ---  [B1. SMAD4::B2. MAP2K1}[0m
[0;36m		[A1. RNF111::A2. SMAD3] ---  [B1. SMURF2::B2. SMAD4}[0m

Displayed tree score: 0.387359

713th run results (3) [new minumum]:0.392181
713 4007 cost: 476
[0;36m		[A1. BTRC::A2. EP300] ---  [B1. LRRK2::B2. APC}[0m
[0;36m		[A1. SMAD3::A2. MAP2K1] ---  [B1. SMAD4::B2. MAP2K1}[0m
4007 2540 cost: 104
[0;36m		[A1. SMAD3::A2. MAP2K1] ---  [B1. SMAD4::B2. MAP2K1}[0m
[0;36m		[A1. MAP2K1::A2. CDC42] ---  [B1. MAP2K1::B2. CDC42}[0m
2540 785 cost: 100
[0;36m		[A1. MAP2K1::A2. CDC42] ---  [B1. MAP2K1::B2. CDC42}[0m
[0;36m		[A1. CDC42::A2. APC] ---  [B1. CDC42::B2. APC}[0m
785 0 cost: 100
[0;36m		[A1. CDC42::A2. APC] ---  [B1. CDC42::B2. APC}[0m
[0;36m		[A1. APC::A2. BTRC] ---  [B1. APC::B2. BTRC}[0m
785 195 cost: 100
[0;36m		[A1. CDC42::A2. APC] ---  [B1. CDC42::B2. APC}[0m
[0;36m		[A1. APC::A2. GSK3B] ---  [B1. APC::B2. GSK3B}[0m
785 489 cost: 100
[0;36m		[A1. CDC42::A2. APC] ---  [B1. CDC42::B2. APC}[0m
[0;36m		[A1. APC::A2. TCF7L2] ---  [B1. APC::B2. TCF7L2}[0m
785 392 cost: 104
[0;36m		[A1. CDC42::A2. APC] ---  [B1. CDC42::B2. APC}[0m
[0;36m		[A1. APC::A2. TBL1XR1] ---  [B1. APC::B2. TBL1XR1}[0m
4007 2832 cost: 108
[0;36m		[A1. SMAD3::A2. MAP2K1] ---  [B1. SMAD4::B2. MAP2K1}[0m
[0;36m		[A1. NCOR1::A2. SMAD3] ---  [B1. NCOR1::B2. SMAD4}[0m
2832 4400 cost: 108
[0;36m		[A1. NCOR1::A2. SMAD3] ---  [B1. NCOR1::B2. SMAD4}[0m
[0;36m		[A1. SMAD3::A2. SP1] ---  [B1. SMAD4::B2. SP1}[0m
392 5367 cost: 108
[0;36m		[A1. APC::A2. TBL1XR1] ---  [B1. APC::B2. TBL1XR1}[0m
[0;36m		[A1. TBL1XR1::A2. NCOR1] ---  [B1. TBL1XR1::B2. NCOR1}[0m
785 292 cost: 217
[0;36m		[A1. CDC42::A2. APC] ---  [B1. CDC42::B2. APC}[0m
[0;36m		[A1. APC::A2. SMAD4] ---  [B1. APC::B2. KRAS}[0m
2540 884 cost: 217
[0;36m		[A1. MAP2K1::A2. CDC42] ---  [B1. MAP2K1::B2. CDC42}[0m
[0;36m		[A1. CDC42::A2. ITGB1] ---  [B1. CDC42::B2. PTEN}[0m
195 2044 cost: 217
[0;36m		[A1. APC::A2. GSK3B] ---  [B1. APC::B2. GSK3B}[0m
[0;36m		[A1. GSK3B::A2. CREBBP] ---  [B1. GSK3B::B2. MAPK1}[0m
195 2139 cost: 217
[0;36m		[A1. APC::A2. GSK3B] ---  [B1. APC::B2. GSK3B}[0m
[0;36m		[A1. GSK3B::A2. FOXO3] ---  [B1. GSK3B::B2. HIF1A}[0m
4007 1199 cost: 240
[0;36m		[A1. SMAD3::A2. MAP2K1] ---  [B1. SMAD4::B2. MAP2K1}[0m
[0;36m		[A1. CREBBP::A2. SMAD3] ---  [B1. MAPK1::B2. SMAD4}[0m
4007 1356 cost: 240
[0;36m		[A1. SMAD3::A2. MAP2K1] ---  [B1. SMAD4::B2. MAP2K1}[0m
[0;36m		[A1. EP300::A2. SMAD3] ---  [B1. BCL2::B2. SMAD4}[0m
4007 1598 cost: 240
[0;36m		[A1. SMAD3::A2. MAP2K1] ---  [B1. SMAD4::B2. MAP2K1}[0m
[0;36m		[A1. ETS1::A2. SMAD3] ---  [B1. SMAD1::B2. SMAD4}[0m
4007 1861 cost: 240
[0;36m		[A1. SMAD3::A2. MAP2K1] ---  [B1. SMAD4::B2. MAP2K1}[0m
[0;36m		[A1. FOXO3::A2. SMAD3] ---  [B1. HIF1A::B2. SMAD4}[0m
4007 2452 cost: 240
[0;36m		[A1. SMAD3::A2. MAP2K1] ---  [B1. SMAD4::B2. MAP2K1}[0m
[0;36m		[A1. ITGB1::A2. SMAD3] ---  [B1. PTEN::B2. SMAD4}[0m
4007 3227 cost: 263
[0;36m		[A1. SMAD3::A2. MAP2K1] ---  [B1. SMAD4::B2. MAP2K1}[0m
[0;36m		[A1. NFATC2::A2. SMAD3] ---  [B1. SIN3A::B2. SMAD4}[0m
4007 3347 cost: 277
[0;36m		[A1. SMAD3::A2. MAP2K1] ---  [B1. SMAD4::B2. MAP2K1}[0m
[0;36m		[A1. RNF111::A2. SMAD3] ---  [B1. SMURF2::B2. SMAD4}[0m

Displayed tree score: 0.392181

722th run results (4) [new minumum]:0.406627
722 4007 cost: 476
[0;36m		[A1. BTRC::A2. EP300] ---  [B1. PTEN::B2. CDC42}[0m
[0;36m		[A1. SMAD3::A2. MAP2K1] ---  [B1. SMAD4::B2. MAP2K1}[0m
4007 2540 cost: 104
[0;36m		[A1. SMAD3::A2. MAP2K1] ---  [B1. SMAD4::B2. MAP2K1}[0m
[0;36m		[A1. MAP2K1::A2. CDC42] ---  [B1. MAP2K1::B2. CDC42}[0m
2540 785 cost: 100
[0;36m		[A1. MAP2K1::A2. CDC42] ---  [B1. MAP2K1::B2. CDC42}[0m
[0;36m		[A1. CDC42::A2. APC] ---  [B1. CDC42::B2. APC}[0m
785 0 cost: 100
[0;36m		[A1. CDC42::A2. APC] ---  [B1. CDC42::B2. APC}[0m
[0;36m		[A1. APC::A2. BTRC] ---  [B1. APC::B2. BTRC}[0m
785 195 cost: 100
[0;36m		[A1. CDC42::A2. APC] ---  [B1. CDC42::B2. APC}[0m
[0;36m		[A1. APC::A2. GSK3B] ---  [B1. APC::B2. GSK3B}[0m
785 489 cost: 100
[0;36m		[A1. CDC42::A2. APC] ---  [B1. CDC42::B2. APC}[0m
[0;36m		[A1. APC::A2. TCF7L2] ---  [B1. APC::B2. TCF7L2}[0m
785 392 cost: 104
[0;36m		[A1. CDC42::A2. APC] ---  [B1. CDC42::B2. APC}[0m
[0;36m		[A1. APC::A2. TBL1XR1] ---  [B1. APC::B2. TBL1XR1}[0m
4007 2832 cost: 108
[0;36m		[A1. SMAD3::A2. MAP2K1] ---  [B1. SMAD4::B2. MAP2K1}[0m
[0;36m		[A1. NCOR1::A2. SMAD3] ---  [B1. NCOR1::B2. SMAD4}[0m
2832 4400 cost: 108
[0;36m		[A1. NCOR1::A2. SMAD3] ---  [B1. NCOR1::B2. SMAD4}[0m
[0;36m		[A1. SMAD3::A2. SP1] ---  [B1. SMAD4::B2. SP1}[0m
392 5367 cost: 108
[0;36m		[A1. APC::A2. TBL1XR1] ---  [B1. APC::B2. TBL1XR1}[0m
[0;36m		[A1. TBL1XR1::A2. NCOR1] ---  [B1. TBL1XR1::B2. NCOR1}[0m
785 292 cost: 217
[0;36m		[A1. CDC42::A2. APC] ---  [B1. CDC42::B2. APC}[0m
[0;36m		[A1. APC::A2. SMAD4] ---  [B1. APC::B2. KRAS}[0m
195 2044 cost: 217
[0;36m		[A1. APC::A2. GSK3B] ---  [B1. APC::B2. GSK3B}[0m
[0;36m		[A1. GSK3B::A2. CREBBP] ---  [B1. GSK3B::B2. MAPK1}[0m
195 2139 cost: 217
[0;36m		[A1. APC::A2. GSK3B] ---  [B1. APC::B2. GSK3B}[0m
[0;36m		[A1. GSK3B::A2. FOXO3] ---  [B1. GSK3B::B2. HIF1A}[0m
489 5563 cost: 217
[0;36m		[A1. APC::A2. TCF7L2] ---  [B1. APC::B2. TCF7L2}[0m
[0;36m		[A1. TCF7L2::A2. EP300] ---  [B1. TCF7L2::B2. PTEN}[0m
2540 885 cost: 235
[0;36m		[A1. MAP2K1::A2. CDC42] ---  [B1. MAP2K1::B2. CDC42}[0m
[0;36m		[A1. CDC42::A2. ITGB1] ---  [B1. CDC42::B2. SMAD2}[0m
4007 1199 cost: 240
[0;36m		[A1. SMAD3::A2. MAP2K1] ---  [B1. SMAD4::B2. MAP2K1}[0m
[0;36m		[A1. CREBBP::A2. SMAD3] ---  [B1. MAPK1::B2. SMAD4}[0m
4007 1396 cost: 240
[0;36m		[A1. SMAD3::A2. MAP2K1] ---  [B1. SMAD4::B2. MAP2K1}[0m
[0;36m		[A1. EP300::A2. SMAD3] ---  [B1. PTEN::B2. SMAD4}[0m
4007 1598 cost: 240
[0;36m		[A1. SMAD3::A2. MAP2K1] ---  [B1. SMAD4::B2. MAP2K1}[0m
[0;36m		[A1. ETS1::A2. SMAD3] ---  [B1. SMAD1::B2. SMAD4}[0m
4007 1861 cost: 240
[0;36m		[A1. SMAD3::A2. MAP2K1] ---  [B1. SMAD4::B2. MAP2K1}[0m
[0;36m		[A1. FOXO3::A2. SMAD3] ---  [B1. HIF1A::B2. SMAD4}[0m
4007 3180 cost: 240
[0;36m		[A1. SMAD3::A2. MAP2K1] ---  [B1. SMAD4::B2. MAP2K1}[0m
[0;36m		[A1. NFATC2::A2. SMAD3] ---  [B1. BCL2::B2. SMAD4}[0m
4007 2466 cost: 263
[0;36m		[A1. SMAD3::A2. MAP2K1] ---  [B1. SMAD4::B2. MAP2K1}[0m
[0;36m		[A1. ITGB1::A2. SMAD3] ---  [B1. SMAD2::B2. SMAD4}[0m
4007 3347 cost: 277
[0;36m		[A1. SMAD3::A2. MAP2K1] ---  [B1. SMAD4::B2. MAP2K1}[0m
[0;36m		[A1. RNF111::A2. SMAD3] ---  [B1. SMURF2::B2. SMAD4}[0m

Displayed tree score: 0.406627

1159th run results (5) [new minumum]:0.415787
1159 4007 cost: 253
[0;36m		[A1. CREBBP::A2. SMAD3] ---  [B1. APC::B2. SMAD4}[0m
[0;36m		[A1. SMAD3::A2. MAP2K1] ---  [B1. SMAD4::B2. MAP2K1}[0m
4007 2540 cost: 104
[0;36m		[A1. SMAD3::A2. MAP2K1] ---  [B1. SMAD4::B2. MAP2K1}[0m
[0;36m		[A1. MAP2K1::A2. CDC42] ---  [B1. MAP2K1::B2. CDC42}[0m
2540 785 cost: 100
[0;36m		[A1. MAP2K1::A2. CDC42] ---  [B1. MAP2K1::B2. CDC42}[0m
[0;36m		[A1. CDC42::A2. APC] ---  [B1. CDC42::B2. APC}[0m
785 0 cost: 100
[0;36m		[A1. CDC42::A2. APC] ---  [B1. CDC42::B2. APC}[0m
[0;36m		[A1. APC::A2. BTRC] ---  [B1. APC::B2. BTRC}[0m
785 195 cost: 100
[0;36m		[A1. CDC42::A2. APC] ---  [B1. CDC42::B2. APC}[0m
[0;36m		[A1. APC::A2. GSK3B] ---  [B1. APC::B2. GSK3B}[0m
785 489 cost: 100
[0;36m		[A1. CDC42::A2. APC] ---  [B1. CDC42::B2. APC}[0m
[0;36m		[A1. APC::A2. TCF7L2] ---  [B1. APC::B2. TCF7L2}[0m
785 392 cost: 104
[0;36m		[A1. CDC42::A2. APC] ---  [B1. CDC42::B2. APC}[0m
[0;36m		[A1. APC::A2. TBL1XR1] ---  [B1. APC::B2. TBL1XR1}[0m
4007 2832 cost: 108
[0;36m		[A1. SMAD3::A2. MAP2K1] ---  [B1. SMAD4::B2. MAP2K1}[0m
[0;36m		[A1. NCOR1::A2. SMAD3] ---  [B1. NCOR1::B2. SMAD4}[0m
2832 4400 cost: 108
[0;36m		[A1. NCOR1::A2. SMAD3] ---  [B1. NCOR1::B2. SMAD4}[0m
[0;36m		[A1. SMAD3::A2. SP1] ---  [B1. SMAD4::B2. SP1}[0m
392 5367 cost: 108
[0;36m		[A1. APC::A2. TBL1XR1] ---  [B1. APC::B2. TBL1XR1}[0m
[0;36m		[A1. TBL1XR1::A2. NCOR1] ---  [B1. TBL1XR1::B2. NCOR1}[0m
785 292 cost: 217
[0;36m		[A1. CDC42::A2. APC] ---  [B1. CDC42::B2. APC}[0m
[0;36m		[A1. APC::A2. SMAD4] ---  [B1. APC::B2. KRAS}[0m
2540 884 cost: 217
[0;36m		[A1. MAP2K1::A2. CDC42] ---  [B1. MAP2K1::B2. CDC42}[0m
[0;36m		[A1. CDC42::A2. ITGB1] ---  [B1. CDC42::B2. PTEN}[0m
195 2044 cost: 217
[0;36m		[A1. APC::A2. GSK3B] ---  [B1. APC::B2. GSK3B}[0m
[0;36m		[A1. GSK3B::A2. CREBBP] ---  [B1. GSK3B::B2. MAPK1}[0m
195 2139 cost: 217
[0;36m		[A1. APC::A2. GSK3B] ---  [B1. APC::B2. GSK3B}[0m
[0;36m		[A1. GSK3B::A2. FOXO3] ---  [B1. GSK3B::B2. HIF1A}[0m
0 688 cost: 235
[0;36m		[A1. APC::A2. BTRC] ---  [B1. APC::B2. BTRC}[0m
[0;36m		[A1. BTRC::A2. EP300] ---  [B1. BTRC::B2. WWTR1}[0m
4007 1598 cost: 240
[0;36m		[A1. SMAD3::A2. MAP2K1] ---  [B1. SMAD4::B2. MAP2K1}[0m
[0;36m		[A1. ETS1::A2. SMAD3] ---  [B1. SMAD1::B2. SMAD4}[0m
4007 1861 cost: 240
[0;36m		[A1. SMAD3::A2. MAP2K1] ---  [B1. SMAD4::B2. MAP2K1}[0m
[0;36m		[A1. FOXO3::A2. SMAD3] ---  [B1. HIF1A::B2. SMAD4}[0m
4007 2452 cost: 240
[0;36m		[A1. SMAD3::A2. MAP2K1] ---  [B1. SMAD4::B2. MAP2K1}[0m
[0;36m		[A1. ITGB1::A2. SMAD3] ---  [B1. PTEN::B2. SMAD4}[0m
4007 3180 cost: 240
[0;36m		[A1. SMAD3::A2. MAP2K1] ---  [B1. SMAD4::B2. MAP2K1}[0m
[0;36m		[A1. NFATC2::A2. SMAD3] ---  [B1. BCL2::B2. SMAD4}[0m
4007 1439 cost: 263
[0;36m		[A1. SMAD3::A2. MAP2K1] ---  [B1. SMAD4::B2. MAP2K1}[0m
[0;36m		[A1. EP300::A2. SMAD3] ---  [B1. WWTR1::B2. SMAD4}[0m
4007 3347 cost: 277
[0;36m		[A1. SMAD3::A2. MAP2K1] ---  [B1. SMAD4::B2. MAP2K1}[0m
[0;36m		[A1. RNF111::A2. SMAD3] ---  [B1. SMURF2::B2. SMAD4}[0m

Displayed tree score: 0.415787

1199th run results (6) [new minumum]:0.417219
1199 4007 cost: 240
[0;36m		[A1. CREBBP::A2. SMAD3] ---  [B1. MAPK1::B2. SMAD4}[0m
[0;36m		[A1. SMAD3::A2. MAP2K1] ---  [B1. SMAD4::B2. MAP2K1}[0m
4007 2540 cost: 104
[0;36m		[A1. SMAD3::A2. MAP2K1] ---  [B1. SMAD4::B2. MAP2K1}[0m
[0;36m		[A1. MAP2K1::A2. CDC42] ---  [B1. MAP2K1::B2. CDC42}[0m
2540 785 cost: 100
[0;36m		[A1. MAP2K1::A2. CDC42] ---  [B1. MAP2K1::B2. CDC42}[0m
[0;36m		[A1. CDC42::A2. APC] ---  [B1. CDC42::B2. APC}[0m
785 0 cost: 100
[0;36m		[A1. CDC42::A2. APC] ---  [B1. CDC42::B2. APC}[0m
[0;36m		[A1. APC::A2. BTRC] ---  [B1. APC::B2. BTRC}[0m
785 195 cost: 100
[0;36m		[A1. CDC42::A2. APC] ---  [B1. CDC42::B2. APC}[0m
[0;36m		[A1. APC::A2. GSK3B] ---  [B1. APC::B2. GSK3B}[0m
785 489 cost: 100
[0;36m		[A1. CDC42::A2. APC] ---  [B1. CDC42::B2. APC}[0m
[0;36m		[A1. APC::A2. TCF7L2] ---  [B1. APC::B2. TCF7L2}[0m
785 392 cost: 104
[0;36m		[A1. CDC42::A2. APC] ---  [B1. CDC42::B2. APC}[0m
[0;36m		[A1. APC::A2. TBL1XR1] ---  [B1. APC::B2. TBL1XR1}[0m
4007 2832 cost: 108
[0;36m		[A1. SMAD3::A2. MAP2K1] ---  [B1. SMAD4::B2. MAP2K1}[0m
[0;36m		[A1. NCOR1::A2. SMAD3] ---  [B1. NCOR1::B2. SMAD4}[0m
2832 4400 cost: 108
[0;36m		[A1. NCOR1::A2. SMAD3] ---  [B1. NCOR1::B2. SMAD4}[0m
[0;36m		[A1. SMAD3::A2. SP1] ---  [B1. SMAD4::B2. SP1}[0m
392 5367 cost: 108
[0;36m		[A1. APC::A2. TBL1XR1] ---  [B1. APC::B2. TBL1XR1}[0m
[0;36m		[A1. TBL1XR1::A2. NCOR1] ---  [B1. TBL1XR1::B2. NCOR1}[0m
785 292 cost: 217
[0;36m		[A1. CDC42::A2. APC] ---  [B1. CDC42::B2. APC}[0m
[0;36m		[A1. APC::A2. SMAD4] ---  [B1. APC::B2. KRAS}[0m
2540 884 cost: 217
[0;36m		[A1. MAP2K1::A2. CDC42] ---  [B1. MAP2K1::B2. CDC42}[0m
[0;36m		[A1. CDC42::A2. ITGB1] ---  [B1. CDC42::B2. PTEN}[0m
195 2044 cost: 217
[0;36m		[A1. APC::A2. GSK3B] ---  [B1. APC::B2. GSK3B}[0m
[0;36m		[A1. GSK3B::A2. CREBBP] ---  [B1. GSK3B::B2. MAPK1}[0m
195 2139 cost: 217
[0;36m		[A1. APC::A2. GSK3B] ---  [B1. APC::B2. GSK3B}[0m
[0;36m		[A1. GSK3B::A2. FOXO3] ---  [B1. GSK3B::B2. HIF1A}[0m
0 688 cost: 235
[0;36m		[A1. APC::A2. BTRC] ---  [B1. APC::B2. BTRC}[0m
[0;36m		[A1. BTRC::A2. EP300] ---  [B1. BTRC::B2. WWTR1}[0m
4007 1598 cost: 240
[0;36m		[A1. SMAD3::A2. MAP2K1] ---  [B1. SMAD4::B2. MAP2K1}[0m
[0;36m		[A1. ETS1::A2. SMAD3] ---  [B1. SMAD1::B2. SMAD4}[0m
4007 1861 cost: 240
[0;36m		[A1. SMAD3::A2. MAP2K1] ---  [B1. SMAD4::B2. MAP2K1}[0m
[0;36m		[A1. FOXO3::A2. SMAD3] ---  [B1. HIF1A::B2. SMAD4}[0m
4007 2452 cost: 240
[0;36m		[A1. SMAD3::A2. MAP2K1] ---  [B1. SMAD4::B2. MAP2K1}[0m
[0;36m		[A1. ITGB1::A2. SMAD3] ---  [B1. PTEN::B2. SMAD4}[0m
4007 3180 cost: 240
[0;36m		[A1. SMAD3::A2. MAP2K1] ---  [B1. SMAD4::B2. MAP2K1}[0m
[0;36m		[A1. NFATC2::A2. SMAD3] ---  [B1. BCL2::B2. SMAD4}[0m
4007 1439 cost: 263
[0;36m		[A1. SMAD3::A2. MAP2K1] ---  [B1. SMAD4::B2. MAP2K1}[0m
[0;36m		[A1. EP300::A2. SMAD3] ---  [B1. WWTR1::B2. SMAD4}[0m
4007 3347 cost: 277
[0;36m		[A1. SMAD3::A2. MAP2K1] ---  [B1. SMAD4::B2. MAP2K1}[0m
[0;36m		[A1. RNF111::A2. SMAD3] ---  [B1. SMURF2::B2. SMAD4}[0m

Displayed tree score: 0.417219

1351th run results (7) [new minumum]:0.419776
1351 4007 cost: 240
[0;36m		[A1. EP300::A2. SMAD3] ---  [B1. APC::B2. SMAD4}[0m
[0;36m		[A1. SMAD3::A2. MAP2K1] ---  [B1. SMAD4::B2. MAP2K1}[0m
4007 2540 cost: 104
[0;36m		[A1. SMAD3::A2. MAP2K1] ---  [B1. SMAD4::B2. MAP2K1}[0m
[0;36m		[A1. MAP2K1::A2. CDC42] ---  [B1. MAP2K1::B2. CDC42}[0m
2540 785 cost: 100
[0;36m		[A1. MAP2K1::A2. CDC42] ---  [B1. MAP2K1::B2. CDC42}[0m
[0;36m		[A1. CDC42::A2. APC] ---  [B1. CDC42::B2. APC}[0m
785 0 cost: 100
[0;36m		[A1. CDC42::A2. APC] ---  [B1. CDC42::B2. APC}[0m
[0;36m		[A1. APC::A2. BTRC] ---  [B1. APC::B2. BTRC}[0m
785 195 cost: 100
[0;36m		[A1. CDC42::A2. APC] ---  [B1. CDC42::B2. APC}[0m
[0;36m		[A1. APC::A2. GSK3B] ---  [B1. APC::B2. GSK3B}[0m
785 489 cost: 100
[0;36m		[A1. CDC42::A2. APC] ---  [B1. CDC42::B2. APC}[0m
[0;36m		[A1. APC::A2. TCF7L2] ---  [B1. APC::B2. TCF7L2}[0m
785 392 cost: 104
[0;36m		[A1. CDC42::A2. APC] ---  [B1. CDC42::B2. APC}[0m
[0;36m		[A1. APC::A2. TBL1XR1] ---  [B1. APC::B2. TBL1XR1}[0m
4007 2832 cost: 108
[0;36m		[A1. SMAD3::A2. MAP2K1] ---  [B1. SMAD4::B2. MAP2K1}[0m
[0;36m		[A1. NCOR1::A2. SMAD3] ---  [B1. NCOR1::B2. SMAD4}[0m
2832 4400 cost: 108
[0;36m		[A1. NCOR1::A2. SMAD3] ---  [B1. NCOR1::B2. SMAD4}[0m
[0;36m		[A1. SMAD3::A2. SP1] ---  [B1. SMAD4::B2. SP1}[0m
392 5367 cost: 108
[0;36m		[A1. APC::A2. TBL1XR1] ---  [B1. APC::B2. TBL1XR1}[0m
[0;36m		[A1. TBL1XR1::A2. NCOR1] ---  [B1. TBL1XR1::B2. NCOR1}[0m
785 292 cost: 217
[0;36m		[A1. CDC42::A2. APC] ---  [B1. CDC42::B2. APC}[0m
[0;36m		[A1. APC::A2. SMAD4] ---  [B1. APC::B2. KRAS}[0m
2540 884 cost: 217
[0;36m		[A1. MAP2K1::A2. CDC42] ---  [B1. MAP2K1::B2. CDC42}[0m
[0;36m		[A1. CDC42::A2. ITGB1] ---  [B1. CDC42::B2. PTEN}[0m
195 2044 cost: 217
[0;36m		[A1. APC::A2. GSK3B] ---  [B1. APC::B2. GSK3B}[0m
[0;36m		[A1. GSK3B::A2. CREBBP] ---  [B1. GSK3B::B2. MAPK1}[0m
195 2139 cost: 217
[0;36m		[A1. APC::A2. GSK3B] ---  [B1. APC::B2. GSK3B}[0m
[0;36m		[A1. GSK3B::A2. FOXO3] ---  [B1. GSK3B::B2. HIF1A}[0m
0 688 cost: 235
[0;36m		[A1. APC::A2. BTRC] ---  [B1. APC::B2. BTRC}[0m
[0;36m		[A1. BTRC::A2. EP300] ---  [B1. BTRC::B2. WWTR1}[0m
4007 1199 cost: 240
[0;36m		[A1. SMAD3::A2. MAP2K1] ---  [B1. SMAD4::B2. MAP2K1}[0m
[0;36m		[A1. CREBBP::A2. SMAD3] ---  [B1. MAPK1::B2. SMAD4}[0m
4007 1598 cost: 240
[0;36m		[A1. SMAD3::A2. MAP2K1] ---  [B1. SMAD4::B2. MAP2K1}[0m
[0;36m		[A1. ETS1::A2. SMAD3] ---  [B1. SMAD1::B2. SMAD4}[0m
4007 1861 cost: 240
[0;36m		[A1. SMAD3::A2. MAP2K1] ---  [B1. SMAD4::B2. MAP2K1}[0m
[0;36m		[A1. FOXO3::A2. SMAD3] ---  [B1. HIF1A::B2. SMAD4}[0m
4007 2452 cost: 240
[0;36m		[A1. SMAD3::A2. MAP2K1] ---  [B1. SMAD4::B2. MAP2K1}[0m
[0;36m		[A1. ITGB1::A2. SMAD3] ---  [B1. PTEN::B2. SMAD4}[0m
4007 3180 cost: 240
[0;36m		[A1. SMAD3::A2. MAP2K1] ---  [B1. SMAD4::B2. MAP2K1}[0m
[0;36m		[A1. NFATC2::A2. SMAD3] ---  [B1. BCL2::B2. SMAD4}[0m
4007 3347 cost: 277
[0;36m		[A1. SMAD3::A2. MAP2K1] ---  [B1. SMAD4::B2. MAP2K1}[0m
[0;36m		[A1. RNF111::A2. SMAD3] ---  [B1. SMURF2::B2. SMAD4}[0m

Displayed tree score: 0.419776

3180th run results (8) [new minumum]:0.423669
3180 4007 cost: 240
[0;36m		[A1. NFATC2::A2. SMAD3] ---  [B1. BCL2::B2. SMAD4}[0m
[0;36m		[A1. SMAD3::A2. MAP2K1] ---  [B1. SMAD4::B2. MAP2K1}[0m
4007 2540 cost: 104
[0;36m		[A1. SMAD3::A2. MAP2K1] ---  [B1. SMAD4::B2. MAP2K1}[0m
[0;36m		[A1. MAP2K1::A2. CDC42] ---  [B1. MAP2K1::B2. CDC42}[0m
2540 785 cost: 100
[0;36m		[A1. MAP2K1::A2. CDC42] ---  [B1. MAP2K1::B2. CDC42}[0m
[0;36m		[A1. CDC42::A2. APC] ---  [B1. CDC42::B2. APC}[0m
785 0 cost: 100
[0;36m		[A1. CDC42::A2. APC] ---  [B1. CDC42::B2. APC}[0m
[0;36m		[A1. APC::A2. BTRC] ---  [B1. APC::B2. BTRC}[0m
785 195 cost: 100
[0;36m		[A1. CDC42::A2. APC] ---  [B1. CDC42::B2. APC}[0m
[0;36m		[A1. APC::A2. GSK3B] ---  [B1. APC::B2. GSK3B}[0m
785 489 cost: 100
[0;36m		[A1. CDC42::A2. APC] ---  [B1. CDC42::B2. APC}[0m
[0;36m		[A1. APC::A2. TCF7L2] ---  [B1. APC::B2. TCF7L2}[0m
785 392 cost: 104
[0;36m		[A1. CDC42::A2. APC] ---  [B1. CDC42::B2. APC}[0m
[0;36m		[A1. APC::A2. TBL1XR1] ---  [B1. APC::B2. TBL1XR1}[0m
4007 2832 cost: 108
[0;36m		[A1. SMAD3::A2. MAP2K1] ---  [B1. SMAD4::B2. MAP2K1}[0m
[0;36m		[A1. NCOR1::A2. SMAD3] ---  [B1. NCOR1::B2. SMAD4}[0m
2832 4400 cost: 108
[0;36m		[A1. NCOR1::A2. SMAD3] ---  [B1. NCOR1::B2. SMAD4}[0m
[0;36m		[A1. SMAD3::A2. SP1] ---  [B1. SMAD4::B2. SP1}[0m
392 5367 cost: 108
[0;36m		[A1. APC::A2. TBL1XR1] ---  [B1. APC::B2. TBL1XR1}[0m
[0;36m		[A1. TBL1XR1::A2. NCOR1] ---  [B1. TBL1XR1::B2. NCOR1}[0m
785 292 cost: 217
[0;36m		[A1. CDC42::A2. APC] ---  [B1. CDC42::B2. APC}[0m
[0;36m		[A1. APC::A2. SMAD4] ---  [B1. APC::B2. KRAS}[0m
2540 884 cost: 217
[0;36m		[A1. MAP2K1::A2. CDC42] ---  [B1. MAP2K1::B2. CDC42}[0m
[0;36m		[A1. CDC42::A2. ITGB1] ---  [B1. CDC42::B2. PTEN}[0m
195 2044 cost: 217
[0;36m		[A1. APC::A2. GSK3B] ---  [B1. APC::B2. GSK3B}[0m
[0;36m		[A1. GSK3B::A2. CREBBP] ---  [B1. GSK3B::B2. MAPK1}[0m
195 2139 cost: 217
[0;36m		[A1. APC::A2. GSK3B] ---  [B1. APC::B2. GSK3B}[0m
[0;36m		[A1. GSK3B::A2. FOXO3] ---  [B1. GSK3B::B2. HIF1A}[0m
0 688 cost: 235
[0;36m		[A1. APC::A2. BTRC] ---  [B1. APC::B2. BTRC}[0m
[0;36m		[A1. BTRC::A2. EP300] ---  [B1. BTRC::B2. WWTR1}[0m
4007 1199 cost: 240
[0;36m		[A1. SMAD3::A2. MAP2K1] ---  [B1. SMAD4::B2. MAP2K1}[0m
[0;36m		[A1. CREBBP::A2. SMAD3] ---  [B1. MAPK1::B2. SMAD4}[0m
4007 1598 cost: 240
[0;36m		[A1. SMAD3::A2. MAP2K1] ---  [B1. SMAD4::B2. MAP2K1}[0m
[0;36m		[A1. ETS1::A2. SMAD3] ---  [B1. SMAD1::B2. SMAD4}[0m
4007 1861 cost: 240
[0;36m		[A1. SMAD3::A2. MAP2K1] ---  [B1. SMAD4::B2. MAP2K1}[0m
[0;36m		[A1. FOXO3::A2. SMAD3] ---  [B1. HIF1A::B2. SMAD4}[0m
4007 2452 cost: 240
[0;36m		[A1. SMAD3::A2. MAP2K1] ---  [B1. SMAD4::B2. MAP2K1}[0m
[0;36m		[A1. ITGB1::A2. SMAD3] ---  [B1. PTEN::B2. SMAD4}[0m
4007 1439 cost: 263
[0;36m		[A1. SMAD3::A2. MAP2K1] ---  [B1. SMAD4::B2. MAP2K1}[0m
[0;36m		[A1. EP300::A2. SMAD3] ---  [B1. WWTR1::B2. SMAD4}[0m
195 2240 cost: 270
[0;36m		[A1. APC::A2. GSK3B] ---  [B1. APC::B2. GSK3B}[0m
[0;36m		[A1. GSK3B::A2. NFATC2] ---  [B1. GSK3B::B2. SMURF2}[0m
4007 3323 cost: 312
[0;36m		[A1. SMAD3::A2. MAP2K1] ---  [B1. SMAD4::B2. MAP2K1}[0m
[0;36m		[A1. RNF111::A2. SMAD3] ---  [B1. SIN3A::B2. SMAD4}[0m

Displayed tree score: 0.423669

4911th run results (9) [new minumum]:0.427758
4911 5077 cost: 266
[0;36m		[A1. SMAD4::A2. SP1] ---  [B1. BTRC::B2. SP1}[0m
[0;36m		[A1. SP1::A2. SMAD3] ---  [B1. SP1::B2. SMAD4}[0m
5077 4007 cost: 108
[0;36m		[A1. SP1::A2. SMAD3] ---  [B1. SP1::B2. SMAD4}[0m
[0;36m		[A1. SMAD3::A2. MAP2K1] ---  [B1. SMAD4::B2. MAP2K1}[0m
4007 2540 cost: 104
[0;36m		[A1. SMAD3::A2. MAP2K1] ---  [B1. SMAD4::B2. MAP2K1}[0m
[0;36m		[A1. MAP2K1::A2. CDC42] ---  [B1. MAP2K1::B2. CDC42}[0m
2540 785 cost: 100
[0;36m		[A1. MAP2K1::A2. CDC42] ---  [B1. MAP2K1::B2. CDC42}[0m
[0;36m		[A1. CDC42::A2. APC] ---  [B1. CDC42::B2. APC}[0m
785 0 cost: 100
[0;36m		[A1. CDC42::A2. APC] ---  [B1. CDC42::B2. APC}[0m
[0;36m		[A1. APC::A2. BTRC] ---  [B1. APC::B2. BTRC}[0m
785 195 cost: 100
[0;36m		[A1. CDC42::A2. APC] ---  [B1. CDC42::B2. APC}[0m
[0;36m		[A1. APC::A2. GSK3B] ---  [B1. APC::B2. GSK3B}[0m
785 489 cost: 100
[0;36m		[A1. CDC42::A2. APC] ---  [B1. CDC42::B2. APC}[0m
[0;36m		[A1. APC::A2. TCF7L2] ---  [B1. APC::B2. TCF7L2}[0m
785 392 cost: 104
[0;36m		[A1. CDC42::A2. APC] ---  [B1. CDC42::B2. APC}[0m
[0;36m		[A1. APC::A2. TBL1XR1] ---  [B1. APC::B2. TBL1XR1}[0m
4007 2832 cost: 108
[0;36m		[A1. SMAD3::A2. MAP2K1] ---  [B1. SMAD4::B2. MAP2K1}[0m
[0;36m		[A1. NCOR1::A2. SMAD3] ---  [B1. NCOR1::B2. SMAD4}[0m
392 5367 cost: 108
[0;36m		[A1. APC::A2. TBL1XR1] ---  [B1. APC::B2. TBL1XR1}[0m
[0;36m		[A1. TBL1XR1::A2. NCOR1] ---  [B1. TBL1XR1::B2. NCOR1}[0m
785 292 cost: 217
[0;36m		[A1. CDC42::A2. APC] ---  [B1. CDC42::B2. APC}[0m
[0;36m		[A1. APC::A2. SMAD4] ---  [B1. APC::B2. KRAS}[0m
2540 884 cost: 217
[0;36m		[A1. MAP2K1::A2. CDC42] ---  [B1. MAP2K1::B2. CDC42}[0m
[0;36m		[A1. CDC42::A2. ITGB1] ---  [B1. CDC42::B2. PTEN}[0m
195 2044 cost: 217
[0;36m		[A1. APC::A2. GSK3B] ---  [B1. APC::B2. GSK3B}[0m
[0;36m		[A1. GSK3B::A2. CREBBP] ---  [B1. GSK3B::B2. MAPK1}[0m
195 2139 cost: 217
[0;36m		[A1. APC::A2. GSK3B] ---  [B1. APC::B2. GSK3B}[0m
[0;36m		[A1. GSK3B::A2. FOXO3] ---  [B1. GSK3B::B2. HIF1A}[0m
0 688 cost: 235
[0;36m		[A1. APC::A2. BTRC] ---  [B1. APC::B2. BTRC}[0m
[0;36m		[A1. BTRC::A2. EP300] ---  [B1. BTRC::B2. WWTR1}[0m
4007 1199 cost: 240
[0;36m		[A1. SMAD3::A2. MAP2K1] ---  [B1. SMAD4::B2. MAP2K1}[0m
[0;36m		[A1. CREBBP::A2. SMAD3] ---  [B1. MAPK1::B2. SMAD4}[0m
4007 1598 cost: 240
[0;36m		[A1. SMAD3::A2. MAP2K1] ---  [B1. SMAD4::B2. MAP2K1}[0m
[0;36m		[A1. ETS1::A2. SMAD3] ---  [B1. SMAD1::B2. SMAD4}[0m
4007 1861 cost: 240
[0;36m		[A1. SMAD3::A2. MAP2K1] ---  [B1. SMAD4::B2. MAP2K1}[0m
[0;36m		[A1. FOXO3::A2. SMAD3] ---  [B1. HIF1A::B2. SMAD4}[0m
4007 2452 cost: 240
[0;36m		[A1. SMAD3::A2. MAP2K1] ---  [B1. SMAD4::B2. MAP2K1}[0m
[0;36m		[A1. ITGB1::A2. SMAD3] ---  [B1. PTEN::B2. SMAD4}[0m
4007 3180 cost: 240
[0;36m		[A1. SMAD3::A2. MAP2K1] ---  [B1. SMAD4::B2. MAP2K1}[0m
[0;36m		[A1. NFATC2::A2. SMAD3] ---  [B1. BCL2::B2. SMAD4}[0m
4007 1439 cost: 263
[0;36m		[A1. SMAD3::A2. MAP2K1] ---  [B1. SMAD4::B2. MAP2K1}[0m
[0;36m		[A1. EP300::A2. SMAD3] ---  [B1. WWTR1::B2. SMAD4}[0m
4007 3347 cost: 277
[0;36m		[A1. SMAD3::A2. MAP2K1] ---  [B1. SMAD4::B2. MAP2K1}[0m
[0;36m		[A1. RNF111::A2. SMAD3] ---  [B1. SMURF2::B2. SMAD4}[0m

Displayed tree score: 0.427758

Petal1:29	Petal2:48	treecost: 4041	 tree size:22
$RESULT$	SMAD3	SMAD4	norm_score:	0.427758
[0m
[0 min 5 sec] All done in 
