COMMAND: /Users/gurkan/Box/Research/INSPIRE/inspire-replication/src/INSPIRE /Users/gurkan/Box/Research/INSPIRE/inspire-replication/database/inspire.sqlite SMAD4 TAF2 inspire_legacy_v1

GO normalization for inspire_legacy_v1: 14.1026
Loaded 5995 GO pair scores for inspire_legacy_v1
Create two petals
Begin PETAL setup
new petal SMAD4 (25)
# 48 interactions in SMAD4
Done adding UniProt and Pfam annotations for SMAD4.
new petal TAF2 (6)
# 6 interactions in TAF2
Done adding UniProt and Pfam annotations for TAF2.
Petal Sizes: 25, 6
[1;32mPetal Name: [1;33mSMAD4
[1;32mPetal Size: [1;33m25[0;31m
APC
BCL2
BTRC
CDC42
ERBIN
GSK3B
HIF1A
KRAS
LRRK2
MAP2K1
MAPK1
NCOR1
PTEN
RBPJ
SIAH1
SIN3A
SMAD1
SMAD2
SMAD4
SMURF2
SP1
TBL1XR1
TCF7L2
TNKS
WWTR1
[0m---- 
[1;36mPetal Interactions[0;32m
1 BTRC	pp	APC
2 CDC42	pp	APC
3 ERBIN	pp	APC
4 ERBIN	pp	CDC42
5 GSK3B	pp	APC
6 HIF1A	pp	GSK3B
7 KRAS	pp	APC
8 KRAS	pp	BCL2
9 KRAS	pp	HIF1A
10 LRRK2	pp	APC
11 LRRK2	pp	HIF1A
12 MAP2K1	pp	BTRC
13 MAP2K1	pp	CDC42
14 MAPK1	pp	GSK3B
15 PTEN	pp	CDC42
16 PTEN	pp	GSK3B
17 SIAH1	pp	APC
18 SIAH1	pp	HIF1A
19 SMAD1	pp	GSK3B
20 SMAD2	pp	CDC42
21 SMAD2	pp	ERBIN
22 SMAD2	pp	GSK3B
23 SMAD4	pp	APC
24 SMAD4	pp	BCL2
25 SMAD4	pp	CDC42
26 SMAD4	pp	HIF1A
27 SMAD4	pp	MAP2K1
28 SMAD4	pp	MAPK1
29 SMAD4	pp	NCOR1
30 SMAD4	pp	PTEN
31 SMAD4	pp	RBPJ
32 SMAD4	pp	SIN3A
33 SMAD4	pp	SMAD1
34 SMAD4	pp	SMAD2
35 SMURF2	pp	GSK3B
36 SMURF2	pp	SMAD4
37 SP1	pp	BTRC
38 SP1	pp	SMAD4
39 TBL1XR1	pp	APC
40 TBL1XR1	pp	NCOR1
41 TBL1XR1	pp	RBPJ
42 TBL1XR1	pp	SIN3A
43 TCF7L2	pp	APC
44 TCF7L2	pp	PTEN
45 TNKS	pp	APC
46 TNKS	pp	PTEN
47 WWTR1	pp	BTRC
48 WWTR1	pp	SMAD4
[0m
[1;32mPetal Name: [1;33mTAF2
[1;32mPetal Size: [1;33m6[0;31m
APC
GSK3B
MAP3K7
MED1
TAF2
TBL1XR1
[0m---- 
[1;36mPetal Interactions[0;32m
1 GSK3B	pp	APC
2 MAP3K7	pp	GSK3B
3 TAF2	pp	MAP3K7
4 TAF2	pp	MED1
5 TBL1XR1	pp	APC
6 TBL1XR1	pp	MED1
[0m
Done creating Petals.
petals are loaded
[1;32mAGE for [0;36mSMAD4 - TAF2[0m
[0;35minitial size for AGE: 0[0m
counterPetal1 96
counterPetal2 12
counterPetal1*counterPetal2 1152
(*AGE).size()=1152
[0m---- 
[1;33mAGE nodes: 1152[0m
Allocate AGEgraph :  1152 x 1152	1327104 bytes

[0 min 0 sec] Nodes are done in 

[0 min 0 sec] Edges are done in 
0th run results (0) [new minumum]:0.195838
0 1042 cost: 224
[0;36m		[A1. APC::A2. BTRC] ---  [B1. APC::B2. GSK3B}[0m
[0;36m		[A1. TBL1XR1::A2. APC] ---  [B1. TBL1XR1::B2. APC}[0m
1042 595 cost: 277
[0;36m		[A1. TBL1XR1::A2. APC] ---  [B1. TBL1XR1::B2. APC}[0m
[0;36m		[A1. NCOR1::A2. TBL1XR1] ---  [B1. MED1::B2. TBL1XR1}[0m
1042 327 cost: 444
[0;36m		[A1. TBL1XR1::A2. APC] ---  [B1. TBL1XR1::B2. APC}[0m
[0;36m		[A1. GSK3B::A2. HIF1A] ---  [B1. GSK3B::B2. MAP3K7}[0m
327 425 cost: 689
[0;36m		[A1. GSK3B::A2. HIF1A] ---  [B1. GSK3B::B2. MAP3K7}[0m
[0;36m		[A1. HIF1A::A2. LRRK2] ---  [B1. MAP3K7::B2. TAF2}[0m

Displayed tree score: 0.195838

1th run results (1) [new minumum]:0.201258
1 314 cost: 188
[0;36m		[A1. APC::A2. BTRC] ---  [B1. APC::B2. TBL1XR1}[0m
[0;36m		[A1. GSK3B::A2. APC] ---  [B1. GSK3B::B2. APC}[0m
314 400 cost: 217
[0;36m		[A1. GSK3B::A2. APC] ---  [B1. GSK3B::B2. APC}[0m
[0;36m		[A1. HIF1A::A2. GSK3B] ---  [B1. MAP3K7::B2. GSK3B}[0m
314 1055 cost: 540
[0;36m		[A1. GSK3B::A2. APC] ---  [B1. GSK3B::B2. APC}[0m
[0;36m		[A1. TBL1XR1::A2. NCOR1] ---  [B1. TBL1XR1::B2. MED1}[0m
314 512 cost: 645
[0;36m		[A1. GSK3B::A2. APC] ---  [B1. GSK3B::B2. APC}[0m
[0;36m		[A1. LRRK2::A2. HIF1A] ---  [B1. TAF2::B2. MAP3K7}[0m

Displayed tree score: 0.201258

3th run results (2) [new minumum]:0.221453
3 1042 cost: 476
[0;36m		[A1. APC::A2. BTRC] ---  [B1. GSK3B::B2. MAP3K7}[0m
[0;36m		[A1. TBL1XR1::A2. APC] ---  [B1. TBL1XR1::B2. APC}[0m
1042 36 cost: 104
[0;36m		[A1. TBL1XR1::A2. APC] ---  [B1. TBL1XR1::B2. APC}[0m
[0;36m		[A1. APC::A2. GSK3B] ---  [B1. APC::B2. GSK3B}[0m
1042 595 cost: 277
[0;36m		[A1. TBL1XR1::A2. APC] ---  [B1. TBL1XR1::B2. APC}[0m
[0;36m		[A1. NCOR1::A2. TBL1XR1] ---  [B1. MED1::B2. TBL1XR1}[0m
36 653 cost: 588
[0;36m		[A1. APC::A2. GSK3B] ---  [B1. APC::B2. GSK3B}[0m
[0;36m		[A1. PTEN::A2. TNKS] ---  [B1. MAP3K7::B2. TAF2}[0m

Displayed tree score: 0.221453

36th run results (3) [new minumum]:0.257442
36 1042 cost: 104
[0;36m		[A1. APC::A2. GSK3B] ---  [B1. APC::B2. GSK3B}[0m
[0;36m		[A1. TBL1XR1::A2. APC] ---  [B1. TBL1XR1::B2. APC}[0m
36 327 cost: 217
[0;36m		[A1. APC::A2. GSK3B] ---  [B1. APC::B2. GSK3B}[0m
[0;36m		[A1. GSK3B::A2. HIF1A] ---  [B1. GSK3B::B2. MAP3K7}[0m
1042 595 cost: 277
[0;36m		[A1. TBL1XR1::A2. APC] ---  [B1. TBL1XR1::B2. APC}[0m
[0;36m		[A1. NCOR1::A2. TBL1XR1] ---  [B1. MED1::B2. TBL1XR1}[0m
36 425 cost: 645
[0;36m		[A1. APC::A2. GSK3B] ---  [B1. APC::B2. GSK3B}[0m
[0;36m		[A1. HIF1A::A2. LRRK2] ---  [B1. MAP3K7::B2. TAF2}[0m

Displayed tree score: 0.257442

327th run results (4) [new minumum]:0.269814
327 36 cost: 217
[0;36m		[A1. GSK3B::A2. HIF1A] ---  [B1. GSK3B::B2. MAP3K7}[0m
[0;36m		[A1. APC::A2. GSK3B] ---  [B1. APC::B2. GSK3B}[0m
36 1042 cost: 104
[0;36m		[A1. APC::A2. GSK3B] ---  [B1. APC::B2. GSK3B}[0m
[0;36m		[A1. TBL1XR1::A2. APC] ---  [B1. TBL1XR1::B2. APC}[0m
1042 595 cost: 277
[0;36m		[A1. TBL1XR1::A2. APC] ---  [B1. TBL1XR1::B2. APC}[0m
[0;36m		[A1. NCOR1::A2. TBL1XR1] ---  [B1. MED1::B2. TBL1XR1}[0m
36 653 cost: 588
[0;36m		[A1. APC::A2. GSK3B] ---  [B1. APC::B2. GSK3B}[0m
[0;36m		[A1. PTEN::A2. TNKS] ---  [B1. MAP3K7::B2. TAF2}[0m

Displayed tree score: 0.269814

Petal1:48	Petal2:6	treecost: 1186	 tree size:4
$RESULT$	SMAD4	TAF2	norm_score:	0.269814
[0m
[0 min 0 sec] All done in 
