COMMAND: /Users/gurkan/Box/Research/INSPIRE/inspire-replication/src/INSPIRE /Users/gurkan/Box/Research/INSPIRE/inspire-replication/database/inspire.sqlite SMAD2 UHRF2 inspire_legacy_v1

GO normalization for inspire_legacy_v1: 14.1026
Loaded 5995 GO pair scores for inspire_legacy_v1
Create two petals
Begin PETAL setup
new petal SMAD2 (44)
# 94 interactions in SMAD2
Done adding UniProt and Pfam annotations for SMAD2.
new petal UHRF2 (5)
# 5 interactions in UHRF2
Done adding UniProt and Pfam annotations for UHRF2.
Petal Sizes: 44, 5
[1;32mPetal Name: [1;33mSMAD2
[1;32mPetal Size: [1;33m44[0;31m
APC
BCL2
BMPR1A
BMPR2
BTRC
CDC42
DLG1
EGFR
EP300
ERBIN
ETS1
FBXW11
FGF2
FOXO1
FOXP1
GSK3B
KRAS
LRP6
MAPK1
MDM2
NCOR1
NEDD4L
NR3C1
PPM1A
PTEN
RBPJ
RNF111
RUNX2
SMAD1
SMAD2
SMAD4
SMAD5
SMURF2
SP1
STAT3
TBL1XR1
TCF7L2
TGFBR1
TNKS
TRAF6
USP15
WWTR1
ZEB1
ZEB2
[0m---- 
[1;36mPetal Interactions[0;32m
1 BTRC	pp	APC
2 CDC42	pp	APC
3 DLG1	pp	APC
4 ERBIN	pp	APC
5 ERBIN	pp	CDC42
6 ERBIN	pp	EGFR
7 FBXW11	pp	APC
8 GSK3B	pp	APC
9 GSK3B	pp	BTRC
10 GSK3B	pp	FBXW11
11 GSK3B	pp	FOXO1
12 KRAS	pp	APC
13 KRAS	pp	BCL2
14 KRAS	pp	EGFR
15 KRAS	pp	FGF2
16 LRP6	pp	APC
17 LRP6	pp	GSK3B
18 MAPK1	pp	GSK3B
19 MDM2	pp	GSK3B
20 PTEN	pp	CDC42
21 PTEN	pp	DLG1
22 PTEN	pp	GSK3B
23 RUNX2	pp	GSK3B
24 RUNX2	pp	LRP6
25 SMAD1	pp	GSK3B
26 SMAD2	pp	BCL2
27 SMAD2	pp	BMPR1A
28 SMAD2	pp	BMPR2
29 SMAD2	pp	CDC42
30 SMAD2	pp	EGFR
31 SMAD2	pp	EP300
32 SMAD2	pp	ETS1
33 SMAD2	pp	FGF2
34 SMAD2	pp	FOXO1
35 SMAD2	pp	FOXP1
36 SMAD2	pp	GSK3B
37 SMAD2	pp	MAPK1
38 SMAD2	pp	MDM2
39 SMAD2	pp	NCOR1
40 SMAD2	pp	NEDD4L
41 SMAD2	pp	NR3C1
42 SMAD2	pp	PPM1A
43 SMAD2	pp	PTEN
44 SMAD2	pp	RBPJ
45 SMAD2	pp	RNF111
46 SMAD2	pp	RUNX2
47 SMAD2	pp	SMAD1
48 SMAD4	pp	APC
49 SMAD4	pp	BCL2
50 SMAD4	pp	BMPR1A
51 SMAD4	pp	BMPR2
52 SMAD4	pp	CDC42
53 SMAD4	pp	ETS1
54 SMAD4	pp	FOXP1
55 SMAD4	pp	MAPK1
56 SMAD4	pp	NCOR1
57 SMAD4	pp	NEDD4L
58 SMAD4	pp	NR3C1
59 SMAD4	pp	PPM1A
60 SMAD4	pp	PTEN
61 SMAD4	pp	RBPJ
62 SMAD4	pp	RNF111
63 SMAD4	pp	SMAD1
64 SMAD4	pp	SMAD2
65 SMAD5	pp	SMAD2
66 SMAD5	pp	SMAD4
67 SMURF2	pp	GSK3B
68 SMURF2	pp	SMAD2
69 SMURF2	pp	SMAD4
70 SP1	pp	SMAD2
71 SP1	pp	SMAD4
72 STAT3	pp	SMAD2
73 STAT3	pp	SMAD4
74 TBL1XR1	pp	APC
75 TBL1XR1	pp	NCOR1
76 TBL1XR1	pp	RBPJ
77 TCF7L2	pp	APC
78 TCF7L2	pp	EP300
79 TCF7L2	pp	PTEN
80 TGFBR1	pp	SMAD2
81 TGFBR1	pp	SMAD4
82 TNKS	pp	APC
83 TNKS	pp	PTEN
84 TRAF6	pp	GSK3B
85 TRAF6	pp	SMAD2
86 USP15	pp	SMAD2
87 USP15	pp	SMAD4
88 WWTR1	pp	BTRC
89 WWTR1	pp	SMAD2
90 WWTR1	pp	SMAD4
91 ZEB1	pp	SMAD2
92 ZEB1	pp	SMAD4
93 ZEB2	pp	SMAD2
94 ZEB2	pp	SMAD4
[0m
[1;32mPetal Name: [1;33mUHRF2
[1;32mPetal Size: [1;33m5[0;31m
APC
CCND1
GSK3B
LRP6
UHRF2
[0m---- 
[1;36mPetal Interactions[0;32m
1 GSK3B	pp	APC
2 GSK3B	pp	CCND1
3 LRP6	pp	APC
4 LRP6	pp	CCND1
5 UHRF2	pp	CCND1
[0m
Done creating Petals.
petals are loaded
[1;32mAGE for [0;36mSMAD2 - UHRF2[0m
[0;35minitial size for AGE: 0[0m
counterPetal1 188
counterPetal2 10
counterPetal1*counterPetal2 1880
(*AGE).size()=1880
[0m---- 
[1;33mAGE nodes: 1880[0m
Allocate AGEgraph :  1880 x 1880	3534400 bytes

[0 min 0 sec] Nodes are done in 

[0 min 0 sec] Edges are done in 
0th run results (0) [new minumum]:0.275482
0 647 cost: 217
[0;36m		[A1. APC::A2. BTRC] ---  [B1. APC::B2. GSK3B}[0m
[0;36m		[A1. LRP6::A2. APC] ---  [B1. LRP6::B2. APC}[0m
647 513 cost: 235
[0;36m		[A1. LRP6::A2. APC] ---  [B1. LRP6::B2. APC}[0m
[0;36m		[A1. GSK3B::A2. LRP6] ---  [B1. CCND1::B2. LRP6}[0m
647 206 cost: 500
[0;36m		[A1. LRP6::A2. APC] ---  [B1. LRP6::B2. APC}[0m
[0;36m		[A1. BTRC::A2. GSK3B] ---  [B1. GSK3B::B2. CCND1}[0m
647 709 cost: 500
[0;36m		[A1. LRP6::A2. APC] ---  [B1. LRP6::B2. APC}[0m
[0;36m		[A1. MDM2::A2. GSK3B] ---  [B1. UHRF2::B2. CCND1}[0m

Displayed tree score: 0.275482

71th run results (1) [new minumum]:0.279851
71 475 cost: 100
[0;36m		[A1. APC::A2. LRP6] ---  [B1. APC::B2. LRP6}[0m
[0;36m		[A1. GSK3B::A2. APC] ---  [B1. GSK3B::B2. APC}[0m
475 702 cost: 217
[0;36m		[A1. GSK3B::A2. APC] ---  [B1. GSK3B::B2. APC}[0m
[0;36m		[A1. MDM2::A2. GSK3B] ---  [B1. CCND1::B2. GSK3B}[0m
475 1118 cost: 487
[0;36m		[A1. GSK3B::A2. APC] ---  [B1. GSK3B::B2. APC}[0m
[0;36m		[A1. SMAD2::A2. MDM2] ---  [B1. LRP6::B2. CCND1}[0m

Displayed tree score: 0.279851

533th run results (2) [new minumum]:0.291545
533 50 cost: 500
[0;36m		[A1. GSK3B::A2. MDM2] ---  [B1. CCND1::B2. LRP6}[0m
[0;36m		[A1. APC::A2. GSK3B] ---  [B1. APC::B2. GSK3B}[0m
50 647 cost: 100
[0;36m		[A1. APC::A2. GSK3B] ---  [B1. APC::B2. GSK3B}[0m
[0;36m		[A1. LRP6::A2. APC] ---  [B1. LRP6::B2. APC}[0m
50 546 cost: 217
[0;36m		[A1. APC::A2. GSK3B] ---  [B1. APC::B2. GSK3B}[0m
[0;36m		[A1. GSK3B::A2. PTEN] ---  [B1. GSK3B::B2. CCND1}[0m
50 874 cost: 555
[0;36m		[A1. APC::A2. GSK3B] ---  [B1. APC::B2. GSK3B}[0m
[0;36m		[A1. PTEN::A2. TNKS] ---  [B1. CCND1::B2. UHRF2}[0m

Displayed tree score: 0.291545

538th run results (3) [new minumum]:0.299177
538 71 cost: 465
[0;36m		[A1. GSK3B::A2. MDM2] ---  [B1. LRP6::B2. CCND1}[0m
[0;36m		[A1. APC::A2. LRP6] ---  [B1. APC::B2. LRP6}[0m
71 475 cost: 100
[0;36m		[A1. APC::A2. LRP6] ---  [B1. APC::B2. LRP6}[0m
[0;36m		[A1. GSK3B::A2. APC] ---  [B1. GSK3B::B2. APC}[0m
475 832 cost: 217
[0;36m		[A1. GSK3B::A2. APC] ---  [B1. GSK3B::B2. APC}[0m
[0;36m		[A1. PTEN::A2. GSK3B] ---  [B1. CCND1::B2. GSK3B}[0m
475 1769 cost: 555
[0;36m		[A1. GSK3B::A2. APC] ---  [B1. GSK3B::B2. APC}[0m
[0;36m		[A1. TNKS::A2. PTEN] ---  [B1. UHRF2::B2. CCND1}[0m

Displayed tree score: 0.299177

Petal1:94	Petal2:5	treecost: 1337	 tree size:4
$RESULT$	SMAD2	UHRF2	norm_score:	0.299177
[0m
[0 min 0 sec] All done in 
