COMMAND: /Users/gurkan/Box/Research/INSPIRE/inspire-replication/src/INSPIRE /Users/gurkan/Box/Research/INSPIRE/inspire-replication/database/inspire.sqlite SMAD3 ZNF521 inspire_legacy_v1

GO normalization for inspire_legacy_v1: 14.1026
Loaded 5995 GO pair scores for inspire_legacy_v1
Create two petals
Begin PETAL setup
new petal SMAD3 (18)
# 29 interactions in SMAD3
Done adding UniProt and Pfam annotations for SMAD3.
new petal ZNF521 (4)
# 3 interactions in ZNF521
Done adding UniProt and Pfam annotations for ZNF521.
Petal Sizes: 18, 4
[1;32mPetal Name: [1;33mSMAD3
[1;32mPetal Size: [1;33m18[0;31m
APC
BTRC
CDC42
CREBBP
EP300
ETS1
FOXO3
GSK3B
ITGB1
MAP2K1
NCOR1
NFATC2
RNF111
SMAD3
SMAD4
SP1
TBL1XR1
TCF7L2
[0m---- 
[1;36mPetal Interactions[0;32m
1 BTRC	pp	APC
2 CDC42	pp	APC
3 EP300	pp	BTRC
4 GSK3B	pp	APC
5 GSK3B	pp	CREBBP
6 GSK3B	pp	FOXO3
7 ITGB1	pp	CDC42
8 MAP2K1	pp	CDC42
9 NFATC2	pp	GSK3B
10 SMAD3	pp	CREBBP
11 SMAD3	pp	EP300
12 SMAD3	pp	ETS1
13 SMAD3	pp	FOXO3
14 SMAD3	pp	ITGB1
15 SMAD3	pp	MAP2K1
16 SMAD3	pp	NCOR1
17 SMAD3	pp	NFATC2
18 SMAD3	pp	RNF111
19 SMAD4	pp	APC
20 SMAD4	pp	ETS1
21 SMAD4	pp	MAP2K1
22 SMAD4	pp	NCOR1
23 SMAD4	pp	RNF111
24 SP1	pp	SMAD3
25 SP1	pp	SMAD4
26 TBL1XR1	pp	APC
27 TBL1XR1	pp	NCOR1
28 TCF7L2	pp	APC
29 TCF7L2	pp	EP300
[0m
[1;32mPetal Name: [1;33mZNF521
[1;32mPetal Size: [1;33m4[0;31m
APC
LRP6
RUNX2
ZNF521
[0m---- 
[1;36mPetal Interactions[0;32m
1 LRP6	pp	APC
2 RUNX2	pp	LRP6
3 ZNF521	pp	RUNX2
[0m
Done creating Petals.
petals are loaded
[1;32mAGE for [0;36mSMAD3 - ZNF521[0m
[0;35minitial size for AGE: 0[0m
counterPetal1 58
counterPetal2 6
counterPetal1*counterPetal2 348
(*AGE).size()=348
[0m---- 
[1;33mAGE nodes: 348[0m
Allocate AGEgraph :  348 x 348	121104 bytes

[0 min 0 sec] Nodes are done in 

[0 min 0 sec] Edges are done in 
0th run results (0) [new minumum]:0.0395883
0 44 cost: 1052
[0;36m		[A1. APC::A2. BTRC] ---  [B1. APC::B2. LRP6}[0m
[0;36m		[A1. BTRC::A2. EP300] ---  [B1. LRP6::B2. RUNX2}[0m
44 88 cost: 4000
[0;36m		[A1. BTRC::A2. EP300] ---  [B1. LRP6::B2. RUNX2}[0m
[0;36m		[A1. EP300::A2. SMAD3] ---  [B1. RUNX2::B2. ZNF521}[0m

Displayed tree score: 0.0395883

1th run results (1) [new minumum]:0.0574383
1 279 cost: 625
[0;36m		[A1. APC::A2. BTRC] ---  [B1. LRP6::B2. APC}[0m
[0;36m		[A1. SMAD4::A2. APC] ---  [B1. RUNX2::B2. LRP6}[0m
279 107 cost: 2857
[0;36m		[A1. SMAD4::A2. APC] ---  [B1. RUNX2::B2. LRP6}[0m
[0;36m		[A1. ETS1::A2. SMAD4] ---  [B1. ZNF521::B2. RUNX2}[0m

Displayed tree score: 0.0574383

42th run results (2) [new minumum]:0.0586166
42 86 cost: 555
[0;36m		[A1. BTRC::A2. EP300] ---  [B1. APC::B2. LRP6}[0m
[0;36m		[A1. EP300::A2. SMAD3] ---  [B1. LRP6::B2. RUNX2}[0m
86 220 cost: 2857
[0;36m		[A1. EP300::A2. SMAD3] ---  [B1. LRP6::B2. RUNX2}[0m
[0;36m		[A1. SMAD3::A2. CREBBP] ---  [B1. RUNX2::B2. ZNF521}[0m

Displayed tree score: 0.0586166

Petal1:29	Petal2:3	treecost: 3412	 tree size:2
$RESULT$	SMAD3	ZNF521	norm_score:	0.0586166
[0m
[0 min 0 sec] All done in 
