COMMAND: /Users/gurkan/Box/Research/INSPIRE/inspire-replication/src/INSPIRE /Users/gurkan/Box/Research/INSPIRE/inspire-replication/database/inspire.sqlite SMAD4 SMAD4 inspire_legacy_v1

GO normalization for inspire_legacy_v1: 14.1026
Loaded 5995 GO pair scores for inspire_legacy_v1
Create two petals
Begin PETAL setup
new petal SMAD4 (25)
# 48 interactions in SMAD4
Done adding UniProt and Pfam annotations for SMAD4.
new petal SMAD4 (25)
# 48 interactions in SMAD4
Done adding UniProt and Pfam annotations for SMAD4.
Petal Sizes: 25, 25
[1;32mPetal Name: [1;33mSMAD4
[1;32mPetal Size: [1;33m25[0;31m
APC
BCL2
BTRC
CDC42
ERBIN
GSK3B
HIF1A
KRAS
LRRK2
MAP2K1
MAPK1
NCOR1
PTEN
RBPJ
SIAH1
SIN3A
SMAD1
SMAD2
SMAD4
SMURF2
SP1
TBL1XR1
TCF7L2
TNKS
WWTR1
[0m---- 
[1;36mPetal Interactions[0;32m
1 BTRC	pp	APC
2 CDC42	pp	APC
3 ERBIN	pp	APC
4 ERBIN	pp	CDC42
5 GSK3B	pp	APC
6 HIF1A	pp	GSK3B
7 KRAS	pp	APC
8 KRAS	pp	BCL2
9 KRAS	pp	HIF1A
10 LRRK2	pp	APC
11 LRRK2	pp	HIF1A
12 MAP2K1	pp	BTRC
13 MAP2K1	pp	CDC42
14 MAPK1	pp	GSK3B
15 PTEN	pp	CDC42
16 PTEN	pp	GSK3B
17 SIAH1	pp	APC
18 SIAH1	pp	HIF1A
19 SMAD1	pp	GSK3B
20 SMAD2	pp	CDC42
21 SMAD2	pp	ERBIN
22 SMAD2	pp	GSK3B
23 SMAD4	pp	APC
24 SMAD4	pp	BCL2
25 SMAD4	pp	CDC42
26 SMAD4	pp	HIF1A
27 SMAD4	pp	MAP2K1
28 SMAD4	pp	MAPK1
29 SMAD4	pp	NCOR1
30 SMAD4	pp	PTEN
31 SMAD4	pp	RBPJ
32 SMAD4	pp	SIN3A
33 SMAD4	pp	SMAD1
34 SMAD4	pp	SMAD2
35 SMURF2	pp	GSK3B
36 SMURF2	pp	SMAD4
37 SP1	pp	BTRC
38 SP1	pp	SMAD4
39 TBL1XR1	pp	APC
40 TBL1XR1	pp	NCOR1
41 TBL1XR1	pp	RBPJ
42 TBL1XR1	pp	SIN3A
43 TCF7L2	pp	APC
44 TCF7L2	pp	PTEN
45 TNKS	pp	APC
46 TNKS	pp	PTEN
47 WWTR1	pp	BTRC
48 WWTR1	pp	SMAD4
[0m
[1;32mPetal Name: [1;33mSMAD4
[1;32mPetal Size: [1;33m25[0;31m
APC
BCL2
BTRC
CDC42
ERBIN
GSK3B
HIF1A
KRAS
LRRK2
MAP2K1
MAPK1
NCOR1
PTEN
RBPJ
SIAH1
SIN3A
SMAD1
SMAD2
SMAD4
SMURF2
SP1
TBL1XR1
TCF7L2
TNKS
WWTR1
[0m---- 
[1;36mPetal Interactions[0;32m
1 BTRC	pp	APC
2 CDC42	pp	APC
3 ERBIN	pp	APC
4 ERBIN	pp	CDC42
5 GSK3B	pp	APC
6 HIF1A	pp	GSK3B
7 KRAS	pp	APC
8 KRAS	pp	BCL2
9 KRAS	pp	HIF1A
10 LRRK2	pp	APC
11 LRRK2	pp	HIF1A
12 MAP2K1	pp	BTRC
13 MAP2K1	pp	CDC42
14 MAPK1	pp	GSK3B
15 PTEN	pp	CDC42
16 PTEN	pp	GSK3B
17 SIAH1	pp	APC
18 SIAH1	pp	HIF1A
19 SMAD1	pp	GSK3B
20 SMAD2	pp	CDC42
21 SMAD2	pp	ERBIN
22 SMAD2	pp	GSK3B
23 SMAD4	pp	APC
24 SMAD4	pp	BCL2
25 SMAD4	pp	CDC42
26 SMAD4	pp	HIF1A
27 SMAD4	pp	MAP2K1
28 SMAD4	pp	MAPK1
29 SMAD4	pp	NCOR1
30 SMAD4	pp	PTEN
31 SMAD4	pp	RBPJ
32 SMAD4	pp	SIN3A
33 SMAD4	pp	SMAD1
34 SMAD4	pp	SMAD2
35 SMURF2	pp	GSK3B
36 SMURF2	pp	SMAD4
37 SP1	pp	BTRC
38 SP1	pp	SMAD4
39 TBL1XR1	pp	APC
40 TBL1XR1	pp	NCOR1
41 TBL1XR1	pp	RBPJ
42 TBL1XR1	pp	SIN3A
43 TCF7L2	pp	APC
44 TCF7L2	pp	PTEN
45 TNKS	pp	APC
46 TNKS	pp	PTEN
47 WWTR1	pp	BTRC
48 WWTR1	pp	SMAD4
[0m
Done creating Petals.
petals are loaded
[1;32mAGE for [0;36mSMAD4 - SMAD4[0m
[0;35minitial size for AGE: 0[0m
counterPetal1 96
counterPetal2 96
counterPetal1*counterPetal2 9216
(*AGE).size()=9216
[0m---- 
[1;33mAGE nodes: 9216[0m
Allocate AGEgraph :  9216 x 9216	84934656 bytes

[0 min 0 sec] Nodes are done in 

[0 min 4 sec] Edges are done in 
0th run results (0) [new minumum]:0.996607
0 1358 cost: 100
[0;36m		[A1. APC::A2. BTRC] ---  [B1. APC::B2. BTRC}[0m
[0;36m		[A1. BTRC::A2. MAP2K1] ---  [B1. BTRC::B2. MAP2K1}[0m
0 1455 cost: 100
[0;36m		[A1. APC::A2. BTRC] ---  [B1. APC::B2. BTRC}[0m
[0;36m		[A1. BTRC::A2. SP1] ---  [B1. BTRC::B2. SP1}[0m
0 1552 cost: 100
[0;36m		[A1. APC::A2. BTRC] ---  [B1. APC::B2. BTRC}[0m
[0;36m		[A1. BTRC::A2. WWTR1] ---  [B1. BTRC::B2. WWTR1}[0m
0 1649 cost: 100
[0;36m		[A1. APC::A2. BTRC] ---  [B1. APC::B2. BTRC}[0m
[0;36m		[A1. CDC42::A2. APC] ---  [B1. CDC42::B2. APC}[0m
1649 194 cost: 100
[0;36m		[A1. CDC42::A2. APC] ---  [B1. CDC42::B2. APC}[0m
[0;36m		[A1. APC::A2. ERBIN] ---  [B1. APC::B2. ERBIN}[0m
1649 291 cost: 100
[0;36m		[A1. CDC42::A2. APC] ---  [B1. CDC42::B2. APC}[0m
[0;36m		[A1. APC::A2. GSK3B] ---  [B1. APC::B2. GSK3B}[0m
1649 388 cost: 100
[0;36m		[A1. CDC42::A2. APC] ---  [B1. CDC42::B2. APC}[0m
[0;36m		[A1. APC::A2. KRAS] ---  [B1. APC::B2. KRAS}[0m
1649 485 cost: 100
[0;36m		[A1. CDC42::A2. APC] ---  [B1. CDC42::B2. APC}[0m
[0;36m		[A1. APC::A2. LRRK2] ---  [B1. APC::B2. LRRK2}[0m
1649 582 cost: 100
[0;36m		[A1. CDC42::A2. APC] ---  [B1. CDC42::B2. APC}[0m
[0;36m		[A1. APC::A2. SIAH1] ---  [B1. APC::B2. SIAH1}[0m
1649 679 cost: 100
[0;36m		[A1. CDC42::A2. APC] ---  [B1. CDC42::B2. APC}[0m
[0;36m		[A1. APC::A2. SMAD4] ---  [B1. APC::B2. SMAD4}[0m
1649 873 cost: 100
[0;36m		[A1. CDC42::A2. APC] ---  [B1. CDC42::B2. APC}[0m
[0;36m		[A1. APC::A2. TCF7L2] ---  [B1. APC::B2. TCF7L2}[0m
1649 970 cost: 100
[0;36m		[A1. CDC42::A2. APC] ---  [B1. CDC42::B2. APC}[0m
[0;36m		[A1. APC::A2. TNKS] ---  [B1. APC::B2. TNKS}[0m
1649 2328 cost: 100
[0;36m		[A1. CDC42::A2. APC] ---  [B1. CDC42::B2. APC}[0m
[0;36m		[A1. ERBIN::A2. CDC42] ---  [B1. ERBIN::B2. CDC42}[0m
2328 1843 cost: 100
[0;36m		[A1. ERBIN::A2. CDC42] ---  [B1. ERBIN::B2. CDC42}[0m
[0;36m		[A1. CDC42::A2. MAP2K1] ---  [B1. CDC42::B2. MAP2K1}[0m
2328 1940 cost: 100
[0;36m		[A1. ERBIN::A2. CDC42] ---  [B1. ERBIN::B2. CDC42}[0m
[0;36m		[A1. CDC42::A2. PTEN] ---  [B1. CDC42::B2. PTEN}[0m
2328 2037 cost: 100
[0;36m		[A1. ERBIN::A2. CDC42] ---  [B1. ERBIN::B2. CDC42}[0m
[0;36m		[A1. CDC42::A2. SMAD2] ---  [B1. CDC42::B2. SMAD2}[0m
2328 2134 cost: 100
[0;36m		[A1. ERBIN::A2. CDC42] ---  [B1. ERBIN::B2. CDC42}[0m
[0;36m		[A1. CDC42::A2. SMAD4] ---  [B1. CDC42::B2. SMAD4}[0m
194 2425 cost: 100
[0;36m		[A1. APC::A2. ERBIN] ---  [B1. APC::B2. ERBIN}[0m
[0;36m		[A1. ERBIN::A2. SMAD2] ---  [B1. ERBIN::B2. SMAD2}[0m
291 2619 cost: 100
[0;36m		[A1. APC::A2. GSK3B] ---  [B1. APC::B2. GSK3B}[0m
[0;36m		[A1. GSK3B::A2. HIF1A] ---  [B1. GSK3B::B2. HIF1A}[0m
291 2716 cost: 100
[0;36m		[A1. APC::A2. GSK3B] ---  [B1. APC::B2. GSK3B}[0m
[0;36m		[A1. GSK3B::A2. MAPK1] ---  [B1. GSK3B::B2. MAPK1}[0m
291 2813 cost: 100
[0;36m		[A1. APC::A2. GSK3B] ---  [B1. APC::B2. GSK3B}[0m
[0;36m		[A1. GSK3B::A2. PTEN] ---  [B1. GSK3B::B2. PTEN}[0m
291 2910 cost: 100
[0;36m		[A1. APC::A2. GSK3B] ---  [B1. APC::B2. GSK3B}[0m
[0;36m		[A1. GSK3B::A2. SMAD1] ---  [B1. GSK3B::B2. SMAD1}[0m
291 3007 cost: 100
[0;36m		[A1. APC::A2. GSK3B] ---  [B1. APC::B2. GSK3B}[0m
[0;36m		[A1. GSK3B::A2. SMAD2] ---  [B1. GSK3B::B2. SMAD2}[0m
291 3104 cost: 100
[0;36m		[A1. APC::A2. GSK3B] ---  [B1. APC::B2. GSK3B}[0m
[0;36m		[A1. GSK3B::A2. SMURF2] ---  [B1. GSK3B::B2. SMURF2}[0m
2619 3298 cost: 100
[0;36m		[A1. GSK3B::A2. HIF1A] ---  [B1. GSK3B::B2. HIF1A}[0m
[0;36m		[A1. HIF1A::A2. KRAS] ---  [B1. HIF1A::B2. KRAS}[0m
2619 3395 cost: 100
[0;36m		[A1. GSK3B::A2. HIF1A] ---  [B1. GSK3B::B2. HIF1A}[0m
[0;36m		[A1. HIF1A::A2. LRRK2] ---  [B1. HIF1A::B2. LRRK2}[0m
2619 3492 cost: 100
[0;36m		[A1. GSK3B::A2. HIF1A] ---  [B1. GSK3B::B2. HIF1A}[0m
[0;36m		[A1. HIF1A::A2. SIAH1] ---  [B1. HIF1A::B2. SIAH1}[0m
2619 3589 cost: 100
[0;36m		[A1. GSK3B::A2. HIF1A] ---  [B1. GSK3B::B2. HIF1A}[0m
[0;36m		[A1. HIF1A::A2. SMAD4] ---  [B1. HIF1A::B2. SMAD4}[0m
388 3783 cost: 100
[0;36m		[A1. APC::A2. KRAS] ---  [B1. APC::B2. KRAS}[0m
[0;36m		[A1. KRAS::A2. BCL2] ---  [B1. KRAS::B2. BCL2}[0m
3783 1164 cost: 100
[0;36m		[A1. KRAS::A2. BCL2] ---  [B1. KRAS::B2. BCL2}[0m
[0;36m		[A1. BCL2::A2. SMAD4] ---  [B1. BCL2::B2. SMAD4}[0m
1358 4365 cost: 100
[0;36m		[A1. BTRC::A2. MAP2K1] ---  [B1. BTRC::B2. MAP2K1}[0m
[0;36m		[A1. MAP2K1::A2. SMAD4] ---  [B1. MAP2K1::B2. SMAD4}[0m
2716 4559 cost: 100
[0;36m		[A1. GSK3B::A2. MAPK1] ---  [B1. GSK3B::B2. MAPK1}[0m
[0;36m		[A1. MAPK1::A2. SMAD4] ---  [B1. MAPK1::B2. SMAD4}[0m
1940 5044 cost: 100
[0;36m		[A1. CDC42::A2. PTEN] ---  [B1. CDC42::B2. PTEN}[0m
[0;36m		[A1. PTEN::A2. SMAD4] ---  [B1. PTEN::B2. SMAD4}[0m
1940 5141 cost: 100
[0;36m		[A1. CDC42::A2. PTEN] ---  [B1. CDC42::B2. PTEN}[0m
[0;36m		[A1. PTEN::A2. TCF7L2] ---  [B1. PTEN::B2. TCF7L2}[0m
1940 5238 cost: 100
[0;36m		[A1. CDC42::A2. PTEN] ---  [B1. CDC42::B2. PTEN}[0m
[0;36m		[A1. PTEN::A2. TNKS] ---  [B1. PTEN::B2. TNKS}[0m
2910 6014 cost: 100
[0;36m		[A1. GSK3B::A2. SMAD1] ---  [B1. GSK3B::B2. SMAD1}[0m
[0;36m		[A1. SMAD1::A2. SMAD4] ---  [B1. SMAD1::B2. SMAD4}[0m
2037 6402 cost: 100
[0;36m		[A1. CDC42::A2. SMAD2] ---  [B1. CDC42::B2. SMAD2}[0m
[0;36m		[A1. SMAD2::A2. SMAD4] ---  [B1. SMAD2::B2. SMAD4}[0m
679 7081 cost: 100
[0;36m		[A1. APC::A2. SMAD4] ---  [B1. APC::B2. SMAD4}[0m
[0;36m		[A1. SMAD4::A2. NCOR1] ---  [B1. SMAD4::B2. NCOR1}[0m
7081 5335 cost: 100
[0;36m		[A1. SMAD4::A2. NCOR1] ---  [B1. SMAD4::B2. NCOR1}[0m
[0;36m		[A1. RBPJ::A2. SMAD4] ---  [B1. RBPJ::B2. SMAD4}[0m
7081 5723 cost: 100
[0;36m		[A1. SMAD4::A2. NCOR1] ---  [B1. SMAD4::B2. NCOR1}[0m
[0;36m		[A1. SIN3A::A2. SMAD4] ---  [B1. SIN3A::B2. SMAD4}[0m
679 7663 cost: 100
[0;36m		[A1. APC::A2. SMAD4] ---  [B1. APC::B2. SMAD4}[0m
[0;36m		[A1. SMAD4::A2. SMURF2] ---  [B1. SMAD4::B2. SMURF2}[0m
679 7760 cost: 100
[0;36m		[A1. APC::A2. SMAD4] ---  [B1. APC::B2. SMAD4}[0m
[0;36m		[A1. SMAD4::A2. SP1] ---  [B1. SMAD4::B2. SP1}[0m
679 7857 cost: 100
[0;36m		[A1. APC::A2. SMAD4] ---  [B1. APC::B2. SMAD4}[0m
[0;36m		[A1. SMAD4::A2. WWTR1] ---  [B1. SMAD4::B2. WWTR1}[0m
1649 776 cost: 104
[0;36m		[A1. CDC42::A2. APC] ---  [B1. CDC42::B2. APC}[0m
[0;36m		[A1. APC::A2. TBL1XR1] ---  [B1. APC::B2. TBL1XR1}[0m
7081 4753 cost: 104
[0;36m		[A1. SMAD4::A2. NCOR1] ---  [B1. SMAD4::B2. NCOR1}[0m
[0;36m		[A1. NCOR1::A2. TBL1XR1] ---  [B1. NCOR1::B2. TBL1XR1}[0m
5335 8536 cost: 104
[0;36m		[A1. RBPJ::A2. SMAD4] ---  [B1. RBPJ::B2. SMAD4}[0m
[0;36m		[A1. TBL1XR1::A2. RBPJ] ---  [B1. TBL1XR1::B2. RBPJ}[0m
5723 8633 cost: 104
[0;36m		[A1. SIN3A::A2. SMAD4] ---  [B1. SIN3A::B2. SMAD4}[0m
[0;36m		[A1. TBL1XR1::A2. SIN3A] ---  [B1. TBL1XR1::B2. SIN3A}[0m

Displayed tree score: 0.996607

Petal1:48	Petal2:48	treecost: 4716	 tree size:47
$RESULT$	SMAD4	SMAD4	norm_score:	0.996607
[0m
[0 min 25 sec] All done in 
