COMMAND: /Users/gurkan/Box/Research/INSPIRE/inspire-replication/src/INSPIRE /Users/gurkan/Box/Research/INSPIRE/inspire-replication/database/inspire.sqlite SMAD2 SMAD2 inspire_legacy_v1

GO normalization for inspire_legacy_v1: 14.1026
Loaded 5995 GO pair scores for inspire_legacy_v1
Create two petals
Begin PETAL setup
new petal SMAD2 (44)
# 94 interactions in SMAD2
Done adding UniProt and Pfam annotations for SMAD2.
new petal SMAD2 (44)
# 94 interactions in SMAD2
Done adding UniProt and Pfam annotations for SMAD2.
Petal Sizes: 44, 44
[1;32mPetal Name: [1;33mSMAD2
[1;32mPetal Size: [1;33m44[0;31m
APC
BCL2
BMPR1A
BMPR2
BTRC
CDC42
DLG1
EGFR
EP300
ERBIN
ETS1
FBXW11
FGF2
FOXO1
FOXP1
GSK3B
KRAS
LRP6
MAPK1
MDM2
NCOR1
NEDD4L
NR3C1
PPM1A
PTEN
RBPJ
RNF111
RUNX2
SMAD1
SMAD2
SMAD4
SMAD5
SMURF2
SP1
STAT3
TBL1XR1
TCF7L2
TGFBR1
TNKS
TRAF6
USP15
WWTR1
ZEB1
ZEB2
[0m---- 
[1;36mPetal Interactions[0;32m
1 BTRC	pp	APC
2 CDC42	pp	APC
3 DLG1	pp	APC
4 ERBIN	pp	APC
5 ERBIN	pp	CDC42
6 ERBIN	pp	EGFR
7 FBXW11	pp	APC
8 GSK3B	pp	APC
9 GSK3B	pp	BTRC
10 GSK3B	pp	FBXW11
11 GSK3B	pp	FOXO1
12 KRAS	pp	APC
13 KRAS	pp	BCL2
14 KRAS	pp	EGFR
15 KRAS	pp	FGF2
16 LRP6	pp	APC
17 LRP6	pp	GSK3B
18 MAPK1	pp	GSK3B
19 MDM2	pp	GSK3B
20 PTEN	pp	CDC42
21 PTEN	pp	DLG1
22 PTEN	pp	GSK3B
23 RUNX2	pp	GSK3B
24 RUNX2	pp	LRP6
25 SMAD1	pp	GSK3B
26 SMAD2	pp	BCL2
27 SMAD2	pp	BMPR1A
28 SMAD2	pp	BMPR2
29 SMAD2	pp	CDC42
30 SMAD2	pp	EGFR
31 SMAD2	pp	EP300
32 SMAD2	pp	ETS1
33 SMAD2	pp	FGF2
34 SMAD2	pp	FOXO1
35 SMAD2	pp	FOXP1
36 SMAD2	pp	GSK3B
37 SMAD2	pp	MAPK1
38 SMAD2	pp	MDM2
39 SMAD2	pp	NCOR1
40 SMAD2	pp	NEDD4L
41 SMAD2	pp	NR3C1
42 SMAD2	pp	PPM1A
43 SMAD2	pp	PTEN
44 SMAD2	pp	RBPJ
45 SMAD2	pp	RNF111
46 SMAD2	pp	RUNX2
47 SMAD2	pp	SMAD1
48 SMAD4	pp	APC
49 SMAD4	pp	BCL2
50 SMAD4	pp	BMPR1A
51 SMAD4	pp	BMPR2
52 SMAD4	pp	CDC42
53 SMAD4	pp	ETS1
54 SMAD4	pp	FOXP1
55 SMAD4	pp	MAPK1
56 SMAD4	pp	NCOR1
57 SMAD4	pp	NEDD4L
58 SMAD4	pp	NR3C1
59 SMAD4	pp	PPM1A
60 SMAD4	pp	PTEN
61 SMAD4	pp	RBPJ
62 SMAD4	pp	RNF111
63 SMAD4	pp	SMAD1
64 SMAD4	pp	SMAD2
65 SMAD5	pp	SMAD2
66 SMAD5	pp	SMAD4
67 SMURF2	pp	GSK3B
68 SMURF2	pp	SMAD2
69 SMURF2	pp	SMAD4
70 SP1	pp	SMAD2
71 SP1	pp	SMAD4
72 STAT3	pp	SMAD2
73 STAT3	pp	SMAD4
74 TBL1XR1	pp	APC
75 TBL1XR1	pp	NCOR1
76 TBL1XR1	pp	RBPJ
77 TCF7L2	pp	APC
78 TCF7L2	pp	EP300
79 TCF7L2	pp	PTEN
80 TGFBR1	pp	SMAD2
81 TGFBR1	pp	SMAD4
82 TNKS	pp	APC
83 TNKS	pp	PTEN
84 TRAF6	pp	GSK3B
85 TRAF6	pp	SMAD2
86 USP15	pp	SMAD2
87 USP15	pp	SMAD4
88 WWTR1	pp	BTRC
89 WWTR1	pp	SMAD2
90 WWTR1	pp	SMAD4
91 ZEB1	pp	SMAD2
92 ZEB1	pp	SMAD4
93 ZEB2	pp	SMAD2
94 ZEB2	pp	SMAD4
[0m
[1;32mPetal Name: [1;33mSMAD2
[1;32mPetal Size: [1;33m44[0;31m
APC
BCL2
BMPR1A
BMPR2
BTRC
CDC42
DLG1
EGFR
EP300
ERBIN
ETS1
FBXW11
FGF2
FOXO1
FOXP1
GSK3B
KRAS
LRP6
MAPK1
MDM2
NCOR1
NEDD4L
NR3C1
PPM1A
PTEN
RBPJ
RNF111
RUNX2
SMAD1
SMAD2
SMAD4
SMAD5
SMURF2
SP1
STAT3
TBL1XR1
TCF7L2
TGFBR1
TNKS
TRAF6
USP15
WWTR1
ZEB1
ZEB2
[0m---- 
[1;36mPetal Interactions[0;32m
1 BTRC	pp	APC
2 CDC42	pp	APC
3 DLG1	pp	APC
4 ERBIN	pp	APC
5 ERBIN	pp	CDC42
6 ERBIN	pp	EGFR
7 FBXW11	pp	APC
8 GSK3B	pp	APC
9 GSK3B	pp	BTRC
10 GSK3B	pp	FBXW11
11 GSK3B	pp	FOXO1
12 KRAS	pp	APC
13 KRAS	pp	BCL2
14 KRAS	pp	EGFR
15 KRAS	pp	FGF2
16 LRP6	pp	APC
17 LRP6	pp	GSK3B
18 MAPK1	pp	GSK3B
19 MDM2	pp	GSK3B
20 PTEN	pp	CDC42
21 PTEN	pp	DLG1
22 PTEN	pp	GSK3B
23 RUNX2	pp	GSK3B
24 RUNX2	pp	LRP6
25 SMAD1	pp	GSK3B
26 SMAD2	pp	BCL2
27 SMAD2	pp	BMPR1A
28 SMAD2	pp	BMPR2
29 SMAD2	pp	CDC42
30 SMAD2	pp	EGFR
31 SMAD2	pp	EP300
32 SMAD2	pp	ETS1
33 SMAD2	pp	FGF2
34 SMAD2	pp	FOXO1
35 SMAD2	pp	FOXP1
36 SMAD2	pp	GSK3B
37 SMAD2	pp	MAPK1
38 SMAD2	pp	MDM2
39 SMAD2	pp	NCOR1
40 SMAD2	pp	NEDD4L
41 SMAD2	pp	NR3C1
42 SMAD2	pp	PPM1A
43 SMAD2	pp	PTEN
44 SMAD2	pp	RBPJ
45 SMAD2	pp	RNF111
46 SMAD2	pp	RUNX2
47 SMAD2	pp	SMAD1
48 SMAD4	pp	APC
49 SMAD4	pp	BCL2
50 SMAD4	pp	BMPR1A
51 SMAD4	pp	BMPR2
52 SMAD4	pp	CDC42
53 SMAD4	pp	ETS1
54 SMAD4	pp	FOXP1
55 SMAD4	pp	MAPK1
56 SMAD4	pp	NCOR1
57 SMAD4	pp	NEDD4L
58 SMAD4	pp	NR3C1
59 SMAD4	pp	PPM1A
60 SMAD4	pp	PTEN
61 SMAD4	pp	RBPJ
62 SMAD4	pp	RNF111
63 SMAD4	pp	SMAD1
64 SMAD4	pp	SMAD2
65 SMAD5	pp	SMAD2
66 SMAD5	pp	SMAD4
67 SMURF2	pp	GSK3B
68 SMURF2	pp	SMAD2
69 SMURF2	pp	SMAD4
70 SP1	pp	SMAD2
71 SP1	pp	SMAD4
72 STAT3	pp	SMAD2
73 STAT3	pp	SMAD4
74 TBL1XR1	pp	APC
75 TBL1XR1	pp	NCOR1
76 TBL1XR1	pp	RBPJ
77 TCF7L2	pp	APC
78 TCF7L2	pp	EP300
79 TCF7L2	pp	PTEN
80 TGFBR1	pp	SMAD2
81 TGFBR1	pp	SMAD4
82 TNKS	pp	APC
83 TNKS	pp	PTEN
84 TRAF6	pp	GSK3B
85 TRAF6	pp	SMAD2
86 USP15	pp	SMAD2
87 USP15	pp	SMAD4
88 WWTR1	pp	BTRC
89 WWTR1	pp	SMAD2
90 WWTR1	pp	SMAD4
91 ZEB1	pp	SMAD2
92 ZEB1	pp	SMAD4
93 ZEB2	pp	SMAD2
94 ZEB2	pp	SMAD4
[0m
Done creating Petals.
petals are loaded
[1;32mAGE for [0;36mSMAD2 - SMAD2[0m
[0;35minitial size for AGE: 0[0m
counterPetal1 188
counterPetal2 188
counterPetal1*counterPetal2 35344
(*AGE).size()=35344
[0m---- 
[1;33mAGE nodes: 35344[0m
Allocate AGEgraph :  35344 x 35344	1249198336 bytes

[0 min 0 sec] Nodes are done in 

[1 min 6 sec] Edges are done in 
0th run results (0) [new minumum]:0.998711
0 3780 cost: 100
[0;36m		[A1. APC::A2. BTRC] ---  [B1. APC::B2. BTRC}[0m
[0;36m		[A1. BTRC::A2. GSK3B] ---  [B1. BTRC::B2. GSK3B}[0m
0 3969 cost: 100
[0;36m		[A1. APC::A2. BTRC] ---  [B1. APC::B2. BTRC}[0m
[0;36m		[A1. BTRC::A2. WWTR1] ---  [B1. BTRC::B2. WWTR1}[0m
0 4158 cost: 100
[0;36m		[A1. APC::A2. BTRC] ---  [B1. APC::B2. BTRC}[0m
[0;36m		[A1. CDC42::A2. APC] ---  [B1. CDC42::B2. APC}[0m
4158 378 cost: 100
[0;36m		[A1. CDC42::A2. APC] ---  [B1. CDC42::B2. APC}[0m
[0;36m		[A1. APC::A2. DLG1] ---  [B1. APC::B2. DLG1}[0m
4158 567 cost: 100
[0;36m		[A1. CDC42::A2. APC] ---  [B1. CDC42::B2. APC}[0m
[0;36m		[A1. APC::A2. ERBIN] ---  [B1. APC::B2. ERBIN}[0m
4158 756 cost: 100
[0;36m		[A1. CDC42::A2. APC] ---  [B1. CDC42::B2. APC}[0m
[0;36m		[A1. APC::A2. FBXW11] ---  [B1. APC::B2. FBXW11}[0m
4158 945 cost: 100
[0;36m		[A1. CDC42::A2. APC] ---  [B1. CDC42::B2. APC}[0m
[0;36m		[A1. APC::A2. GSK3B] ---  [B1. APC::B2. GSK3B}[0m
4158 1134 cost: 100
[0;36m		[A1. CDC42::A2. APC] ---  [B1. CDC42::B2. APC}[0m
[0;36m		[A1. APC::A2. KRAS] ---  [B1. APC::B2. KRAS}[0m
4158 1323 cost: 100
[0;36m		[A1. CDC42::A2. APC] ---  [B1. CDC42::B2. APC}[0m
[0;36m		[A1. APC::A2. LRP6] ---  [B1. APC::B2. LRP6}[0m
4158 1512 cost: 100
[0;36m		[A1. CDC42::A2. APC] ---  [B1. CDC42::B2. APC}[0m
[0;36m		[A1. APC::A2. SMAD4] ---  [B1. APC::B2. SMAD4}[0m
4158 1890 cost: 100
[0;36m		[A1. CDC42::A2. APC] ---  [B1. CDC42::B2. APC}[0m
[0;36m		[A1. APC::A2. TCF7L2] ---  [B1. APC::B2. TCF7L2}[0m
4158 2079 cost: 100
[0;36m		[A1. CDC42::A2. APC] ---  [B1. CDC42::B2. APC}[0m
[0;36m		[A1. APC::A2. TNKS] ---  [B1. APC::B2. TNKS}[0m
378 5292 cost: 100
[0;36m		[A1. APC::A2. DLG1] ---  [B1. APC::B2. DLG1}[0m
[0;36m		[A1. DLG1::A2. PTEN] ---  [B1. DLG1::B2. PTEN}[0m
4158 6615 cost: 100
[0;36m		[A1. CDC42::A2. APC] ---  [B1. CDC42::B2. APC}[0m
[0;36m		[A1. ERBIN::A2. CDC42] ---  [B1. ERBIN::B2. CDC42}[0m
6615 4536 cost: 100
[0;36m		[A1. ERBIN::A2. CDC42] ---  [B1. ERBIN::B2. CDC42}[0m
[0;36m		[A1. CDC42::A2. PTEN] ---  [B1. CDC42::B2. PTEN}[0m
6615 4725 cost: 100
[0;36m		[A1. ERBIN::A2. CDC42] ---  [B1. ERBIN::B2. CDC42}[0m
[0;36m		[A1. CDC42::A2. SMAD2] ---  [B1. CDC42::B2. SMAD2}[0m
6615 4914 cost: 100
[0;36m		[A1. ERBIN::A2. CDC42] ---  [B1. ERBIN::B2. CDC42}[0m
[0;36m		[A1. CDC42::A2. SMAD4] ---  [B1. CDC42::B2. SMAD4}[0m
6615 5481 cost: 100
[0;36m		[A1. ERBIN::A2. CDC42] ---  [B1. ERBIN::B2. CDC42}[0m
[0;36m		[A1. EGFR::A2. ERBIN] ---  [B1. EGFR::B2. ERBIN}[0m
756 7560 cost: 100
[0;36m		[A1. APC::A2. FBXW11] ---  [B1. APC::B2. FBXW11}[0m
[0;36m		[A1. FBXW11::A2. GSK3B] ---  [B1. FBXW11::B2. GSK3B}[0m
3780 9450 cost: 100
[0;36m		[A1. BTRC::A2. GSK3B] ---  [B1. BTRC::B2. GSK3B}[0m
[0;36m		[A1. GSK3B::A2. FOXO1] ---  [B1. GSK3B::B2. FOXO1}[0m
9450 8316 cost: 100
[0;36m		[A1. GSK3B::A2. FOXO1] ---  [B1. GSK3B::B2. FOXO1}[0m
[0;36m		[A1. FOXO1::A2. SMAD2] ---  [B1. FOXO1::B2. SMAD2}[0m
3780 9639 cost: 100
[0;36m		[A1. BTRC::A2. GSK3B] ---  [B1. BTRC::B2. GSK3B}[0m
[0;36m		[A1. GSK3B::A2. LRP6] ---  [B1. GSK3B::B2. LRP6}[0m
3780 9828 cost: 100
[0;36m		[A1. BTRC::A2. GSK3B] ---  [B1. BTRC::B2. GSK3B}[0m
[0;36m		[A1. GSK3B::A2. MAPK1] ---  [B1. GSK3B::B2. MAPK1}[0m
3780 10017 cost: 100
[0;36m		[A1. BTRC::A2. GSK3B] ---  [B1. BTRC::B2. GSK3B}[0m
[0;36m		[A1. GSK3B::A2. MDM2] ---  [B1. GSK3B::B2. MDM2}[0m
3780 10206 cost: 100
[0;36m		[A1. BTRC::A2. GSK3B] ---  [B1. BTRC::B2. GSK3B}[0m
[0;36m		[A1. GSK3B::A2. PTEN] ---  [B1. GSK3B::B2. PTEN}[0m
3780 10395 cost: 100
[0;36m		[A1. BTRC::A2. GSK3B] ---  [B1. BTRC::B2. GSK3B}[0m
[0;36m		[A1. GSK3B::A2. RUNX2] ---  [B1. GSK3B::B2. RUNX2}[0m
3780 10584 cost: 100
[0;36m		[A1. BTRC::A2. GSK3B] ---  [B1. BTRC::B2. GSK3B}[0m
[0;36m		[A1. GSK3B::A2. SMAD1] ---  [B1. GSK3B::B2. SMAD1}[0m
3780 10773 cost: 100
[0;36m		[A1. BTRC::A2. GSK3B] ---  [B1. BTRC::B2. GSK3B}[0m
[0;36m		[A1. GSK3B::A2. SMAD2] ---  [B1. GSK3B::B2. SMAD2}[0m
3780 10962 cost: 100
[0;36m		[A1. BTRC::A2. GSK3B] ---  [B1. BTRC::B2. GSK3B}[0m
[0;36m		[A1. GSK3B::A2. SMURF2] ---  [B1. GSK3B::B2. SMURF2}[0m
3780 11151 cost: 100
[0;36m		[A1. BTRC::A2. GSK3B] ---  [B1. BTRC::B2. GSK3B}[0m
[0;36m		[A1. GSK3B::A2. TRAF6] ---  [B1. GSK3B::B2. TRAF6}[0m
1134 11529 cost: 100
[0;36m		[A1. APC::A2. KRAS] ---  [B1. APC::B2. KRAS}[0m
[0;36m		[A1. KRAS::A2. BCL2] ---  [B1. KRAS::B2. BCL2}[0m
11529 2457 cost: 100
[0;36m		[A1. KRAS::A2. BCL2] ---  [B1. KRAS::B2. BCL2}[0m
[0;36m		[A1. BCL2::A2. SMAD2] ---  [B1. BCL2::B2. SMAD2}[0m
11529 2646 cost: 100
[0;36m		[A1. KRAS::A2. BCL2] ---  [B1. KRAS::B2. BCL2}[0m
[0;36m		[A1. BCL2::A2. SMAD4] ---  [B1. BCL2::B2. SMAD4}[0m
11529 5670 cost: 100
[0;36m		[A1. KRAS::A2. BCL2] ---  [B1. KRAS::B2. BCL2}[0m
[0;36m		[A1. EGFR::A2. KRAS] ---  [B1. EGFR::B2. KRAS}[0m
11529 7749 cost: 100
[0;36m		[A1. KRAS::A2. BCL2] ---  [B1. KRAS::B2. BCL2}[0m
[0;36m		[A1. FGF2::A2. KRAS] ---  [B1. FGF2::B2. KRAS}[0m
1323 12474 cost: 100
[0;36m		[A1. APC::A2. LRP6] ---  [B1. APC::B2. LRP6}[0m
[0;36m		[A1. LRP6::A2. RUNX2] ---  [B1. LRP6::B2. RUNX2}[0m
9828 12852 cost: 100
[0;36m		[A1. GSK3B::A2. MAPK1] ---  [B1. GSK3B::B2. MAPK1}[0m
[0;36m		[A1. MAPK1::A2. SMAD2] ---  [B1. MAPK1::B2. SMAD2}[0m
9828 13041 cost: 100
[0;36m		[A1. GSK3B::A2. MAPK1] ---  [B1. GSK3B::B2. MAPK1}[0m
[0;36m		[A1. MAPK1::A2. SMAD4] ---  [B1. MAPK1::B2. SMAD4}[0m
10017 13419 cost: 100
[0;36m		[A1. GSK3B::A2. MDM2] ---  [B1. GSK3B::B2. MDM2}[0m
[0;36m		[A1. MDM2::A2. SMAD2] ---  [B1. MDM2::B2. SMAD2}[0m
5292 15876 cost: 100
[0;36m		[A1. DLG1::A2. PTEN] ---  [B1. DLG1::B2. PTEN}[0m
[0;36m		[A1. PTEN::A2. SMAD2] ---  [B1. PTEN::B2. SMAD2}[0m
5292 16065 cost: 100
[0;36m		[A1. DLG1::A2. PTEN] ---  [B1. DLG1::B2. PTEN}[0m
[0;36m		[A1. PTEN::A2. SMAD4] ---  [B1. PTEN::B2. SMAD4}[0m
5292 16254 cost: 100
[0;36m		[A1. DLG1::A2. PTEN] ---  [B1. DLG1::B2. PTEN}[0m
[0;36m		[A1. PTEN::A2. TCF7L2] ---  [B1. PTEN::B2. TCF7L2}[0m
5292 16443 cost: 100
[0;36m		[A1. DLG1::A2. PTEN] ---  [B1. DLG1::B2. PTEN}[0m
[0;36m		[A1. PTEN::A2. TNKS] ---  [B1. PTEN::B2. TNKS}[0m
10395 17955 cost: 100
[0;36m		[A1. GSK3B::A2. RUNX2] ---  [B1. GSK3B::B2. RUNX2}[0m
[0;36m		[A1. RUNX2::A2. SMAD2] ---  [B1. RUNX2::B2. SMAD2}[0m
10584 18333 cost: 100
[0;36m		[A1. GSK3B::A2. SMAD1] ---  [B1. GSK3B::B2. SMAD1}[0m
[0;36m		[A1. SMAD1::A2. SMAD2] ---  [B1. SMAD1::B2. SMAD2}[0m
10584 18522 cost: 100
[0;36m		[A1. GSK3B::A2. SMAD1] ---  [B1. GSK3B::B2. SMAD1}[0m
[0;36m		[A1. SMAD1::A2. SMAD4] ---  [B1. SMAD1::B2. SMAD4}[0m
4725 18900 cost: 100
[0;36m		[A1. CDC42::A2. SMAD2] ---  [B1. CDC42::B2. SMAD2}[0m
[0;36m		[A1. SMAD2::A2. BMPR1A] ---  [B1. SMAD2::B2. BMPR1A}[0m
18900 3024 cost: 100
[0;36m		[A1. SMAD2::A2. BMPR1A] ---  [B1. SMAD2::B2. BMPR1A}[0m
[0;36m		[A1. BMPR1A::A2. SMAD4] ---  [B1. BMPR1A::B2. SMAD4}[0m
18900 3213 cost: 100
[0;36m		[A1. SMAD2::A2. BMPR1A] ---  [B1. SMAD2::B2. BMPR1A}[0m
[0;36m		[A1. BMPR2::A2. SMAD2] ---  [B1. BMPR2::B2. SMAD2}[0m
18900 5859 cost: 100
[0;36m		[A1. SMAD2::A2. BMPR1A] ---  [B1. SMAD2::B2. BMPR1A}[0m
[0;36m		[A1. EGFR::A2. SMAD2] ---  [B1. EGFR::B2. SMAD2}[0m
18900 6048 cost: 100
[0;36m		[A1. SMAD2::A2. BMPR1A] ---  [B1. SMAD2::B2. BMPR1A}[0m
[0;36m		[A1. EP300::A2. SMAD2] ---  [B1. EP300::B2. SMAD2}[0m
18900 6993 cost: 100
[0;36m		[A1. SMAD2::A2. BMPR1A] ---  [B1. SMAD2::B2. BMPR1A}[0m
[0;36m		[A1. ETS1::A2. SMAD2] ---  [B1. ETS1::B2. SMAD2}[0m
18900 7938 cost: 100
[0;36m		[A1. SMAD2::A2. BMPR1A] ---  [B1. SMAD2::B2. BMPR1A}[0m
[0;36m		[A1. FGF2::A2. SMAD2] ---  [B1. FGF2::B2. SMAD2}[0m
18900 8505 cost: 100
[0;36m		[A1. SMAD2::A2. BMPR1A] ---  [B1. SMAD2::B2. BMPR1A}[0m
[0;36m		[A1. FOXP1::A2. SMAD2] ---  [B1. FOXP1::B2. SMAD2}[0m
18900 13608 cost: 100
[0;36m		[A1. SMAD2::A2. BMPR1A] ---  [B1. SMAD2::B2. BMPR1A}[0m
[0;36m		[A1. NCOR1::A2. SMAD2] ---  [B1. NCOR1::B2. SMAD2}[0m
18900 14175 cost: 100
[0;36m		[A1. SMAD2::A2. BMPR1A] ---  [B1. SMAD2::B2. BMPR1A}[0m
[0;36m		[A1. NEDD4L::A2. SMAD2] ---  [B1. NEDD4L::B2. SMAD2}[0m
18900 14553 cost: 100
[0;36m		[A1. SMAD2::A2. BMPR1A] ---  [B1. SMAD2::B2. BMPR1A}[0m
[0;36m		[A1. NR3C1::A2. SMAD2] ---  [B1. NR3C1::B2. SMAD2}[0m
18900 14931 cost: 100
[0;36m		[A1. SMAD2::A2. BMPR1A] ---  [B1. SMAD2::B2. BMPR1A}[0m
[0;36m		[A1. PPM1A::A2. SMAD2] ---  [B1. PPM1A::B2. SMAD2}[0m
18900 16632 cost: 100
[0;36m		[A1. SMAD2::A2. BMPR1A] ---  [B1. SMAD2::B2. BMPR1A}[0m
[0;36m		[A1. RBPJ::A2. SMAD2] ---  [B1. RBPJ::B2. SMAD2}[0m
18900 17199 cost: 100
[0;36m		[A1. SMAD2::A2. BMPR1A] ---  [B1. SMAD2::B2. BMPR1A}[0m
[0;36m		[A1. RNF111::A2. SMAD2] ---  [B1. RNF111::B2. SMAD2}[0m
4725 22869 cost: 100
[0;36m		[A1. CDC42::A2. SMAD2] ---  [B1. CDC42::B2. SMAD2}[0m
[0;36m		[A1. SMAD2::A2. SMAD4] ---  [B1. SMAD2::B2. SMAD4}[0m
4725 23058 cost: 100
[0;36m		[A1. CDC42::A2. SMAD2] ---  [B1. CDC42::B2. SMAD2}[0m
[0;36m		[A1. SMAD2::A2. SMAD5] ---  [B1. SMAD2::B2. SMAD5}[0m
4725 23247 cost: 100
[0;36m		[A1. CDC42::A2. SMAD2] ---  [B1. CDC42::B2. SMAD2}[0m
[0;36m		[A1. SMAD2::A2. SMURF2] ---  [B1. SMAD2::B2. SMURF2}[0m
4725 23436 cost: 100
[0;36m		[A1. CDC42::A2. SMAD2] ---  [B1. CDC42::B2. SMAD2}[0m
[0;36m		[A1. SMAD2::A2. SP1] ---  [B1. SMAD2::B2. SP1}[0m
4725 23625 cost: 100
[0;36m		[A1. CDC42::A2. SMAD2] ---  [B1. CDC42::B2. SMAD2}[0m
[0;36m		[A1. SMAD2::A2. STAT3] ---  [B1. SMAD2::B2. STAT3}[0m
4725 23814 cost: 100
[0;36m		[A1. CDC42::A2. SMAD2] ---  [B1. CDC42::B2. SMAD2}[0m
[0;36m		[A1. SMAD2::A2. TGFBR1] ---  [B1. SMAD2::B2. TGFBR1}[0m
4725 24003 cost: 100
[0;36m		[A1. CDC42::A2. SMAD2] ---  [B1. CDC42::B2. SMAD2}[0m
[0;36m		[A1. SMAD2::A2. TRAF6] ---  [B1. SMAD2::B2. TRAF6}[0m
4725 24192 cost: 100
[0;36m		[A1. CDC42::A2. SMAD2] ---  [B1. CDC42::B2. SMAD2}[0m
[0;36m		[A1. SMAD2::A2. USP15] ---  [B1. SMAD2::B2. USP15}[0m
4725 24381 cost: 100
[0;36m		[A1. CDC42::A2. SMAD2] ---  [B1. CDC42::B2. SMAD2}[0m
[0;36m		[A1. SMAD2::A2. WWTR1] ---  [B1. SMAD2::B2. WWTR1}[0m
4725 24570 cost: 100
[0;36m		[A1. CDC42::A2. SMAD2] ---  [B1. CDC42::B2. SMAD2}[0m
[0;36m		[A1. SMAD2::A2. ZEB1] ---  [B1. SMAD2::B2. ZEB1}[0m
4725 24759 cost: 100
[0;36m		[A1. CDC42::A2. SMAD2] ---  [B1. CDC42::B2. SMAD2}[0m
[0;36m		[A1. SMAD2::A2. ZEB2] ---  [B1. SMAD2::B2. ZEB2}[0m
1512 25515 cost: 100
[0;36m		[A1. APC::A2. SMAD4] ---  [B1. APC::B2. SMAD4}[0m
[0;36m		[A1. SMAD4::A2. BMPR2] ---  [B1. SMAD4::B2. BMPR2}[0m
25515 7182 cost: 100
[0;36m		[A1. SMAD4::A2. BMPR2] ---  [B1. SMAD4::B2. BMPR2}[0m
[0;36m		[A1. ETS1::A2. SMAD4] ---  [B1. ETS1::B2. SMAD4}[0m
25515 8694 cost: 100
[0;36m		[A1. SMAD4::A2. BMPR2] ---  [B1. SMAD4::B2. BMPR2}[0m
[0;36m		[A1. FOXP1::A2. SMAD4] ---  [B1. FOXP1::B2. SMAD4}[0m
25515 13797 cost: 100
[0;36m		[A1. SMAD4::A2. BMPR2] ---  [B1. SMAD4::B2. BMPR2}[0m
[0;36m		[A1. NCOR1::A2. SMAD4] ---  [B1. NCOR1::B2. SMAD4}[0m
25515 14364 cost: 100
[0;36m		[A1. SMAD4::A2. BMPR2] ---  [B1. SMAD4::B2. BMPR2}[0m
[0;36m		[A1. NEDD4L::A2. SMAD4] ---  [B1. NEDD4L::B2. SMAD4}[0m
25515 14742 cost: 100
[0;36m		[A1. SMAD4::A2. BMPR2] ---  [B1. SMAD4::B2. BMPR2}[0m
[0;36m		[A1. NR3C1::A2. SMAD4] ---  [B1. NR3C1::B2. SMAD4}[0m
25515 15120 cost: 100
[0;36m		[A1. SMAD4::A2. BMPR2] ---  [B1. SMAD4::B2. BMPR2}[0m
[0;36m		[A1. PPM1A::A2. SMAD4] ---  [B1. PPM1A::B2. SMAD4}[0m
25515 16821 cost: 100
[0;36m		[A1. SMAD4::A2. BMPR2] ---  [B1. SMAD4::B2. BMPR2}[0m
[0;36m		[A1. RBPJ::A2. SMAD4] ---  [B1. RBPJ::B2. SMAD4}[0m
25515 17388 cost: 100
[0;36m		[A1. SMAD4::A2. BMPR2] ---  [B1. SMAD4::B2. BMPR2}[0m
[0;36m		[A1. RNF111::A2. SMAD4] ---  [B1. RNF111::B2. SMAD4}[0m
1512 28161 cost: 100
[0;36m		[A1. APC::A2. SMAD4] ---  [B1. APC::B2. SMAD4}[0m
[0;36m		[A1. SMAD4::A2. SMAD5] ---  [B1. SMAD4::B2. SMAD5}[0m
1512 28350 cost: 100
[0;36m		[A1. APC::A2. SMAD4] ---  [B1. APC::B2. SMAD4}[0m
[0;36m		[A1. SMAD4::A2. SMURF2] ---  [B1. SMAD4::B2. SMURF2}[0m
1512 28539 cost: 100
[0;36m		[A1. APC::A2. SMAD4] ---  [B1. APC::B2. SMAD4}[0m
[0;36m		[A1. SMAD4::A2. SP1] ---  [B1. SMAD4::B2. SP1}[0m
1512 28728 cost: 100
[0;36m		[A1. APC::A2. SMAD4] ---  [B1. APC::B2. SMAD4}[0m
[0;36m		[A1. SMAD4::A2. STAT3] ---  [B1. SMAD4::B2. STAT3}[0m
1512 28917 cost: 100
[0;36m		[A1. APC::A2. SMAD4] ---  [B1. APC::B2. SMAD4}[0m
[0;36m		[A1. SMAD4::A2. TGFBR1] ---  [B1. SMAD4::B2. TGFBR1}[0m
1512 29106 cost: 100
[0;36m		[A1. APC::A2. SMAD4] ---  [B1. APC::B2. SMAD4}[0m
[0;36m		[A1. SMAD4::A2. USP15] ---  [B1. SMAD4::B2. USP15}[0m
1512 29295 cost: 100
[0;36m		[A1. APC::A2. SMAD4] ---  [B1. APC::B2. SMAD4}[0m
[0;36m		[A1. SMAD4::A2. WWTR1] ---  [B1. SMAD4::B2. WWTR1}[0m
1512 29484 cost: 100
[0;36m		[A1. APC::A2. SMAD4] ---  [B1. APC::B2. SMAD4}[0m
[0;36m		[A1. SMAD4::A2. ZEB1] ---  [B1. SMAD4::B2. ZEB1}[0m
1512 29673 cost: 100
[0;36m		[A1. APC::A2. SMAD4] ---  [B1. APC::B2. SMAD4}[0m
[0;36m		[A1. SMAD4::A2. ZEB2] ---  [B1. SMAD4::B2. ZEB2}[0m
1890 32319 cost: 100
[0;36m		[A1. APC::A2. TCF7L2] ---  [B1. APC::B2. TCF7L2}[0m
[0;36m		[A1. TCF7L2::A2. EP300] ---  [B1. TCF7L2::B2. EP300}[0m
4158 1701 cost: 104
[0;36m		[A1. CDC42::A2. APC] ---  [B1. CDC42::B2. APC}[0m
[0;36m		[A1. APC::A2. TBL1XR1] ---  [B1. APC::B2. TBL1XR1}[0m
13608 31752 cost: 104
[0;36m		[A1. NCOR1::A2. SMAD2] ---  [B1. NCOR1::B2. SMAD2}[0m
[0;36m		[A1. TBL1XR1::A2. NCOR1] ---  [B1. TBL1XR1::B2. NCOR1}[0m
16632 31941 cost: 104
[0;36m		[A1. RBPJ::A2. SMAD2] ---  [B1. RBPJ::B2. SMAD2}[0m
[0;36m		[A1. TBL1XR1::A2. RBPJ] ---  [B1. TBL1XR1::B2. RBPJ}[0m

Displayed tree score: 0.998711

Petal1:94	Petal2:94	treecost: 9312	 tree size:93
$RESULT$	SMAD2	SMAD2	norm_score:	0.998711
[0m
[11 min 6 sec] All done in 
