COMMAND: /Users/gurkan/Box/Research/INSPIRE/inspire-replication/src/INSPIRE /Users/gurkan/Box/Research/INSPIRE/inspire-replication/database/inspire.sqlite SMAD2 SMAD3 inspire_legacy_v1

GO normalization for inspire_legacy_v1: 14.1026
Loaded 5995 GO pair scores for inspire_legacy_v1
Create two petals
Begin PETAL setup
new petal SMAD2 (44)
# 94 interactions in SMAD2
Done adding UniProt and Pfam annotations for SMAD2.
new petal SMAD3 (18)
# 29 interactions in SMAD3
Done adding UniProt and Pfam annotations for SMAD3.
Petal Sizes: 44, 18
[1;32mPetal Name: [1;33mSMAD2
[1;32mPetal Size: [1;33m44[0;31m
APC
BCL2
BMPR1A
BMPR2
BTRC
CDC42
DLG1
EGFR
EP300
ERBIN
ETS1
FBXW11
FGF2
FOXO1
FOXP1
GSK3B
KRAS
LRP6
MAPK1
MDM2
NCOR1
NEDD4L
NR3C1
PPM1A
PTEN
RBPJ
RNF111
RUNX2
SMAD1
SMAD2
SMAD4
SMAD5
SMURF2
SP1
STAT3
TBL1XR1
TCF7L2
TGFBR1
TNKS
TRAF6
USP15
WWTR1
ZEB1
ZEB2
[0m---- 
[1;36mPetal Interactions[0;32m
1 BTRC	pp	APC
2 CDC42	pp	APC
3 DLG1	pp	APC
4 ERBIN	pp	APC
5 ERBIN	pp	CDC42
6 ERBIN	pp	EGFR
7 FBXW11	pp	APC
8 GSK3B	pp	APC
9 GSK3B	pp	BTRC
10 GSK3B	pp	FBXW11
11 GSK3B	pp	FOXO1
12 KRAS	pp	APC
13 KRAS	pp	BCL2
14 KRAS	pp	EGFR
15 KRAS	pp	FGF2
16 LRP6	pp	APC
17 LRP6	pp	GSK3B
18 MAPK1	pp	GSK3B
19 MDM2	pp	GSK3B
20 PTEN	pp	CDC42
21 PTEN	pp	DLG1
22 PTEN	pp	GSK3B
23 RUNX2	pp	GSK3B
24 RUNX2	pp	LRP6
25 SMAD1	pp	GSK3B
26 SMAD2	pp	BCL2
27 SMAD2	pp	BMPR1A
28 SMAD2	pp	BMPR2
29 SMAD2	pp	CDC42
30 SMAD2	pp	EGFR
31 SMAD2	pp	EP300
32 SMAD2	pp	ETS1
33 SMAD2	pp	FGF2
34 SMAD2	pp	FOXO1
35 SMAD2	pp	FOXP1
36 SMAD2	pp	GSK3B
37 SMAD2	pp	MAPK1
38 SMAD2	pp	MDM2
39 SMAD2	pp	NCOR1
40 SMAD2	pp	NEDD4L
41 SMAD2	pp	NR3C1
42 SMAD2	pp	PPM1A
43 SMAD2	pp	PTEN
44 SMAD2	pp	RBPJ
45 SMAD2	pp	RNF111
46 SMAD2	pp	RUNX2
47 SMAD2	pp	SMAD1
48 SMAD4	pp	APC
49 SMAD4	pp	BCL2
50 SMAD4	pp	BMPR1A
51 SMAD4	pp	BMPR2
52 SMAD4	pp	CDC42
53 SMAD4	pp	ETS1
54 SMAD4	pp	FOXP1
55 SMAD4	pp	MAPK1
56 SMAD4	pp	NCOR1
57 SMAD4	pp	NEDD4L
58 SMAD4	pp	NR3C1
59 SMAD4	pp	PPM1A
60 SMAD4	pp	PTEN
61 SMAD4	pp	RBPJ
62 SMAD4	pp	RNF111
63 SMAD4	pp	SMAD1
64 SMAD4	pp	SMAD2
65 SMAD5	pp	SMAD2
66 SMAD5	pp	SMAD4
67 SMURF2	pp	GSK3B
68 SMURF2	pp	SMAD2
69 SMURF2	pp	SMAD4
70 SP1	pp	SMAD2
71 SP1	pp	SMAD4
72 STAT3	pp	SMAD2
73 STAT3	pp	SMAD4
74 TBL1XR1	pp	APC
75 TBL1XR1	pp	NCOR1
76 TBL1XR1	pp	RBPJ
77 TCF7L2	pp	APC
78 TCF7L2	pp	EP300
79 TCF7L2	pp	PTEN
80 TGFBR1	pp	SMAD2
81 TGFBR1	pp	SMAD4
82 TNKS	pp	APC
83 TNKS	pp	PTEN
84 TRAF6	pp	GSK3B
85 TRAF6	pp	SMAD2
86 USP15	pp	SMAD2
87 USP15	pp	SMAD4
88 WWTR1	pp	BTRC
89 WWTR1	pp	SMAD2
90 WWTR1	pp	SMAD4
91 ZEB1	pp	SMAD2
92 ZEB1	pp	SMAD4
93 ZEB2	pp	SMAD2
94 ZEB2	pp	SMAD4
[0m
[1;32mPetal Name: [1;33mSMAD3
[1;32mPetal Size: [1;33m18[0;31m
APC
BTRC
CDC42
CREBBP
EP300
ETS1
FOXO3
GSK3B
ITGB1
MAP2K1
NCOR1
NFATC2
RNF111
SMAD3
SMAD4
SP1
TBL1XR1
TCF7L2
[0m---- 
[1;36mPetal Interactions[0;32m
1 BTRC	pp	APC
2 CDC42	pp	APC
3 EP300	pp	BTRC
4 GSK3B	pp	APC
5 GSK3B	pp	CREBBP
6 GSK3B	pp	FOXO3
7 ITGB1	pp	CDC42
8 MAP2K1	pp	CDC42
9 NFATC2	pp	GSK3B
10 SMAD3	pp	CREBBP
11 SMAD3	pp	EP300
12 SMAD3	pp	ETS1
13 SMAD3	pp	FOXO3
14 SMAD3	pp	ITGB1
15 SMAD3	pp	MAP2K1
16 SMAD3	pp	NCOR1
17 SMAD3	pp	NFATC2
18 SMAD3	pp	RNF111
19 SMAD4	pp	APC
20 SMAD4	pp	ETS1
21 SMAD4	pp	MAP2K1
22 SMAD4	pp	NCOR1
23 SMAD4	pp	RNF111
24 SP1	pp	SMAD3
25 SP1	pp	SMAD4
26 TBL1XR1	pp	APC
27 TBL1XR1	pp	NCOR1
28 TCF7L2	pp	APC
29 TCF7L2	pp	EP300
[0m
Done creating Petals.
petals are loaded
[1;32mAGE for [0;36mSMAD2 - SMAD3[0m
[0;35minitial size for AGE: 0[0m
counterPetal1 188
counterPetal2 58
counterPetal1*counterPetal2 10904
(*AGE).size()=10904
[0m---- 
[1;33mAGE nodes: 10904[0m
Allocate AGEgraph :  10904 x 10904	118897216 bytes

[0 min 0 sec] Nodes are done in 

[0 min 6 sec] Edges are done in 
0th run results (0) [new minumum]:0.699951
0 1284 cost: 100
[0;36m		[A1. APC::A2. BTRC] ---  [B1. APC::B2. BTRC}[0m
[0;36m		[A1. CDC42::A2. APC] ---  [B1. CDC42::B2. APC}[0m
1284 292 cost: 100
[0;36m		[A1. CDC42::A2. APC] ---  [B1. CDC42::B2. APC}[0m
[0;36m		[A1. APC::A2. GSK3B] ---  [B1. APC::B2. GSK3B}[0m
1284 467 cost: 100
[0;36m		[A1. CDC42::A2. APC] ---  [B1. CDC42::B2. APC}[0m
[0;36m		[A1. APC::A2. SMAD4] ---  [B1. APC::B2. SMAD4}[0m
1284 585 cost: 100
[0;36m		[A1. CDC42::A2. APC] ---  [B1. CDC42::B2. APC}[0m
[0;36m		[A1. APC::A2. TCF7L2] ---  [B1. APC::B2. TCF7L2}[0m
467 7993 cost: 100
[0;36m		[A1. APC::A2. SMAD4] ---  [B1. APC::B2. SMAD4}[0m
[0;36m		[A1. SMAD4::A2. ETS1] ---  [B1. SMAD4::B2. ETS1}[0m
7993 4264 cost: 100
[0;36m		[A1. SMAD4::A2. ETS1] ---  [B1. SMAD4::B2. ETS1}[0m
[0;36m		[A1. NCOR1::A2. SMAD4] ---  [B1. NCOR1::B2. SMAD4}[0m
7993 5371 cost: 100
[0;36m		[A1. SMAD4::A2. ETS1] ---  [B1. SMAD4::B2. ETS1}[0m
[0;36m		[A1. RNF111::A2. SMAD4] ---  [B1. RNF111::B2. SMAD4}[0m
467 8809 cost: 100
[0;36m		[A1. APC::A2. SMAD4] ---  [B1. APC::B2. SMAD4}[0m
[0;36m		[A1. SMAD4::A2. SP1] ---  [B1. SMAD4::B2. SP1}[0m
585 9975 cost: 100
[0;36m		[A1. APC::A2. TCF7L2] ---  [B1. APC::B2. TCF7L2}[0m
[0;36m		[A1. TCF7L2::A2. EP300] ---  [B1. TCF7L2::B2. EP300}[0m
1284 526 cost: 104
[0;36m		[A1. CDC42::A2. APC] ---  [B1. CDC42::B2. APC}[0m
[0;36m		[A1. APC::A2. TBL1XR1] ---  [B1. APC::B2. TBL1XR1}[0m
9975 1870 cost: 104
[0;36m		[A1. TCF7L2::A2. EP300] ---  [B1. TCF7L2::B2. EP300}[0m
[0;36m		[A1. EP300::A2. SMAD2] ---  [B1. EP300::B2. SMAD3}[0m
7993 2162 cost: 104
[0;36m		[A1. SMAD4::A2. ETS1] ---  [B1. SMAD4::B2. ETS1}[0m
[0;36m		[A1. ETS1::A2. SMAD2] ---  [B1. ETS1::B2. SMAD3}[0m
292 2922 cost: 104
[0;36m		[A1. APC::A2. GSK3B] ---  [B1. APC::B2. GSK3B}[0m
[0;36m		[A1. GSK3B::A2. FOXO1] ---  [B1. GSK3B::B2. FOXO3}[0m
7993 4030 cost: 104
[0;36m		[A1. SMAD4::A2. ETS1] ---  [B1. SMAD4::B2. ETS1}[0m
[0;36m		[A1. MAPK1::A2. SMAD4] ---  [B1. MAP2K1::B2. SMAD4}[0m
4264 6538 cost: 104
[0;36m		[A1. NCOR1::A2. SMAD4] ---  [B1. NCOR1::B2. SMAD4}[0m
[0;36m		[A1. SMAD2::A2. NCOR1] ---  [B1. SMAD3::B2. NCOR1}[0m
5371 6888 cost: 104
[0;36m		[A1. RNF111::A2. SMAD4] ---  [B1. RNF111::B2. SMAD4}[0m
[0;36m		[A1. SMAD2::A2. RNF111] ---  [B1. SMAD3::B2. RNF111}[0m
8809 9506 cost: 104
[0;36m		[A1. SMAD4::A2. SP1] ---  [B1. SMAD4::B2. SP1}[0m
[0;36m		[A1. SP1::A2. SMAD2] ---  [B1. SP1::B2. SMAD3}[0m
4264 9799 cost: 104
[0;36m		[A1. NCOR1::A2. SMAD4] ---  [B1. NCOR1::B2. SMAD4}[0m
[0;36m		[A1. TBL1XR1::A2. NCOR1] ---  [B1. TBL1XR1::B2. NCOR1}[0m
2922 2571 cost: 111
[0;36m		[A1. GSK3B::A2. FOXO1] ---  [B1. GSK3B::B2. FOXO3}[0m
[0;36m		[A1. FOXO1::A2. SMAD2] ---  [B1. FOXO3::B2. SMAD3}[0m
6538 3971 cost: 111
[0;36m		[A1. SMAD2::A2. NCOR1] ---  [B1. SMAD3::B2. NCOR1}[0m
[0;36m		[A1. MAPK1::A2. SMAD2] ---  [B1. MAP2K1::B2. SMAD3}[0m
292 2805 cost: 217
[0;36m		[A1. APC::A2. GSK3B] ---  [B1. APC::B2. GSK3B}[0m
[0;36m		[A1. GSK3B::A2. BTRC] ---  [B1. GSK3B::B2. CREBBP}[0m
292 3097 cost: 217
[0;36m		[A1. APC::A2. GSK3B] ---  [B1. APC::B2. GSK3B}[0m
[0;36m		[A1. GSK3B::A2. MDM2] ---  [B1. GSK3B::B2. NFATC2}[0m
1284 4722 cost: 217
[0;36m		[A1. CDC42::A2. APC] ---  [B1. CDC42::B2. APC}[0m
[0;36m		[A1. PTEN::A2. CDC42] ---  [B1. ITGB1::B2. CDC42}[0m
6538 4151 cost: 240
[0;36m		[A1. SMAD2::A2. NCOR1] ---  [B1. SMAD3::B2. NCOR1}[0m
[0;36m		[A1. MDM2::A2. SMAD2] ---  [B1. NFATC2::B2. SMAD3}[0m
6538 4897 cost: 240
[0;36m		[A1. SMAD2::A2. NCOR1] ---  [B1. SMAD3::B2. NCOR1}[0m
[0;36m		[A1. PTEN::A2. SMAD2] ---  [B1. ITGB1::B2. SMAD3}[0m

Displayed tree score: 0.699951

59th run results (1) [new minumum]:0.704079
59 1108 cost: 100
[0;36m		[A1. APC::A2. CDC42] ---  [B1. APC::B2. CDC42}[0m
[0;36m		[A1. BTRC::A2. APC] ---  [B1. BTRC::B2. APC}[0m
1108 292 cost: 100
[0;36m		[A1. BTRC::A2. APC] ---  [B1. BTRC::B2. APC}[0m
[0;36m		[A1. APC::A2. GSK3B] ---  [B1. APC::B2. GSK3B}[0m
1108 467 cost: 100
[0;36m		[A1. BTRC::A2. APC] ---  [B1. BTRC::B2. APC}[0m
[0;36m		[A1. APC::A2. SMAD4] ---  [B1. APC::B2. SMAD4}[0m
1108 585 cost: 100
[0;36m		[A1. BTRC::A2. APC] ---  [B1. BTRC::B2. APC}[0m
[0;36m		[A1. APC::A2. TCF7L2] ---  [B1. APC::B2. TCF7L2}[0m
467 7993 cost: 100
[0;36m		[A1. APC::A2. SMAD4] ---  [B1. APC::B2. SMAD4}[0m
[0;36m		[A1. SMAD4::A2. ETS1] ---  [B1. SMAD4::B2. ETS1}[0m
7993 4264 cost: 100
[0;36m		[A1. SMAD4::A2. ETS1] ---  [B1. SMAD4::B2. ETS1}[0m
[0;36m		[A1. NCOR1::A2. SMAD4] ---  [B1. NCOR1::B2. SMAD4}[0m
7993 5371 cost: 100
[0;36m		[A1. SMAD4::A2. ETS1] ---  [B1. SMAD4::B2. ETS1}[0m
[0;36m		[A1. RNF111::A2. SMAD4] ---  [B1. RNF111::B2. SMAD4}[0m
467 8809 cost: 100
[0;36m		[A1. APC::A2. SMAD4] ---  [B1. APC::B2. SMAD4}[0m
[0;36m		[A1. SMAD4::A2. SP1] ---  [B1. SMAD4::B2. SP1}[0m
585 9975 cost: 100
[0;36m		[A1. APC::A2. TCF7L2] ---  [B1. APC::B2. TCF7L2}[0m
[0;36m		[A1. TCF7L2::A2. EP300] ---  [B1. TCF7L2::B2. EP300}[0m
1108 526 cost: 104
[0;36m		[A1. BTRC::A2. APC] ---  [B1. BTRC::B2. APC}[0m
[0;36m		[A1. APC::A2. TBL1XR1] ---  [B1. APC::B2. TBL1XR1}[0m
9975 1870 cost: 104
[0;36m		[A1. TCF7L2::A2. EP300] ---  [B1. TCF7L2::B2. EP300}[0m
[0;36m		[A1. EP300::A2. SMAD2] ---  [B1. EP300::B2. SMAD3}[0m
7993 2162 cost: 104
[0;36m		[A1. SMAD4::A2. ETS1] ---  [B1. SMAD4::B2. ETS1}[0m
[0;36m		[A1. ETS1::A2. SMAD2] ---  [B1. ETS1::B2. SMAD3}[0m
292 2922 cost: 104
[0;36m		[A1. APC::A2. GSK3B] ---  [B1. APC::B2. GSK3B}[0m
[0;36m		[A1. GSK3B::A2. FOXO1] ---  [B1. GSK3B::B2. FOXO3}[0m
7993 4030 cost: 104
[0;36m		[A1. SMAD4::A2. ETS1] ---  [B1. SMAD4::B2. ETS1}[0m
[0;36m		[A1. MAPK1::A2. SMAD4] ---  [B1. MAP2K1::B2. SMAD4}[0m
4264 6538 cost: 104
[0;36m		[A1. NCOR1::A2. SMAD4] ---  [B1. NCOR1::B2. SMAD4}[0m
[0;36m		[A1. SMAD2::A2. NCOR1] ---  [B1. SMAD3::B2. NCOR1}[0m
5371 6888 cost: 104
[0;36m		[A1. RNF111::A2. SMAD4] ---  [B1. RNF111::B2. SMAD4}[0m
[0;36m		[A1. SMAD2::A2. RNF111] ---  [B1. SMAD3::B2. RNF111}[0m
8809 9506 cost: 104
[0;36m		[A1. SMAD4::A2. SP1] ---  [B1. SMAD4::B2. SP1}[0m
[0;36m		[A1. SP1::A2. SMAD2] ---  [B1. SP1::B2. SMAD3}[0m
4264 9799 cost: 104
[0;36m		[A1. NCOR1::A2. SMAD4] ---  [B1. NCOR1::B2. SMAD4}[0m
[0;36m		[A1. TBL1XR1::A2. NCOR1] ---  [B1. TBL1XR1::B2. NCOR1}[0m
2922 2571 cost: 111
[0;36m		[A1. GSK3B::A2. FOXO1] ---  [B1. GSK3B::B2. FOXO3}[0m
[0;36m		[A1. FOXO1::A2. SMAD2] ---  [B1. FOXO3::B2. SMAD3}[0m
6538 3971 cost: 111
[0;36m		[A1. SMAD2::A2. NCOR1] ---  [B1. SMAD3::B2. NCOR1}[0m
[0;36m		[A1. MAPK1::A2. SMAD2] ---  [B1. MAP2K1::B2. SMAD3}[0m
59 1401 cost: 217
[0;36m		[A1. APC::A2. CDC42] ---  [B1. APC::B2. CDC42}[0m
[0;36m		[A1. CDC42::A2. PTEN] ---  [B1. CDC42::B2. ITGB1}[0m
292 3097 cost: 217
[0;36m		[A1. APC::A2. GSK3B] ---  [B1. APC::B2. GSK3B}[0m
[0;36m		[A1. GSK3B::A2. MDM2] ---  [B1. GSK3B::B2. NFATC2}[0m
292 3385 cost: 217
[0;36m		[A1. APC::A2. GSK3B] ---  [B1. APC::B2. GSK3B}[0m
[0;36m		[A1. GSK3B::A2. SMURF2] ---  [B1. GSK3B::B2. CREBBP}[0m
6538 4151 cost: 240
[0;36m		[A1. SMAD2::A2. NCOR1] ---  [B1. SMAD3::B2. NCOR1}[0m
[0;36m		[A1. MDM2::A2. SMAD2] ---  [B1. NFATC2::B2. SMAD3}[0m
6538 4897 cost: 240
[0;36m		[A1. SMAD2::A2. NCOR1] ---  [B1. SMAD3::B2. NCOR1}[0m
[0;36m		[A1. PTEN::A2. SMAD2] ---  [B1. ITGB1::B2. SMAD3}[0m
1870 7170 cost: 240
[0;36m		[A1. EP300::A2. SMAD2] ---  [B1. EP300::B2. SMAD3}[0m
[0;36m		[A1. SMAD2::A2. SMURF2] ---  [B1. SMAD3::B2. CREBBP}[0m

Displayed tree score: 0.704079

1167th run results (2) [new minumum]:0.71409
1167 0 cost: 217
[0;36m		[A1. BTRC::A2. GSK3B] ---  [B1. BTRC::B2. EP300}[0m
[0;36m		[A1. APC::A2. BTRC] ---  [B1. APC::B2. BTRC}[0m
0 1284 cost: 100
[0;36m		[A1. APC::A2. BTRC] ---  [B1. APC::B2. BTRC}[0m
[0;36m		[A1. CDC42::A2. APC] ---  [B1. CDC42::B2. APC}[0m
1284 292 cost: 100
[0;36m		[A1. CDC42::A2. APC] ---  [B1. CDC42::B2. APC}[0m
[0;36m		[A1. APC::A2. GSK3B] ---  [B1. APC::B2. GSK3B}[0m
1284 467 cost: 100
[0;36m		[A1. CDC42::A2. APC] ---  [B1. CDC42::B2. APC}[0m
[0;36m		[A1. APC::A2. SMAD4] ---  [B1. APC::B2. SMAD4}[0m
1284 585 cost: 100
[0;36m		[A1. CDC42::A2. APC] ---  [B1. CDC42::B2. APC}[0m
[0;36m		[A1. APC::A2. TCF7L2] ---  [B1. APC::B2. TCF7L2}[0m
467 7993 cost: 100
[0;36m		[A1. APC::A2. SMAD4] ---  [B1. APC::B2. SMAD4}[0m
[0;36m		[A1. SMAD4::A2. ETS1] ---  [B1. SMAD4::B2. ETS1}[0m
7993 4264 cost: 100
[0;36m		[A1. SMAD4::A2. ETS1] ---  [B1. SMAD4::B2. ETS1}[0m
[0;36m		[A1. NCOR1::A2. SMAD4] ---  [B1. NCOR1::B2. SMAD4}[0m
7993 5371 cost: 100
[0;36m		[A1. SMAD4::A2. ETS1] ---  [B1. SMAD4::B2. ETS1}[0m
[0;36m		[A1. RNF111::A2. SMAD4] ---  [B1. RNF111::B2. SMAD4}[0m
467 8809 cost: 100
[0;36m		[A1. APC::A2. SMAD4] ---  [B1. APC::B2. SMAD4}[0m
[0;36m		[A1. SMAD4::A2. SP1] ---  [B1. SMAD4::B2. SP1}[0m
585 9975 cost: 100
[0;36m		[A1. APC::A2. TCF7L2] ---  [B1. APC::B2. TCF7L2}[0m
[0;36m		[A1. TCF7L2::A2. EP300] ---  [B1. TCF7L2::B2. EP300}[0m
1284 526 cost: 104
[0;36m		[A1. CDC42::A2. APC] ---  [B1. CDC42::B2. APC}[0m
[0;36m		[A1. APC::A2. TBL1XR1] ---  [B1. APC::B2. TBL1XR1}[0m
9975 1870 cost: 104
[0;36m		[A1. TCF7L2::A2. EP300] ---  [B1. TCF7L2::B2. EP300}[0m
[0;36m		[A1. EP300::A2. SMAD2] ---  [B1. EP300::B2. SMAD3}[0m
7993 2162 cost: 104
[0;36m		[A1. SMAD4::A2. ETS1] ---  [B1. SMAD4::B2. ETS1}[0m
[0;36m		[A1. ETS1::A2. SMAD2] ---  [B1. ETS1::B2. SMAD3}[0m
292 2922 cost: 104
[0;36m		[A1. APC::A2. GSK3B] ---  [B1. APC::B2. GSK3B}[0m
[0;36m		[A1. GSK3B::A2. FOXO1] ---  [B1. GSK3B::B2. FOXO3}[0m
7993 4030 cost: 104
[0;36m		[A1. SMAD4::A2. ETS1] ---  [B1. SMAD4::B2. ETS1}[0m
[0;36m		[A1. MAPK1::A2. SMAD4] ---  [B1. MAP2K1::B2. SMAD4}[0m
4264 6538 cost: 104
[0;36m		[A1. NCOR1::A2. SMAD4] ---  [B1. NCOR1::B2. SMAD4}[0m
[0;36m		[A1. SMAD2::A2. NCOR1] ---  [B1. SMAD3::B2. NCOR1}[0m
5371 6888 cost: 104
[0;36m		[A1. RNF111::A2. SMAD4] ---  [B1. RNF111::B2. SMAD4}[0m
[0;36m		[A1. SMAD2::A2. RNF111] ---  [B1. SMAD3::B2. RNF111}[0m
8809 9506 cost: 104
[0;36m		[A1. SMAD4::A2. SP1] ---  [B1. SMAD4::B2. SP1}[0m
[0;36m		[A1. SP1::A2. SMAD2] ---  [B1. SP1::B2. SMAD3}[0m
4264 9799 cost: 104
[0;36m		[A1. NCOR1::A2. SMAD4] ---  [B1. NCOR1::B2. SMAD4}[0m
[0;36m		[A1. TBL1XR1::A2. NCOR1] ---  [B1. TBL1XR1::B2. NCOR1}[0m
2922 2571 cost: 111
[0;36m		[A1. GSK3B::A2. FOXO1] ---  [B1. GSK3B::B2. FOXO3}[0m
[0;36m		[A1. FOXO1::A2. SMAD2] ---  [B1. FOXO3::B2. SMAD3}[0m
6538 3971 cost: 111
[0;36m		[A1. SMAD2::A2. NCOR1] ---  [B1. SMAD3::B2. NCOR1}[0m
[0;36m		[A1. MAPK1::A2. SMAD2] ---  [B1. MAP2K1::B2. SMAD3}[0m
292 3097 cost: 217
[0;36m		[A1. APC::A2. GSK3B] ---  [B1. APC::B2. GSK3B}[0m
[0;36m		[A1. GSK3B::A2. MDM2] ---  [B1. GSK3B::B2. NFATC2}[0m
292 3385 cost: 217
[0;36m		[A1. APC::A2. GSK3B] ---  [B1. APC::B2. GSK3B}[0m
[0;36m		[A1. GSK3B::A2. SMURF2] ---  [B1. GSK3B::B2. CREBBP}[0m
1284 4722 cost: 217
[0;36m		[A1. CDC42::A2. APC] ---  [B1. CDC42::B2. APC}[0m
[0;36m		[A1. PTEN::A2. CDC42] ---  [B1. ITGB1::B2. CDC42}[0m
6538 4151 cost: 240
[0;36m		[A1. SMAD2::A2. NCOR1] ---  [B1. SMAD3::B2. NCOR1}[0m
[0;36m		[A1. MDM2::A2. SMAD2] ---  [B1. NFATC2::B2. SMAD3}[0m
6538 4897 cost: 240
[0;36m		[A1. SMAD2::A2. NCOR1] ---  [B1. SMAD3::B2. NCOR1}[0m
[0;36m		[A1. PTEN::A2. SMAD2] ---  [B1. ITGB1::B2. SMAD3}[0m
1870 7170 cost: 240
[0;36m		[A1. EP300::A2. SMAD2] ---  [B1. EP300::B2. SMAD3}[0m
[0;36m		[A1. SMAD2::A2. SMURF2] ---  [B1. SMAD3::B2. CREBBP}[0m

Displayed tree score: 0.71409

Petal1:94	Petal2:29	treecost: 3646	 tree size:27
$RESULT$	SMAD2	SMAD3	norm_score:	0.71409
[0m
[0 min 27 sec] All done in 
