COMMAND: /Users/gurkan/Box/Research/INSPIRE/inspire-replication/src/INSPIRE /Users/gurkan/Box/Research/INSPIRE/inspire-replication/database/inspire.sqlite TAF2 TAF2 inspire_legacy_v1

GO normalization for inspire_legacy_v1: 14.1026
Loaded 5995 GO pair scores for inspire_legacy_v1
Create two petals
Begin PETAL setup
new petal TAF2 (6)
# 6 interactions in TAF2
Done adding UniProt and Pfam annotations for TAF2.
new petal TAF2 (6)
# 6 interactions in TAF2
Done adding UniProt and Pfam annotations for TAF2.
Petal Sizes: 6, 6
[1;32mPetal Name: [1;33mTAF2
[1;32mPetal Size: [1;33m6[0;31m
APC
GSK3B
MAP3K7
MED1
TAF2
TBL1XR1
[0m---- 
[1;36mPetal Interactions[0;32m
1 GSK3B	pp	APC
2 MAP3K7	pp	GSK3B
3 TAF2	pp	MAP3K7
4 TAF2	pp	MED1
5 TBL1XR1	pp	APC
6 TBL1XR1	pp	MED1
[0m
[1;32mPetal Name: [1;33mTAF2
[1;32mPetal Size: [1;33m6[0;31m
APC
GSK3B
MAP3K7
MED1
TAF2
TBL1XR1
[0m---- 
[1;36mPetal Interactions[0;32m
1 GSK3B	pp	APC
2 MAP3K7	pp	GSK3B
3 TAF2	pp	MAP3K7
4 TAF2	pp	MED1
5 TBL1XR1	pp	APC
6 TBL1XR1	pp	MED1
[0m
Done creating Petals.
petals are loaded
[1;32mAGE for [0;36mTAF2 - TAF2[0m
[0;35minitial size for AGE: 0[0m
counterPetal1 12
counterPetal2 12
counterPetal1*counterPetal2 144
(*AGE).size()=144
[0m---- 
[1;33mAGE nodes: 144[0m
Allocate AGEgraph :  144 x 144	20736 bytes

[0 min 0 sec] Nodes are done in 

[0 min 0 sec] Edges are done in 
0th run results (0) [new minumum]:0.984252
0 39 cost: 100
[0;36m		[A1. APC::A2. GSK3B] ---  [B1. APC::B2. GSK3B}[0m
[0;36m		[A1. GSK3B::A2. MAP3K7] ---  [B1. GSK3B::B2. MAP3K7}[0m
39 65 cost: 100
[0;36m		[A1. GSK3B::A2. MAP3K7] ---  [B1. GSK3B::B2. MAP3K7}[0m
[0;36m		[A1. MAP3K7::A2. TAF2] ---  [B1. MAP3K7::B2. TAF2}[0m
65 117 cost: 100
[0;36m		[A1. MAP3K7::A2. TAF2] ---  [B1. MAP3K7::B2. TAF2}[0m
[0;36m		[A1. TAF2::A2. MED1] ---  [B1. TAF2::B2. MED1}[0m
117 91 cost: 104
[0;36m		[A1. TAF2::A2. MED1] ---  [B1. TAF2::B2. MED1}[0m
[0;36m		[A1. MED1::A2. TBL1XR1] ---  [B1. MED1::B2. TBL1XR1}[0m
0 130 cost: 104
[0;36m		[A1. APC::A2. GSK3B] ---  [B1. APC::B2. GSK3B}[0m
[0;36m		[A1. TBL1XR1::A2. APC] ---  [B1. TBL1XR1::B2. APC}[0m

Displayed tree score: 0.984252

Petal1:6	Petal2:6	treecost: 508	 tree size:5
$RESULT$	TAF2	TAF2	norm_score:	0.984252
[0m
[0 min 0 sec] All done in 
