COMMAND: /Users/gurkan/Box/Research/INSPIRE/inspire-replication/src/INSPIRE /Users/gurkan/Box/Research/INSPIRE/inspire-replication/database/inspire.sqlite TCF7L2 TIAM1 inspire_legacy_v1

GO normalization for inspire_legacy_v1: 14.1026
Loaded 5995 GO pair scores for inspire_legacy_v1
Create two petals
Begin PETAL setup
new petal TCF7L2 (11)
# 17 interactions in TCF7L2
Done adding UniProt and Pfam annotations for TCF7L2.
new petal TIAM1 (6)
# 7 interactions in TIAM1
Done adding UniProt and Pfam annotations for TIAM1.
Petal Sizes: 11, 6
[1;32mPetal Name: [1;33mTCF7L2
[1;32mPetal Size: [1;33m11[0;31m
APC
BTRC
CDC42
CREB1
DLG1
EP300
GSK3B
PTEN
SMAD4
TCF7L2
TNKS
[0m---- 
[1;36mPetal Interactions[0;32m
1 BTRC	pp	APC
2 CDC42	pp	APC
3 DLG1	pp	APC
4 EP300	pp	BTRC
5 GSK3B	pp	APC
6 GSK3B	pp	CREB1
7 PTEN	pp	CDC42
8 PTEN	pp	DLG1
9 PTEN	pp	GSK3B
10 SMAD4	pp	APC
11 SMAD4	pp	PTEN
12 TCF7L2	pp	APC
13 TCF7L2	pp	CREB1
14 TCF7L2	pp	EP300
15 TCF7L2	pp	PTEN
16 TNKS	pp	APC
17 TNKS	pp	PTEN
[0m
[1;32mPetal Name: [1;33mTIAM1
[1;32mPetal Size: [1;33m6[0;31m
APC
GSK3B
PTEN
SMAD4
TCF7L2
TIAM1
[0m---- 
[1;36mPetal Interactions[0;32m
1 GSK3B	pp	APC
2 PTEN	pp	GSK3B
3 SMAD4	pp	APC
4 SMAD4	pp	PTEN
5 TCF7L2	pp	APC
6 TCF7L2	pp	PTEN
7 TIAM1	pp	PTEN
[0m
Done creating Petals.
petals are loaded
[1;32mAGE for [0;36mTCF7L2 - TIAM1[0m
[0;35minitial size for AGE: 0[0m
counterPetal1 34
counterPetal2 14
counterPetal1*counterPetal2 476
(*AGE).size()=476
[0m---- 
[1;33mAGE nodes: 476[0m
Allocate AGEgraph :  476 x 476	226576 bytes

[0 min 0 sec] Nodes are done in 

[0 min 0 sec] Edges are done in 
0th run results (0) [new minumum]:0.719424
0 373 cost: 217
[0;36m		[A1. APC::A2. BTRC] ---  [B1. APC::B2. GSK3B}[0m
[0;36m		[A1. SMAD4::A2. APC] ---  [B1. SMAD4::B2. APC}[0m
373 72 cost: 100
[0;36m		[A1. SMAD4::A2. APC] ---  [B1. SMAD4::B2. APC}[0m
[0;36m		[A1. APC::A2. TCF7L2] ---  [B1. APC::B2. TCF7L2}[0m
373 328 cost: 100
[0;36m		[A1. SMAD4::A2. APC] ---  [B1. SMAD4::B2. APC}[0m
[0;36m		[A1. PTEN::A2. SMAD4] ---  [B1. PTEN::B2. SMAD4}[0m
328 270 cost: 100
[0;36m		[A1. PTEN::A2. SMAD4] ---  [B1. PTEN::B2. SMAD4}[0m
[0;36m		[A1. GSK3B::A2. PTEN] ---  [B1. GSK3B::B2. PTEN}[0m
270 343 cost: 100
[0;36m		[A1. GSK3B::A2. PTEN] ---  [B1. GSK3B::B2. PTEN}[0m
[0;36m		[A1. PTEN::A2. TCF7L2] ---  [B1. PTEN::B2. TCF7L2}[0m
328 153 cost: 217
[0;36m		[A1. PTEN::A2. SMAD4] ---  [B1. PTEN::B2. SMAD4}[0m
[0;36m		[A1. CDC42::A2. PTEN] ---  [B1. TIAM1::B2. PTEN}[0m

Displayed tree score: 0.719424

42th run results (1) [new minumum]:0.83682
42 270 cost: 100
[0;36m		[A1. APC::A2. GSK3B] ---  [B1. APC::B2. GSK3B}[0m
[0;36m		[A1. GSK3B::A2. PTEN] ---  [B1. GSK3B::B2. PTEN}[0m
270 328 cost: 100
[0;36m		[A1. GSK3B::A2. PTEN] ---  [B1. GSK3B::B2. PTEN}[0m
[0;36m		[A1. PTEN::A2. SMAD4] ---  [B1. PTEN::B2. SMAD4}[0m
270 343 cost: 100
[0;36m		[A1. GSK3B::A2. PTEN] ---  [B1. GSK3B::B2. PTEN}[0m
[0;36m		[A1. PTEN::A2. TCF7L2] ---  [B1. PTEN::B2. TCF7L2}[0m
42 373 cost: 100
[0;36m		[A1. APC::A2. GSK3B] ---  [B1. APC::B2. GSK3B}[0m
[0;36m		[A1. SMAD4::A2. APC] ---  [B1. SMAD4::B2. APC}[0m
373 72 cost: 100
[0;36m		[A1. SMAD4::A2. APC] ---  [B1. SMAD4::B2. APC}[0m
[0;36m		[A1. APC::A2. TCF7L2] ---  [B1. APC::B2. TCF7L2}[0m
328 153 cost: 217
[0;36m		[A1. PTEN::A2. SMAD4] ---  [B1. PTEN::B2. SMAD4}[0m
[0;36m		[A1. CDC42::A2. PTEN] ---  [B1. TIAM1::B2. PTEN}[0m

Displayed tree score: 0.83682

Petal1:17	Petal2:7	treecost: 717	 tree size:6
$RESULT$	TCF7L2	TIAM1	norm_score:	0.83682
[0m
[0 min 0 sec] All done in 
