COMMAND: /Users/gurkan/Box/Research/INSPIRE/inspire-replication/src/INSPIRE /Users/gurkan/Box/Research/INSPIRE/inspire-replication/database/inspire.sqlite TGFBR2 ZNF521 inspire_legacy_v1

GO normalization for inspire_legacy_v1: 14.1026
Loaded 5995 GO pair scores for inspire_legacy_v1
Create two petals
Begin PETAL setup
new petal TGFBR2 (20)
# 32 interactions in TGFBR2
Done adding UniProt and Pfam annotations for TGFBR2.
new petal ZNF521 (4)
# 3 interactions in ZNF521
Done adding UniProt and Pfam annotations for ZNF521.
Petal Sizes: 20, 4
[1;32mPetal Name: [1;33mTGFBR2
[1;32mPetal Size: [1;33m20[0;31m
APC
BMPR1A
BTRC
CDC42
EGFR
EP300
ERBIN
GSK3B
IQGAP1
KRAS
PIK3CB
PIK3R1
SMAD4
SMAD5
SMURF2
TCF7L2
TGFBR1
TGFBR2
TRAF6
YAP1
[0m---- 
[1;36mPetal Interactions[0;32m
1 BTRC	pp	APC
2 CDC42	pp	APC
3 EP300	pp	BTRC
4 ERBIN	pp	APC
5 ERBIN	pp	EGFR
6 GSK3B	pp	APC
7 IQGAP1	pp	APC
8 IQGAP1	pp	EGFR
9 KRAS	pp	APC
10 KRAS	pp	EGFR
11 PIK3CB	pp	CDC42
12 PIK3R1	pp	KRAS
13 SMAD4	pp	APC
14 SMAD4	pp	BMPR1A
15 SMAD5	pp	SMAD4
16 SMURF2	pp	GSK3B
17 SMURF2	pp	SMAD4
18 TCF7L2	pp	APC
19 TCF7L2	pp	EP300
20 TGFBR1	pp	SMAD4
21 TGFBR2	pp	BMPR1A
22 TGFBR2	pp	EGFR
23 TGFBR2	pp	EP300
24 TGFBR2	pp	PIK3CB
25 TGFBR2	pp	PIK3R1
26 TGFBR2	pp	SMAD5
27 TGFBR2	pp	SMURF2
28 TGFBR2	pp	TGFBR1
29 TRAF6	pp	GSK3B
30 TRAF6	pp	TGFBR2
31 YAP1	pp	GSK3B
32 YAP1	pp	TGFBR2
[0m
[1;32mPetal Name: [1;33mZNF521
[1;32mPetal Size: [1;33m4[0;31m
APC
LRP6
RUNX2
ZNF521
[0m---- 
[1;36mPetal Interactions[0;32m
1 LRP6	pp	APC
2 RUNX2	pp	LRP6
3 ZNF521	pp	RUNX2
[0m
Done creating Petals.
petals are loaded
[1;32mAGE for [0;36mTGFBR2 - ZNF521[0m
[0;35minitial size for AGE: 0[0m
counterPetal1 64
counterPetal2 6
counterPetal1*counterPetal2 384
(*AGE).size()=384
[0m---- 
[1;33mAGE nodes: 384[0m
Allocate AGEgraph :  384 x 384	147456 bytes

[0 min 0 sec] Nodes are done in 

[0 min 0 sec] Edges are done in 
0th run results (0) [new minumum]:0.0395883
0 68 cost: 1052
[0;36m		[A1. APC::A2. BTRC] ---  [B1. APC::B2. LRP6}[0m
[0;36m		[A1. BTRC::A2. EP300] ---  [B1. LRP6::B2. RUNX2}[0m
68 118 cost: 4000
[0;36m		[A1. BTRC::A2. EP300] ---  [B1. LRP6::B2. RUNX2}[0m
[0;36m		[A1. EP300::A2. TCF7L2] ---  [B1. RUNX2::B2. ZNF521}[0m

Displayed tree score: 0.0395883

1th run results (1) [new minumum]:0.0574383
1 219 cost: 625
[0;36m		[A1. APC::A2. BTRC] ---  [B1. LRP6::B2. APC}[0m
[0;36m		[A1. SMAD4::A2. APC] ---  [B1. RUNX2::B2. LRP6}[0m
219 53 cost: 2857
[0;36m		[A1. SMAD4::A2. APC] ---  [B1. RUNX2::B2. LRP6}[0m
[0;36m		[A1. BMPR1A::A2. SMAD4] ---  [B1. ZNF521::B2. RUNX2}[0m

Displayed tree score: 0.0574383

52th run results (2) [new minumum]:0.0657895
52 302 cost: 2500
[0;36m		[A1. BMPR1A::A2. SMAD4] ---  [B1. RUNX2::B2. ZNF521}[0m
[0;36m		[A1. TGFBR2::A2. BMPR1A] ---  [B1. LRP6::B2. RUNX2}[0m
302 102 cost: 540
[0;36m		[A1. TGFBR2::A2. BMPR1A] ---  [B1. LRP6::B2. RUNX2}[0m
[0;36m		[A1. EGFR::A2. TGFBR2] ---  [B1. APC::B2. LRP6}[0m

Displayed tree score: 0.0657895

Petal1:32	Petal2:3	treecost: 3040	 tree size:2
$RESULT$	TGFBR2	ZNF521	norm_score:	0.0657895
[0m
[0 min 0 sec] All done in 
