COMMAND: /Users/gurkan/Box/Research/INSPIRE/inspire-replication/src/INSPIRE /Users/gurkan/Box/Research/INSPIRE/inspire-replication/database/inspire.sqlite TGFBR2 TGFBR2 inspire_legacy_v1

GO normalization for inspire_legacy_v1: 14.1026
Loaded 5995 GO pair scores for inspire_legacy_v1
Create two petals
Begin PETAL setup
new petal TGFBR2 (20)
# 32 interactions in TGFBR2
Done adding UniProt and Pfam annotations for TGFBR2.
new petal TGFBR2 (20)
# 32 interactions in TGFBR2
Done adding UniProt and Pfam annotations for TGFBR2.
Petal Sizes: 20, 20
[1;32mPetal Name: [1;33mTGFBR2
[1;32mPetal Size: [1;33m20[0;31m
APC
BMPR1A
BTRC
CDC42
EGFR
EP300
ERBIN
GSK3B
IQGAP1
KRAS
PIK3CB
PIK3R1
SMAD4
SMAD5
SMURF2
TCF7L2
TGFBR1
TGFBR2
TRAF6
YAP1
[0m---- 
[1;36mPetal Interactions[0;32m
1 BTRC	pp	APC
2 CDC42	pp	APC
3 EP300	pp	BTRC
4 ERBIN	pp	APC
5 ERBIN	pp	EGFR
6 GSK3B	pp	APC
7 IQGAP1	pp	APC
8 IQGAP1	pp	EGFR
9 KRAS	pp	APC
10 KRAS	pp	EGFR
11 PIK3CB	pp	CDC42
12 PIK3R1	pp	KRAS
13 SMAD4	pp	APC
14 SMAD4	pp	BMPR1A
15 SMAD5	pp	SMAD4
16 SMURF2	pp	GSK3B
17 SMURF2	pp	SMAD4
18 TCF7L2	pp	APC
19 TCF7L2	pp	EP300
20 TGFBR1	pp	SMAD4
21 TGFBR2	pp	BMPR1A
22 TGFBR2	pp	EGFR
23 TGFBR2	pp	EP300
24 TGFBR2	pp	PIK3CB
25 TGFBR2	pp	PIK3R1
26 TGFBR2	pp	SMAD5
27 TGFBR2	pp	SMURF2
28 TGFBR2	pp	TGFBR1
29 TRAF6	pp	GSK3B
30 TRAF6	pp	TGFBR2
31 YAP1	pp	GSK3B
32 YAP1	pp	TGFBR2
[0m
[1;32mPetal Name: [1;33mTGFBR2
[1;32mPetal Size: [1;33m20[0;31m
APC
BMPR1A
BTRC
CDC42
EGFR
EP300
ERBIN
GSK3B
IQGAP1
KRAS
PIK3CB
PIK3R1
SMAD4
SMAD5
SMURF2
TCF7L2
TGFBR1
TGFBR2
TRAF6
YAP1
[0m---- 
[1;36mPetal Interactions[0;32m
1 BTRC	pp	APC
2 CDC42	pp	APC
3 EP300	pp	BTRC
4 ERBIN	pp	APC
5 ERBIN	pp	EGFR
6 GSK3B	pp	APC
7 IQGAP1	pp	APC
8 IQGAP1	pp	EGFR
9 KRAS	pp	APC
10 KRAS	pp	EGFR
11 PIK3CB	pp	CDC42
12 PIK3R1	pp	KRAS
13 SMAD4	pp	APC
14 SMAD4	pp	BMPR1A
15 SMAD5	pp	SMAD4
16 SMURF2	pp	GSK3B
17 SMURF2	pp	SMAD4
18 TCF7L2	pp	APC
19 TCF7L2	pp	EP300
20 TGFBR1	pp	SMAD4
21 TGFBR2	pp	BMPR1A
22 TGFBR2	pp	EGFR
23 TGFBR2	pp	EP300
24 TGFBR2	pp	PIK3CB
25 TGFBR2	pp	PIK3R1
26 TGFBR2	pp	SMAD5
27 TGFBR2	pp	SMURF2
28 TGFBR2	pp	TGFBR1
29 TRAF6	pp	GSK3B
30 TRAF6	pp	TGFBR2
31 YAP1	pp	GSK3B
32 YAP1	pp	TGFBR2
[0m
Done creating Petals.
petals are loaded
[1;32mAGE for [0;36mTGFBR2 - TGFBR2[0m
[0;35minitial size for AGE: 0[0m
counterPetal1 64
counterPetal2 64
counterPetal1*counterPetal2 4096
(*AGE).size()=4096
[0m---- 
[1;33mAGE nodes: 4096[0m
Allocate AGEgraph :  4096 x 4096	16777216 bytes

[0 min 0 sec] Nodes are done in 

[0 min 1 sec] Edges are done in 
0th run results (0) [new minumum]:1
0 715 cost: 100
[0;36m		[A1. APC::A2. BTRC] ---  [B1. APC::B2. BTRC}[0m
[0;36m		[A1. BTRC::A2. EP300] ---  [B1. BTRC::B2. EP300}[0m
0 780 cost: 100
[0;36m		[A1. APC::A2. BTRC] ---  [B1. APC::B2. BTRC}[0m
[0;36m		[A1. CDC42::A2. APC] ---  [B1. CDC42::B2. APC}[0m
780 130 cost: 100
[0;36m		[A1. CDC42::A2. APC] ---  [B1. CDC42::B2. APC}[0m
[0;36m		[A1. APC::A2. ERBIN] ---  [B1. APC::B2. ERBIN}[0m
780 195 cost: 100
[0;36m		[A1. CDC42::A2. APC] ---  [B1. CDC42::B2. APC}[0m
[0;36m		[A1. APC::A2. GSK3B] ---  [B1. APC::B2. GSK3B}[0m
780 260 cost: 100
[0;36m		[A1. CDC42::A2. APC] ---  [B1. CDC42::B2. APC}[0m
[0;36m		[A1. APC::A2. IQGAP1] ---  [B1. APC::B2. IQGAP1}[0m
780 325 cost: 100
[0;36m		[A1. CDC42::A2. APC] ---  [B1. CDC42::B2. APC}[0m
[0;36m		[A1. APC::A2. KRAS] ---  [B1. APC::B2. KRAS}[0m
780 390 cost: 100
[0;36m		[A1. CDC42::A2. APC] ---  [B1. CDC42::B2. APC}[0m
[0;36m		[A1. APC::A2. SMAD4] ---  [B1. APC::B2. SMAD4}[0m
780 455 cost: 100
[0;36m		[A1. CDC42::A2. APC] ---  [B1. CDC42::B2. APC}[0m
[0;36m		[A1. APC::A2. TCF7L2] ---  [B1. APC::B2. TCF7L2}[0m
715 1235 cost: 100
[0;36m		[A1. BTRC::A2. EP300] ---  [B1. BTRC::B2. EP300}[0m
[0;36m		[A1. EP300::A2. TCF7L2] ---  [B1. EP300::B2. TCF7L2}[0m
715 1300 cost: 100
[0;36m		[A1. BTRC::A2. EP300] ---  [B1. BTRC::B2. EP300}[0m
[0;36m		[A1. EP300::A2. TGFBR2] ---  [B1. EP300::B2. TGFBR2}[0m
130 1430 cost: 100
[0;36m		[A1. APC::A2. ERBIN] ---  [B1. APC::B2. ERBIN}[0m
[0;36m		[A1. ERBIN::A2. EGFR] ---  [B1. ERBIN::B2. EGFR}[0m
1430 975 cost: 100
[0;36m		[A1. ERBIN::A2. EGFR] ---  [B1. ERBIN::B2. EGFR}[0m
[0;36m		[A1. EGFR::A2. IQGAP1] ---  [B1. EGFR::B2. IQGAP1}[0m
1430 1040 cost: 100
[0;36m		[A1. ERBIN::A2. EGFR] ---  [B1. ERBIN::B2. EGFR}[0m
[0;36m		[A1. EGFR::A2. KRAS] ---  [B1. EGFR::B2. KRAS}[0m
1430 1105 cost: 100
[0;36m		[A1. ERBIN::A2. EGFR] ---  [B1. ERBIN::B2. EGFR}[0m
[0;36m		[A1. EGFR::A2. TGFBR2] ---  [B1. EGFR::B2. TGFBR2}[0m
195 1560 cost: 100
[0;36m		[A1. APC::A2. GSK3B] ---  [B1. APC::B2. GSK3B}[0m
[0;36m		[A1. GSK3B::A2. SMURF2] ---  [B1. GSK3B::B2. SMURF2}[0m
195 1625 cost: 100
[0;36m		[A1. APC::A2. GSK3B] ---  [B1. APC::B2. GSK3B}[0m
[0;36m		[A1. GSK3B::A2. TRAF6] ---  [B1. GSK3B::B2. TRAF6}[0m
195 1690 cost: 100
[0;36m		[A1. APC::A2. GSK3B] ---  [B1. APC::B2. GSK3B}[0m
[0;36m		[A1. GSK3B::A2. YAP1] ---  [B1. GSK3B::B2. YAP1}[0m
325 2015 cost: 100
[0;36m		[A1. APC::A2. KRAS] ---  [B1. APC::B2. KRAS}[0m
[0;36m		[A1. KRAS::A2. PIK3R1] ---  [B1. KRAS::B2. PIK3R1}[0m
780 2080 cost: 100
[0;36m		[A1. CDC42::A2. APC] ---  [B1. CDC42::B2. APC}[0m
[0;36m		[A1. PIK3CB::A2. CDC42] ---  [B1. PIK3CB::B2. CDC42}[0m
2015 2275 cost: 100
[0;36m		[A1. KRAS::A2. PIK3R1] ---  [B1. KRAS::B2. PIK3R1}[0m
[0;36m		[A1. PIK3R1::A2. TGFBR2] ---  [B1. PIK3R1::B2. TGFBR2}[0m
390 2405 cost: 100
[0;36m		[A1. APC::A2. SMAD4] ---  [B1. APC::B2. SMAD4}[0m
[0;36m		[A1. SMAD4::A2. BMPR1A] ---  [B1. SMAD4::B2. BMPR1A}[0m
2405 585 cost: 100
[0;36m		[A1. SMAD4::A2. BMPR1A] ---  [B1. SMAD4::B2. BMPR1A}[0m
[0;36m		[A1. BMPR1A::A2. TGFBR2] ---  [B1. BMPR1A::B2. TGFBR2}[0m
390 2470 cost: 100
[0;36m		[A1. APC::A2. SMAD4] ---  [B1. APC::B2. SMAD4}[0m
[0;36m		[A1. SMAD4::A2. SMAD5] ---  [B1. SMAD4::B2. SMAD5}[0m
390 2535 cost: 100
[0;36m		[A1. APC::A2. SMAD4] ---  [B1. APC::B2. SMAD4}[0m
[0;36m		[A1. SMAD4::A2. SMURF2] ---  [B1. SMAD4::B2. SMURF2}[0m
390 2600 cost: 100
[0;36m		[A1. APC::A2. SMAD4] ---  [B1. APC::B2. SMAD4}[0m
[0;36m		[A1. SMAD4::A2. TGFBR1] ---  [B1. SMAD4::B2. TGFBR1}[0m
2470 2730 cost: 100
[0;36m		[A1. SMAD4::A2. SMAD5] ---  [B1. SMAD4::B2. SMAD5}[0m
[0;36m		[A1. SMAD5::A2. TGFBR2] ---  [B1. SMAD5::B2. TGFBR2}[0m
1560 2925 cost: 100
[0;36m		[A1. GSK3B::A2. SMURF2] ---  [B1. GSK3B::B2. SMURF2}[0m
[0;36m		[A1. SMURF2::A2. TGFBR2] ---  [B1. SMURF2::B2. TGFBR2}[0m
2600 3185 cost: 100
[0;36m		[A1. SMAD4::A2. TGFBR1] ---  [B1. SMAD4::B2. TGFBR1}[0m
[0;36m		[A1. TGFBR1::A2. TGFBR2] ---  [B1. TGFBR1::B2. TGFBR2}[0m
1300 3445 cost: 100
[0;36m		[A1. EP300::A2. TGFBR2] ---  [B1. EP300::B2. TGFBR2}[0m
[0;36m		[A1. TGFBR2::A2. PIK3CB] ---  [B1. TGFBR2::B2. PIK3CB}[0m
1300 3770 cost: 100
[0;36m		[A1. EP300::A2. TGFBR2] ---  [B1. EP300::B2. TGFBR2}[0m
[0;36m		[A1. TGFBR2::A2. TRAF6] ---  [B1. TGFBR2::B2. TRAF6}[0m
1300 3835 cost: 100
[0;36m		[A1. EP300::A2. TGFBR2] ---  [B1. EP300::B2. TGFBR2}[0m
[0;36m		[A1. TGFBR2::A2. YAP1] ---  [B1. TGFBR2::B2. YAP1}[0m

Displayed tree score: 1

Petal1:32	Petal2:32	treecost: 3100	 tree size:31
$RESULT$	TGFBR2	TGFBR2	norm_score:	1
[0m
[0 min 3 sec] All done in 
